Archive member included because of file (symbol)

../../lib/librxduino.a(analogio.o)
                              analogWrite.o (analogWrite)
../../lib/librxduino.a(delay.o)
                              analogWrite.o (delay)
../../lib/librxduino.a(rxduino.o)
                              ../../lib/start.o (main)
../../lib/librxduino.a(serial.o)
                              analogWrite.o (CSerial::print(int, CSerial::PRINT_TYPE))
../../lib/libtkdnhal.a(hwsetup.o)
                              ../../lib/start.o (tkdn_hwsetup)
../../lib/libtkdnhal.a(tkdn_sci.o)
                              ../../common/intvect.o (Excep_SCI0_ERI0)
../../lib/libtkdnhal.a(tkdn_ether.o)
                              ../../common/intvect.o (Excep_ETHER_EINT)
../../lib/libtkdnhal.a(tkdn_timer.o)
                              ../../lib/librxduino.a(delay.o) (timer_wait_ms)
../../lib/libtkdnhal.a(tkdn_pwm.o)
                              ../../lib/librxduino.a(analogio.o) (pwm_init)
../../lib/libtkdnhal.a(tkdn_tone.o)
                              ../../common/intvect.o (Excep_MTU2_TGIA2)
../../lib/libtkdnhal.a(tkdn_adc.o)
                              ../../lib/librxduino.a(analogio.o) (adc_sample)
../../lib/libtkdnhal.a(tkdn_dac.o)
                              ../../lib/librxduino.a(analogio.o) (dac_output)
../../lib/libtkdnhal.a(phy.o)
                              ../../lib/libtkdnhal.a(tkdn_ether.o) (_phy_read)
../../lib/libtkdnhal.a(eidi.o)
                              ../../lib/libtkdnhal.a(tkdn_ether.o) (enable_interrupt)
../../lib/libtkdnhal.a(usb_cdc.o)
                              ../../lib/libtkdnhal.a(tkdn_sci.o) (TKUSB_Init)
../../lib/libtkdnhal.a(usb_core.o)
                              ../../lib/libtkdnhal.a(usb_cdc.o) (USBCORE_Init)
../../lib/libtkdnhal.a(usb_hal.o)
                              ../../lib/libtkdnhal.a(tkdn_sci.o) (TKUSB_RecvByte)
../../lib/libtkdnhal.a(usbdescriptors.o)
                              ../../lib/libtkdnhal.a(usb_cdc.o) (gStringDescriptorSerialNum)
../../lib/libtkdnhal.a(tkdn_interrupt.o)
                              ../../common/intvect.o (Excep_IRQ0)
../../lib/libtkdnhal.a(tkdn_gpio.o)
                              ../../lib/libtkdnhal.a(tkdn_pwm.o) (gpio_set_pinmode)

Allocating common symbols
Common symbol       size              file

sci_default         0x21c             ../../lib/libtkdnhal.a(tkdn_sci.o)
user_rx_func        0x4               ../../lib/libtkdnhal.a(tkdn_ether.o)
sci_handles         0x18              ../../lib/libtkdnhal.a(tkdn_sci.o)
ifunc               0x20              ../../lib/libtkdnhal.a(tkdn_interrupt.o)
psci_default        0x4               ../../lib/libtkdnhal.a(tkdn_sci.o)

Memory Configuration

Name             Origin             Length             Attributes
*default*        0x00000000         0xffffffff

Linker script and memory map

LOAD ../../lib/start.o
LOAD analogWrite.o
LOAD ../../common/intvect.o
                0x00017f00                _usp_init = 0x17f00
                0x00018000                _isp_init = 0x18000

.fvectors       0xffffffd0       0x30
 *.o(.fvectors)
 .fvectors      0xffffffd0       0x30 ../../common/intvect.o
                0xffffffd0                Fixed_Vectors

.rvectors       0xfff80000      0x400
 *.o(.rvectors)
 .rvectors      0xfff80000      0x400 ../../common/intvect.o
                0xfff80000                Relocatable_Vectors

.text           0xfff80400     0x4040
                0xfff80400                PROVIDE (_start, .)
 *(.text P .stub .text.* .gnu.linkonce.t.*)
 P              0xfff80400       0x8c ../../lib/start.o
                0xfff80400                start
                0xfff80400                PowerON_Reset_PC
                0xfff8048a                _rx_fini
                0xfff8048b                __cxa_atexit
 P              0xfff8048c       0xd2 analogWrite.o
                0xfff8048c                setup
                0xfff80493                loop
 P              0xfff8055e      0x444 ../../common/intvect.o
                0xfff8055e                Excep_SuperVisorInst
                0xfff80566                Excep_UndefinedInst
                0xfff8056e                Excep_FloatingPoint
                0xfff80576                NonMaskableInterrupt
                0xfff8057e                Excep_BRK
                0xfff80586                Excep_BUSERR
                0xfff8058e                Excep_FCU_FCUERR
                0xfff80596                Excep_FCU_FRDYI
                0xfff8059e                Excep_ICU_SWINT
                0xfff805a6                Excep_CMTU0_CMT1
                0xfff805ae                Excep_CMTU1_CMT3
                0xfff805b6                Excep_USB0_D0FIFO0
                0xfff805be                Excep_USB0_D1FIFO0
                0xfff805c6                Excep_USB0_USBI0
                0xfff805d8                Excep_USB1_D0FIFO1
                0xfff805e0                Excep_USB1_D1FIFO1
                0xfff805e8                Excep_USB1_USBI1
                0xfff805fa                Excep_RSPI0_SPEI0
                0xfff80602                Excep_RSPI0_SPRI0
                0xfff8060a                Excep_RSPI0_SPTI0
                0xfff80612                Excep_RSPI0_SPII0
                0xfff8061a                Excep_RSPI1_SPEI1
                0xfff80622                Excep_RSPI1_SPRI1
                0xfff8062a                Excep_RSPI1_SPTI1
                0xfff80632                Excep_RSPI1_SPII1
                0xfff8063a                Excep_CAN0_ERS0
                0xfff80642                Excep_CAN0_RXF0
                0xfff8064a                Excep_CAN0_TXF0
                0xfff80652                Excep_CAN0_RXM0
                0xfff8065a                Excep_CAN0_TXM0
                0xfff80662                Excep_RTC_PRD
                0xfff8066a                Excep_RTC_CUP
                0xfff80672                Excep_IRQ8
                0xfff8067a                Excep_IRQ9
                0xfff80682                Excep_IRQ10
                0xfff8068a                Excep_IRQ11
                0xfff80692                Excep_IRQ12
                0xfff8069a                Excep_IRQ13
                0xfff806a2                Excep_IRQ14
                0xfff806aa                Excep_IRQ15
                0xfff806b2                Excep_USB_USBR0
                0xfff806ba                Excep_USB_USBR1
                0xfff806c2                Excep_RTC_ALM
                0xfff806ca                Excep_WDT_WOVI
                0xfff806d2                Excep_AD0_ADI0
                0xfff806da                Excep_AD1_ADI1
                0xfff806e2                Excep_S12AD_ADI12
                0xfff806ea                Excep_MTU0_TCIV0
                0xfff806f2                Excep_MTU1_TGIB1
                0xfff806fa                Excep_MTU1_TCIV1
                0xfff80702                Excep_MTU1_TCIU1
                0xfff8070a                Excep_MTU2_TGIB2
                0xfff80712                Excep_MTU2_TCIV2
                0xfff8071a                Excep_MTU2_TCIU2
                0xfff80722                Excep_MTU3_TGIA3
                0xfff8072a                Excep_MTU3_TGIB3
                0xfff80732                Excep_MTU3_TGIC3
                0xfff8073a                Excep_MTU3_TGID3
                0xfff80742                Excep_MTU3_TCIV3
                0xfff8074a                Excep_MTU4_TGIA4
                0xfff80752                Excep_MTU4_TGIB4
                0xfff8075a                Excep_MTU4_TGIC4
                0xfff80762                Excep_MTU4_TGID4
                0xfff8076a                Excep_MTU4_TCIV4
                0xfff80772                Excep_MTU5_TCIU5
                0xfff8077a                Excep_MTU5_TCIV5
                0xfff80782                Excep_MTU5_TCIW5
                0xfff8078a                Excep_MTU6_TGIA6
                0xfff80792                Excep_MTU6_TGIB6
                0xfff8079a                Excep_MTU6_TGIC6
                0xfff807a2                Excep_MTU6_TGID6
                0xfff807aa                Excep_MTU6_TCIV6
                0xfff807b2                Excep_MTU6_TGIE6
                0xfff807ba                Excep_MTU6_TGIF6
                0xfff807c2                Excep_MTU7_TGIA7
                0xfff807ca                Excep_MTU7_TGIB7
                0xfff807d2                Excep_MTU7_TCIV7
                0xfff807da                Excep_MTU7_TCIU7
                0xfff807e2                Excep_MTU8_TGIA8
                0xfff807ea                Excep_MTU8_TGIB8
                0xfff807f2                Excep_MTU8_TCIV8
                0xfff807fa                Excep_MTU8_TCIU8
                0xfff80802                Excep_MTU9_TGIA9
                0xfff8080a                Excep_MTU9_TGIB9
                0xfff80812                Excep_MTU9_TGIC9
                0xfff8081a                Excep_MTU9_TGID9
                0xfff80822                Excep_MTU9_TCIV9
                0xfff8082a                Excep_MTU10_TGIA10
                0xfff80832                Excep_MTU10_TGIB10
                0xfff8083a                Excep_MTU10_TGIC10
                0xfff80842                Excep_MTU10_TGID10
                0xfff8084a                Excep_MTU10_TCIV10
                0xfff80852                Excep_MTU11_TCIU11
                0xfff8085a                Excep_MTU11_TCIV11
                0xfff80862                Excep_MTU11_TCIW11
                0xfff8086a                Excep_POE_OEI1
                0xfff80872                Excep_POE_OEI2
                0xfff8087a                Excep_POE_OEI3
                0xfff80882                Excep_POE_OEI4
                0xfff8088a                Excep_TMR0_CMI0A
                0xfff80892                Excep_TMR0_CMI0B
                0xfff8089a                Excep_TMR0_OV0I
                0xfff808a2                Excep_TMR1_CMI1A
                0xfff808aa                Excep_TMR1_CMI1B
                0xfff808b2                Excep_TMR1_OV1I
                0xfff808ba                Excep_TMR2_CMI2A
                0xfff808c2                Excep_TMR2_CMI2B
                0xfff808ca                Excep_TMR2_OV2I
                0xfff808d2                Excep_TMR3_CMI3A
                0xfff808da                Excep_TMR3_CMI3B
                0xfff808e2                Excep_TMR3_OV3I
                0xfff808ea                Excep_DMACA_DMAC0
                0xfff808f2                Excep_DMACA_DMAC1
                0xfff808fa                Excep_DMACA_DMAC2
                0xfff80902                Excep_DMACA_DMAC3
                0xfff8090a                Excep_EXDMAC_DMAC0
                0xfff80912                Excep_EXDMAC_DMAC1
                0xfff8091a                Excep_SCI3_ERI3
                0xfff80922                Excep_SCI3_RXI3
                0xfff8092a                Excep_SCI3_TXI3
                0xfff80932                Excep_SCI3_TEI3
                0xfff8093a                Excep_SCI5_ERI5
                0xfff80942                Excep_SCI5_RXI5
                0xfff8094a                Excep_SCI5_TXI5
                0xfff80952                Excep_SCI5_TEI5
                0xfff8095a                Excep_RIIC0_EEI0
                0xfff80962                Excep_RIIC0_RXI0
                0xfff8096a                Excep_RIIC0_TXI0
                0xfff80972                Excep_RIIC0_TEI0
                0xfff8097a                Excep_RIIC1_EEI1
                0xfff80982                Excep_RIIC1_RXI1
                0xfff8098a                Excep_RIIC1_TXI1
                0xfff80992                Excep_RIIC1_TEI1
                0xfff8099a                Dummy
 *fill*         0xfff809a2        0x6 00
 P              0xfff809a8       0x30 ../../lib/librxduino.a(analogio.o)
                0xfff809a8                analogRead
                0xfff809bb                analogWrite
                0xfff809bf                analogWriteDAC
                0xfff809c8                analogReference
                0xfff809d1                analogWriteFrequency
 P              0xfff809d8       0x10 ../../lib/librxduino.a(delay.o)
                0xfff809d8                millis
                0xfff809dc                micros
                0xfff809e0                delay
                0xfff809e4                delayMicroseconds
 P              0xfff809e8        0x0 ../../lib/librxduino.a(rxduino.o)
 .text.startup  0xfff809e8       0x18 ../../lib/librxduino.a(rxduino.o)
                0xfff809e8                main
 P              0xfff80a00      0x210 ../../lib/librxduino.a(serial.o)
                0xfff80a00                CSerial::~CSerial()
                0xfff80a00                CSerial::~CSerial()
                0xfff80a01                CSerial::CSerial(SCI_PORT)
                0xfff80a01                CSerial::CSerial(SCI_PORT)
                0xfff80a04                CSerial::begin(int)
                0xfff80a2d                CSerial::begin(int, SCI_PORT)
                0xfff80a52                CSerial::end()
                0xfff80a53                CSerial::setDefault()
                0xfff80a59                CSerial::available()
                0xfff80a5f                CSerial::read()
                0xfff80a7f                CSerial::write(char)
                0xfff80a85                CSerial::write(char const*)
                0xfff80a8b                CSerial::write(char const*, int)
                0xfff80a91                CSerial::print(int, CSerial::PRINT_TYPE)
                0xfff80b74                CSerial::println(int, CSerial::PRINT_TYPE)
                0xfff80b90                CSerial::print(double, int)
                0xfff80b9c                CSerial::println(double, int)
                0xfff80bbf                CSerial::print(char const*)
                0xfff80bc5                CSerial::println(char const*)
                0xfff80be2                CSerial::peek()
                0xfff80c02                CSerial::flush()
                0xfff80c08                CSerial::get_handle()
 .text.startup  0xfff80c10       0x66 ../../lib/librxduino.a(serial.o)
 P              0xfff80c76       0x45 ../../lib/libtkdnhal.a(hwsetup.o)
                0xfff80c76                tkdn_hwsetup
                0xfff80cba                sdram_init
 *fill*         0xfff80cbb        0x5 00
 P              0xfff80cc0      0xe70 ../../lib/libtkdnhal.a(tkdn_sci.o)
                0xfff81031                sci_getport
                0xfff8103d                sci_readdata
                0xfff8103e                sci_convert_crlf
                0xfff8104d                Excep_SCI0_ERI0
                0xfff81076                Excep_SCI0_RXI0
                0xfff8109f                Excep_SCI0_TXI0
                0xfff810eb                Excep_SCI0_TEI0
                0xfff81103                Excep_SCI1_ERI1
                0xfff8112d                Excep_SCI1_RXI1
                0xfff81157                Excep_SCI1_TXI1
                0xfff811a4                Excep_SCI1_TEI1
                0xfff811bc                Excep_SCI2_ERI2
                0xfff811e6                Excep_SCI2_RXI2
                0xfff81210                Excep_SCI2_TXI2
                0xfff8125d                Excep_SCI2_TEI2
                0xfff81275                Excep_SCI6_ERI6
                0xfff8129f                Excep_SCI6_RXI6
                0xfff812c9                Excep_SCI6_TXI6
                0xfff81316                Excep_SCI6_TEI6
                0xfff8132e                sci_putc_ex
                0xfff813e4                sci_putc
                0xfff813f2                sci_puts_ex
                0xfff81423                sci_puts
                0xfff81431                sci_getc_ex
                0xfff81485                sci_getc
                0xfff81491                sci_writedata_ex
                0xfff81589                sci_writedata
                0xfff8159b                sci_readdata_ex
                0xfff8159c                sci_rxcount_ex
                0xfff815b7                sci_gets_ex
                0xfff8162a                sci_gets
                0xfff8163c                sci_rxcount
                0xfff81648                sci_init_ex
                0xfff81ace                sci_init
                0xfff81af0                sci_getport_ex
                0xfff81af4                sci_convert_crlf_ex
                0xfff81afb                sci_peek_ex
                0xfff81b1b                sci_flush_ex
                0xfff81b27                sci_regist_default
 P              0xfff81b30      0x5b0 ../../lib/libtkdnhal.a(tkdn_ether.o)
                0xfff81b30                ether_close
                0xfff81b47                ether_write
                0xfff81c05                _eth_fifoInit
                0xfff81c76                _eth_fifoWrite
                0xfff81cb4                _eth_fifoRead
                0xfff81d08                ether_read
                0xfff81dc7                ether_regist_user_rx_procedure
                0xfff81dd0                ether_is_linkup
                0xfff81ddc                ether_autonegotiate
                0xfff81e51                ether_open
                0xfff82041                Excep_ETHER_EINT
                0xfff820c0                ether_is_100M
                0xfff820c9                ether_is_fullduplex
                0xfff820d2                ether_link_changed
 P              0xfff820e0      0x140 ../../lib/libtkdnhal.a(tkdn_timer.o)
                0xfff820e0                timer_init
                0xfff820f3                timer_wait_ms
                0xfff82104                timer_wait_us
                0xfff8217e                timer_get_ms
                0xfff82187                timer_get_us
                0xfff821be                timer_regist_userfunc
                0xfff821c9                timer_regist_disktimer
                0xfff821d4                Excep_CMTU0_CMT0
                0xfff8221d                Excep_CMTU1_CMT2
 P              0xfff82220      0x490 ../../lib/libtkdnhal.a(tkdn_pwm.o)
                0xfff82220                pwm_init
                0xfff823b2                pwm_output
                0xfff824e1                pwm_stop
                0xfff8256e                Excep_MTU1_TGIA1
                0xfff825a2                Excep_MTU0_TGIA0
                0xfff825ce                Excep_MTU0_TGIB0
                0xfff825fb                Excep_MTU0_TGIC0
                0xfff82628                Excep_MTU0_TGID0
                0xfff82655                Excep_MTU0_TGIE0
                0xfff82682                Excep_MTU0_TGIF0
 P              0xfff826b0      0x180 ../../lib/libtkdnhal.a(tkdn_tone.o)
                0xfff826b0                tone_start
                0xfff827f1                tone_stop
                0xfff8280b                Excep_MTU2_TGIA2
 P              0xfff82830      0x120 ../../lib/libtkdnhal.a(tkdn_adc.o)
                0xfff82830                adc_init
                0xfff82856                adc_terminate
                0xfff82872                adc_sample
 P              0xfff82950       0x88 ../../lib/libtkdnhal.a(tkdn_dac.o)
                0xfff82950                dac_init
                0xfff8296a                dac_terminate
                0xfff82981                dac_output
 P              0xfff829d8      0x240 ../../lib/libtkdnhal.a(phy.o)
                0xfff829d8                _phy_reg_read
                0xfff82a16                _phy_ta_z0
                0xfff82a3c                _phy_mii_write_1
                0xfff82a62                _phy_preamble
                0xfff82a7a                _phy_mii_write_0
                0xfff82aa0                _phy_ta_10
                0xfff82aa8                _phy_reg_write
                0xfff82ae3                _phy_reg_set
                0xfff82b31                _phy_write
                0xfff82b57                phy_set_10half
                0xfff82b5f                phy_set_100full
                0xfff82b69                _phy_read
                0xfff82b90                phy_set_autonegotiate
                0xfff82be0                phy_init
 P              0xfff82c18       0x18 ../../lib/libtkdnhal.a(eidi.o)
                0xfff82c18                enable_interrupt
                0xfff82c24                disable_interrupt
 P              0xfff82c30      0x118 ../../lib/libtkdnhal.a(usb_cdc.o)
                0xfff82ccc                TKUSB_Init
                0xfff82d39                TKUSB_IsConnected
 P              0xfff82d48      0x338 ../../lib/libtkdnhal.a(usb_core.o)
                0xfff83006                USBCORE_Init
 P              0xfff83080      0xfe0 ../../lib/libtkdnhal.a(usb_hal.o)
                0xfff83151                TKUSB_RecvByte
                0xfff831b0                TKUSB_PeekByte
                0xfff831d6                TKUSB_RecvDataCount
                0xfff831f0                TKUSB_SendByte
                0xfff83252                TKUSB_SendDataCount
                0xfff8326c                USBHAL_Init
                0xfff834c6                USBHAL_Disable
                0xfff834d6                USBHAL_Control_Status
                0xfff83502                USBHAL_Control_IN
                0xfff83527                USBHAL_Control_OUT
                0xfff83571                USBHAL_Bulk_OUT
                0xfff835a9                ClearOUTBusy
                0xfff835b4                USBHAL_Bulk_IN
                0xfff835f4                USBHAL_Interrupt_IN
                0xfff83634                USBHAL_Control_Stall
                0xfff8365e                USBHAL_Bulk_IN_Stall
                0xfff8367d                USBHAL_Bulk_OUT_Stall
                0xfff8369c                USBHAL_Interrupt_IN_Stall
                0xfff836bb                USBHAL_Bulk_IN_Stall_Clear
                0xfff836fa                USBHAL_Bulk_OUT_Stall_Clear
                0xfff83758                USBHAL_Interrupt_IN_Stall_Clear
                0xfff83792                USBHAL_Bulk_IN_Is_Stalled
                0xfff837b2                USBHAL_Bulk_OUT_Is_Stalled
                0xfff837d2                USBHAL_Interrupt_IN_Is_Stalled
                0xfff837f2                USBHAL_Config_Get
                0xfff837f9                USBHAL_Config_Set
                0xfff8380f                USBHAL_Reset
                0xfff8398a                USBHAL_Cancel
                0xfff839d8                USBHAL_ResetEndpoints
                0xfff83aaa                USBHALInterruptHandler
 P              0xfff84060        0x0 ../../lib/libtkdnhal.a(usbdescriptors.o)
 P              0xfff84060      0x2c8 ../../lib/libtkdnhal.a(tkdn_interrupt.o)
                0xfff84062                attach_interrupt
                0xfff841c9                detach_interrupt
                0xfff841e1                Excep_IRQ0
                0xfff84209                Excep_IRQ1
                0xfff84232                Excep_IRQ2
                0xfff8425b                Excep_IRQ3
                0xfff84284                Excep_IRQ4
                0xfff842ad                Excep_IRQ5
                0xfff842d6                Excep_IRQ6
                0xfff842ff                Excep_IRQ7
 P              0xfff84328      0x118 ../../lib/libtkdnhal.a(tkdn_gpio.o)
                0xfff84371                gpio_set_pinmode
                0xfff843cf                gpio_write_port
                0xfff8440d                gpio_read_port
 *(.text.*personality*)
 *(.gnu.warning)
 *(.interp .hash .dynsym .dynstr .gnu.version*)
                0xfff84440                PROVIDE (__etext, .)
                0xfff84440                PROVIDE (_etext, .)
                0xfff84440                PROVIDE (etext, .)
                0xfff84440                . = ALIGN (0x4)
 *(.init)
 *(.fini)

.rodata         0xfff84440      0x25c
                0xfff84440                . = ALIGN (0x4)
 *(.plt)
 *(.rodata C C_2 C_1 .rodata.* .gnu.linkonce.r.*)
 C              0xfff84440       0x30 analogWrite.o
 .rodata.str1.1
                0xfff84470       0x35 ../../lib/librxduino.a(serial.o)
 .rodata.str1.1
                0xfff844a5        0x5 ../../lib/libtkdnhal.a(tkdn_ether.o)
 *fill*         0xfff844aa        0x2 00
 .rodata.cst4   0xfff844ac        0x4 ../../lib/libtkdnhal.a(tkdn_ether.o)
 C              0xfff844b0       0x30 ../../lib/libtkdnhal.a(tkdn_pwm.o)
 C              0xfff844e0       0x20 ../../lib/libtkdnhal.a(tkdn_adc.o)
 C              0xfff84500        0x8 ../../lib/libtkdnhal.a(usb_cdc.o)
 C              0xfff84508       0x2c ../../lib/libtkdnhal.a(usb_core.o)
                0xfff84530                gStringDescriptorLanguageIDsData
 C              0xfff84534       0xc4 ../../lib/libtkdnhal.a(usbdescriptors.o)
                0xfff84534                gStringDescriptorSerialNum
                0xfff8453c                gStringDescriptorProduct
                0xfff84544                gStringDescriptorManufacturer
                0xfff8454c                gConfigurationDescriptor
                0xfff84554                gDeviceDescriptor
 C              0xfff845f8       0x20 ../../lib/libtkdnhal.a(tkdn_interrupt.o)
 C              0xfff84618       0x84 ../../lib/libtkdnhal.a(tkdn_gpio.o)
                0xfff84618                SFP_PINMAP
                0xfff8462c                GPIO_PINMAP
 *(.rodata1)
 *(.eh_frame_hdr)
 *(.eh_frame)
 *(.gcc_except_table)
 *(.gcc_except_table.*)
                0xfff8469c                . = ALIGN (0x4)
                0xfff8469c                __rodataend = .

.data           0x00001000       0xdc load address 0xfff8469c
                0x00001000                . = ALIGN (0x4)
                0xfff8469c                PROVIDE (__romdatastart, __rodataend)
                0x00001000                PROVIDE (__datastart, .)
                0x00001000                PROVIDE (__preinit_array_start, .)
 *(.preinit_array)
                0x00001000                PROVIDE (__preinit_array_end, .)
                0x00001000                PROVIDE (__init_array_start, .)
 *(SORT(.init_array.*))
 *(.init_array)
 .init_array    0x00001000        0x4 ../../lib/librxduino.a(serial.o)
                0x00001004                PROVIDE (__init_array_end, .)
                0x00001004                PROVIDE (__fini_array_start, .)
 *(.fini_array)
 *(SORT(.fini_array.*))
                0x00001004                PROVIDE (__fini_array_end, .)
                0x00001004        0x4 LONG 0x0
 *crtbegin*.o(.ctors)
 *(EXCLUDE_FILE(*crtend*.o) .ctors)
 *(SORT(.ctors.*))
 *(.ctors)
 *crtbegin*.o(.dtors)
 *(EXCLUDE_FILE(*crtend*.o) .dtors)
 *(SORT(.dtors.*))
 *(.dtors)
 *(.jcr)
 *(.data.rel.ro.local)
 *(.data.rel.ro*)
 *(.dynamic)
 *(.data D .data.* .gnu.linkonce.d.*)
 .data          0x00001008        0x4 ../../lib/start.o
                0x00001008                __dso_handle
 D              0x0000100c       0x6c ../../lib/libtkdnhal.a(tkdn_ether.o)
                0x0000100c                le0
 D              0x00001078        0x4 ../../lib/libtkdnhal.a(tkdn_pwm.o)
 D              0x0000107c        0x4 ../../lib/libtkdnhal.a(tkdn_tone.o)
 D              0x00001080       0x30 ../../lib/libtkdnhal.a(usb_core.o)
 D              0x000010b0       0x24 ../../lib/libtkdnhal.a(usb_hal.o)
 D              0x000010d4        0x8 ../../lib/libtkdnhal.a(tkdn_interrupt.o)
                0x000010d4                USBI1_handler
                0x000010d8                USBI0_handler
 *(.gnu.linkonce.d.*personality*)
 *(.data1)
 *(.got.plt)
 *(.got)
                0x000010dc                . = ALIGN (0x4)
 *(.sdata .sdata.* .gnu.linkonce.s.* D_2 D_1)
 D_1            0x000010dc        0x0 ../../lib/start.o
 D_1            0x000010dc        0x0 analogWrite.o
 D_1            0x000010dc        0x0 ../../common/intvect.o
 D_1            0x000010dc        0x0 ../../lib/librxduino.a(analogio.o)
 D_1            0x000010dc        0x0 ../../lib/librxduino.a(delay.o)
 D_1            0x000010dc        0x0 ../../lib/librxduino.a(rxduino.o)
 D_1            0x000010dc        0x0 ../../lib/librxduino.a(serial.o)
 D_1            0x000010dc        0x0 ../../lib/libtkdnhal.a(hwsetup.o)
 D_1            0x000010dc        0x0 ../../lib/libtkdnhal.a(tkdn_sci.o)
 D_1            0x000010dc        0x0 ../../lib/libtkdnhal.a(tkdn_ether.o)
 D_1            0x000010dc        0x0 ../../lib/libtkdnhal.a(tkdn_timer.o)
 D_1            0x000010dc        0x0 ../../lib/libtkdnhal.a(tkdn_pwm.o)
 D_1            0x000010dc        0x0 ../../lib/libtkdnhal.a(tkdn_tone.o)
 D_1            0x000010dc        0x0 ../../lib/libtkdnhal.a(tkdn_adc.o)
 D_1            0x000010dc        0x0 ../../lib/libtkdnhal.a(tkdn_dac.o)
 D_1            0x000010dc        0x0 ../../lib/libtkdnhal.a(phy.o)
 D_1            0x000010dc        0x0 ../../lib/libtkdnhal.a(eidi.o)
 D_1            0x000010dc        0x0 ../../lib/libtkdnhal.a(usb_cdc.o)
 D_1            0x000010dc        0x0 ../../lib/libtkdnhal.a(usb_core.o)
 D_1            0x000010dc        0x0 ../../lib/libtkdnhal.a(usb_hal.o)
 D_1            0x000010dc        0x0 ../../lib/libtkdnhal.a(usbdescriptors.o)
 D_1            0x000010dc        0x0 ../../lib/libtkdnhal.a(tkdn_interrupt.o)
 D_1            0x000010dc        0x0 ../../lib/libtkdnhal.a(tkdn_gpio.o)
                0x000010dc                . = ALIGN (0x4)
                0x000010dc                _edata = .
                0x000010dc                PROVIDE (edata, .)
                0x000010dc                PROVIDE (__dataend, .)
                0x000000dc                PROVIDE (__romdatacopysize, SIZEOF (.data))

.bss            0x000010dc     0x20a4 load address 0xfff84778
                0x000010dc                . = ALIGN (0x4)
                0x000010dc                PROVIDE (__bssstart, .)
 *(.dynbss)
 *(.sbss .sbss.*)
 *(.bss B B_2 B_1 .bss.* .gnu.linkonce.b.*)
 B_1            0x000010dc        0x0 ../../lib/start.o
 B_1            0x000010dc        0x0 analogWrite.o
 B              0x000010dc        0x4 analogWrite.o
                0x000010dc                count
 B_1            0x000010e0        0x0 ../../common/intvect.o
 B_1            0x000010e0        0x0 ../../lib/librxduino.a(analogio.o)
 B              0x000010e0        0x4 ../../lib/librxduino.a(analogio.o)
                0x000010e0                artype
 B_1            0x000010e4        0x0 ../../lib/librxduino.a(delay.o)
 B_1            0x000010e4        0x0 ../../lib/librxduino.a(rxduino.o)
 B_1            0x000010e4        0x0 ../../lib/librxduino.a(serial.o)
 B              0x000010e4      0x880 ../../lib/librxduino.a(serial.o)
                0x000010e4                Serial3
                0x00001304                Serial2
                0x00001524                Serial1
                0x00001744                Serial
 B_1            0x00001964        0x0 ../../lib/libtkdnhal.a(hwsetup.o)
 B_1            0x00001964        0x0 ../../lib/libtkdnhal.a(tkdn_sci.o)
 B_1            0x00001964        0x4 ../../lib/libtkdnhal.a(tkdn_ether.o)
 B_1            0x00001968        0x0 ../../lib/libtkdnhal.a(tkdn_timer.o)
 B              0x00001968        0xc ../../lib/libtkdnhal.a(tkdn_timer.o)
                0x00001968                disktimer
                0x0000196c                userfunc
                0x00001970                tim_1ms
 B_1            0x00001974       0x28 ../../lib/libtkdnhal.a(tkdn_pwm.o)
 B              0x0000199c        0x4 ../../lib/libtkdnhal.a(tkdn_pwm.o)
                0x0000199c                pwmpincount
 B_1            0x000019a0        0x4 ../../lib/libtkdnhal.a(tkdn_tone.o)
 B_1            0x000019a4        0x1 ../../lib/libtkdnhal.a(tkdn_adc.o)
 B_1            0x000019a5        0x1 ../../lib/libtkdnhal.a(tkdn_dac.o)
 B_1            0x000019a6        0x0 ../../lib/libtkdnhal.a(phy.o)
 B_1            0x000019a6        0x0 ../../lib/libtkdnhal.a(eidi.o)
 *fill*         0x000019a6        0x2 00
 B_1            0x000019a8       0x10 ../../lib/libtkdnhal.a(usb_cdc.o)
 B_1            0x000019b8       0x14 ../../lib/libtkdnhal.a(usb_core.o)
 B_1            0x000019cc      0x44c ../../lib/libtkdnhal.a(usb_hal.o)
 B_1            0x00001e18        0x0 ../../lib/libtkdnhal.a(usbdescriptors.o)
 B_1            0x00001e18        0x0 ../../lib/libtkdnhal.a(tkdn_interrupt.o)
 B_1            0x00001e18        0x0 ../../lib/libtkdnhal.a(tkdn_gpio.o)
                0x00001e18                . = ALIGN (0x4)
 *(COMMON)
 COMMON         0x00001e18      0x238 ../../lib/libtkdnhal.a(tkdn_sci.o)
                0x00001e18                sci_default
                0x00002034                sci_handles
                0x0000204c                psci_default
 COMMON         0x00002050        0x4 ../../lib/libtkdnhal.a(tkdn_ether.o)
                0x00002050                user_rx_func
 COMMON         0x00002054       0x20 ../../lib/libtkdnhal.a(tkdn_interrupt.o)
                0x00002054                ifunc
                0x00002080                . = ALIGN (0x20)
 *fill*         0x00002074        0xc 00
 *(.etherdesc)
 .etherdesc     0x00002080     0x1100 ../../lib/libtkdnhal.a(tkdn_ether.o)
                0x00003180                . = ALIGN (0x4)
                0x00003180                PROVIDE (__bssend, .)
                0x00003180                _end = .
                0x00003180                PROVIDE (end, .)
                0x00000829                PROVIDE (__bsssize, (SIZEOF (.bss) / 0x4))

.stab
 *(.stab)

.stabstr
 *(.stabstr)

.stab.excl
 *(.stab.excl)

.stab.exclstr
 *(.stab.exclstr)

.stab.index
 *(.stab.index)

.stab.indexstr
 *(.stab.indexstr)

.comment        0x00000000       0x11
 *(.comment)
 .comment       0x00000000       0x11 analogWrite.o
                                 0x12 (size before relaxing)
 .comment       0x00000000       0x12 ../../common/intvect.o
 .comment       0x00000000       0x12 ../../lib/librxduino.a(analogio.o)
 .comment       0x00000000       0x12 ../../lib/librxduino.a(delay.o)
 .comment       0x00000000       0x12 ../../lib/librxduino.a(rxduino.o)
 .comment       0x00000000       0x12 ../../lib/librxduino.a(serial.o)
 .comment       0x00000000       0x12 ../../lib/libtkdnhal.a(hwsetup.o)
 .comment       0x00000000       0x12 ../../lib/libtkdnhal.a(tkdn_sci.o)
 .comment       0x00000000       0x12 ../../lib/libtkdnhal.a(tkdn_ether.o)
 .comment       0x00000000       0x12 ../../lib/libtkdnhal.a(tkdn_timer.o)
 .comment       0x00000000       0x12 ../../lib/libtkdnhal.a(tkdn_pwm.o)
 .comment       0x00000000       0x12 ../../lib/libtkdnhal.a(tkdn_tone.o)
 .comment       0x00000000       0x12 ../../lib/libtkdnhal.a(tkdn_adc.o)
 .comment       0x00000000       0x12 ../../lib/libtkdnhal.a(tkdn_dac.o)
 .comment       0x00000000       0x12 ../../lib/libtkdnhal.a(phy.o)
 .comment       0x00000000       0x12 ../../lib/libtkdnhal.a(usb_cdc.o)
 .comment       0x00000000       0x12 ../../lib/libtkdnhal.a(usb_core.o)
 .comment       0x00000000       0x12 ../../lib/libtkdnhal.a(usb_hal.o)
 .comment       0x00000000       0x12 ../../lib/libtkdnhal.a(usbdescriptors.o)
 .comment       0x00000000       0x12 ../../lib/libtkdnhal.a(tkdn_interrupt.o)
 .comment       0x00000000       0x12 ../../lib/libtkdnhal.a(tkdn_gpio.o)

.debug
 *(.debug)

.line
 *(.line)

.debug_srcinfo
 *(.debug_srcinfo)

.debug_sfnames
 *(.debug_sfnames)

.debug_aranges  0x00000000       0x40
 *(.debug_aranges)
 .debug_aranges
                0x00000000       0x20 analogWrite.o
 .debug_aranges
                0x00000020       0x20 ../../common/intvect.o

.debug_pubnames
 *(.debug_pubnames)

.debug_info     0x00000000     0x116a
 *(.debug_info .gnu.linkonce.wi.*)
 .debug_info    0x00000000      0x4fd analogWrite.o
 .debug_info    0x000004fd      0xc6d ../../common/intvect.o

.debug_abbrev   0x00000000      0x222
 *(.debug_abbrev)
 .debug_abbrev  0x00000000      0x18b analogWrite.o
 .debug_abbrev  0x0000018b       0x97 ../../common/intvect.o

.debug_line     0x00000000      0x9b1
 *(.debug_line)
 .debug_line    0x00000000      0x100 analogWrite.o
 .debug_line    0x00000100      0x8b1 ../../common/intvect.o

.debug_frame    0x00000000      0xd2c
 *(.debug_frame)
 .debug_frame   0x00000000       0x50 analogWrite.o
 .debug_frame   0x00000050      0xcdc ../../common/intvect.o

.debug_str      0x00000000      0xcfd
 *(.debug_str)
 .debug_str     0x00000000      0x3a5 analogWrite.o
                                0x3da (size before relaxing)
 .debug_str     0x000003a5      0x958 ../../common/intvect.o
                                0x990 (size before relaxing)

.debug_loc      0x00000000     0x1764
 *(.debug_loc)
 .debug_loc     0x00000000       0x58 analogWrite.o
 .debug_loc     0x00000058     0x170c ../../common/intvect.o

.debug_macinfo
 *(.debug_macinfo)

.debug_weaknames
 *(.debug_weaknames)

.debug_funcnames
 *(.debug_funcnames)

.debug_typenames
 *(.debug_typenames)

.debug_varnames
 *(.debug_varnames)

/DISCARD/
 *(.note.GNU-stack)
LOAD ../../lib/librxduino.a
LOAD ../../lib/libtkdnhal.a
LOAD ../../lib/gcc/libstdc++.a
LOAD ../../lib/gcc/libsupc++.a
LOAD ../../lib/gcc/libc.a
LOAD ../../lib/gcc/libsim.a
LOAD ../../lib/gcc/libgcc.a
LOAD ../../lib/gcc/libm.a
OUTPUT(analogWrite.elf elf32-rx-le)
