###############################################################################
#                                                                             #
# IAR ELF Linker V6.30.4.53288/W32 for ARM              23/Mar/2012  15:43:39 #
# Copyright 2007-2011 IAR Systems AB.                                         #
#                                                                             #
#    Output file  =  F:\Users\Lyubcho7\Desktop\DemoSoft_STM32-P207_IAR_6.20\P #
#                    roject\USB\Flash\Exe\Project.out                         #
#    Map file     =  F:\Users\Lyubcho7\Desktop\DemoSoft_STM32-P207_IAR_6.20\P #
#                    roject\USB\Flash\List\Project.map                        #
#    Command line =  F:\Users\Lyubcho7\Desktop\DemoSoft_STM32-P207_IAR_6.20\P #
#                    roject\USB\Flash\Obj\hid_mouse.o                         #
#                    F:\Users\Lyubcho7\Desktop\DemoSoft_STM32-P207_IAR_6.20\P #
#                    roject\USB\Flash\Obj\iar_stm32f217ze_sk.o                #
#                    F:\Users\Lyubcho7\Desktop\DemoSoft_STM32-P207_IAR_6.20\P #
#                    roject\USB\Flash\Obj\main.o                              #
#                    F:\Users\Lyubcho7\Desktop\DemoSoft_STM32-P207_IAR_6.20\P #
#                    roject\USB\Flash\Obj\misc.o                              #
#                    F:\Users\Lyubcho7\Desktop\DemoSoft_STM32-P207_IAR_6.20\P #
#                    roject\USB\Flash\Obj\otgd_fs_cal.o                       #
#                    F:\Users\Lyubcho7\Desktop\DemoSoft_STM32-P207_IAR_6.20\P #
#                    roject\USB\Flash\Obj\otgd_fs_dev.o                       #
#                    F:\Users\Lyubcho7\Desktop\DemoSoft_STM32-P207_IAR_6.20\P #
#                    roject\USB\Flash\Obj\otgd_fs_int.o                       #
#                    F:\Users\Lyubcho7\Desktop\DemoSoft_STM32-P207_IAR_6.20\P #
#                    roject\USB\Flash\Obj\otgd_fs_pcd.o                       #
#                    F:\Users\Lyubcho7\Desktop\DemoSoft_STM32-P207_IAR_6.20\P #
#                    roject\USB\Flash\Obj\startup_stm32f2xx.o                 #
#                    F:\Users\Lyubcho7\Desktop\DemoSoft_STM32-P207_IAR_6.20\P #
#                    roject\USB\Flash\Obj\stm32f2xx_adc.o                     #
#                    F:\Users\Lyubcho7\Desktop\DemoSoft_STM32-P207_IAR_6.20\P #
#                    roject\USB\Flash\Obj\stm32f2xx_can.o                     #
#                    F:\Users\Lyubcho7\Desktop\DemoSoft_STM32-P207_IAR_6.20\P #
#                    roject\USB\Flash\Obj\stm32f2xx_crc.o                     #
#                    F:\Users\Lyubcho7\Desktop\DemoSoft_STM32-P207_IAR_6.20\P #
#                    roject\USB\Flash\Obj\stm32f2xx_cryp.o                    #
#                    F:\Users\Lyubcho7\Desktop\DemoSoft_STM32-P207_IAR_6.20\P #
#                    roject\USB\Flash\Obj\stm32f2xx_dac.o                     #
#                    F:\Users\Lyubcho7\Desktop\DemoSoft_STM32-P207_IAR_6.20\P #
#                    roject\USB\Flash\Obj\stm32f2xx_dbgmcu.o                  #
#                    F:\Users\Lyubcho7\Desktop\DemoSoft_STM32-P207_IAR_6.20\P #
#                    roject\USB\Flash\Obj\stm32f2xx_dcmi.o                    #
#                    F:\Users\Lyubcho7\Desktop\DemoSoft_STM32-P207_IAR_6.20\P #
#                    roject\USB\Flash\Obj\stm32f2xx_dma.o                     #
#                    F:\Users\Lyubcho7\Desktop\DemoSoft_STM32-P207_IAR_6.20\P #
#                    roject\USB\Flash\Obj\stm32f2xx_exti.o                    #
#                    F:\Users\Lyubcho7\Desktop\DemoSoft_STM32-P207_IAR_6.20\P #
#                    roject\USB\Flash\Obj\stm32f2xx_flash.o                   #
#                    F:\Users\Lyubcho7\Desktop\DemoSoft_STM32-P207_IAR_6.20\P #
#                    roject\USB\Flash\Obj\stm32f2xx_fsmc.o                    #
#                    F:\Users\Lyubcho7\Desktop\DemoSoft_STM32-P207_IAR_6.20\P #
#                    roject\USB\Flash\Obj\stm32f2xx_gpio.o                    #
#                    F:\Users\Lyubcho7\Desktop\DemoSoft_STM32-P207_IAR_6.20\P #
#                    roject\USB\Flash\Obj\stm32f2xx_hash.o                    #
#                    F:\Users\Lyubcho7\Desktop\DemoSoft_STM32-P207_IAR_6.20\P #
#                    roject\USB\Flash\Obj\stm32f2xx_i2c.o                     #
#                    F:\Users\Lyubcho7\Desktop\DemoSoft_STM32-P207_IAR_6.20\P #
#                    roject\USB\Flash\Obj\stm32f2xx_it.o                      #
#                    F:\Users\Lyubcho7\Desktop\DemoSoft_STM32-P207_IAR_6.20\P #
#                    roject\USB\Flash\Obj\stm32f2xx_iwdg.o                    #
#                    F:\Users\Lyubcho7\Desktop\DemoSoft_STM32-P207_IAR_6.20\P #
#                    roject\USB\Flash\Obj\stm32f2xx_pwr.o                     #
#                    F:\Users\Lyubcho7\Desktop\DemoSoft_STM32-P207_IAR_6.20\P #
#                    roject\USB\Flash\Obj\stm32f2xx_rcc.o                     #
#                    F:\Users\Lyubcho7\Desktop\DemoSoft_STM32-P207_IAR_6.20\P #
#                    roject\USB\Flash\Obj\stm32f2xx_rng.o                     #
#                    F:\Users\Lyubcho7\Desktop\DemoSoft_STM32-P207_IAR_6.20\P #
#                    roject\USB\Flash\Obj\stm32f2xx_rtc.o                     #
#                    F:\Users\Lyubcho7\Desktop\DemoSoft_STM32-P207_IAR_6.20\P #
#                    roject\USB\Flash\Obj\stm32f2xx_sdio.o                    #
#                    F:\Users\Lyubcho7\Desktop\DemoSoft_STM32-P207_IAR_6.20\P #
#                    roject\USB\Flash\Obj\stm32f2xx_spi.o                     #
#                    F:\Users\Lyubcho7\Desktop\DemoSoft_STM32-P207_IAR_6.20\P #
#                    roject\USB\Flash\Obj\stm32f2xx_syscfg.o                  #
#                    F:\Users\Lyubcho7\Desktop\DemoSoft_STM32-P207_IAR_6.20\P #
#                    roject\USB\Flash\Obj\stm32f2xx_tim.o                     #
#                    F:\Users\Lyubcho7\Desktop\DemoSoft_STM32-P207_IAR_6.20\P #
#                    roject\USB\Flash\Obj\stm32f2xx_usart.o                   #
#                    F:\Users\Lyubcho7\Desktop\DemoSoft_STM32-P207_IAR_6.20\P #
#                    roject\USB\Flash\Obj\stm32f2xx_wwdg.o                    #
#                    F:\Users\Lyubcho7\Desktop\DemoSoft_STM32-P207_IAR_6.20\P #
#                    roject\USB\Flash\Obj\system_stm32f2xx.o                  #
#                    F:\Users\Lyubcho7\Desktop\DemoSoft_STM32-P207_IAR_6.20\P #
#                    roject\USB\Flash\Obj\usb_buffer.o                        #
#                    F:\Users\Lyubcho7\Desktop\DemoSoft_STM32-P207_IAR_6.20\P #
#                    roject\USB\Flash\Obj\usb_dev_desc.o                      #
#                    F:\Users\Lyubcho7\Desktop\DemoSoft_STM32-P207_IAR_6.20\P #
#                    roject\USB\Flash\Obj\usb_hooks.o                         #
#                    F:\Users\Lyubcho7\Desktop\DemoSoft_STM32-P207_IAR_6.20\P #
#                    roject\USB\Flash\Obj\usb_hw.o                            #
#                    F:\Users\Lyubcho7\Desktop\DemoSoft_STM32-P207_IAR_6.20\P #
#                    roject\USB\Flash\Obj\usb_istr.o                          #
#                    F:\Users\Lyubcho7\Desktop\DemoSoft_STM32-P207_IAR_6.20\P #
#                    roject\USB\Flash\Obj\usb_t9.o                            #
#                    F:\Users\Lyubcho7\Desktop\DemoSoft_STM32-P207_IAR_6.20\P #
#                    roject\USB\Flash\Obj\usb_trans_layer.o --redirect        #
#                    _Printf=_PrintfLarge --redirect _Scanf=_ScanfSmall -o    #
#                    F:\Users\Lyubcho7\Desktop\DemoSoft_STM32-P207_IAR_6.20\P #
#                    roject\USB\Flash\Exe\Project.out --map                   #
#                    F:\Users\Lyubcho7\Desktop\DemoSoft_STM32-P207_IAR_6.20\P #
#                    roject\USB\Flash\List\Project.map --config               #
#                    F:\Users\Lyubcho7\Desktop\DemoSoft_STM32-P207_IAR_6.20\P #
#                    roject\USB\..\..\board\stm32f2xx_flash.icf               #
#                    --semihosting --entry __iar_program_start --vfe          #
#                                                                             #
#                                                                             #
###############################################################################

*******************************************************************************
*** RUNTIME MODEL ATTRIBUTES
***

CppFlavor       = *
__SystemLibrary = DLib


*******************************************************************************
*** PLACEMENT SUMMARY
***

"A1":  place at 0x08000000 { ro section .intvec };
"P1":  place in [from 0x08000000 to 0x080fffff] { ro };
"P2":  place in [from 0x20000000 to 0x20020000] { rw, block CSTACK, block HEAP };

  Section            Kind        Address    Size  Object
  -------            ----        -------    ----  ------
"A1":                                      0x184
  .intvec            ro code  0x08000000   0x184  startup_stm32f2xx.o [1]
                            - 0x08000184   0x184

"P1":                                     0x543c
  .text              ro code  0x08000184   0xd48  usb_t9.o [1]
  .text              ro code  0x08000ecc   0x398  usb_hw.o [1]
  .text              ro code  0x08001264     0x2  usb_t9.o [1]
  .text              ro code  0x08001266    0x32  usb_hooks.o [1]
  .text              ro code  0x08001298    0x8c  usb_buffer.o [1]
  .text              ro code  0x08001324    0x66  xassert.o [3]
  .text              ro code  0x0800138a    0x2e  copy_init3.o [5]
  .text              ro code  0x080013b8   0x178  stm32f2xx_rcc.o [1]
  .text              ro code  0x08001530   0x11e  stm32f2xx_gpio.o [1]
  .text              ro code  0x0800164e    0x22  zero_init3.o [5]
  .text              ro code  0x08001670   0xb58  otgd_fs_cal.o [1]
  .text              ro code  0x080021c8    0xc2  otgd_fs_dev.o [1]
  .text              ro code  0x0800228c    0x78  misc.o [1]
  .text              ro code  0x08002304   0x360  otgd_fs_pcd.o [1]
  .text              ro code  0x08002664   0x330  hid_mouse.o [1]
  .text              ro code  0x08002994    0x1c  usb_buffer.o [1]
  .text              ro code  0x080029b0    0x18  usb_buffer.o [1]
  .text              ro code  0x080029c8    0xa0  xreportassert.o [3]
  .text              ro code  0x08002a68     0x6  abort.o [3]
  .text              ro code  0x08002a6e    0x28  putchar.o [3]
  .text              ro code  0x08002a98    0x14  exit.o [6]
  .text              ro code  0x08002aac   0x294  main.o [1]
  .text              ro code  0x08002d40   0x1fc  iar_stm32f217ze_sk.o [1]
  .text              ro code  0x08002f3c    0x34  getchar.o [3]
  .text              ro code  0x08002f70    0x24  printf.o [3]
  .text              ro code  0x08002f94   0x11c  system_stm32f2xx.o [1]
  .text              ro code  0x080030b0   0x148  stm32f2xx_usart.o [1]
  .text              ro code  0x080031f8    0x54  stm32f2xx_syscfg.o [1]
  .text              ro code  0x0800324c    0x98  stm32f2xx_exti.o [1]
  .text              ro code  0x080032e4   0xb72  xprintflarge.o [3]
  .text              ro code  0x08003e58    0x16  strchr.o [5]
  .text              ro code  0x08003e70    0x36  strlen.o [5]
  .text              ro code  0x08003ea8    0x58  memchr.o [5]
  .text              ro code  0x08003f00    0xee  I64DivMod.o [5]
  .text              ro code  0x08003ff0    0x76  ABImemcpy.o [5]
  .text              ro code  0x08004066    0x44  xdnorm.o [4]
  .text              ro code  0x080040ac    0x2e  DblCmpLe.o [4]
  .text              ro code  0x080040dc   0x1a2  DblMul.o [4]
  .text              ro code  0x08004280   0x246  DblDiv.o [4]
  .text              ro code  0x080044c8    0x2c  DblToI32.o [4]
  .text              ro code  0x080044f4    0x1c  I32ToDbl.o [4]
  .text              ro code  0x08004510   0x180  DblSub.o [4]
  .text              ro code  0x08004690     0xe  div.o [3]
  .text              ro code  0x080046a0     0x2  I64DivZer.o [5]
  .text              ro code  0x080046a4    0xd4  DblAdd.o [4]
  .text              ro code  0x08004778   0x620  otgd_fs_int.o [1]
  .text              ro code  0x08004d98    0xee  usb_trans_layer.o [1]
  .text              ro code  0x08004e86    0x16  usb_trans_layer.o [1]
  .text              ro code  0x08004e9c    0x9a  usb_istr.o [1]
  .rodata            const    0x08004f38    0x58  hid_mouse.o [1]
  .rodata            const    0x08004f90    0x58  usb_hw.o [1]
  .rodata            const    0x08004fe8    0x58  usb_t9.o [1]
  .rodata            const    0x08005040    0x38  main.o [1]
  .rodata            const    0x08005078    0x34  usb_dev_desc.o [1]
  .text              ro code  0x080050ac    0x32  stm32f2xx_it.o [1]
  .text              ro code  0x080050e0    0x2c  data_init3.o [5]
  .rodata            const    0x0800510c    0x24  usb_dev_desc.o [1]
  .rodata            const    0x08005130    0x24  usb_dev_desc.o [1]
  .iar.init_table    const    0x08005154    0x24  - Linker created -
  .rodata            const    0x08005178    0x20  iar_stm32f217ze_sk.o [1]
  .rodata            const    0x08005198    0x20  main.o [1]
  .rodata            const    0x080051b8    0x20  main.o [1]
  .rodata            const    0x080051d8    0x18  main.o [1]
  .rodata            const    0x080051f0    0x18  usb_dev_desc.o [1]
  .rodata            const    0x08005208    0x18  usb_t9.o [1]
  .text              ro code  0x08005220    0x16  cmain.o [5]
  .text              ro code  0x08005236     0x4  low_level_init.o [3]
  .text              ro code  0x0800523a     0x4  exit.o [3]
  .text              ro code  0x08005240     0xa  cexit.o [5]
  .text              ro code  0x0800524a    0x16  xprout.o [3]
  .rodata            const    0x08005260    0x14  usb_dev_desc.o [1]
  .rodata            const    0x08005274    0x14  usb_dev_desc.o [1]
  .rodata            const    0x08005288    0x14  usb_dev_desc.o [1]
  .rodata            const    0x0800529c    0x14  usb_hw.o [1]
  .rodata            const    0x080052b0    0x14  usb_t9.o [1]
  .rodata            const    0x080052c4    0x14  usb_t9.o [1]
  .rodata            const    0x080052d8    0x10  iar_stm32f217ze_sk.o [1]
  .rodata            const    0x080052e8    0x10  iar_stm32f217ze_sk.o [1]
  .rodata            const    0x080052f8    0x10  iar_stm32f217ze_sk.o [1]
  .rodata            const    0x08005308    0x10  iar_stm32f217ze_sk.o [1]
  .rodata            const    0x08005318    0x10  iar_stm32f217ze_sk.o [1]
  .rodata            const    0x08005328    0x10  main.o [1]
  .rodata            const    0x08005338    0x10  main.o [1]
  .rodata            const    0x08005348    0x10  stm32f2xx_rcc.o [1]
  .rodata            const    0x08005358    0x10  usb_dev_desc.o [1]
  .rodata            const    0x08005368    0x10  usb_t9.o [1]
  .text              ro code  0x08005378    0x10  startup_stm32f2xx.o [1]
  .rodata            const    0x08005388     0xc  usb_dev_desc.o [1]
  .rodata            const    0x08005394     0xc  usb_hw.o [1]
  .rodata            const    0x080053a0     0xc  usb_t9.o [1]
  .text              ro code  0x080053ac     0xc  cstartup_M.o [5]
  .rodata            const    0x080053b8     0x8  iar_stm32f217ze_sk.o [1]
  .rodata            const    0x080053c0     0x8  iar_stm32f217ze_sk.o [1]
  .rodata            const    0x080053c8     0x8  iar_stm32f217ze_sk.o [1]
  .rodata            const    0x080053d0     0x8  usb_dev_desc.o [1]
  .rodata            const    0x080053d8     0x8  usb_dev_desc.o [1]
  .rodata            const    0x080053e0     0x8  usb_dev_desc.o [1]
  .rodata            const    0x080053e8     0x8  usb_dev_desc.o [1]
  .rodata            const    0x080053f0     0x8  usb_hw.o [1]
  .rodata            const    0x080053f8     0x8  usb_hw.o [1]
  .rodata            const    0x08005400     0x4  iar_stm32f217ze_sk.o [1]
  .rodata            const    0x08005404     0x4  iar_stm32f217ze_sk.o [1]
  .rodata            const    0x08005408     0x4  iar_stm32f217ze_sk.o [1]
  .rodata            const    0x0800540c     0x4  iar_stm32f217ze_sk.o [1]
  .rodata            const    0x08005410     0x4  iar_stm32f217ze_sk.o [1]
  .rodata            const    0x08005414     0x4  iar_stm32f217ze_sk.o [1]
  .rodata            const    0x08005418     0x4  usb_dev_desc.o [1]
  .text              ro code  0x0800541c     0x4  startup_stm32f2xx.o [1]
  .text              ro code  0x08005420     0x4  startup_stm32f2xx.o [1]
  .text              ro code  0x08005424     0x4  startup_stm32f2xx.o [1]
  .text              ro code  0x08005428     0x4  startup_stm32f2xx.o [1]
  .text              ro code  0x0800542c     0x4  startup_stm32f2xx.o [1]
  .text              ro code  0x08005430     0x4  startup_stm32f2xx.o [1]
  .text              ro code  0x08005434     0x4  startup_stm32f2xx.o [1]
  .text              ro code  0x08005438     0x4  startup_stm32f2xx.o [1]
  .text              ro code  0x0800543c     0x4  startup_stm32f2xx.o [1]
  .text              ro code  0x08005440     0x4  startup_stm32f2xx.o [1]
  .text              ro code  0x08005444     0x4  startup_stm32f2xx.o [1]
  .text              ro code  0x08005448     0x4  startup_stm32f2xx.o [1]
  .text              ro code  0x0800544c     0x4  startup_stm32f2xx.o [1]
  .text              ro code  0x08005450     0x4  startup_stm32f2xx.o [1]
  .text              ro code  0x08005454     0x4  startup_stm32f2xx.o [1]
  .text              ro code  0x08005458     0x4  startup_stm32f2xx.o [1]
  .text              ro code  0x0800545c     0x4  startup_stm32f2xx.o [1]
  .text              ro code  0x08005460     0x4  startup_stm32f2xx.o [1]
  .text              ro code  0x08005464     0x4  startup_stm32f2xx.o [1]
  .text              ro code  0x08005468     0x4  startup_stm32f2xx.o [1]
  .text              ro code  0x0800546c     0x4  startup_stm32f2xx.o [1]
  .text              ro code  0x08005470     0x4  startup_stm32f2xx.o [1]
  .text              ro code  0x08005474     0x4  startup_stm32f2xx.o [1]
  .text              ro code  0x08005478     0x4  startup_stm32f2xx.o [1]
  .text              ro code  0x0800547c     0x4  startup_stm32f2xx.o [1]
  .text              ro code  0x08005480     0x4  startup_stm32f2xx.o [1]
  .text              ro code  0x08005484     0x4  startup_stm32f2xx.o [1]
  .text              ro code  0x08005488     0x4  startup_stm32f2xx.o [1]
  .text              ro code  0x0800548c     0x4  startup_stm32f2xx.o [1]
  .text              ro code  0x08005490     0x4  startup_stm32f2xx.o [1]
  .text              ro code  0x08005494     0x4  startup_stm32f2xx.o [1]
  .text              ro code  0x08005498     0x4  startup_stm32f2xx.o [1]
  .text              ro code  0x0800549c     0x4  startup_stm32f2xx.o [1]
  .text              ro code  0x080054a0     0x4  startup_stm32f2xx.o [1]
  .text              ro code  0x080054a4     0x4  startup_stm32f2xx.o [1]
  .text              ro code  0x080054a8     0x4  startup_stm32f2xx.o [1]
  .text              ro code  0x080054ac     0x4  startup_stm32f2xx.o [1]
  .text              ro code  0x080054b0     0x4  startup_stm32f2xx.o [1]
  .text              ro code  0x080054b4     0x4  startup_stm32f2xx.o [1]
  .text              ro code  0x080054b8     0x4  startup_stm32f2xx.o [1]
  .text              ro code  0x080054bc     0x4  startup_stm32f2xx.o [1]
  .text              ro code  0x080054c0     0x4  startup_stm32f2xx.o [1]
  .text              ro code  0x080054c4     0x4  startup_stm32f2xx.o [1]
  .text              ro code  0x080054c8     0x4  startup_stm32f2xx.o [1]
  .text              ro code  0x080054cc     0x4  startup_stm32f2xx.o [1]
  .text              ro code  0x080054d0     0x4  startup_stm32f2xx.o [1]
  .text              ro code  0x080054d4     0x4  startup_stm32f2xx.o [1]
  .text              ro code  0x080054d8     0x4  startup_stm32f2xx.o [1]
  .text              ro code  0x080054dc     0x4  startup_stm32f2xx.o [1]
  .text              ro code  0x080054e0     0x4  startup_stm32f2xx.o [1]
  .text              ro code  0x080054e4     0x4  startup_stm32f2xx.o [1]
  .text              ro code  0x080054e8     0x4  startup_stm32f2xx.o [1]
  .text              ro code  0x080054ec     0x4  startup_stm32f2xx.o [1]
  .text              ro code  0x080054f0     0x4  startup_stm32f2xx.o [1]
  .text              ro code  0x080054f4     0x4  startup_stm32f2xx.o [1]
  .text              ro code  0x080054f8     0x4  startup_stm32f2xx.o [1]
  .text              ro code  0x080054fc     0x4  startup_stm32f2xx.o [1]
  .text              ro code  0x08005500     0x4  startup_stm32f2xx.o [1]
  .text              ro code  0x08005504     0x4  startup_stm32f2xx.o [1]
  .text              ro code  0x08005508     0x4  startup_stm32f2xx.o [1]
  .text              ro code  0x0800550c     0x4  startup_stm32f2xx.o [1]
  .text              ro code  0x08005510     0x4  startup_stm32f2xx.o [1]
  .text              ro code  0x08005514     0x4  startup_stm32f2xx.o [1]
  .text              ro code  0x08005518     0x4  startup_stm32f2xx.o [1]
  .text              ro code  0x0800551c     0x4  startup_stm32f2xx.o [1]
  .text              ro code  0x08005520     0x4  startup_stm32f2xx.o [1]
  .text              ro code  0x08005524     0x4  startup_stm32f2xx.o [1]
  .text              ro code  0x08005528     0x4  startup_stm32f2xx.o [1]
  .text              ro code  0x0800552c     0x4  startup_stm32f2xx.o [1]
  .text              ro code  0x08005530     0x4  startup_stm32f2xx.o [1]
  .text              ro code  0x08005534     0x4  startup_stm32f2xx.o [1]
  .text              ro code  0x08005538     0x4  startup_stm32f2xx.o [1]
  .text              ro code  0x0800553c     0x4  startup_stm32f2xx.o [1]
  .text              ro code  0x08005540     0x4  startup_stm32f2xx.o [1]
  .text              ro code  0x08005544     0x4  startup_stm32f2xx.o [1]
  .text              ro code  0x08005548     0x4  startup_stm32f2xx.o [1]
  .text              ro code  0x0800554c     0x4  startup_stm32f2xx.o [1]
  .text              ro code  0x08005550     0x4  startup_stm32f2xx.o [1]
  .text              ro code  0x08005554     0x4  startup_stm32f2xx.o [1]
  .text              ro code  0x08005558     0x4  startup_stm32f2xx.o [1]
  .text              ro code  0x0800555c     0x4  startup_stm32f2xx.o [1]
  .text              ro code  0x08005560     0x4  startup_stm32f2xx.o [1]
  .text              ro code  0x08005564     0x4  startup_stm32f2xx.o [1]
  .text              ro code  0x08005568     0x4  startup_stm32f2xx.o [1]
  .text              ro code  0x0800556c     0x4  startup_stm32f2xx.o [1]
  .text              ro code  0x08005570     0x4  startup_stm32f2xx.o [1]
  .text              ro code  0x08005574     0x4  startup_stm32f2xx.o [1]
  .text              ro code  0x08005578     0x4  startup_stm32f2xx.o [1]
  .text              ro code  0x0800557c     0x4  startup_stm32f2xx.o [1]
  .text              ro code  0x08005580     0x4  startup_stm32f2xx.o [1]
  .rodata            const    0x08005584     0x0  bwt_init3c.o [5]
  Initializer bytes  ro data  0x08005584    0x3c  <for P2 s0>
                            - 0x080055c0  0x543c

"P2", part 1 of 3:                          0x3c
  P2 s0                       0x20000000    0x3c  <Init block>
    .data            inited   0x20000000    0x20  iar_stm32f217ze_sk.o [1]
    .data            inited   0x20000020     0x8  iar_stm32f217ze_sk.o [1]
    .data            inited   0x20000028     0x8  iar_stm32f217ze_sk.o [1]
    .data            inited   0x20000030     0x8  iar_stm32f217ze_sk.o [1]
    .data            inited   0x20000038     0x4  getchar.o [3]
                            - 0x2000003c    0x3c

"P2", part 2 of 3:                         0x384
  .bss               zero     0x2000003c   0x100  usb_hw.o [1]
  .bss               zero     0x2000013c    0xe4  otgd_fs_pcd.o [1]
  .bss               zero     0x20000220    0xa0  otgd_fs_int.o [1]
  .bss               zero     0x200002c0    0x94  otgd_fs_cal.o [1]
  .bss               zero     0x20000354    0x1c  usb_t9.o [1]
  .bss               zero     0x20000370    0x10  main.o [1]
  .bss               zero     0x20000380     0x8  usb_t9.o [1]
  .bss               zero     0x20000388     0x4  hid_mouse.o [1]
  .bss               zero     0x2000038c     0x4  hid_mouse.o [1]
  .bss               zero     0x20000390     0x4  hid_mouse.o [1]
  .bss               zero     0x20000394     0x4  hid_mouse.o [1]
  .bss               zero     0x20000398     0x4  hid_mouse.o [1]
  .bss               zero     0x2000039c     0x4  hid_mouse.o [1]
  .bss               zero     0x200003a0     0x4  main.o [1]
  .bss               zero     0x200003a4     0x4  otgd_fs_int.o [1]
  .bss               zero     0x200003a8     0x4  usb_t9.o [1]
  .bss               zero     0x200003ac     0x4  usb_t9.o [1]
  .bss               zero     0x200003b0     0x2  hid_mouse.o [1]
  .bss               zero     0x200003b2     0x2  otgd_fs_int.o [1]
  .bss               zero     0x200003b4     0x2  otgd_fs_int.o [1]
  .bss               zero     0x200003b6     0x2  otgd_fs_int.o [1]
  .bss               zero     0x200003b8     0x1  hid_mouse.o [1]
  .bss               zero     0x200003b9     0x1  usb_hw.o [1]
                            - 0x200003ba   0x37e

"P2", part 3 of 3:                         0x400
  CSTACK                      0x200003c0   0x400  <Block>
    CSTACK           uninit   0x200003c0   0x400  <Block tail>
                            - 0x200007c0   0x400


*******************************************************************************
*** INIT TABLE
***

          Address     Size
          -------     ----
Zero (__iar_zero_init3)
    1 destination range, total size 0x37e:
          0x2000003c  0x37e

Copy (__iar_copy_init3)
    1 source range, total size 0x3c:
          0x08005584   0x3c
    1 destination range, total size 0x3c:
          0x20000000   0x3c



*******************************************************************************
*** MODULE SUMMARY
***

    Module                ro code  ro data  rw data
    ------                -------  -------  -------
F:\Users\Lyubcho7\Desktop\DemoSoft_STM32-P207_IAR_6.20\Project\USB\Flash\Obj: [1]
    hid_mouse.o               816       88       27
    iar_stm32f217ze_sk.o      508      216       56
    main.o                    660      176       20
    misc.o                    120
    otgd_fs_cal.o           2 904               148
    otgd_fs_dev.o             194
    otgd_fs_int.o           1 568               170
    otgd_fs_pcd.o             864               228
    startup_stm32f2xx.o       764
    stm32f2xx_exti.o          152
    stm32f2xx_gpio.o          286
    stm32f2xx_it.o             50
    stm32f2xx_rcc.o           376       16
    stm32f2xx_syscfg.o         84
    stm32f2xx_usart.o         328
    system_stm32f2xx.o        284
    usb_buffer.o              192
    usb_dev_desc.o                     272
    usb_hooks.o                50
    usb_hw.o                  920      136      257
    usb_istr.o                154
    usb_t9.o                3 402      180       44
    usb_trans_layer.o         260
    -----------------------------------------------
    Total:                 14 936    1 084      950

command line: [2]
    -----------------------------------------------
    Total:

dl7M_tln.a: [3]
    abort.o                     6
    div.o                      14
    exit.o                      4
    getchar.o                  52        4        4
    low_level_init.o            4
    printf.o                   36
    putchar.o                  40
    xassert.o                 102
    xprintflarge.o          2 930
    xprout.o                   22
    xreportassert.o           160
    -----------------------------------------------
    Total:                  3 370        4        4

m7M_tl.a: [4]
    DblAdd.o                  212
    DblCmpLe.o                 46
    DblDiv.o                  582
    DblMul.o                  418
    DblSub.o                  384
    DblToI32.o                 44
    I32ToDbl.o                 28
    xdnorm.o                   68
    -----------------------------------------------
    Total:                  1 782

rt7M_tl.a: [5]
    ABImemcpy.o               118
    I64DivMod.o               238
    I64DivZer.o                 2
    bwt_init3c.o
    cexit.o                    10
    cmain.o                    22
    copy_init3.o               46
    cstartup_M.o               12
    data_init3.o               44
    memchr.o                   88
    strchr.o                   22
    strlen.o                   54
    zero_init3.o               34
    -----------------------------------------------
    Total:                    690

shb_l.a: [6]
    exit.o                     20
    -----------------------------------------------
    Total:                     20

    Gaps                       28        2
    Linker created                      36    1 024
---------------------------------------------------
    Grand Total:           20 826    1 126    1 978


*******************************************************************************
*** ENTRY LIST
***

Entry                      Address   Size  Type      Object
-----                      -------   ----  ----      ------
?main                   0x08005221         Code  Gb  cmain.o [5]
ADC_IRQHandler          0x08005489         Code  Wk  startup_stm32f2xx.o [1]
APBAHBPrescTable        0x08005348   0x10  Data  Lc  stm32f2xx_rcc.o [1]
BUTTON_CLK              0x08005178   0x20  Data  Gb  iar_stm32f217ze_sk.o [1]
BUTTON_EXTI_LINE        0x080052e8   0x10  Data  Gb  iar_stm32f217ze_sk.o [1]
BUTTON_IRQn             0x08005318   0x10  Data  Gb  iar_stm32f217ze_sk.o [1]
BUTTON_PIN              0x080052d8   0x10  Data  Gb  iar_stm32f217ze_sk.o [1]
BUTTON_PIN_SOURCE       0x08005308   0x10  Data  Gb  iar_stm32f217ze_sk.o [1]
BUTTON_PORT             0x20000000   0x20  Data  Gb  iar_stm32f217ze_sk.o [1]
BUTTON_PORT_SOURCE      0x080052f8   0x10  Data  Gb  iar_stm32f217ze_sk.o [1]
BusFault_Handler        0x080050b3    0x2  Code  Gb  stm32f2xx_it.o [1]
CAN1_RX0_IRQHandler     0x08005491         Code  Wk  startup_stm32f2xx.o [1]
CAN1_RX1_IRQHandler     0x08005495         Code  Wk  startup_stm32f2xx.o [1]
CAN1_SCE_IRQHandler     0x08005499         Code  Wk  startup_stm32f2xx.o [1]
CAN1_TX_IRQHandler      0x0800548d         Code  Wk  startup_stm32f2xx.o [1]
CAN2_RX0_IRQHandler     0x08005541         Code  Wk  startup_stm32f2xx.o [1]
CAN2_RX1_IRQHandler     0x08005545         Code  Wk  startup_stm32f2xx.o [1]
CAN2_SCE_IRQHandler     0x08005549         Code  Wk  startup_stm32f2xx.o [1]
CAN2_TX_IRQHandler      0x0800553d         Code  Wk  startup_stm32f2xx.o [1]
COM_RX_AF               0x08005414    0x4  Data  Gb  iar_stm32f217ze_sk.o [1]
COM_RX_PIN              0x08005404    0x4  Data  Gb  iar_stm32f217ze_sk.o [1]
COM_RX_PIN_SOURCE       0x0800540c    0x4  Data  Gb  iar_stm32f217ze_sk.o [1]
COM_RX_PORT             0x20000030    0x8  Data  Gb  iar_stm32f217ze_sk.o [1]
COM_RX_PORT_CLK         0x080053c8    0x8  Data  Gb  iar_stm32f217ze_sk.o [1]
COM_TX_AF               0x08005410    0x4  Data  Gb  iar_stm32f217ze_sk.o [1]
COM_TX_PIN              0x08005400    0x4  Data  Gb  iar_stm32f217ze_sk.o [1]
COM_TX_PIN_SOURCE       0x08005408    0x4  Data  Gb  iar_stm32f217ze_sk.o [1]
COM_TX_PORT             0x20000028    0x8  Data  Gb  iar_stm32f217ze_sk.o [1]
COM_TX_PORT_CLK         0x080053c0    0x8  Data  Gb  iar_stm32f217ze_sk.o [1]
COM_USART               0x20000020    0x8  Data  Gb  iar_stm32f217ze_sk.o [1]
COM_USART_CLK           0x080053b8    0x8  Data  Gb  iar_stm32f217ze_sk.o [1]
CRYP_IRQHandler         0x0800557d         Code  Wk  startup_stm32f2xx.o [1]
CSTACK$$Base            0x200003c0          --   Gb  - Linker created -
CSTACK$$Limit           0x200007c0          --   Gb  - Linker created -
CriticalSecCntr         0x200003a0    0x4  Data  Gb  main.o [1]
DCMI_IRQHandler         0x08005579         Code  Wk  startup_stm32f2xx.o [1]
DMA1_Stream0_IRQHandler
                        0x0800546d         Code  Wk  startup_stm32f2xx.o [1]
DMA1_Stream1_IRQHandler
                        0x08005471         Code  Wk  startup_stm32f2xx.o [1]
DMA1_Stream2_IRQHandler
                        0x08005475         Code  Wk  startup_stm32f2xx.o [1]
DMA1_Stream3_IRQHandler
                        0x08005479         Code  Wk  startup_stm32f2xx.o [1]
DMA1_Stream4_IRQHandler
                        0x0800547d         Code  Wk  startup_stm32f2xx.o [1]
DMA1_Stream5_IRQHandler
                        0x08005481         Code  Wk  startup_stm32f2xx.o [1]
DMA1_Stream6_IRQHandler
                        0x08005485         Code  Wk  startup_stm32f2xx.o [1]
DMA1_Stream7_IRQHandler
                        0x080054fd         Code  Wk  startup_stm32f2xx.o [1]
DMA2_Stream0_IRQHandler
                        0x08005521         Code  Wk  startup_stm32f2xx.o [1]
DMA2_Stream1_IRQHandler
                        0x08005525         Code  Wk  startup_stm32f2xx.o [1]
DMA2_Stream2_IRQHandler
                        0x08005529         Code  Wk  startup_stm32f2xx.o [1]
DMA2_Stream3_IRQHandler
                        0x0800552d         Code  Wk  startup_stm32f2xx.o [1]
DMA2_Stream4_IRQHandler
                        0x08005531         Code  Wk  startup_stm32f2xx.o [1]
DMA2_Stream5_IRQHandler
                        0x08005551         Code  Wk  startup_stm32f2xx.o [1]
DMA2_Stream6_IRQHandler
                        0x08005555         Code  Wk  startup_stm32f2xx.o [1]
DMA2_Stream7_IRQHandler
                        0x08005559         Code  Wk  startup_stm32f2xx.o [1]
DebugMon_Handler        0x080050b9    0x2  Code  Gb  stm32f2xx_it.o [1]
ETH_IRQHandler          0x08005535         Code  Wk  startup_stm32f2xx.o [1]
ETH_WKUP_IRQHandler     0x08005539         Code  Wk  startup_stm32f2xx.o [1]
EXTI0_IRQHandler        0x08005459         Code  Wk  startup_stm32f2xx.o [1]
EXTI15_10_IRQHandler    0x080054e1         Code  Wk  startup_stm32f2xx.o [1]
EXTI1_IRQHandler        0x0800545d         Code  Wk  startup_stm32f2xx.o [1]
EXTI2_IRQHandler        0x08005461         Code  Wk  startup_stm32f2xx.o [1]
EXTI3_IRQHandler        0x08005465         Code  Wk  startup_stm32f2xx.o [1]
EXTI4_IRQHandler        0x08005469         Code  Wk  startup_stm32f2xx.o [1]
EXTI9_5_IRQHandler      0x0800549d         Code  Wk  startup_stm32f2xx.o [1]
EXTI_Init               0x0800324d   0x88  Code  Gb  stm32f2xx_exti.o [1]
EnableCommonInt         0x08001729   0x26  Code  Lc  otgd_fs_cal.o [1]
EntrCritSection         0x08002995   0x1c  Code  Gb  usb_buffer.o [1]
EpCnfg                  0x2000003c  0x100  Data  Gb  usb_hw.o [1]
ExtCritSection          0x080029b1   0x18  Code  Gb  usb_buffer.o [1]
FLASH_IRQHandler        0x08005451         Code  Wk  startup_stm32f2xx.o [1]
FSMC_IRQHandler         0x08005501         Code  Wk  startup_stm32f2xx.o [1]
GPIO_Init               0x08001531   0xaa  Code  Gb  stm32f2xx_gpio.o [1]
GPIO_PinAFConfig        0x080015f5   0x5a  Code  Gb  stm32f2xx_gpio.o [1]
GPIO_ReadInputDataBit   0x080015db   0x1a  Code  Gb  stm32f2xx_gpio.o [1]
GetMode                 0x0800199d    0xe  Code  Lc  otgd_fs_cal.o [1]
HASH_RNG_IRQHandler     0x08005581         Code  Wk  startup_stm32f2xx.o [1]
HID_Cnfg                0x20000398    0x4  Data  Lc  hid_mouse.o [1]
HID_Decnfg              0x2000039c    0x4  Data  Lc  hid_mouse.o [1]
HID_RepotrEpDly         0x20000390    0x4  Data  Lc  hid_mouse.o [1]
HardFault_Handler       0x080050af    0x2  Code  Gb  stm32f2xx_it.o [1]
HidCnfgInit             0x08002689   0x78  Code  Gb  hid_mouse.o [1]
HidDescriptor           0x08005388    0xc  Data  Gb  usb_dev_desc.o [1]
HidIdle                 0x200003b0    0x2  Data  Lc  hid_mouse.o [1]
HidInit                 0x08002665   0x24  Code  Gb  hid_mouse.o [1]
HidMouseSendReport      0x080028a9   0x3c  Code  Gb  hid_mouse.o [1]
HidProtocol             0x200003b8    0x1  Data  Lc  hid_mouse.o [1]
HidReportDescriptor     0x08005078   0x34  Data  Gb  usb_dev_desc.o [1]
HidSendInReport         0x080028e5   0x7c  Code  Lc  hid_mouse.o [1]
I2C1_ER_IRQHandler      0x080054c1         Code  Wk  startup_stm32f2xx.o [1]
I2C1_EV_IRQHandler      0x080054bd         Code  Wk  startup_stm32f2xx.o [1]
I2C2_ER_IRQHandler      0x080054c9         Code  Wk  startup_stm32f2xx.o [1]
I2C2_EV_IRQHandler      0x080054c5         Code  Wk  startup_stm32f2xx.o [1]
I2C3_ER_IRQHandler      0x08005565         Code  Wk  startup_stm32f2xx.o [1]
I2C3_EV_IRQHandler      0x08005561         Code  Wk  startup_stm32f2xx.o [1]
InData                  0x200003a8    0x4  Data  Lc  usb_t9.o [1]
InitDevSpeed            0x080019d5   0x18  Code  Lc  otgd_fs_cal.o [1]
IsDeviceMode            0x080019ab   0x14  Code  Gb  otgd_fs_cal.o [1]
IsocBuff                0x200003b2    0x2  Data  Gb  otgd_fs_int.o [1]
IsocBufferIdx           0x200003a4    0x4  Data  Gb  otgd_fs_int.o [1]
ManufacturerStrLan1     0x080051f0   0x18  Data  Gb  usb_dev_desc.o [1]
MemManage_Handler       0x080050b1    0x2  Code  Gb  stm32f2xx_it.o [1]
MouseReport             0x2000038c    0x4  Data  Gb  hid_mouse.o [1]
MyLowLevelGetchar       0x08002ce1   0x2e  Code  Lc  main.o [1]
NMI_Handler             0x080050ad    0x2  Code  Gb  stm32f2xx_it.o [1]
NVIC_Init               0x0800228d   0x68  Code  Gb  misc.o [1]
OTGD_FS_CoreInit        0x080017fd   0x34  Code  Gb  otgd_fs_cal.o [1]
OTGD_FS_CoreInitDev     0x080019ed  0x184  Code  Gb  otgd_fs_cal.o [1]
OTGD_FS_CoreReset       0x08001831   0x6c  Code  Lc  otgd_fs_cal.o [1]
OTGD_FS_Dev_GetEPStatus
                        0x0800206d   0x7c  Code  Gb  otgd_fs_cal.o [1]
OTGD_FS_Dev_SetEPStatus
                        0x080020e9   0xd2  Code  Gb  otgd_fs_cal.o [1]
OTGD_FS_DisableGlobalInt
                        0x080018bd   0x20  Code  Gb  otgd_fs_cal.o [1]
OTGD_FS_EP0Activate     0x08001bcd   0x64  Code  Gb  otgd_fs_cal.o [1]
OTGD_FS_EP0StartXfer    0x08001e8b  0x112  Code  Gb  otgd_fs_cal.o [1]
OTGD_FS_EPActivate      0x08001c31   0x86  Code  Gb  otgd_fs_cal.o [1]
OTGD_FS_EPClearStall    0x08001fe5   0x46  Code  Gb  otgd_fs_cal.o [1]
OTGD_FS_EPDeactivate    0x08001cb7   0x68  Code  Gb  otgd_fs_cal.o [1]
OTGD_FS_EPSetStall      0x08001f9d   0x48  Code  Gb  otgd_fs_cal.o [1]
OTGD_FS_EPStartXfer     0x08001d1f  0x16c  Code  Gb  otgd_fs_cal.o [1]
OTGD_FS_EnableDevInt    0x08001b71   0x5c  Code  Gb  otgd_fs_cal.o [1]
OTGD_FS_EnableGlobalInt
                        0x0800189d   0x20  Code  Gb  otgd_fs_cal.o [1]
OTGD_FS_FlushRxFifo     0x0800192f   0x46  Code  Gb  otgd_fs_cal.o [1]
OTGD_FS_FlushTxFifo     0x080018dd   0x52  Code  Gb  otgd_fs_cal.o [1]
OTGD_FS_Handle_EarlySuspend_ISR
                        0x0800487f   0x2e  Code  Gb  otgd_fs_int.o [1]
OTGD_FS_Handle_EnumDone_ISR
                        0x08004977   0x3a  Code  Gb  otgd_fs_int.o [1]
OTGD_FS_Handle_InEP_ISR
                        0x080049b1  0x18a  Code  Gb  otgd_fs_int.o [1]
OTGD_FS_Handle_OutEP_ISR
                        0x08004b3b   0xbe  Code  Gb  otgd_fs_int.o [1]
OTGD_FS_Handle_RxStatusQueueLevel_ISR
                        0x08004779  0x106  Code  Gb  otgd_fs_int.o [1]
OTGD_FS_Handle_USBSuspend_ISR
                        0x080048ad   0x1a  Code  Gb  otgd_fs_int.o [1]
OTGD_FS_Handle_UsbReset_ISR
                        0x080048c7   0xb0  Code  Gb  otgd_fs_int.o [1]
OTGD_FS_Handle_Wakeup_ISR
                        0x08004bf9   0x18  Code  Gb  otgd_fs_int.o [1]
OTGD_FS_PCD_DevConnect  0x080025f1   0x1e  Code  Gb  otgd_fs_pcd.o [1]
OTGD_FS_PCD_DevDisconnect
                        0x0800260f   0x1e  Code  Gb  otgd_fs_pcd.o [1]
OTGD_FS_PCD_EP0_OutStart
                        0x0800262d   0x2c  Code  Gb  otgd_fs_pcd.o [1]
OTGD_FS_PCD_EP_Close    0x08002413   0x38  Code  Gb  otgd_fs_pcd.o [1]
OTGD_FS_PCD_EP_ClrStall
                        0x08002535   0x3e  Code  Gb  otgd_fs_pcd.o [1]
OTGD_FS_PCD_EP_Open     0x080023b1   0x62  Code  Gb  otgd_fs_pcd.o [1]
OTGD_FS_PCD_EP_Read     0x0800244b   0x64  Code  Gb  otgd_fs_pcd.o [1]
OTGD_FS_PCD_EP_SetAddress
                        0x08002573   0x1a  Code  Gb  otgd_fs_pcd.o [1]
OTGD_FS_PCD_EP_Stall    0x080024f7   0x3e  Code  Gb  otgd_fs_pcd.o [1]
OTGD_FS_PCD_EP_Write    0x080024af   0x48  Code  Gb  otgd_fs_pcd.o [1]
OTGD_FS_PCD_GetDeviceSpeed
                        0x08004c11   0x34  Code  Lc  otgd_fs_int.o [1]
OTGD_FS_PCD_GetInEP     0x0800258d   0x32  Code  Gb  otgd_fs_pcd.o [1]
OTGD_FS_PCD_GetOutEP    0x080025bf   0x32  Code  Gb  otgd_fs_pcd.o [1]
OTGD_FS_PCD_Init        0x08002317   0x9a  Code  Gb  otgd_fs_pcd.o [1]
OTGD_FS_PCD_ReadDevInEP
                        0x08004c45   0x36  Code  Lc  otgd_fs_int.o [1]
OTGD_FS_PCD_WriteEmptyTxFifo
                        0x08004c7b  0x104  Code  Lc  otgd_fs_int.o [1]
OTGD_FS_PhyInit         0x08001683   0x40  Code  Gb  otgd_fs_cal.o [1]
OTGD_FS_ReadCoreItr     0x080019bf   0x16  Code  Gb  otgd_fs_cal.o [1]
OTGD_FS_ReadDevAllInEPItr
                        0x08002059   0x14  Code  Gb  otgd_fs_cal.o [1]
OTGD_FS_ReadDevAllOutEp_itr
                        0x0800202b   0x14  Code  Gb  otgd_fs_cal.o [1]
OTGD_FS_ReadDevOutEP_itr
                        0x0800203f   0x1a  Code  Gb  otgd_fs_cal.o [1]
OTGD_FS_ReadPacket      0x080016fd   0x2c  Code  Gb  otgd_fs_cal.o [1]
OTGD_FS_SetAddress      0x0800174f   0xae  Code  Gb  otgd_fs_cal.o [1]
OTGD_FS_WritePacket     0x080016c3   0x3a  Code  Gb  otgd_fs_cal.o [1]
OTG_DEV_GetEPTxStatus   0x08002217   0x1e  Code  Gb  otgd_fs_dev.o [1]
OTG_DEV_Init            0x080021c9   0x4e  Code  Gb  otgd_fs_dev.o [1]
OTG_DEV_SetEPRxStatus   0x0800225f   0x1c  Code  Gb  otgd_fs_dev.o [1]
OTG_DEV_SetEPTxStatus   0x08002235   0x2a  Code  Gb  otgd_fs_dev.o [1]
OTG_FS_IRQHandler       0x080050bf    0x8  Code  Gb  stm32f2xx_it.o [1]
OTG_FS_WKUP_IRQHandler  0x080054e9         Code  Wk  startup_stm32f2xx.o [1]
OTG_HS_EP1_IN_IRQHandler
                        0x080050cf    0x8  Code  Gb  stm32f2xx_it.o [1]
OTG_HS_EP1_OUT_IRQHandler
                        0x080050d7    0x8  Code  Gb  stm32f2xx_it.o [1]
OTG_HS_IRQHandler       0x080050c7    0x8  Code  Gb  stm32f2xx_it.o [1]
OTG_HS_WKUP_IRQHandler  0x08005571         Code  Wk  startup_stm32f2xx.o [1]
PVD_IRQHandler          0x08005445         Code  Wk  startup_stm32f2xx.o [1]
PendSV_Handler          0x080050bb    0x2  Code  Gb  stm32f2xx_it.o [1]
ProductStrLan1          0x08005130   0x24  Data  Gb  usb_dev_desc.o [1]
RCC_AHB1PeriphClockCmd  0x0800146f   0x1e  Code  Gb  stm32f2xx_rcc.o [1]
RCC_AHB1PeriphResetCmd  0x080014c9   0x1e  Code  Gb  stm32f2xx_rcc.o [1]
RCC_AHB2PeriphClockCmd  0x0800148d   0x1e  Code  Gb  stm32f2xx_rcc.o [1]
RCC_AHB2PeriphResetCmd  0x080014e7   0x1e  Code  Gb  stm32f2xx_rcc.o [1]
RCC_APB2PeriphClockCmd  0x080014ab   0x1e  Code  Gb  stm32f2xx_rcc.o [1]
RCC_GetClocksFreq       0x080013b9   0xb6  Code  Gb  stm32f2xx_rcc.o [1]
RCC_IRQHandler          0x08005455         Code  Wk  startup_stm32f2xx.o [1]
RESET_Callback          0x08004e75   0x12  Code  Gb  usb_trans_layer.o [1]
RTC_Alarm_IRQHandler    0x080054e5         Code  Wk  startup_stm32f2xx.o [1]
RTC_WKUP_IRQHandler     0x0800544d         Code  Wk  startup_stm32f2xx.o [1]
Region$$Table$$Base     0x08005154          --   Gb  - Linker created -
Region$$Table$$Limit    0x08005178          --   Gb  - Linker created -
RelativeData0           0x20000394    0x4  Data  Lc  hid_mouse.o [1]
Reset_Handler           0x08005379         Code  Wk  startup_stm32f2xx.o [1]
SDIO_IRQHandler         0x08005505         Code  Wk  startup_stm32f2xx.o [1]
SPI1_IRQHandler         0x080054cd         Code  Wk  startup_stm32f2xx.o [1]
SPI2_IRQHandler         0x080054d1         Code  Wk  startup_stm32f2xx.o [1]
SPI3_IRQHandler         0x0800550d         Code  Wk  startup_stm32f2xx.o [1]
STM32_PCD_OTG_ISR_Handler
                        0x08004e9d   0x9a  Code  Gb  usb_istr.o [1]
STM_EVAL_COMInit        0x08002e15   0xdc  Code  Gb  iar_stm32f217ze_sk.o [1]
STM_EVAL_PBGetState     0x08002dfb   0x1a  Code  Gb  iar_stm32f217ze_sk.o [1]
STM_EVAL_PBInit         0x08002d41   0xba  Code  Gb  iar_stm32f217ze_sk.o [1]
SUSP_Callback           0x08004d9b    0xa  Code  Gb  usb_trans_layer.o [1]
SVC_Handler             0x080050b7    0x2  Code  Gb  stm32f2xx_it.o [1]
SYSCFG_EXTILineConfig   0x080031f9   0x50  Code  Gb  stm32f2xx_syscfg.o [1]
SaveRState              0x200003b4    0x2  Data  Gb  otgd_fs_int.o [1]
SaveTState              0x200003b6    0x2  Data  Gb  otgd_fs_int.o [1]
SerialNumberStrLan1     0x08005274   0x14  Data  Gb  usb_dev_desc.o [1]
SetID                   0x08001975   0x28  Code  Lc  otgd_fs_cal.o [1]
SetSysClock             0x08002fdb   0xb6  Code  Lc  system_stm32f2xx.o [1]
SysTickStart            0x08002aad   0x28  Code  Gb  main.o [1]
SysTick_Handler         0x080050bd    0x2  Code  Gb  stm32f2xx_it.o [1]
SystemInit              0x08002f95   0x46  Code  Gb  system_stm32f2xx.o [1]
TAMP_STAMP_IRQHandler   0x08005449         Code  Wk  startup_stm32f2xx.o [1]
TIM1_BRK_TIM9_IRQHandler
                        0x080054a1         Code  Wk  startup_stm32f2xx.o [1]
TIM1_CC_IRQHandler      0x080054ad         Code  Wk  startup_stm32f2xx.o [1]
TIM1_TRG_COM_TIM11_IRQHandler
                        0x080054a9         Code  Wk  startup_stm32f2xx.o [1]
TIM1_UP_TIM10_IRQHandler
                        0x080054a5         Code  Wk  startup_stm32f2xx.o [1]
TIM2_IRQHandler         0x080054b1         Code  Wk  startup_stm32f2xx.o [1]
TIM3_IRQHandler         0x080054b5         Code  Wk  startup_stm32f2xx.o [1]
TIM4_IRQHandler         0x080054b9         Code  Wk  startup_stm32f2xx.o [1]
TIM5_IRQHandler         0x08005509         Code  Wk  startup_stm32f2xx.o [1]
TIM6_DAC_IRQHandler     0x08005519         Code  Wk  startup_stm32f2xx.o [1]
TIM7_IRQHandler         0x0800551d         Code  Wk  startup_stm32f2xx.o [1]
TIM8_BRK_TIM12_IRQHandler
                        0x080054ed         Code  Wk  startup_stm32f2xx.o [1]
TIM8_CC_IRQHandler      0x080054f9         Code  Wk  startup_stm32f2xx.o [1]
TIM8_TRG_COM_TIM14_IRQHandler
                        0x080054f5         Code  Wk  startup_stm32f2xx.o [1]
TIM8_UP_TIM13_IRQHandler
                        0x080054f1         Code  Wk  startup_stm32f2xx.o [1]
UART4_IRQHandler        0x08005511         Code  Wk  startup_stm32f2xx.o [1]
UART5_IRQHandler        0x08005515         Code  Wk  startup_stm32f2xx.o [1]
USART1_IRQHandler       0x080054d5         Code  Wk  startup_stm32f2xx.o [1]
USART2_IRQHandler       0x080054d9         Code  Wk  startup_stm32f2xx.o [1]
USART3_IRQHandler       0x080054dd         Code  Wk  startup_stm32f2xx.o [1]
USART6_IRQHandler       0x0800555d         Code  Wk  startup_stm32f2xx.o [1]
USART_Cmd               0x080031ad   0x1c  Code  Gb  stm32f2xx_usart.o [1]
USART_GetFlagStatus     0x080031d9   0x20  Code  Gb  stm32f2xx_usart.o [1]
USART_Init              0x080030b1   0xee  Code  Gb  stm32f2xx_usart.o [1]
USART_InitStructure     0x20000370   0x10  Data  Gb  main.o [1]
USART_ReceiveData       0x080031d1    0x8  Code  Gb  stm32f2xx_usart.o [1]
USART_SendData          0x080031c9    0x8  Code  Gb  stm32f2xx_usart.o [1]
USBD_Data_Buffer        0x20000220   0xa0  Data  Gb  otgd_fs_int.o [1]
USBF_EP_DoSetupPkt      0x08004e39   0x30  Code  Gb  usb_trans_layer.o [1]
USBF_EP_RxPktRdy        0x08004ddf   0x5a  Code  Gb  usb_trans_layer.o [1]
USBF_EP_TxPktSent       0x08004da5   0x3a  Code  Gb  usb_trans_layer.o [1]
USBOTG_Test             0x08002bed   0x1c  Code  Gb  main.o [1]
USB_AddStatusEndHandler
                        0x080004dd   0x46  Code  Lc  usb_t9.o [1]
USB_CLASS_REQUEST_HOOK  0x08001287    0xc  Code  Gb  usb_hooks.o [1]
USB_CONFIGURE_HOOK      0x0800126b    0xc  Code  Gb  usb_hooks.o [1]
USB_Configure           0x08001265    0x2  Code  Gb  usb_t9.o [1]
USB_ConnectRes          0x080010f9   0x14  Code  Gb  usb_hw.o [1]
USB_CtrlEpDescr0        0x080053f0    0x8  Data  Lc  usb_hw.o [1]
USB_CtrlEpDescr1        0x080053f8    0x8  Data  Lc  usb_hw.o [1]
USB_DevConnect          0x08002283    0x8  Code  Gb  otgd_fs_dev.o [1]
USB_DevDisconnect       0x0800227b    0x8  Code  Gb  otgd_fs_dev.o [1]
USB_EP_ExtFind          0x08000dd1   0x30  Code  Gb  usb_t9.o [1]
USB_EP_IO               0x0800117f   0x5c  Code  Gb  usb_hw.o [1]
USB_EP_STALL_HOOK       0x08001277    0x2  Code  Gb  usb_hooks.o [1]
USB_EP_UNSTALL_HOOK     0x08001279    0x2  Code  Gb  usb_hooks.o [1]
USB_EpLogToPhysAdd      0x080011db   0x12  Code  Gb  usb_hw.o [1]
USB_EpPhysToLogAdd      0x080011ed   0x12  Code  Gb  usb_hw.o [1]
USB_GET_DESCRIPTOR_HOOK
                        0x0800127b    0xc  Code  Gb  usb_hooks.o [1]
USB_GetFrameNumb        0x080011ff    0x4  Code  Gb  usb_hw.o [1]
USB_GetStallEP          0x08001151   0x2e  Code  Gb  usb_hw.o [1]
USB_HwInit              0x08000ecd  0x184  Code  Gb  usb_hw.o [1]
USB_HwReset             0x08001051   0x32  Code  Gb  usb_hw.o [1]
USB_IO_Data             0x08001299   0x8c  Code  Gb  usb_buffer.o [1]
USB_Mouse               0x08002ad5  0x118  Code  Gb  main.o [1]
USB_OTG_PCD_dev         0x2000013c   0xe4  Data  Gb  otgd_fs_pcd.o [1]
USB_RESET_HOOK          0x08001269    0x2  Code  Gb  usb_hooks.o [1]
USB_RealizeEp           0x08001083   0x68  Code  Gb  usb_hw.o [1]
USB_SUSPEND_HOOK        0x08001267    0x2  Code  Gb  usb_hooks.o [1]
USB_SetAdd              0x080010eb    0xe  Code  Gb  usb_hw.o [1]
USB_SetStallEP          0x0800110d   0x44  Code  Gb  usb_hw.o [1]
USB_SetupHandler        0x08000377   0xfe  Code  Gb  usb_t9.o [1]
USB_StatusEndHandler    0x080004b9   0x22  Code  Lc  usb_t9.o [1]
USB_StatusHandler       0x08000475   0x42  Code  Gb  usb_t9.o [1]
USB_StatusPhase         0x08001203   0x34  Code  Gb  usb_hw.o [1]
USB_T9_Size             0x08000353   0x24  Code  Gb  usb_t9.o [1]
USB_TransferEndHandler  0x08002851   0x58  Code  Gb  hid_mouse.o [1]
USB_VENDOR_REQUEST_HOOK
                        0x08001293    0x6  Code  Gb  usb_hooks.o [1]
UsageFault_Handler      0x080050b5    0x2  Code  Gb  stm32f2xx_it.o [1]
UsbClassHidDescriptor   0x08002701   0x56  Code  Gb  hid_mouse.o [1]
UsbClassHidRequest      0x08002757   0xf8  Code  Gb  hid_mouse.o [1]
UsbClearDevFeature      0x080007db   0x26  Code  Lc  usb_t9.o [1]
UsbClearEpFeature       0x08000807   0x3a  Code  Lc  usb_t9.o [1]
UsbClearFeature         0x08000841   0xe6  Code  Lc  usb_t9.o [1]
UsbClearInterfaceFeature
                        0x08000801    0x6  Code  Lc  usb_t9.o [1]
UsbCoreInit             0x08000185   0x48  Code  Gb  usb_t9.o [1]
UsbCoreReq              0x080001cd   0x66  Code  Gb  usb_t9.o [1]
UsbDescArray            0x08005288   0x14  Data  Gb  usb_dev_desc.o [1]
UsbDevCtrl              0x20000354   0x1c  Data  Lc  usb_t9.o [1]
UsbDevResetCallback     0x08000345    0xe  Code  Gb  usb_t9.o [1]
UsbDevStatus            0x080006ad   0x2e  Code  Lc  usb_t9.o [1]
UsbDevSuspendCallback   0x0800031f   0x26  Code  Gb  usb_t9.o [1]
UsbEPExt_Cfg0EP1        0x080053d8    0x8  Data  Lc  usb_dev_desc.o [1]
UsbEp0SetupPacket       0x20000380    0x8  Data  Gb  usb_t9.o [1]
UsbEpInterfaceCnfg      0x08000e05   0x54  Code  Lc  usb_t9.o [1]
UsbEpStatus             0x080006fb   0x40  Code  Lc  usb_t9.o [1]
UsbFS_Cfg0              0x0800510c   0x24  Data  Lc  usb_dev_desc.o [1]
UsbFS_CfgArray          0x080053d0    0x8  Data  Lc  usb_dev_desc.o [1]
UsbFS_EPExtArray        0x080053e0    0x8  Data  Lc  usb_dev_desc.o [1]
UsbFS_StringArray       0x080053e8    0x8  Data  Lc  usb_dev_desc.o [1]
UsbFindConfiguration    0x0800056d   0x2e  Code  Lc  usb_t9.o [1]
UsbFindEP               0x0800059b   0x78  Code  Lc  usb_t9.o [1]
UsbFindInterface        0x08000523   0x4a  Code  Lc  usb_t9.o [1]
UsbGetConfiguration     0x08000c67   0x46  Code  Lc  usb_t9.o [1]
UsbGetDescriptor        0x08000bd5   0x76  Code  Lc  usb_t9.o [1]
UsbGetDescriptorConfiguration
                        0x08000ae9   0x40  Code  Lc  usb_t9.o [1]
UsbGetDescriptorDevice  0x08000ab7   0x32  Code  Lc  usb_t9.o [1]
UsbGetDescriptorString  0x08000b29   0xac  Code  Lc  usb_t9.o [1]
UsbGetInterface         0x08000ce7   0x4c  Code  Lc  usb_t9.o [1]
UsbGetStatus            0x0800073b   0xa0  Code  Lc  usb_t9.o [1]
UsbInterfaceStatus      0x080006db   0x20  Code  Lc  usb_t9.o [1]
UsbLanguages1Strings    0x08005358   0x10  Data  Gb  usb_dev_desc.o [1]
UsbLanguagesStr         0x08005418    0x4  Data  Gb  usb_dev_desc.o [1]
UsbSetAddress           0x08000a6b   0x4c  Code  Lc  usb_t9.o [1]
UsbSetConfiguration     0x08000cad   0x3a  Code  Lc  usb_t9.o [1]
UsbSetConfigurtonState  0x08000613   0x9a  Code  Lc  usb_t9.o [1]
UsbSetDescriptor        0x08000c4b   0x1c  Code  Lc  usb_t9.o [1]
UsbSetDevFeature        0x08000927   0x26  Code  Lc  usb_t9.o [1]
UsbSetDevState          0x08000233   0xec  Code  Gb  usb_t9.o [1]
UsbSetEpFeature         0x08000953   0x3a  Code  Lc  usb_t9.o [1]
UsbSetFeature           0x0800098d   0xde  Code  Lc  usb_t9.o [1]
UsbSetInterface         0x08000d33   0x9e  Code  Lc  usb_t9.o [1]
UsbSetInterfaceFeature  0x0800094d    0x6  Code  Lc  usb_t9.o [1]
UsbStandardDeviceDescriptorStr
                        0x08005260   0x14  Data  Gb  usb_dev_desc.o [1]
UsbSynchFrame           0x08000e59   0x3c  Code  Lc  usb_t9.o [1]
WKUP_Callback           0x08004d99    0x2  Code  Gb  usb_trans_layer.o [1]
WWDG_IRQHandler         0x08005441         Code  Wk  startup_stm32f2xx.o [1]
_GenldLarge             0x08003bb9  0x256  Code  Lc  xprintflarge.o [3]
_LdtobLarge             0x08003931  0x276  Code  Lc  xprintflarge.o [3]
_LitobLarge             0x0800380b  0x126  Code  Lc  xprintflarge.o [3]
_PrintfLarge            0x080032e5  0x526  Code  Gb  xprintflarge.o [3]
_Prout                  0x0800524b   0x16  Code  Gb  xprout.o [3]
_PutcharsLarge          0x08003e0f   0x2e  Code  Lc  xprintflarge.o [3]
_UngetChar              0x20000038    0x4  Data  Lc  getchar.o [3]
__aeabi_assert          0x08001327   0x64  Code  Gb  xassert.o [3]
__aeabi_cdcmple         0x080040ad         Code  Gb  DblCmpLe.o [4]
__aeabi_d2uiz           0x080044c9         Code  Gb  DblToI32.o [4]
__aeabi_ddiv            0x08004281         Code  Gb  DblDiv.o [4]
__aeabi_dmul            0x080040dd         Code  Gb  DblMul.o [4]
__aeabi_dsub            0x08004511         Code  Gb  DblSub.o [4]
__aeabi_ldiv0           0x080046a1         Code  Gb  I64DivZer.o [5]
__aeabi_memcpy          0x08003ff1         Code  Gb  ABImemcpy.o [5]
__aeabi_memcpy4         0x08004011         Code  Gb  ABImemcpy.o [5]
__aeabi_memcpy8         0x08004011         Code  Gb  ABImemcpy.o [5]
__aeabi_ui2d            0x080044f5         Code  Gb  I32ToDbl.o [4]
__aeabi_uldivmod        0x08003f01         Code  Gb  I64DivMod.o [5]
__cmain                 0x08005221         Code  Gb  cmain.o [5]
__exit                  0x08002a99   0x14  Code  Gb  exit.o [6]
__iar_Dnorm             0x08004067   0x44  Code  Gb  xdnorm.o [4]
__iar_EmptyStepPoint    0x08001325    0x2  Code  Gb  xassert.o [3]
__iar_Memchr            0x08003ea9         Code  Gb  memchr.o [5]
__iar_ReportAssert      0x080029df   0x50  Code  Gb  xreportassert.o [3]
__iar_SB                0x08005584         Data  Gb  bwt_init3c.o [5]
__iar_Strchr            0x08003e59         Code  Gb  strchr.o [5]
__iar_copy_init3        0x0800138b   0x2e  Code  Gb  copy_init3.o [5]
__iar_d2uiz             0x080044d5         Code  Gb  DblToI32.o [4]
__iar_dadd              0x080046a5         Code  Gb  DblAdd.o [4]
__iar_data_init3        0x080050e1   0x2c  Code  Gb  data_init3.o [5]
__iar_dsub              0x08004525         Code  Gb  DblSub.o [4]
__iar_dsubStart         0x08004537         Code  Gb  DblSub.o [4]
__iar_program_start     0x080053ad         Code  Gb  cstartup_M.o [5]
__iar_ui2d              0x080044f9         Code  Gb  I32ToDbl.o [4]
__iar_zero_init3        0x0800164f   0x22  Code  Gb  zero_init3.o [5]
__low_level_init        0x08005237    0x4  Code  Gb  low_level_init.o [3]
__read                  0x08002cb3   0x2e  Code  Gb  main.o [1]
__vector_table          0x08000000         Data  Gb  startup_stm32f2xx.o [1]
__write                 0x08002c83   0x30  Code  Gb  main.o [1]
_call_main              0x0800522d         Code  Gb  cmain.o [5]
_exit                   0x08005241         Code  Gb  cexit.o [5]
_main                   0x08005233         Code  Gb  cmain.o [5]
abort                   0x08002a69    0x6  Code  Gb  abort.o [3]
bHidCnfg                0x20000388    0x4  Data  Gb  hid_mouse.o [1]
core_regs               0x200002c0   0x94  Data  Gb  otgd_fs_cal.o [1]
div                     0x08004691    0xe  Code  Gb  div.o [3]
exit                    0x0800523b    0x4  Code  Gb  exit.o [3]
getchar                 0x08002f3d   0x2e  Code  Gb  getchar.o [3]
main                    0x08002c09   0x7a  Code  Gb  main.o [1]
memchr                  0x08003ea9         Code  Gb  memchr.o [5]
memcpy                  0x08004e87   0x16  Code  Gb  usb_trans_layer.o [1]
out                     0x080029c9   0x16  Code  Lc  xreportassert.o [3]
printf                  0x08002f71   0x24  Code  Gb  printf.o [3]
putchar                 0x08002a6f   0x28  Code  Gb  putchar.o [3]
strchr                  0x08003e59         Code  Gb  strchr.o [5]
strlen                  0x08003e71         Code  Gb  strlen.o [5]
udelay                  0x08001671   0x12  Code  Lc  otgd_fs_cal.o [1]
udelay                  0x08002305   0x12  Code  Lc  otgd_fs_pcd.o [1]
usb_module_select       0x200003b9    0x1  Data  Gb  usb_hw.o [1]


[1] = F:\Users\Lyubcho7\Desktop\DemoSoft_STM32-P207_IAR_6.20\Project\USB\Flash\Obj
[2] = command line
[3] = dl7M_tln.a
[4] = m7M_tl.a
[5] = rt7M_tl.a
[6] = shb_l.a

  20 826 bytes of readonly  code memory
   1 126 bytes of readonly  data memory
   1 978 bytes of readwrite data memory

Errors: none
Warnings: none
