Archive member included because of file (symbol)

/usr/local/cross/lib/gcc/avr/4.7.2/avr5/libgcc.a(_mulsi3.o)
                              ./cores/arduino/WMath.o (__mulsi3)
/usr/local/cross/lib/gcc/avr/4.7.2/avr5/libgcc.a(_udivmodsi4.o)
                              ./cores/arduino/HardwareSerial.o (__udivmodsi4)
/usr/local/cross/lib/gcc/avr/4.7.2/avr5/libgcc.a(_divmodsi4.o)
                              ./cores/arduino/WMath.o (__divmodsi4)
/usr/local/cross/lib/gcc/avr/4.7.2/avr5/libgcc.a(_exit.o)
                              /usr/local/cross/lib/gcc/avr/4.7.2/../../../../avr/lib/avr5/crtm328p.o (exit)
/usr/local/cross/lib/gcc/avr/4.7.2/avr5/libgcc.a(_copy_data.o)
                              ./libraries/FreeRTOS_AVR/utility/tasks.o (__do_copy_data)
/usr/local/cross/lib/gcc/avr/4.7.2/avr5/libgcc.a(_clear_bss.o)
                              ./libraries/FreeRTOS_AVR/utility/croutine.o (__do_clear_bss)
/usr/local/cross/lib/gcc/avr/4.7.2/avr5/libgcc.a(_ctors.o)
                              ./cores/arduino/HardwareSerial.o (__do_global_ctors)
/usr/local/cross/lib/gcc/avr/4.7.2/avr5/libgcc.a(_fixunssfsi.o)
                              ./cores/arduino/Print.o (__fixunssfsi)
/usr/local/cross/lib/gcc/avr/4.7.2/avr5/libgcc.a(_addsub_sf.o)
                              ./cores/arduino/Print.o (__addsf3)
/usr/local/cross/lib/gcc/avr/4.7.2/avr5/libgcc.a(_mul_sf.o)
                              ./cores/arduino/Print.o (__mulsf3)
/usr/local/cross/lib/gcc/avr/4.7.2/avr5/libgcc.a(_div_sf.o)
                              ./cores/arduino/Print.o (__divsf3)
/usr/local/cross/lib/gcc/avr/4.7.2/avr5/libgcc.a(_gt_sf.o)
                              ./cores/arduino/Print.o (__gtsf2)
/usr/local/cross/lib/gcc/avr/4.7.2/avr5/libgcc.a(_ge_sf.o)
                              /usr/local/cross/lib/gcc/avr/4.7.2/avr5/libgcc.a(_fixunssfsi.o) (__gesf2)
/usr/local/cross/lib/gcc/avr/4.7.2/avr5/libgcc.a(_lt_sf.o)
                              ./cores/arduino/Print.o (__ltsf2)
/usr/local/cross/lib/gcc/avr/4.7.2/avr5/libgcc.a(_le_sf.o)
                              ./cores/arduino/Print.o (__lesf2)
/usr/local/cross/lib/gcc/avr/4.7.2/avr5/libgcc.a(_unord_sf.o)
                              ./cores/arduino/Print.o (__unordsf2)
/usr/local/cross/lib/gcc/avr/4.7.2/avr5/libgcc.a(_si_to_sf.o)
                              ./cores/arduino/Print.o (__floatsisf)
/usr/local/cross/lib/gcc/avr/4.7.2/avr5/libgcc.a(_sf_to_si.o)
                              ./cores/arduino/Print.o (__fixsfsi)
/usr/local/cross/lib/gcc/avr/4.7.2/avr5/libgcc.a(_thenan_sf.o)
                              /usr/local/cross/lib/gcc/avr/4.7.2/avr5/libgcc.a(_addsub_sf.o) (__thenan_sf)
/usr/local/cross/lib/gcc/avr/4.7.2/avr5/libgcc.a(_usi_to_sf.o)
                              ./cores/arduino/Print.o (__floatunsisf)
/usr/local/cross/lib/gcc/avr/4.7.2/avr5/libgcc.a(_muluhisi3.o)
                              /usr/local/cross/lib/gcc/avr/4.7.2/avr5/libgcc.a(_mulsi3.o) (__muluhisi3)
/usr/local/cross/lib/gcc/avr/4.7.2/avr5/libgcc.a(_prologue.o)
                              /usr/local/cross/lib/gcc/avr/4.7.2/avr5/libgcc.a(_addsub_sf.o) (__prologue_saves__)
/usr/local/cross/lib/gcc/avr/4.7.2/avr5/libgcc.a(_epilogue.o)
                              /usr/local/cross/lib/gcc/avr/4.7.2/avr5/libgcc.a(_addsub_sf.o) (__epilogue_restores__)
/usr/local/cross/lib/gcc/avr/4.7.2/avr5/libgcc.a(_tablejump.o)
                              /usr/local/cross/lib/gcc/avr/4.7.2/avr5/libgcc.a(_ctors.o) (__tablejump__)
/usr/local/cross/lib/gcc/avr/4.7.2/avr5/libgcc.a(_clzsi2.o)
                              /usr/local/cross/lib/gcc/avr/4.7.2/avr5/libgcc.a(_si_to_sf.o) (__clzsi2)
/usr/local/cross/lib/gcc/avr/4.7.2/avr5/libgcc.a(_clzhi2.o)
                              /usr/local/cross/lib/gcc/avr/4.7.2/avr5/libgcc.a(_clzsi2.o) (__clzhi2)
/usr/local/cross/lib/gcc/avr/4.7.2/avr5/libgcc.a(_pack_sf.o)
                              /usr/local/cross/lib/gcc/avr/4.7.2/avr5/libgcc.a(_addsub_sf.o) (__pack_f)
/usr/local/cross/lib/gcc/avr/4.7.2/avr5/libgcc.a(_unpack_sf.o)
                              /usr/local/cross/lib/gcc/avr/4.7.2/avr5/libgcc.a(_addsub_sf.o) (__unpack_f)
/usr/local/cross/lib/gcc/avr/4.7.2/avr5/libgcc.a(_fpcmp_parts_sf.o)
                              /usr/local/cross/lib/gcc/avr/4.7.2/avr5/libgcc.a(_gt_sf.o) (__fpcmp_parts_f)
/usr/local/cross/lib/gcc/avr/4.7.2/avr5/libgcc.a(_umulhisi3.o)
                              /usr/local/cross/lib/gcc/avr/4.7.2/avr5/libgcc.a(_muluhisi3.o) (__umulhisi3)
/usr/local/cross/lib/gcc/avr/4.7.2/../../../../avr/lib/avr5/libc.a(random.o)
                              ./cores/arduino/WMath.o (random)
/usr/local/cross/lib/gcc/avr/4.7.2/../../../../avr/lib/avr5/libc.a(atol.o)
                              ./cores/arduino/WString.o (atol)
/usr/local/cross/lib/gcc/avr/4.7.2/../../../../avr/lib/avr5/libc.a(isspace.o)
                              ./cores/arduino/WString.o (isspace)
/usr/local/cross/lib/gcc/avr/4.7.2/../../../../avr/lib/avr5/libc.a(tolower.o)
[...]
Memory Configuration

Name             Origin             Length             Attributes
text             0x0000000000000000 0x0000000000020000 xr
data             0x0000000000800060 0x000000000000ffa0 rw !x
eeprom           0x0000000000810000 0x0000000000010000 rw !x
fuse             0x0000000000820000 0x0000000000000400 rw !x
lock             0x0000000000830000 0x0000000000000400 rw !x
signature        0x0000000000840000 0x0000000000000400 rw !x
*default*        0x0000000000000000 0xffffffffffffffff

Linker script and memory map

Address of section .data set to 0x800100
LOAD /usr/local/cross/lib/gcc/avr/4.7.2/../../../../avr/lib/avr5/crtm328p.o
LOAD ./libraries/FreeRTOS_AVR/utility/croutine.o
LOAD ./libraries/FreeRTOS_AVR/utility/heap_3.o
LOAD ./libraries/FreeRTOS_AVR/utility/list.o
LOAD ./libraries/FreeRTOS_AVR/utility/port.o
LOAD ./libraries/FreeRTOS_AVR/utility/queue.o
LOAD ./libraries/FreeRTOS_AVR/utility/tasks.o
LOAD ./libraries/FreeRTOS_AVR/utility/timers.o
LOAD ./libraries/FreeRTOS_AVR/FreeRTOS_AVR.o
LOAD ./libraries/FreeRTOS_AVR/basic_io_avr.o
LOAD ./libraries/FreeRTOS_AVR/idlehook.o
LOAD ./cores/arduino/HardwareSerial.o
LOAD ./cores/arduino/Print.o
LOAD ./cores/arduino/Stream.o
LOAD ./cores/arduino/WInterrupts.o
LOAD ./cores/arduino/WMath.o
LOAD ./cores/arduino/WString.o
LOAD ./cores/arduino/hooks.o
LOAD ./cores/arduino/main.o
LOAD ./cores/arduino/malloc.o
LOAD ./cores/arduino/new.o
LOAD ./cores/arduino/wiring.o
LOAD ./cores/arduino/wiring_analog.o
LOAD ./cores/arduino/wiring_digital.o
LOAD ./cores/arduino/wiring_pulse.o
LOAD ./cores/arduino/wiring_shift.o
LOAD ./setup.o
LOAD /usr/local/cross/lib/gcc/avr/4.7.2/avr5/libgcc.a
LOAD /usr/local/cross/lib/gcc/avr/4.7.2/../../../../avr/lib/avr5/libm.a
LOAD /usr/local/cross/lib/gcc/avr/4.7.2/avr5/libgcc.a
LOAD /usr/local/cross/lib/gcc/avr/4.7.2/../../../../avr/lib/avr5/libc.a
LOAD /usr/local/cross/lib/gcc/avr/4.7.2/avr5/libgcc.a

.hash
 *(.hash)

.dynsym
 *(.dynsym)

.dynstr
 *(.dynstr)

.gnu.version
 *(.gnu.version)

.gnu.version_d
 *(.gnu.version_d)

.gnu.version_r
 *(.gnu.version_r)

.rel.init
 *(.rel.init)

.rela.init
 *(.rela.init)

.rel.text
 *(.rel.text)
 *(.rel.text.*)
 *(.rel.gnu.linkonce.t*)

.rela.text
 *(.rela.text)
 *(.rela.text.*)
 *(.rela.gnu.linkonce.t*)

.rel.fini
 *(.rel.fini)

.rela.fini
 *(.rela.fini)

.rel.rodata
 *(.rel.rodata)
 *(.rel.rodata.*)
 *(.rel.gnu.linkonce.r*)

.rela.rodata
 *(.rela.rodata)
 *(.rela.rodata.*)
 *(.rela.gnu.linkonce.r*)

.rel.data
 *(.rel.data)
 *(.rel.data.*)
 *(.rel.gnu.linkonce.d*)

.rela.data
 *(.rela.data)
 *(.rela.data.*)
 *(.rela.gnu.linkonce.d*)

.rel.ctors
 *(.rel.ctors)

.rela.ctors
 *(.rela.ctors)

.rel.dtors
 *(.rel.dtors)

.rela.dtors
 *(.rela.dtors)

.rel.got
 *(.rel.got)

.rela.got
 *(.rela.got)

.rel.bss
 *(.rel.bss)

.rela.bss
 *(.rela.bss)

.rel.plt
 *(.rel.plt)

.rela.plt
 *(.rela.plt)

.text           0x0000000000000000     0xa84e
 *(.vectors)
 .vectors       0x0000000000000000       0x68 /usr/local/cross/lib/gcc/avr/4.7.2/../../../../avr/lib/avr5/crtm328p.o
                0x0000000000000000                __vectors
                0x0000000000000000                __vector_default
 *(.vectors)
 *(.progmem.gcc*)
 *(.progmem*)
 .progmem.data  0x0000000000000068       0x5a ./cores/arduino/wiring_digital.o
                0x0000000000000068                port_to_mode_PGM
                0x0000000000000072                port_to_output_PGM
                0x000000000000007c                port_to_input_PGM
                0x0000000000000086                digital_pin_to_port_PGM
                0x000000000000009a                digital_pin_to_bit_mask_PGM
                0x00000000000000ae                digital_pin_to_timer_PGM
 .progmem.data  0x00000000000000c2       0x1d ./setup.o
                0x00000000000000e0                . = ALIGN (0x2)
 *fill*         0x00000000000000df        0x1 00
                0x00000000000000e0                __trampolines_start = .
 *(.trampolines)
 .trampolines   0x00000000000000e0        0x0 linker stubs
 *(.trampolines*)
                0x00000000000000e0                __trampolines_end = .
 *(.jumptables)
 *(.jumptables*)
 *(.lowtext)
 *(.lowtext*)
                0x00000000000000e0                __ctors_start = .
 *(.ctors)
 .ctors         0x00000000000000e0        0x2 ./cores/arduino/HardwareSerial.o
                0x00000000000000e2                __ctors_end = .
                0x00000000000000e2                __dtors_start = .
 *(.dtors)
                0x00000000000000e2                __dtors_end = .
 SORT(*)(.ctors)
 SORT(*)(.dtors)
 *(.init0)
 .init0         0x00000000000000e2        0x0 /usr/local/cross/lib/gcc/avr/4.7.2/../../../../avr/lib/avr5/crtm328p.o
                0x00000000000000e2                __init
 *(.init0)
 *(.init1)
 *(.init1)
 *(.init2)
 .init2         0x00000000000000e2        0xc /usr/local/cross/lib/gcc/avr/4.7.2/../../../../avr/lib/avr5/crtm328p.o
 *(.init2)
 *(.init3)
 *(.init3)
 *(.init4)
 .init4         0x00000000000000ee       0x16 /usr/local/cross/lib/gcc/avr/4.7.2/avr5/libgcc.a(_copy_data.o)
                0x00000000000000ee                __do_copy_data
 .init4         0x0000000000000104       0x10 /usr/local/cross/lib/gcc/avr/4.7.2/avr5/libgcc.a(_clear_bss.o)
                0x0000000000000104                __do_clear_bss
 *(.init4)
 *(.init5)
 *(.init5)
 *(.init6)
 .init6         0x0000000000000114       0x16 /usr/local/cross/lib/gcc/avr/4.7.2/avr5/libgcc.a(_ctors.o)
                0x0000000000000114                __do_global_ctors
 *(.init6)
 *(.init7)
 *(.init7)
 *(.init8)
 *(.init8)
 *(.init9)
 .init9         0x000000000000012a        0x8 /usr/local/cross/lib/gcc/avr/4.7.2/../../../../avr/lib/avr5/crtm328p.o
 *(.init9)
 *(.text)
 .text          0x0000000000000132        0x4 /usr/local/cross/lib/gcc/avr/4.7.2/../../../../avr/lib/avr5/crtm328p.o
                0x0000000000000132                __vector_20
                0x0000000000000132                __vector_24
                0x0000000000000132                __vector_12
                0x0000000000000132                __bad_interrupt
                0x0000000000000132                __vector_6
                0x0000000000000132                __vector_3
                0x0000000000000132                __vector_23
                0x0000000000000132                __vector_25
                0x0000000000000132                __vector_11
                0x0000000000000132                __vector_13
                0x0000000000000132                __vector_17
                0x0000000000000132                __vector_7
                0x0000000000000132                __vector_5
                0x0000000000000132                __vector_4
                0x0000000000000132                __vector_9
                0x0000000000000132                __vector_21
                0x0000000000000132                __vector_15
                0x0000000000000132                __vector_8
                0x0000000000000132                __vector_10
                0x0000000000000132                __vector_22
 .text          0x0000000000000136      0x5fa ./libraries/FreeRTOS_AVR/utility/croutine.o
                0x0000000000000136                xCoRoutineCreate
                0x000000000000026e                vCoRoutineAddToDelayedList
                0x0000000000000542                vCoRoutineSchedule
                0x00000000000006be                xCoRoutineRemoveFromEventList
 .text          0x0000000000000730       0x66 ./libraries/FreeRTOS_AVR/utility/heap_3.o
                0x0000000000000730                pvPortMalloc
                0x0000000000000766                vPortFree
 .text          0x0000000000000796      0x2dc ./libraries/FreeRTOS_AVR/utility/list.o
                0x0000000000000796                vListInitialise
                0x0000000000000800                vListInitialiseItem
                0x0000000000000822                vListInsertEnd
                0x00000000000008d2                vListInsert
                0x00000000000009c4                uxListRemove
 .text          0x0000000000000a72      0x562 ./libraries/FreeRTOS_AVR/utility/port.o
                0x0000000000000a72                pxPortInitialiseStack
                0x0000000000000dc4                xPortStartScheduler
                0x0000000000000e2e                vPortEndScheduler
                0x0000000000000e3c                vPortYield
                0x0000000000000eee                vPortYieldFromTick
                0x0000000000000fce                __vector_14
 .text          0x0000000000000fd4      0xf06 ./libraries/FreeRTOS_AVR/utility/queue.o
                0x0000000000000fd4                xQueueGenericReset
                0x00000000000010ea                xQueueGenericCreate
                0x00000000000011ac                xQueueCreateMutex
                0x000000000000125a                xQueueCreateCountingSemaphore
                0x000000000000129c                xQueueGenericSend
                0x00000000000013e6                xQueueGenericSendFromISR
                0x0000000000001498                xQueueGenericReceive
                0x0000000000001674                xQueueReceiveFromISR
                0x000000000000172e                uxQueueMessagesWaiting
                0x0000000000001760                uxQueueMessagesWaitingFromISR
                0x0000000000001788                vQueueDelete
                0x0000000000001ad6                xQueueIsQueueEmptyFromISR
                0x0000000000001b48                xQueueIsQueueFullFromISR
                0x0000000000001b80                xQueueCRSend
                0x0000000000001c3c                xQueueCRReceive
                0x0000000000001d68                xQueueCRSendFromISR
                0x0000000000001dda                xQueueCRReceiveFromISR
 .text          0x0000000000001eda     0x12ca ./libraries/FreeRTOS_AVR/utility/tasks.o
                0x0000000000001eda                xTaskGenericCreate
                0x00000000000020c2                vTaskDelete
                0x0000000000002174                vTaskDelayUntil
                0x0000000000002266                vTaskDelay
                0x00000000000022d0                uxTaskPriorityGet
                0x0000000000002322                vTaskPrioritySet
                0x00000000000024a2                vTaskStartScheduler
                0x0000000000002516                vTaskEndScheduler
                0x000000000000252e                vTaskSuspendAll
                0x0000000000002546                xTaskResumeAll
                0x000000000000264c                xTaskGetTickCount
                0x000000000000267a                xTaskGetTickCountFromISR
                0x00000000000026a4                uxTaskGetNumberOfTasks
                0x00000000000026b6                xTaskGetIdleTaskHandle
                0x00000000000026cc                vTaskIncrementTick
                0x0000000000002896                vTaskSwitchContext
                0x000000000000296e                vTaskPlaceOnEventList
                0x00000000000029d8                xTaskRemoveFromEventList
                0x0000000000002aac                vTaskSetTimeOutState
                0x0000000000002ae2                xTaskCheckForTimeOut
                0x0000000000002baa                vTaskMissedYield
                0x0000000000002f08                uxTaskGetStackHighWaterMark
                0x0000000000002f94                xTaskGetCurrentTaskHandle
                0x0000000000002fb8                vTaskPriorityInherit
                0x00000000000030d8                vTaskPriorityDisinherit
 .text          0x00000000000031a4        0x0 ./libraries/FreeRTOS_AVR/utility/timers.o
 .text          0x00000000000031a4       0x22 ./libraries/FreeRTOS_AVR/FreeRTOS_AVR.o
                0x00000000000031a4                freeHeap
 .text          0x00000000000031c6       0xd4 ./libraries/FreeRTOS_AVR/basic_io_avr.o
                0x00000000000031c6                _Z12vPrintStringPKc
                0x0000000000003214                _Z21vPrintStringAndNumberPKcm
 .text          0x000000000000329a       0x20 ./libraries/FreeRTOS_AVR/idlehook.o
                0x000000000000329a                vApplicationIdleHook
                0x00000000000032ac                vApplicationTickHook
 .text          0x00000000000032ba      0xc0c ./cores/arduino/HardwareSerial.o
                0x00000000000032ba                _Z11serialEventv
                0x00000000000032c8                __vector_18
                0x000000000000335e                _Z14serialEventRunv
                0x0000000000003384                __vector_19
                0x000000000000342c                _ZN14HardwareSerialC2EP11ring_bufferS1_PVhS3_S3_S3_S3_S3_hhhhh
                0x000000000000342c                _ZN14HardwareSerialC1EP11ring_bufferS1_PVhS3_S3_S3_S3_S3_hhhhh
                0x0000000000003556                _ZN14HardwareSerial5beginEm
                0x000000000000376c                _ZN14HardwareSerial5beginEmh
                0x000000000000398c                _ZN14HardwareSerial3endEv
                0x0000000000003af4                _ZN14HardwareSerial9availableEv
                0x0000000000003b40                _ZN14HardwareSerial4peekEv
                0x0000000000003bbe                _ZN14HardwareSerial4readEv
                0x0000000000003c74                _ZN14HardwareSerial5flushEv
                0x0000000000003cc4                _ZN14HardwareSerial5writeEh
                0x0000000000003dd4                _ZN14HardwareSerialcvbEv
 .text          0x0000000000003ec6      0xcf4 ./cores/arduino/Print.o
                0x0000000000003ec6                _ZN5Print5writeEPKhj
                0x0000000000003f54                _ZN5Print5printEPK19__FlashStringHelper
                0x0000000000003fe6                _ZN5Print5printERK6String
                0x0000000000004086                _ZN5Print5printEPKc
                0x00000000000040b6                _ZN5Print5printEc
                0x00000000000040ee                _ZN5Print5printEhi
                0x0000000000004132                _ZN5Print5printEii
                0x000000000000417c                _ZN5Print5printEji
                0x00000000000041c4                _ZN5Print5printEli
                0x00000000000042b8                _ZN5Print5printEmi
                0x000000000000432c                _ZN5Print5printEdi
                0x000000000000437a                _ZN5Print7printlnEPK19__FlashStringHelper
                0x00000000000043cc                _ZN5Print5printERK9Printable
                0x000000000000440c                _ZN5Print7printlnEv
                0x0000000000004452                _ZN5Print7printlnERK6String
                0x00000000000044a4                _ZN5Print7printlnEPKc
                0x00000000000044f6                _ZN5Print7printlnEc
                0x0000000000004540                _ZN5Print7printlnEhi
                0x000000000000459c                _ZN5Print7printlnEii
                0x00000000000045fc                _ZN5Print7printlnEji
                0x000000000000465c                _ZN5Print7printlnEli
                0x00000000000046c8                _ZN5Print7printlnEmi
                0x0000000000004734                _ZN5Print7printlnEdi
                0x00000000000047a0                _ZN5Print7printlnERK9Printable
                0x00000000000047f2                _ZN5Print11printNumberEmh
                0x00000000000048d6                _ZN5Print10printFloatEdh
 .text          0x0000000000004bba      0x982 ./cores/arduino/Stream.o
                0x0000000000004bba                _ZN6Stream9timedReadEv
                0x0000000000004c5c                _ZN6Stream9timedPeekEv
                0x0000000000004cfe                _ZN6Stream13peekNextDigitEv
                0x0000000000004d7c                _ZN6Stream10setTimeoutEm
                0x0000000000004dbe                _ZN6Stream4findEPc
                0x0000000000004df2                _ZN6Stream4findEPcj
                0x0000000000004e3e                _ZN6Stream9findUntilEPcS0_
                0x0000000000004e96                _ZN6Stream9findUntilEPcjS0_j
                0x0000000000004fc6                _ZN6Stream8parseIntEv
                0x0000000000004ff0                _ZN6Stream8parseIntEc
                0x000000000000514a                _ZN6Stream10parseFloatEv
                0x0000000000005174                _ZN6Stream10parseFloatEc
                0x0000000000005314                _ZN6Stream9readBytesEPcj
                0x000000000000539c                _ZN6Stream14readBytesUntilEcPcj
                0x0000000000005444                _ZN6Stream10readStringEv
                0x00000000000054b2                _ZN6Stream15readStringUntilEc
 .text          0x000000000000553c      0x202 ./cores/arduino/WInterrupts.o
                0x000000000000553c                attachInterrupt
                0x00000000000055fe                detachInterrupt
                0x0000000000005666                __vector_1
                0x00000000000056d2                __vector_2
 .text          0x000000000000573e      0x274 ./cores/arduino/WMath.o
                0x000000000000573e                _Z10randomSeedj
                0x0000000000005770                _Z6randoml
                0x00000000000057ca                _Z6randomll
                0x0000000000005884                _Z3maplllll
                0x000000000000596a                _Z8makeWordj
                0x0000000000005986                _Z8makeWordhh
 .text          0x00000000000059b2     0x1efc ./cores/arduino/WString.o
                0x00000000000059b2                _ZN6StringC1EPKc
                0x00000000000059b2                _ZN6StringC2EPKc
                0x00000000000059fc                _ZN6StringC2ERKS_
                0x00000000000059fc                _ZN6StringC1ERKS_
                0x0000000000005a34                _ZN6StringC2Ec
                0x0000000000005a34                _ZN6StringC1Ec
                0x0000000000005a76                _ZN6StringC2Ehh
                0x0000000000005a76                _ZN6StringC1Ehh
                0x0000000000005ad6                _ZN6StringC1Eih
                0x0000000000005ad6                _ZN6StringC2Eih
                0x0000000000005b36                _ZN6StringC1Ejh
                0x0000000000005b36                _ZN6StringC2Ejh
                0x0000000000005b96                _ZN6StringC1Elh
                0x0000000000005b96                _ZN6StringC2Elh
                0x0000000000005bfe                _ZN6StringC2Emh
                0x0000000000005bfe                _ZN6StringC1Emh
                0x0000000000005c66                _ZN6StringD1Ev
                0x0000000000005c66                _ZN6StringD2Ev
                0x0000000000005c8c                _ZN6String10invalidateEv
                0x0000000000005ce8                _ZN6String7reserveEj
                0x0000000000005d6e                _ZN6String12changeBufferEj
                0x0000000000005dde                _ZN6String4copyEPKcj
                0x0000000000005e5a                _ZN6StringaSERKS_
                0x0000000000005eca                _ZN6StringaSEPKc
                0x0000000000005f1a                _ZN6String6concatERKS_
                0x0000000000005f5a                _ZN6String6concatEPKcj
                0x000000000000600c                _ZN6String6concatEPKc
                0x0000000000006052                _ZN6String6concatEc
                0x0000000000006090                _ZN6String6concatEh
                0x00000000000060ee                _ZN6String6concatEi
                0x000000000000614c                _ZN6String6concatEj
                0x00000000000061aa                _ZN6String6concatEl
                0x0000000000006212                _ZN6String6concatEm
                0x000000000000627a                _ZplRK15StringSumHelperRK6String
                0x00000000000062e2                _ZplRK15StringSumHelperPKc
                0x000000000000634c                _ZplRK15StringSumHelperc
                0x000000000000639c                _ZplRK15StringSumHelperh
                0x00000000000063ec                _ZplRK15StringSumHelperi
                0x0000000000006444                _ZplRK15StringSumHelperj
                0x000000000000649c                _ZplRK15StringSumHelperl
                0x0000000000006506                _ZplRK15StringSumHelperm
                0x0000000000006570                _ZNK6String9compareToERKS_
                0x0000000000006634                _ZNK6String6equalsERKS_
                0x0000000000006688                _ZNK6String6equalsEPKc
                0x0000000000006712                _ZNK6StringltERKS_
                0x000000000000674a                _ZNK6StringgtERKS_
                0x0000000000006786                _ZNK6StringleERKS_
                0x00000000000067c2                _ZNK6StringgeERKS_
                0x00000000000067fc                _ZNK6String16equalsIgnoreCaseERKS_
                0x00000000000068f4                _ZNK6String10startsWithERKS_
                0x0000000000006946                _ZNK6String10startsWithERKS_j
                0x00000000000069ea                _ZNK6String8endsWithERKS_
                0x0000000000006a8a                _ZNK6String6charAtEj
                0x0000000000006aba                _ZN6String9setCharAtEjc
                0x0000000000006b0e                _ZN6StringixEj
                0x0000000000006b6e                _ZNK6StringixEj
                0x0000000000006bcc                _ZNK6String8getBytesEPhjj
                0x0000000000006ca8                _ZNK6String7indexOfEc
                0x0000000000006cd4                _ZNK6String7indexOfEcj
                0x0000000000006d64                _ZNK6String7indexOfERKS_
                0x0000000000006d98                _ZNK6String7indexOfERKS_j
                0x0000000000006e2e                _ZNK6String11lastIndexOfEc
                0x0000000000006e68                _ZNK6String11lastIndexOfEcj
                0x0000000000006f3c                _ZNK6String11lastIndexOfERKS_
                0x0000000000006f86                _ZNK6String11lastIndexOfERKS_j
                0x00000000000070c4                _ZNK6String9substringEj
                0x000000000000710e                _ZNK6String9substringEjj
                0x000000000000721a                _ZN6String7replaceEcc
                0x000000000000729a                _ZN6String7replaceERKS_S1_
                0x0000000000007638                _ZN6String11toLowerCaseEv
                0x00000000000076b0                _ZN6String11toUpperCaseEv
                0x0000000000007728                _ZN6String4trimEv
                0x000000000000786a                _ZNK6String5toIntEv
 .text          0x00000000000078ae        0xe ./cores/arduino/hooks.o
                0x00000000000078ae                yield
 .text          0x00000000000078bc       0x26 ./cores/arduino/main.o
                0x00000000000078bc                main
 .text          0x00000000000078e2      0x85a ./cores/arduino/malloc.o
                0x00000000000078e2                malloc
                0x0000000000007b5e                free
                0x0000000000007dcc                realloc
 .text          0x000000000000813c       0xf4 ./cores/arduino/new.o
                0x000000000000813c                _Znwj
                0x000000000000815c                _Znaj
                0x000000000000817c                _ZdlPv
                0x000000000000819c                _ZdaPv
                0x00000000000081bc                __cxa_guard_acquire
                0x00000000000081e8                __cxa_guard_release
                0x000000000000820a                __cxa_guard_abort
                0x0000000000008222                __cxa_pure_virtual
 .text          0x0000000000008230      0x3f4 ./cores/arduino/wiring.o
                0x0000000000008230                __vector_16
                0x0000000000008314                millis
                0x000000000000836c                micros
                0x000000000000842a                delay
                0x00000000000084b4                delayMicroseconds
                0x0000000000008508                init
 .text          0x0000000000008624      0x23a ./cores/arduino/wiring_analog.o
                0x0000000000008624                analogReference
                0x000000000000863e                analogRead
                0x00000000000086de                analogWrite
 .text          0x000000000000885e      0x474 ./cores/arduino/wiring_digital.o
                0x000000000000885e                pinMode
                0x0000000000008ac8                digitalWrite
                0x0000000000008bec                digitalRead
 .text          0x0000000000008cd2      0x2c2 ./cores/arduino/wiring_pulse.o
                0x0000000000008cd2                pulseIn
 .text          0x0000000000008f94      0x14e ./cores/arduino/wiring_shift.o
                0x0000000000008f94                shiftIn
                0x000000000000902e                shiftOut
 .text          0x00000000000090e2      0x1c0 ./setup.o
                0x00000000000091d4                setup
                0x000000000000926e                loop
 .text          0x00000000000092a2        0x0 /usr/local/cross/lib/gcc/avr/4.7.2/avr5/libgcc.a(_mulsi3.o)
 .text          0x00000000000092a2        0x0 /usr/local/cross/lib/gcc/avr/4.7.2/avr5/libgcc.a(_udivmodsi4.o)
 .text          0x00000000000092a2        0x0 /usr/local/cross/lib/gcc/avr/4.7.2/avr5/libgcc.a(_divmodsi4.o)
 .text          0x00000000000092a2        0x0 /usr/local/cross/lib/gcc/avr/4.7.2/avr5/libgcc.a(_exit.o)
 .text          0x00000000000092a2        0x0 /usr/local/cross/lib/gcc/avr/4.7.2/avr5/libgcc.a(_copy_data.o)
 .text          0x00000000000092a2        0x0 /usr/local/cross/lib/gcc/avr/4.7.2/avr5/libgcc.a(_clear_bss.o)
 .text          0x00000000000092a2        0x0 /usr/local/cross/lib/gcc/avr/4.7.2/avr5/libgcc.a(_ctors.o)
 .text          0x00000000000092a2       0x5a /usr/local/cross/lib/gcc/avr/4.7.2/avr5/libgcc.a(_fixunssfsi.o)
                0x00000000000092a2                __fixunssfsi
 .text          0x00000000000092fc      0x370 /usr/local/cross/lib/gcc/avr/4.7.2/avr5/libgcc.a(_addsub_sf.o)
                0x00000000000095b4                __addsf3
                0x000000000000960c                __subsf3
 .text          0x000000000000966c      0x1ca /usr/local/cross/lib/gcc/avr/4.7.2/avr5/libgcc.a(_mul_sf.o)
                0x000000000000966c                __mulsf3
 .text          0x0000000000009836      0x146 /usr/local/cross/lib/gcc/avr/4.7.2/avr5/libgcc.a(_div_sf.o)
                0x0000000000009836                __divsf3
 .text          0x000000000000997c       0x5e /usr/local/cross/lib/gcc/avr/4.7.2/avr5/libgcc.a(_gt_sf.o)
                0x000000000000997c                __gtsf2
 .text          0x00000000000099da       0x5e /usr/local/cross/lib/gcc/avr/4.7.2/avr5/libgcc.a(_ge_sf.o)
                0x00000000000099da                __gesf2
 .text          0x0000000000009a38       0x5e /usr/local/cross/lib/gcc/avr/4.7.2/avr5/libgcc.a(_lt_sf.o)
                0x0000000000009a38                __ltsf2
 .text          0x0000000000009a96       0x5e /usr/local/cross/lib/gcc/avr/4.7.2/avr5/libgcc.a(_le_sf.o)
                0x0000000000009a96                __lesf2
 .text          0x0000000000009af4       0x5a /usr/local/cross/lib/gcc/avr/4.7.2/avr5/libgcc.a(_unord_sf.o)
                0x0000000000009af4                __unordsf2
 .text          0x0000000000009b4e       0xb8 /usr/local/cross/lib/gcc/avr/4.7.2/avr5/libgcc.a(_si_to_sf.o)
                0x0000000000009b4e                __floatsisf
 .text          0x0000000000009c06       0x9e /usr/local/cross/lib/gcc/avr/4.7.2/avr5/libgcc.a(_sf_to_si.o)
                0x0000000000009c06                __fixsfsi
 .text          0x0000000000009ca4        0x0 /usr/local/cross/lib/gcc/avr/4.7.2/avr5/libgcc.a(_thenan_sf.o)
 .text          0x0000000000009ca4       0xec /usr/local/cross/lib/gcc/avr/4.7.2/avr5/libgcc.a(_usi_to_sf.o)
                0x0000000000009ca4                __floatunsisf
 .text          0x0000000000009d90        0x0 /usr/local/cross/lib/gcc/avr/4.7.2/avr5/libgcc.a(_muluhisi3.o)
 .text          0x0000000000009d90        0x0 /usr/local/cross/lib/gcc/avr/4.7.2/avr5/libgcc.a(_prologue.o)
 .text          0x0000000000009d90        0x0 /usr/local/cross/lib/gcc/avr/4.7.2/avr5/libgcc.a(_epilogue.o)
 .text          0x0000000000009d90        0x0 /usr/local/cross/lib/gcc/avr/4.7.2/avr5/libgcc.a(_tablejump.o)
 .text          0x0000000000009d90        0x0 /usr/local/cross/lib/gcc/avr/4.7.2/avr5/libgcc.a(_clzsi2.o)
 .text          0x0000000000009d90        0x0 /usr/local/cross/lib/gcc/avr/4.7.2/avr5/libgcc.a(_clzhi2.o)
 .text          0x0000000000009d90      0x194 /usr/local/cross/lib/gcc/avr/4.7.2/avr5/libgcc.a(_pack_sf.o)
                0x0000000000009d90                __pack_f
 .text          0x0000000000009f24       0xde /usr/local/cross/lib/gcc/avr/4.7.2/avr5/libgcc.a(_unpack_sf.o)
                0x0000000000009f24                __unpack_f
 .text          0x000000000000a002       0xc2 /usr/local/cross/lib/gcc/avr/4.7.2/avr5/libgcc.a(_fpcmp_parts_sf.o)
                0x000000000000a002                __fpcmp_parts_f
 .text          0x000000000000a0c4        0x0 /usr/local/cross/lib/gcc/avr/4.7.2/avr5/libgcc.a(_umulhisi3.o)
 .text          0x000000000000a0c4        0x0 /usr/local/cross/lib/gcc/avr/4.7.2/../../../../avr/lib/avr5/libc.a(random.o)
 .text          0x000000000000a0c4        0x0 /usr/local/cross/lib/gcc/avr/4.7.2/../../../../avr/lib/avr5/libc.a(atol.o)
 .text          0x000000000000a0c4        0x0 /usr/local/cross/lib/gcc/avr/4.7.2/../../../../avr/lib/avr5/libc.a(isspace.o)
 .text          0x000000000000a0c4        0x0 /usr/local/cross/lib/gcc/avr/4.7.2/../../../../avr/lib/avr5/libc.a(tolower.o)
 .text          0x000000000000a0c4        0x0 /usr/local/cross/lib/gcc/avr/4.7.2/../../../../avr/lib/avr5/libc.a(toupper.o)
 .text          0x000000000000a0c4        0x0 /usr/local/cross/lib/gcc/avr/4.7.2/../../../../avr/lib/avr5/libc.a(memcpy.o)
 .text          0x000000000000a0c4        0x0 /usr/local/cross/lib/gcc/avr/4.7.2/../../../../avr/lib/avr5/libc.a(memmove.o)
 .text          0x000000000000a0c4        0x0 /usr/local/cross/lib/gcc/avr/4.7.2/../../../../avr/lib/avr5/libc.a(memset.o)
 .text          0x000000000000a0c4        0x0 /usr/local/cross/lib/gcc/avr/4.7.2/../../../../avr/lib/avr5/libc.a(strchr.o)
 .text          0x000000000000a0c4        0x0 /usr/local/cross/lib/gcc/avr/4.7.2/../../../../avr/lib/avr5/libc.a(strcmp.o)
 .text          0x000000000000a0c4        0x0 /usr/local/cross/lib/gcc/avr/4.7.2/../../../../avr/lib/avr5/libc.a(strcpy.o)
 .text          0x000000000000a0c4        0x0 /usr/local/cross/lib/gcc/avr/4.7.2/../../../../avr/lib/avr5/libc.a(strlen.o)
 .text          0x000000000000a0c4        0x0 /usr/local/cross/lib/gcc/avr/4.7.2/../../../../avr/lib/avr5/libc.a(strncmp.o)
 .text          0x000000000000a0c4        0x0 /usr/local/cross/lib/gcc/avr/4.7.2/../../../../avr/lib/avr5/libc.a(strncpy.o)
 .text          0x000000000000a0c4        0x0 /usr/local/cross/lib/gcc/avr/4.7.2/../../../../avr/lib/avr5/libc.a(strrchr.o)
 .text          0x000000000000a0c4        0x0 /usr/local/cross/lib/gcc/avr/4.7.2/../../../../avr/lib/avr5/libc.a(strstr.o)
 .text          0x000000000000a0c4        0x0 /usr/local/cross/lib/gcc/avr/4.7.2/../../../../avr/lib/avr5/libc.a(itoa.o)
 .text          0x000000000000a0c4        0x0 /usr/local/cross/lib/gcc/avr/4.7.2/../../../../avr/lib/avr5/libc.a(ltoa.o)
 .text          0x000000000000a0c4        0x0 /usr/local/cross/lib/gcc/avr/4.7.2/../../../../avr/lib/avr5/libc.a(mulsi10.o)
 .text          0x000000000000a0c4        0x0 /usr/local/cross/lib/gcc/avr/4.7.2/../../../../avr/lib/avr5/libc.a(ultoa.o)
 .text          0x000000000000a0c4        0x0 /usr/local/cross/lib/gcc/avr/4.7.2/../../../../avr/lib/avr5/libc.a(utoa.o)
 .text          0x000000000000a0c4        0x0 /usr/local/cross/lib/gcc/avr/4.7.2/../../../../avr/lib/avr5/libc.a(cty_isfalse.o)
 .text          0x000000000000a0c4        0x0 /usr/local/cross/lib/gcc/avr/4.7.2/../../../../avr/lib/avr5/libc.a(strrev.o)
 .text          0x000000000000a0c4        0x0 /usr/local/cross/lib/gcc/avr/4.7.2/avr5/libgcc.a(_udivmodhi4.o)
                0x000000000000a0c4                . = ALIGN (0x2)
 *(.text.*)
 .text._ZN14HardwareSerial5writeEi
                0x000000000000a0c4       0x3e ./libraries/FreeRTOS_AVR/basic_io_avr.o
                0x000000000000a0c4                _ZN14HardwareSerial5writeEi
 .text._ZN5PrintC2Ev
                0x000000000000a102       0x30 ./cores/arduino/HardwareSerial.o
                0x000000000000a102                _ZN5PrintC1Ev
                0x000000000000a102                _ZN5PrintC2Ev
 .text._ZN6StreamC2Ev
                0x000000000000a132       0x44 ./cores/arduino/HardwareSerial.o
                0x000000000000a132                _ZN6StreamC2Ev
                0x000000000000a132                _ZN6StreamC1Ev
 .text._Z10store_charhP11ring_buffer
                0x000000000000a176       0x8a ./cores/arduino/HardwareSerial.o
                0x000000000000a176                _Z10store_charhP11ring_buffer
 .text._ZNK6String6lengthEv
                0x000000000000a200       0x22 ./cores/arduino/Print.o
                0x000000000000a200                _ZNK6String6lengthEv
 .text._ZN5Print5writeEPKc
                0x000000000000a222       0x62 ./cores/arduino/Print.o
                0x000000000000a222                _ZN5Print5writeEPKc
 .text._ZN6StringpLEc
                0x000000000000a284       0x2c ./cores/arduino/Stream.o
                0x000000000000a284                _ZN6StringpLEc
 .text._ZN6String4initEv
                0x000000000000a2b0       0x3e ./cores/arduino/WString.o
                0x000000000000a2b0                _ZN6String4initEv
 .text.libgcc.mul
                0x000000000000a2ee       0x20 /usr/local/cross/lib/gcc/avr/4.7.2/avr5/libgcc.a(_mulsi3.o)
                0x000000000000a2ee                __mulsi3
 .text.libgcc.div
                0x000000000000a30e        0x0 /usr/local/cross/lib/gcc/avr/4.7.2/avr5/libgcc.a(_mulsi3.o)
 .text.libgcc   0x000000000000a30e        0x0 /usr/local/cross/lib/gcc/avr/4.7.2/avr5/libgcc.a(_mulsi3.o)
 .text.libgcc.prologue
                0x000000000000a30e        0x0 /usr/local/cross/lib/gcc/avr/4.7.2/avr5/libgcc.a(_mulsi3.o)
 .text.libgcc.builtins
                0x000000000000a30e        0x0 /usr/local/cross/lib/gcc/avr/4.7.2/avr5/libgcc.a(_mulsi3.o)
 .text.libgcc.fmul
                0x000000000000a30e        0x0 /usr/local/cross/lib/gcc/avr/4.7.2/avr5/libgcc.a(_mulsi3.o)
 .text.libgcc.mul
                0x000000000000a30e        0x0 /usr/local/cross/lib/gcc/avr/4.7.2/avr5/libgcc.a(_udivmodsi4.o)
 .text.libgcc.div
                0x000000000000a30e       0x44 /usr/local/cross/lib/gcc/avr/4.7.2/avr5/libgcc.a(_udivmodsi4.o)
                0x000000000000a30e                __udivmodsi4
 .text.libgcc   0x000000000000a352        0x0 /usr/local/cross/lib/gcc/avr/4.7.2/avr5/libgcc.a(_udivmodsi4.o)
 .text.libgcc.prologue
                0x000000000000a352        0x0 /usr/local/cross/lib/gcc/avr/4.7.2/avr5/libgcc.a(_udivmodsi4.o)
 .text.libgcc.builtins
                0x000000000000a352        0x0 /usr/local/cross/lib/gcc/avr/4.7.2/avr5/libgcc.a(_udivmodsi4.o)
 .text.libgcc.fmul
                0x000000000000a352        0x0 /usr/local/cross/lib/gcc/avr/4.7.2/avr5/libgcc.a(_udivmodsi4.o)
 .text.libgcc.mul
                0x000000000000a352        0x0 /usr/local/cross/lib/gcc/avr/4.7.2/avr5/libgcc.a(_divmodsi4.o)
 .text.libgcc.div
                0x000000000000a352       0x38 /usr/local/cross/lib/gcc/avr/4.7.2/avr5/libgcc.a(_divmodsi4.o)
                0x000000000000a352                __divmodsi4
 .text.libgcc   0x000000000000a38a        0x0 /usr/local/cross/lib/gcc/avr/4.7.2/avr5/libgcc.a(_divmodsi4.o)
 .text.libgcc.prologue
                0x000000000000a38a        0x0 /usr/local/cross/lib/gcc/avr/4.7.2/avr5/libgcc.a(_divmodsi4.o)
 .text.libgcc.builtins
                0x000000000000a38a        0x0 /usr/local/cross/lib/gcc/avr/4.7.2/avr5/libgcc.a(_divmodsi4.o)
 .text.libgcc.fmul
                0x000000000000a38a        0x0 /usr/local/cross/lib/gcc/avr/4.7.2/avr5/libgcc.a(_divmodsi4.o)
 .text.libgcc.mul
                0x000000000000a38a        0x0 /usr/local/cross/lib/gcc/avr/4.7.2/avr5/libgcc.a(_exit.o)
 .text.libgcc.div
                0x000000000000a38a        0x0 /usr/local/cross/lib/gcc/avr/4.7.2/avr5/libgcc.a(_exit.o)
 .text.libgcc   0x000000000000a38a        0x0 /usr/local/cross/lib/gcc/avr/4.7.2/avr5/libgcc.a(_exit.o)
 .text.libgcc.prologue
                0x000000000000a38a        0x0 /usr/local/cross/lib/gcc/avr/4.7.2/avr5/libgcc.a(_exit.o)
 .text.libgcc.builtins
                0x000000000000a38a        0x0 /usr/local/cross/lib/gcc/avr/4.7.2/avr5/libgcc.a(_exit.o)
 .text.libgcc.fmul
                0x000000000000a38a        0x0 /usr/local/cross/lib/gcc/avr/4.7.2/avr5/libgcc.a(_exit.o)
 .text.libgcc.mul
                0x000000000000a38a        0x0 /usr/local/cross/lib/gcc/avr/4.7.2/avr5/libgcc.a(_copy_data.o)
 .text.libgcc.div
                0x000000000000a38a        0x0 /usr/local/cross/lib/gcc/avr/4.7.2/avr5/libgcc.a(_copy_data.o)
 .text.libgcc   0x000000000000a38a        0x0 /usr/local/cross/lib/gcc/avr/4.7.2/avr5/libgcc.a(_copy_data.o)
 .text.libgcc.prologue
                0x000000000000a38a        0x0 /usr/local/cross/lib/gcc/avr/4.7.2/avr5/libgcc.a(_copy_data.o)
 .text.libgcc.builtins
                0x000000000000a38a        0x0 /usr/local/cross/lib/gcc/avr/4.7.2/avr5/libgcc.a(_copy_data.o)
 .text.libgcc.fmul
                0x000000000000a38a        0x0 /usr/local/cross/lib/gcc/avr/4.7.2/avr5/libgcc.a(_copy_data.o)
 .text.libgcc.mul
                0x000000000000a38a        0x0 /usr/local/cross/lib/gcc/avr/4.7.2/avr5/libgcc.a(_clear_bss.o)
 .text.libgcc.div
                0x000000000000a38a        0x0 /usr/local/cross/lib/gcc/avr/4.7.2/avr5/libgcc.a(_clear_bss.o)
 .text.libgcc   0x000000000000a38a        0x0 /usr/local/cross/lib/gcc/avr/4.7.2/avr5/libgcc.a(_clear_bss.o)
 .text.libgcc.prologue
                0x000000000000a38a        0x0 /usr/local/cross/lib/gcc/avr/4.7.2/avr5/libgcc.a(_clear_bss.o)
 .text.libgcc.builtins
                0x000000000000a38a        0x0 /usr/local/cross/lib/gcc/avr/4.7.2/avr5/libgcc.a(_clear_bss.o)
 .text.libgcc.fmul
                0x000000000000a38a        0x0 /usr/local/cross/lib/gcc/avr/4.7.2/avr5/libgcc.a(_clear_bss.o)
 .text.libgcc.mul
                0x000000000000a38a        0x0 /usr/local/cross/lib/gcc/avr/4.7.2/avr5/libgcc.a(_ctors.o)
 .text.libgcc.div
                0x000000000000a38a        0x0 /usr/local/cross/lib/gcc/avr/4.7.2/avr5/libgcc.a(_ctors.o)
 .text.libgcc   0x000000000000a38a        0x0 /usr/local/cross/lib/gcc/avr/4.7.2/avr5/libgcc.a(_ctors.o)
 .text.libgcc.prologue
                0x000000000000a38a        0x0 /usr/local/cross/lib/gcc/avr/4.7.2/avr5/libgcc.a(_ctors.o)
 .text.libgcc.builtins
                0x000000000000a38a        0x0 /usr/local/cross/lib/gcc/avr/4.7.2/avr5/libgcc.a(_ctors.o)
 .text.libgcc.fmul
                0x000000000000a38a        0x0 /usr/local/cross/lib/gcc/avr/4.7.2/avr5/libgcc.a(_ctors.o)
 .text.libgcc.mul
                0x000000000000a38a       0x16 /usr/local/cross/lib/gcc/avr/4.7.2/avr5/libgcc.a(_muluhisi3.o)
                0x000000000000a38a                __muluhisi3
 .text.libgcc.div
                0x000000000000a3a0        0x0 /usr/local/cross/lib/gcc/avr/4.7.2/avr5/libgcc.a(_muluhisi3.o)
 .text.libgcc   0x000000000000a3a0        0x0 /usr/local/cross/lib/gcc/avr/4.7.2/avr5/libgcc.a(_muluhisi3.o)
 .text.libgcc.prologue
                0x000000000000a3a0        0x0 /usr/local/cross/lib/gcc/avr/4.7.2/avr5/libgcc.a(_muluhisi3.o)
 .text.libgcc.builtins
                0x000000000000a3a0        0x0 /usr/local/cross/lib/gcc/avr/4.7.2/avr5/libgcc.a(_muluhisi3.o)
 .text.libgcc.fmul
                0x000000000000a3a0        0x0 /usr/local/cross/lib/gcc/avr/4.7.2/avr5/libgcc.a(_muluhisi3.o)
 .text.libgcc.mul
                0x000000000000a3a0        0x0 /usr/local/cross/lib/gcc/avr/4.7.2/avr5/libgcc.a(_prologue.o)
 .text.libgcc.div
                0x000000000000a3a0        0x0 /usr/local/cross/lib/gcc/avr/4.7.2/avr5/libgcc.a(_prologue.o)
 .text.libgcc   0x000000000000a3a0        0x0 /usr/local/cross/lib/gcc/avr/4.7.2/avr5/libgcc.a(_prologue.o)
 .text.libgcc.prologue
                0x000000000000a3a0       0x38 /usr/local/cross/lib/gcc/avr/4.7.2/avr5/libgcc.a(_prologue.o)
                0x000000000000a3a0                __prologue_saves__
 .text.libgcc.builtins
                0x000000000000a3d8        0x0 /usr/local/cross/lib/gcc/avr/4.7.2/avr5/libgcc.a(_prologue.o)
 .text.libgcc.fmul
                0x000000000000a3d8        0x0 /usr/local/cross/lib/gcc/avr/4.7.2/avr5/libgcc.a(_prologue.o)
 .text.libgcc.mul
                0x000000000000a3d8        0x0 /usr/local/cross/lib/gcc/avr/4.7.2/avr5/libgcc.a(_epilogue.o)
 .text.libgcc.div
                0x000000000000a3d8        0x0 /usr/local/cross/lib/gcc/avr/4.7.2/avr5/libgcc.a(_epilogue.o)
 .text.libgcc   0x000000000000a3d8        0x0 /usr/local/cross/lib/gcc/avr/4.7.2/avr5/libgcc.a(_epilogue.o)
 .text.libgcc.prologue
                0x000000000000a3d8       0x36 /usr/local/cross/lib/gcc/avr/4.7.2/avr5/libgcc.a(_epilogue.o)
                0x000000000000a3d8                __epilogue_restores__
 .text.libgcc.builtins
                0x000000000000a40e        0x0 /usr/local/cross/lib/gcc/avr/4.7.2/avr5/libgcc.a(_epilogue.o)
 .text.libgcc.fmul
                0x000000000000a40e        0x0 /usr/local/cross/lib/gcc/avr/4.7.2/avr5/libgcc.a(_epilogue.o)
 .text.libgcc.mul
                0x000000000000a40e        0x0 /usr/local/cross/lib/gcc/avr/4.7.2/avr5/libgcc.a(_tablejump.o)
 .text.libgcc.div
                0x000000000000a40e        0x0 /usr/local/cross/lib/gcc/avr/4.7.2/avr5/libgcc.a(_tablejump.o)
 .text.libgcc   0x000000000000a40e        0xc /usr/local/cross/lib/gcc/avr/4.7.2/avr5/libgcc.a(_tablejump.o)
                0x000000000000a40e                __tablejump2__
                0x000000000000a412                __tablejump__
 .text.libgcc.prologue
                0x000000000000a41a        0x0 /usr/local/cross/lib/gcc/avr/4.7.2/avr5/libgcc.a(_tablejump.o)
 .text.libgcc.builtins
                0x000000000000a41a        0x0 /usr/local/cross/lib/gcc/avr/4.7.2/avr5/libgcc.a(_tablejump.o)
 .text.libgcc.fmul
                0x000000000000a41a        0x0 /usr/local/cross/lib/gcc/avr/4.7.2/avr5/libgcc.a(_tablejump.o)
 .text.libgcc.mul
                0x000000000000a41a        0x0 /usr/local/cross/lib/gcc/avr/4.7.2/avr5/libgcc.a(_clzsi2.o)
 .text.libgcc.div
                0x000000000000a41a        0x0 /usr/local/cross/lib/gcc/avr/4.7.2/avr5/libgcc.a(_clzsi2.o)
 .text.libgcc   0x000000000000a41a        0x0 /usr/local/cross/lib/gcc/avr/4.7.2/avr5/libgcc.a(_clzsi2.o)
 .text.libgcc.prologue
                0x000000000000a41a        0x0 /usr/local/cross/lib/gcc/avr/4.7.2/avr5/libgcc.a(_clzsi2.o)
 .text.libgcc.builtins
                0x000000000000a41a       0x12 /usr/local/cross/lib/gcc/avr/4.7.2/avr5/libgcc.a(_clzsi2.o)
                0x000000000000a41a                __clzsi2
 .text.libgcc.fmul
                0x000000000000a42c        0x0 /usr/local/cross/lib/gcc/avr/4.7.2/avr5/libgcc.a(_clzsi2.o)
 .text.libgcc.mul
                0x000000000000a42c        0x0 /usr/local/cross/lib/gcc/avr/4.7.2/avr5/libgcc.a(_clzhi2.o)
 .text.libgcc.div
                0x000000000000a42c        0x0 /usr/local/cross/lib/gcc/avr/4.7.2/avr5/libgcc.a(_clzhi2.o)
 .text.libgcc   0x000000000000a42c        0x0 /usr/local/cross/lib/gcc/avr/4.7.2/avr5/libgcc.a(_clzhi2.o)
 .text.libgcc.prologue
                0x000000000000a42c        0x0 /usr/local/cross/lib/gcc/avr/4.7.2/avr5/libgcc.a(_clzhi2.o)
 .text.libgcc.builtins
                0x000000000000a42c       0x24 /usr/local/cross/lib/gcc/avr/4.7.2/avr5/libgcc.a(_clzhi2.o)
                0x000000000000a42c                __clzhi2
 .text.libgcc.fmul
                0x000000000000a450        0x0 /usr/local/cross/lib/gcc/avr/4.7.2/avr5/libgcc.a(_clzhi2.o)
 .text.libgcc.mul
                0x000000000000a450       0x18 /usr/local/cross/lib/gcc/avr/4.7.2/avr5/libgcc.a(_umulhisi3.o)
                0x000000000000a450                __umulhisi3
 .text.libgcc.div
                0x000000000000a468        0x0 /usr/local/cross/lib/gcc/avr/4.7.2/avr5/libgcc.a(_umulhisi3.o)
 .text.libgcc   0x000000000000a468        0x0 /usr/local/cross/lib/gcc/avr/4.7.2/avr5/libgcc.a(_umulhisi3.o)
 .text.libgcc.prologue
                0x000000000000a468        0x0 /usr/local/cross/lib/gcc/avr/4.7.2/avr5/libgcc.a(_umulhisi3.o)
 .text.libgcc.builtins
                0x000000000000a468        0x0 /usr/local/cross/lib/gcc/avr/4.7.2/avr5/libgcc.a(_umulhisi3.o)
 .text.libgcc.fmul
                0x000000000000a468        0x0 /usr/local/cross/lib/gcc/avr/4.7.2/avr5/libgcc.a(_umulhisi3.o)
 .text.avr-libc
                0x000000000000a468       0xbc /usr/local/cross/lib/gcc/avr/4.7.2/../../../../avr/lib/avr5/libc.a(random.o)
                0x000000000000a4fe                random_r
                0x000000000000a504                random
                0x000000000000a50e                srandom
 .text.avr-libc
                0x000000000000a524       0x4e /usr/local/cross/lib/gcc/avr/4.7.2/../../../../avr/lib/avr5/libc.a(atol.o)
                0x000000000000a524                atol
 .text.avr-libc
                0x000000000000a572       0x10 /usr/local/cross/lib/gcc/avr/4.7.2/../../../../avr/lib/avr5/libc.a(isspace.o)
                0x000000000000a572                isspace
 .text.avr-libc
                0x000000000000a582       0x10 /usr/local/cross/lib/gcc/avr/4.7.2/../../../../avr/lib/avr5/libc.a(tolower.o)
                0x000000000000a582                tolower
 .text.avr-libc
                0x000000000000a592       0x10 /usr/local/cross/lib/gcc/avr/4.7.2/../../../../avr/lib/avr5/libc.a(toupper.o)
                0x000000000000a592                toupper
 .text.avr-libc
                0x000000000000a5a2       0x12 /usr/local/cross/lib/gcc/avr/4.7.2/../../../../avr/lib/avr5/libc.a(memcpy.o)
                0x000000000000a5a2                memcpy
 .text.avr-libc
                0x000000000000a5b4       0x24 /usr/local/cross/lib/gcc/avr/4.7.2/../../../../avr/lib/avr5/libc.a(memmove.o)
                0x000000000000a5b4                memmove
 .text.avr-libc
                0x000000000000a5d8        0xe /usr/local/cross/lib/gcc/avr/4.7.2/../../../../avr/lib/avr5/libc.a(memset.o)
                0x000000000000a5d8                memset
 .text.avr-libc
                0x000000000000a5e6       0x16 /usr/local/cross/lib/gcc/avr/4.7.2/../../../../avr/lib/avr5/libc.a(strchr.o)
                0x000000000000a5e6                strchr
 .text.avr-libc
                0x000000000000a5fc       0x12 /usr/local/cross/lib/gcc/avr/4.7.2/../../../../avr/lib/avr5/libc.a(strcmp.o)
                0x000000000000a5fc                strcmp
 .text.avr-libc
                0x000000000000a60e        0xe /usr/local/cross/lib/gcc/avr/4.7.2/../../../../avr/lib/avr5/libc.a(strcpy.o)
                0x000000000000a60e                strcpy
 .text.avr-libc
                0x000000000000a61c       0x12 /usr/local/cross/lib/gcc/avr/4.7.2/../../../../avr/lib/avr5/libc.a(strlen.o)
                0x000000000000a61c                strlen
 .text.avr-libc
                0x000000000000a62e       0x1c /usr/local/cross/lib/gcc/avr/4.7.2/../../../../avr/lib/avr5/libc.a(strncmp.o)
                0x000000000000a62e                strncmp
 .text.avr-libc
                0x000000000000a64a       0x1e /usr/local/cross/lib/gcc/avr/4.7.2/../../../../avr/lib/avr5/libc.a(strncpy.o)
                0x000000000000a64a                strncpy
 .text.avr-libc
                0x000000000000a668       0x16 /usr/local/cross/lib/gcc/avr/4.7.2/../../../../avr/lib/avr5/libc.a(strrchr.o)
                0x000000000000a668                strrchr
 .text.avr-libc
                0x000000000000a67e       0x34 /usr/local/cross/lib/gcc/avr/4.7.2/../../../../avr/lib/avr5/libc.a(strstr.o)
                0x000000000000a67e                strstr
 .text.avr-libc
                0x000000000000a6b2       0x42 /usr/local/cross/lib/gcc/avr/4.7.2/../../../../avr/lib/avr5/libc.a(itoa.o)
                0x000000000000a6b2                itoa
 .text.avr-libc
                0x000000000000a6f4       0x68 /usr/local/cross/lib/gcc/avr/4.7.2/../../../../avr/lib/avr5/libc.a(ltoa.o)
                0x000000000000a6f4                ltoa
 .text.avr-libc
                0x000000000000a75c       0x2a /usr/local/cross/lib/gcc/avr/4.7.2/../../../../avr/lib/avr5/libc.a(mulsi10.o)
                0x000000000000a75c                __mulsi_const_10
 .text.avr-libc
                0x000000000000a786       0x4a /usr/local/cross/lib/gcc/avr/4.7.2/../../../../avr/lib/avr5/libc.a(ultoa.o)
                0x000000000000a786                ultoa
 .text.avr-libc
                0x000000000000a7d0       0x2c /usr/local/cross/lib/gcc/avr/4.7.2/../../../../avr/lib/avr5/libc.a(utoa.o)
                0x000000000000a7d0                utoa
 .text.avr-libc
                0x000000000000a7fc        0x6 /usr/local/cross/lib/gcc/avr/4.7.2/../../../../avr/lib/avr5/libc.a(cty_isfalse.o)
                0x000000000000a7fc                __ctype_isfalse
                0x000000000000a800                __ctype_istrue
 .text.avr-libc
                0x000000000000a802       0x20 /usr/local/cross/lib/gcc/avr/4.7.2/../../../../avr/lib/avr5/libc.a(strrev.o)
                0x000000000000a802                strrev
 .text.libgcc.mul
                0x000000000000a822        0x0 /usr/local/cross/lib/gcc/avr/4.7.2/avr5/libgcc.a(_udivmodhi4.o)
 .text.libgcc.div
                0x000000000000a822       0x28 /usr/local/cross/lib/gcc/avr/4.7.2/avr5/libgcc.a(_udivmodhi4.o)
                0x000000000000a822                __udivmodhi4
 .text.libgcc   0x000000000000a84a        0x0 /usr/local/cross/lib/gcc/avr/4.7.2/avr5/libgcc.a(_udivmodhi4.o)
 .text.libgcc.prologue
                0x000000000000a84a        0x0 /usr/local/cross/lib/gcc/avr/4.7.2/avr5/libgcc.a(_udivmodhi4.o)
 .text.libgcc.builtins
                0x000000000000a84a        0x0 /usr/local/cross/lib/gcc/avr/4.7.2/avr5/libgcc.a(_udivmodhi4.o)
 .text.libgcc.fmul
                0x000000000000a84a        0x0 /usr/local/cross/lib/gcc/avr/4.7.2/avr5/libgcc.a(_udivmodhi4.o)
                0x000000000000a84a                . = ALIGN (0x2)
 *(.fini9)
 .fini9         0x000000000000a84a        0x0 /usr/local/cross/lib/gcc/avr/4.7.2/avr5/libgcc.a(_exit.o)
                0x000000000000a84a                exit
                0x000000000000a84a                _exit
 *(.fini9)
 *(.fini8)
 *(.fini8)
 *(.fini7)
 *(.fini7)
 *(.fini6)
 *(.fini6)
 *(.fini5)
 *(.fini5)
 *(.fini4)
 *(.fini4)
 *(.fini3)
 *(.fini3)
 *(.fini2)
 *(.fini2)
 *(.fini1)
 *(.fini1)
 *(.fini0)
 .fini0         0x000000000000a84a        0x4 /usr/local/cross/lib/gcc/avr/4.7.2/avr5/libgcc.a(_exit.o)
 *(.fini0)
                0x000000000000a84e                _etext = .

.data           0x0000000000800100      0x112 load address 0x000000000000a84e
                0x0000000000800100                PROVIDE (__data_start, .)
 *(.data)
 .data          0x0000000000800100        0x0 /usr/local/cross/lib/gcc/avr/4.7.2/../../../../avr/lib/avr5/crtm328p.o
 .data          0x0000000000800100        0x0 ./libraries/FreeRTOS_AVR/utility/croutine.o
 .data          0x0000000000800100        0x0 ./libraries/FreeRTOS_AVR/utility/heap_3.o
 .data          0x0000000000800100        0x0 ./libraries/FreeRTOS_AVR/utility/list.o
 .data          0x0000000000800100        0x0 ./libraries/FreeRTOS_AVR/utility/port.o
 .data          0x0000000000800100        0x0 ./libraries/FreeRTOS_AVR/utility/queue.o
 .data          0x0000000000800100        0x2 ./libraries/FreeRTOS_AVR/utility/tasks.o
 .data          0x0000000000800102        0x0 ./libraries/FreeRTOS_AVR/utility/timers.o
 .data          0x0000000000800102        0x0 ./libraries/FreeRTOS_AVR/FreeRTOS_AVR.o
 .data          0x0000000000800102        0x0 ./libraries/FreeRTOS_AVR/basic_io_avr.o
 .data          0x0000000000800102        0x0 ./libraries/FreeRTOS_AVR/idlehook.o
 .data          0x0000000000800102        0x0 ./cores/arduino/HardwareSerial.o
 .data          0x0000000000800102        0x0 ./cores/arduino/Print.o
 .data          0x0000000000800102        0x0 ./cores/arduino/Stream.o
 .data          0x0000000000800102        0x0 ./cores/arduino/WInterrupts.o
 .data          0x0000000000800102        0x0 ./cores/arduino/WMath.o
 .data          0x0000000000800102        0x0 ./cores/arduino/WString.o
 .data          0x0000000000800102        0x0 ./cores/arduino/hooks.o
 .data          0x0000000000800102        0x0 ./cores/arduino/main.o
 .data          0x0000000000800102        0x4 ./cores/arduino/malloc.o
                0x0000000000800102                __brkval
                0x0000000000800104                __brkval_maximum
 .data          0x0000000000800106        0x0 ./cores/arduino/new.o
 .data          0x0000000000800106        0x0 ./cores/arduino/wiring.o
 .data          0x0000000000800106        0x1 ./cores/arduino/wiring_analog.o
                0x0000000000800106                analog_reference
 .data          0x0000000000800107        0x0 ./cores/arduino/wiring_digital.o
 .data          0x0000000000800107        0x0 ./cores/arduino/wiring_pulse.o
 .data          0x0000000000800107        0x0 ./cores/arduino/wiring_shift.o
 .data          0x0000000000800107        0x0 ./setup.o
 .data          0x0000000000800107        0x0 /usr/local/cross/lib/gcc/avr/4.7.2/avr5/libgcc.a(_mulsi3.o)
 .data          0x0000000000800107        0x0 /usr/local/cross/lib/gcc/avr/4.7.2/avr5/libgcc.a(_udivmodsi4.o)
 .data          0x0000000000800107        0x0 /usr/local/cross/lib/gcc/avr/4.7.2/avr5/libgcc.a(_divmodsi4.o)
 .data          0x0000000000800107        0x0 /usr/local/cross/lib/gcc/avr/4.7.2/avr5/libgcc.a(_exit.o)
 .data          0x0000000000800107        0x0 /usr/local/cross/lib/gcc/avr/4.7.2/avr5/libgcc.a(_copy_data.o)
 .data          0x0000000000800107        0x0 /usr/local/cross/lib/gcc/avr/4.7.2/avr5/libgcc.a(_clear_bss.o)
 .data          0x0000000000800107        0x0 /usr/local/cross/lib/gcc/avr/4.7.2/avr5/libgcc.a(_ctors.o)
 .data          0x0000000000800107        0x0 /usr/local/cross/lib/gcc/avr/4.7.2/avr5/libgcc.a(_fixunssfsi.o)
 .data          0x0000000000800107        0x0 /usr/local/cross/lib/gcc/avr/4.7.2/avr5/libgcc.a(_addsub_sf.o)
 .data          0x0000000000800107        0x0 /usr/local/cross/lib/gcc/avr/4.7.2/avr5/libgcc.a(_mul_sf.o)
 .data          0x0000000000800107        0x0 /usr/local/cross/lib/gcc/avr/4.7.2/avr5/libgcc.a(_div_sf.o)
 .data          0x0000000000800107        0x0 /usr/local/cross/lib/gcc/avr/4.7.2/avr5/libgcc.a(_gt_sf.o)
 .data          0x0000000000800107        0x0 /usr/local/cross/lib/gcc/avr/4.7.2/avr5/libgcc.a(_ge_sf.o)
 .data          0x0000000000800107        0x0 /usr/local/cross/lib/gcc/avr/4.7.2/avr5/libgcc.a(_lt_sf.o)
 .data          0x0000000000800107        0x0 /usr/local/cross/lib/gcc/avr/4.7.2/avr5/libgcc.a(_le_sf.o)
 .data          0x0000000000800107        0x0 /usr/local/cross/lib/gcc/avr/4.7.2/avr5/libgcc.a(_unord_sf.o)
 .data          0x0000000000800107        0x0 /usr/local/cross/lib/gcc/avr/4.7.2/avr5/libgcc.a(_si_to_sf.o)
 .data          0x0000000000800107        0x0 /usr/local/cross/lib/gcc/avr/4.7.2/avr5/libgcc.a(_sf_to_si.o)
 .data          0x0000000000800107        0x0 /usr/local/cross/lib/gcc/avr/4.7.2/avr5/libgcc.a(_thenan_sf.o)
 .data          0x0000000000800107        0x0 /usr/local/cross/lib/gcc/avr/4.7.2/avr5/libgcc.a(_usi_to_sf.o)
 .data          0x0000000000800107        0x0 /usr/local/cross/lib/gcc/avr/4.7.2/avr5/libgcc.a(_muluhisi3.o)
 .data          0x0000000000800107        0x0 /usr/local/cross/lib/gcc/avr/4.7.2/avr5/libgcc.a(_prologue.o)
 .data          0x0000000000800107        0x0 /usr/local/cross/lib/gcc/avr/4.7.2/avr5/libgcc.a(_epilogue.o)
 .data          0x0000000000800107        0x0 /usr/local/cross/lib/gcc/avr/4.7.2/avr5/libgcc.a(_tablejump.o)
 .data          0x0000000000800107        0x0 /usr/local/cross/lib/gcc/avr/4.7.2/avr5/libgcc.a(_clzsi2.o)
 .data          0x0000000000800107        0x0 /usr/local/cross/lib/gcc/avr/4.7.2/avr5/libgcc.a(_clzhi2.o)
 .data          0x0000000000800107        0x0 /usr/local/cross/lib/gcc/avr/4.7.2/avr5/libgcc.a(_pack_sf.o)
 .data          0x0000000000800107        0x0 /usr/local/cross/lib/gcc/avr/4.7.2/avr5/libgcc.a(_unpack_sf.o)
 .data          0x0000000000800107        0x0 /usr/local/cross/lib/gcc/avr/4.7.2/avr5/libgcc.a(_fpcmp_parts_sf.o)
 .data          0x0000000000800107        0x0 /usr/local/cross/lib/gcc/avr/4.7.2/avr5/libgcc.a(_umulhisi3.o)
 .data          0x0000000000800107        0x4 /usr/local/cross/lib/gcc/avr/4.7.2/../../../../avr/lib/avr5/libc.a(random.o)
 .data          0x000000000080010b        0x0 /usr/local/cross/lib/gcc/avr/4.7.2/../../../../avr/lib/avr5/libc.a(atol.o)
 .data          0x000000000080010b        0x0 /usr/local/cross/lib/gcc/avr/4.7.2/../../../../avr/lib/avr5/libc.a(isspace.o)
 .data          0x000000000080010b        0x0 /usr/local/cross/lib/gcc/avr/4.7.2/../../../../avr/lib/avr5/libc.a(tolower.o)
 .data          0x000000000080010b        0x0 /usr/local/cross/lib/gcc/avr/4.7.2/../../../../avr/lib/avr5/libc.a(toupper.o)
 .data          0x000000000080010b        0x0 /usr/local/cross/lib/gcc/avr/4.7.2/../../../../avr/lib/avr5/libc.a(memcpy.o)
 .data          0x000000000080010b        0x0 /usr/local/cross/lib/gcc/avr/4.7.2/../../../../avr/lib/avr5/libc.a(memmove.o)
 .data          0x000000000080010b        0x0 /usr/local/cross/lib/gcc/avr/4.7.2/../../../../avr/lib/avr5/libc.a(memset.o)
 .data          0x000000000080010b        0x0 /usr/local/cross/lib/gcc/avr/4.7.2/../../../../avr/lib/avr5/libc.a(strchr.o)
 .data          0x000000000080010b        0x0 /usr/local/cross/lib/gcc/avr/4.7.2/../../../../avr/lib/avr5/libc.a(strcmp.o)
 .data          0x000000000080010b        0x0 /usr/local/cross/lib/gcc/avr/4.7.2/../../../../avr/lib/avr5/libc.a(strcpy.o)
 .data          0x000000000080010b        0x0 /usr/local/cross/lib/gcc/avr/4.7.2/../../../../avr/lib/avr5/libc.a(strlen.o)
 .data          0x000000000080010b        0x0 /usr/local/cross/lib/gcc/avr/4.7.2/../../../../avr/lib/avr5/libc.a(strncmp.o)
 .data          0x000000000080010b        0x0 /usr/local/cross/lib/gcc/avr/4.7.2/../../../../avr/lib/avr5/libc.a(strncpy.o)
 .data          0x000000000080010b        0x0 /usr/local/cross/lib/gcc/avr/4.7.2/../../../../avr/lib/avr5/libc.a(strrchr.o)
 .data          0x000000000080010b        0x0 /usr/local/cross/lib/gcc/avr/4.7.2/../../../../avr/lib/avr5/libc.a(strstr.o)
 .data          0x000000000080010b        0x0 /usr/local/cross/lib/gcc/avr/4.7.2/../../../../avr/lib/avr5/libc.a(itoa.o)
 .data          0x000000000080010b        0x0 /usr/local/cross/lib/gcc/avr/4.7.2/../../../../avr/lib/avr5/libc.a(ltoa.o)
 .data          0x000000000080010b        0x0 /usr/local/cross/lib/gcc/avr/4.7.2/../../../../avr/lib/avr5/libc.a(mulsi10.o)
 .data          0x000000000080010b        0x0 /usr/local/cross/lib/gcc/avr/4.7.2/../../../../avr/lib/avr5/libc.a(ultoa.o)
 .data          0x000000000080010b        0x0 /usr/local/cross/lib/gcc/avr/4.7.2/../../../../avr/lib/avr5/libc.a(utoa.o)
 .data          0x000000000080010b        0x0 /usr/local/cross/lib/gcc/avr/4.7.2/../../../../avr/lib/avr5/libc.a(cty_isfalse.o)
 .data          0x000000000080010b        0x0 /usr/local/cross/lib/gcc/avr/4.7.2/../../../../avr/lib/avr5/libc.a(strrev.o)
 .data          0x000000000080010b        0x0 /usr/local/cross/lib/gcc/avr/4.7.2/avr5/libgcc.a(_udivmodhi4.o)
 *(.data*)
 *(.rodata)
 .rodata        0x000000000080010b        0x5 ./libraries/FreeRTOS_AVR/utility/tasks.o
 .rodata        0x0000000000800110        0xf ./libraries/FreeRTOS_AVR/basic_io_avr.o
 .rodata        0x000000000080011f        0xf ./cores/arduino/HardwareSerial.o
 .rodata        0x000000000080012e       0x1d ./cores/arduino/Print.o
 .rodata        0x000000000080014b       0x10 ./cores/arduino/Stream.o
 .rodata        0x000000000080015b        0xf ./cores/arduino/WInterrupts.o
 .rodata        0x000000000080016a        0x1 ./cores/arduino/WString.o
 .rodata        0x000000000080016b        0xf ./cores/arduino/main.o
 .rodata        0x000000000080017a        0xf ./cores/arduino/wiring.o
 .rodata        0x0000000000800189        0xf ./cores/arduino/wiring_analog.o
 .rodata        0x0000000000800198        0xf ./cores/arduino/wiring_digital.o
 .rodata        0x00000000008001a7        0xf ./cores/arduino/wiring_pulse.o
 .rodata        0x00000000008001b6        0xf ./cores/arduino/wiring_shift.o
 .rodata        0x00000000008001c5       0x1c ./setup.o
 .rodata        0x00000000008001e1        0x8 /usr/local/cross/lib/gcc/avr/4.7.2/avr5/libgcc.a(_thenan_sf.o)
                0x00000000008001e1                __thenan_sf
 *(.rodata*)
 .rodata._ZTV14HardwareSerial
                0x00000000008001e9       0x10 ./cores/arduino/HardwareSerial.o
                0x00000000008001e9                _ZTV14HardwareSerial
 .rodata._ZTV6Stream
                0x00000000008001f9       0x10 ./cores/arduino/HardwareSerial.o
                0x00000000008001f9                _ZTV6Stream
 .rodata._ZTV5Print
                0x0000000000800209        0x8 ./cores/arduino/Print.o
                0x0000000000800209                _ZTV5Print
 *(.gnu.linkonce.d*)
                0x0000000000800212                . = ALIGN (0x2)
 *fill*         0x0000000000800211        0x1 00
                0x0000000000800212                _edata = .
                0x0000000000800212                PROVIDE (__data_end, .)

.bss            0x0000000000800212      0x156
                0x0000000000800212                PROVIDE (__bss_start, .)
 *(.bss)
 .bss           0x0000000000800212        0x0 /usr/local/cross/lib/gcc/avr/4.7.2/../../../../avr/lib/avr5/crtm328p.o
 .bss           0x0000000000800212       0x3a ./libraries/FreeRTOS_AVR/utility/croutine.o
                0x0000000000800212                pxCurrentCoRoutine
 .bss           0x000000000080024c        0x0 ./libraries/FreeRTOS_AVR/utility/heap_3.o
 .bss           0x000000000080024c        0x0 ./libraries/FreeRTOS_AVR/utility/list.o
 .bss           0x000000000080024c        0x0 ./libraries/FreeRTOS_AVR/utility/port.o
 .bss           0x000000000080024c        0x0 ./libraries/FreeRTOS_AVR/utility/queue.o
 .bss           0x000000000080024c       0x5c ./libraries/FreeRTOS_AVR/utility/tasks.o
                0x000000000080024c                pxCurrentTCB
 .bss           0x00000000008002a8        0x0 ./libraries/FreeRTOS_AVR/utility/timers.o
 .bss           0x00000000008002a8        0x0 ./libraries/FreeRTOS_AVR/FreeRTOS_AVR.o
 .bss           0x00000000008002a8        0x0 ./libraries/FreeRTOS_AVR/basic_io_avr.o
 .bss           0x00000000008002a8        0x0 ./libraries/FreeRTOS_AVR/idlehook.o
 .bss           0x00000000008002a8       0xaa ./cores/arduino/HardwareSerial.o
                0x00000000008002a8                rx_buffer
                0x00000000008002ec                tx_buffer
                0x0000000000800330                Serial
 .bss           0x0000000000800352        0x0 ./cores/arduino/Print.o
 .bss           0x0000000000800352        0x0 ./cores/arduino/Stream.o
 .bss           0x0000000000800352        0x4 ./cores/arduino/WInterrupts.o
 .bss           0x0000000000800356        0x0 ./cores/arduino/WMath.o
 .bss           0x0000000000800356        0x1 ./cores/arduino/WString.o
 .bss           0x0000000000800357        0x0 ./cores/arduino/hooks.o
 .bss           0x0000000000800357        0x0 ./cores/arduino/main.o
 .bss           0x0000000000800357        0x0 ./cores/arduino/malloc.o
 .bss           0x0000000000800357        0x0 ./cores/arduino/new.o
 .bss           0x0000000000800357        0x9 ./cores/arduino/wiring.o
                0x0000000000800357                timer0_overflow_count
                0x000000000080035b                timer0_millis
 .bss           0x0000000000800360        0x0 ./cores/arduino/wiring_analog.o
 .bss           0x0000000000800360        0x0 ./cores/arduino/wiring_digital.o
 .bss           0x0000000000800360        0x0 ./cores/arduino/wiring_pulse.o
 .bss           0x0000000000800360        0x0 ./cores/arduino/wiring_shift.o
 .bss           0x0000000000800360        0x6 ./setup.o
                0x0000000000800360                count
                0x0000000000800364                blink
 .bss           0x0000000000800366        0x0 /usr/local/cross/lib/gcc/avr/4.7.2/avr5/libgcc.a(_mulsi3.o)
 .bss           0x0000000000800366        0x0 /usr/local/cross/lib/gcc/avr/4.7.2/avr5/libgcc.a(_udivmodsi4.o)
 .bss           0x0000000000800366        0x0 /usr/local/cross/lib/gcc/avr/4.7.2/avr5/libgcc.a(_divmodsi4.o)
 .bss           0x0000000000800366        0x0 /usr/local/cross/lib/gcc/avr/4.7.2/avr5/libgcc.a(_exit.o)
 .bss           0x0000000000800366        0x0 /usr/local/cross/lib/gcc/avr/4.7.2/avr5/libgcc.a(_copy_data.o)
 .bss           0x0000000000800366        0x0 /usr/local/cross/lib/gcc/avr/4.7.2/avr5/libgcc.a(_clear_bss.o)
 .bss           0x0000000000800366        0x0 /usr/local/cross/lib/gcc/avr/4.7.2/avr5/libgcc.a(_ctors.o)
 .bss           0x0000000000800366        0x0 /usr/local/cross/lib/gcc/avr/4.7.2/avr5/libgcc.a(_fixunssfsi.o)
 .bss           0x0000000000800366        0x0 /usr/local/cross/lib/gcc/avr/4.7.2/avr5/libgcc.a(_addsub_sf.o)
 .bss           0x0000000000800366        0x0 /usr/local/cross/lib/gcc/avr/4.7.2/avr5/libgcc.a(_mul_sf.o)
 .bss           0x0000000000800366        0x0 /usr/local/cross/lib/gcc/avr/4.7.2/avr5/libgcc.a(_div_sf.o)
 .bss           0x0000000000800366        0x0 /usr/local/cross/lib/gcc/avr/4.7.2/avr5/libgcc.a(_gt_sf.o)
 .bss           0x0000000000800366        0x0 /usr/local/cross/lib/gcc/avr/4.7.2/avr5/libgcc.a(_ge_sf.o)
 .bss           0x0000000000800366        0x0 /usr/local/cross/lib/gcc/avr/4.7.2/avr5/libgcc.a(_lt_sf.o)
 .bss           0x0000000000800366        0x0 /usr/local/cross/lib/gcc/avr/4.7.2/avr5/libgcc.a(_le_sf.o)
 .bss           0x0000000000800366        0x0 /usr/local/cross/lib/gcc/avr/4.7.2/avr5/libgcc.a(_unord_sf.o)
 .bss           0x0000000000800366        0x0 /usr/local/cross/lib/gcc/avr/4.7.2/avr5/libgcc.a(_si_to_sf.o)
 .bss           0x0000000000800366        0x0 /usr/local/cross/lib/gcc/avr/4.7.2/avr5/libgcc.a(_sf_to_si.o)
 .bss           0x0000000000800366        0x0 /usr/local/cross/lib/gcc/avr/4.7.2/avr5/libgcc.a(_thenan_sf.o)
 .bss           0x0000000000800366        0x0 /usr/local/cross/lib/gcc/avr/4.7.2/avr5/libgcc.a(_usi_to_sf.o)
 .bss           0x0000000000800366        0x0 /usr/local/cross/lib/gcc/avr/4.7.2/avr5/libgcc.a(_muluhisi3.o)
 .bss           0x0000000000800366        0x0 /usr/local/cross/lib/gcc/avr/4.7.2/avr5/libgcc.a(_prologue.o)
 .bss           0x0000000000800366        0x0 /usr/local/cross/lib/gcc/avr/4.7.2/avr5/libgcc.a(_epilogue.o)
 .bss           0x0000000000800366        0x0 /usr/local/cross/lib/gcc/avr/4.7.2/avr5/libgcc.a(_tablejump.o)
 .bss           0x0000000000800366        0x0 /usr/local/cross/lib/gcc/avr/4.7.2/avr5/libgcc.a(_clzsi2.o)
 .bss           0x0000000000800366        0x0 /usr/local/cross/lib/gcc/avr/4.7.2/avr5/libgcc.a(_clzhi2.o)
 .bss           0x0000000000800366        0x0 /usr/local/cross/lib/gcc/avr/4.7.2/avr5/libgcc.a(_pack_sf.o)
 .bss           0x0000000000800366        0x0 /usr/local/cross/lib/gcc/avr/4.7.2/avr5/libgcc.a(_unpack_sf.o)
 .bss           0x0000000000800366        0x0 /usr/local/cross/lib/gcc/avr/4.7.2/avr5/libgcc.a(_fpcmp_parts_sf.o)
 .bss           0x0000000000800366        0x0 /usr/local/cross/lib/gcc/avr/4.7.2/avr5/libgcc.a(_umulhisi3.o)
 .bss           0x0000000000800366        0x0 /usr/local/cross/lib/gcc/avr/4.7.2/../../../../avr/lib/avr5/libc.a(random.o)
 .bss           0x0000000000800366        0x0 /usr/local/cross/lib/gcc/avr/4.7.2/../../../../avr/lib/avr5/libc.a(atol.o)
 .bss           0x0000000000800366        0x0 /usr/local/cross/lib/gcc/avr/4.7.2/../../../../avr/lib/avr5/libc.a(isspace.o)
 .bss           0x0000000000800366        0x0 /usr/local/cross/lib/gcc/avr/4.7.2/../../../../avr/lib/avr5/libc.a(tolower.o)
 .bss           0x0000000000800366        0x0 /usr/local/cross/lib/gcc/avr/4.7.2/../../../../avr/lib/avr5/libc.a(toupper.o)
 .bss           0x0000000000800366        0x0 /usr/local/cross/lib/gcc/avr/4.7.2/../../../../avr/lib/avr5/libc.a(memcpy.o)
 .bss           0x0000000000800366        0x0 /usr/local/cross/lib/gcc/avr/4.7.2/../../../../avr/lib/avr5/libc.a(memmove.o)
 .bss           0x0000000000800366        0x0 /usr/local/cross/lib/gcc/avr/4.7.2/../../../../avr/lib/avr5/libc.a(memset.o)
 .bss           0x0000000000800366        0x0 /usr/local/cross/lib/gcc/avr/4.7.2/../../../../avr/lib/avr5/libc.a(strchr.o)
 .bss           0x0000000000800366        0x0 /usr/local/cross/lib/gcc/avr/4.7.2/../../../../avr/lib/avr5/libc.a(strcmp.o)
 .bss           0x0000000000800366        0x0 /usr/local/cross/lib/gcc/avr/4.7.2/../../../../avr/lib/avr5/libc.a(strcpy.o)
 .bss           0x0000000000800366        0x0 /usr/local/cross/lib/gcc/avr/4.7.2/../../../../avr/lib/avr5/libc.a(strlen.o)
 .bss           0x0000000000800366        0x0 /usr/local/cross/lib/gcc/avr/4.7.2/../../../../avr/lib/avr5/libc.a(strncmp.o)
 .bss           0x0000000000800366        0x0 /usr/local/cross/lib/gcc/avr/4.7.2/../../../../avr/lib/avr5/libc.a(strncpy.o)
 .bss           0x0000000000800366        0x0 /usr/local/cross/lib/gcc/avr/4.7.2/../../../../avr/lib/avr5/libc.a(strrchr.o)
 .bss           0x0000000000800366        0x0 /usr/local/cross/lib/gcc/avr/4.7.2/../../../../avr/lib/avr5/libc.a(strstr.o)
 .bss           0x0000000000800366        0x0 /usr/local/cross/lib/gcc/avr/4.7.2/../../../../avr/lib/avr5/libc.a(itoa.o)
 .bss           0x0000000000800366        0x0 /usr/local/cross/lib/gcc/avr/4.7.2/../../../../avr/lib/avr5/libc.a(ltoa.o)
 .bss           0x0000000000800366        0x0 /usr/local/cross/lib/gcc/avr/4.7.2/../../../../avr/lib/avr5/libc.a(mulsi10.o)
 .bss           0x0000000000800366        0x0 /usr/local/cross/lib/gcc/avr/4.7.2/../../../../avr/lib/avr5/libc.a(ultoa.o)
 .bss           0x0000000000800366        0x0 /usr/local/cross/lib/gcc/avr/4.7.2/../../../../avr/lib/avr5/libc.a(utoa.o)
 .bss           0x0000000000800366        0x0 /usr/local/cross/lib/gcc/avr/4.7.2/../../../../avr/lib/avr5/libc.a(cty_isfalse.o)
 .bss           0x0000000000800366        0x0 /usr/local/cross/lib/gcc/avr/4.7.2/../../../../avr/lib/avr5/libc.a(strrev.o)
 .bss           0x0000000000800366        0x0 /usr/local/cross/lib/gcc/avr/4.7.2/avr5/libgcc.a(_udivmodhi4.o)
 *(.bss*)
 *(COMMON)
 COMMON         0x0000000000800366        0x2 ./cores/arduino/malloc.o
                0x0000000000800366                __flp
                0x0000000000800368                PROVIDE (__bss_end, .)
                0x000000000000a84e                __data_load_start = LOADADDR (.data)
                0x000000000000a960                __data_load_end = (__data_load_start + SIZEOF (.data))

.noinit         0x0000000000800368        0x0
                0x0000000000800368                PROVIDE (__noinit_start, .)
 *(.noinit*)
                0x0000000000800368                PROVIDE (__noinit_end, .)
                0x0000000000800368                _end = .
                0x0000000000800368                PROVIDE (__heap_start, .)

.eeprom         0x0000000000810000        0x0
 *(.eeprom*)
                0x0000000000810000                __eeprom_end = .

.fuse
 *(.fuse)
 *(.lfuse)
 *(.hfuse)
 *(.efuse)

.lock
 *(.lock*)

.signature
 *(.signature*)

.stab           0x0000000000000000    0x162cc
 *(.stab)
 .stab          0x0000000000000000      0x6cc /usr/local/cross/lib/gcc/avr/4.7.2/../../../../avr/lib/avr5/crtm328p.o
 .stab          0x00000000000006cc      0xc30 ./libraries/FreeRTOS_AVR/utility/croutine.o
                                        0xc3c (size before relaxing)
 .stab          0x00000000000012fc      0x2e8 ./libraries/FreeRTOS_AVR/utility/heap_3.o
                                        0x5dc (size before relaxing)
 .stab          0x00000000000015e4      0x4a4 ./libraries/FreeRTOS_AVR/utility/list.o
                                        0x78c (size before relaxing)
 .stab          0x0000000000001a88      0x78c ./libraries/FreeRTOS_AVR/utility/port.o
                                        0xae0 (size before relaxing)
 .stab          0x0000000000002214     0x16d4 ./libraries/FreeRTOS_AVR/utility/queue.o
                                       0x1a70 (size before relaxing)
 .stab          0x00000000000038e8     0x1dac ./libraries/FreeRTOS_AVR/utility/tasks.o
                                       0x2010 (size before relaxing)
 .stab          0x0000000000005694      0x1d4 ./libraries/FreeRTOS_AVR/utility/timers.o
                                        0x4f8 (size before relaxing)
 .stab          0x0000000000005868      0x33c ./libraries/FreeRTOS_AVR/FreeRTOS_AVR.o
                                        0x534 (size before relaxing)
 .stab          0x0000000000005ba4      0x780 ./libraries/FreeRTOS_AVR/basic_io_avr.o
                                        0x78c (size before relaxing)
 .stab          0x0000000000006324      0x12c ./libraries/FreeRTOS_AVR/idlehook.o
                                        0x138 (size before relaxing)
 .stab          0x0000000000006450      0xf78 ./cores/arduino/HardwareSerial.o
                                        0xf84 (size before relaxing)
 .stab          0x00000000000073c8     0x15b4 ./cores/arduino/Print.o
                                       0x15c0 (size before relaxing)
 .stab          0x000000000000897c     0x11b8 ./cores/arduino/Stream.o
                                       0x11c4 (size before relaxing)
 .stab          0x0000000000009b34      0x444 ./cores/arduino/WInterrupts.o
                                        0x69c (size before relaxing)
 .stab          0x0000000000009f78      0x3f0 ./cores/arduino/WMath.o
                                        0x3fc (size before relaxing)
 .stab          0x000000000000a368     0x29d0 ./cores/arduino/WString.o
                                       0x29dc (size before relaxing)
 .stab          0x000000000000cd38       0xfc ./cores/arduino/hooks.o
                                        0x108 (size before relaxing)
 .stab          0x000000000000ce34      0x540 ./cores/arduino/main.o
                                        0x54c (size before relaxing)
 .stab          0x000000000000d374      0x9b4 ./cores/arduino/malloc.o
                                        0xbc4 (size before relaxing)
 .stab          0x000000000000dd28      0x390 ./cores/arduino/new.o
                                        0x39c (size before relaxing)
 .stab          0x000000000000e0b8      0x678 ./cores/arduino/wiring.o
                                        0x924 (size before relaxing)
 .stab          0x000000000000e730      0x4ec ./cores/arduino/wiring_analog.o
                                        0x798 (size before relaxing)
 .stab          0x000000000000ec1c      0x948 ./cores/arduino/wiring_digital.o
                                        0xbf4 (size before relaxing)
 .stab          0x000000000000f564      0x4d4 ./cores/arduino/wiring_pulse.o
                                        0x780 (size before relaxing)
 .stab          0x000000000000fa38      0x3f0 ./cores/arduino/wiring_shift.o
                                        0x69c (size before relaxing)
 .stab          0x000000000000fe28      0x87c ./setup.o
                                        0x888 (size before relaxing)
 .stab          0x00000000000106a4      0x108 /usr/local/cross/lib/gcc/avr/4.7.2/avr5/libgcc.a(_mulsi3.o)
                                        0x114 (size before relaxing)
 .stab          0x00000000000107ac      0x228 /usr/local/cross/lib/gcc/avr/4.7.2/avr5/libgcc.a(_udivmodsi4.o)
                                        0x234 (size before relaxing)
 .stab          0x00000000000109d4      0x198 /usr/local/cross/lib/gcc/avr/4.7.2/avr5/libgcc.a(_divmodsi4.o)
                                        0x1a4 (size before relaxing)
 .stab          0x0000000000010b6c       0x6c /usr/local/cross/lib/gcc/avr/4.7.2/avr5/libgcc.a(_exit.o)
                                         0x78 (size before relaxing)
 .stab          0x0000000000010bd8       0xd8 /usr/local/cross/lib/gcc/avr/4.7.2/avr5/libgcc.a(_copy_data.o)
                                         0xe4 (size before relaxing)
 .stab          0x0000000000010cb0       0xb4 /usr/local/cross/lib/gcc/avr/4.7.2/avr5/libgcc.a(_clear_bss.o)
                                         0xc0 (size before relaxing)
 .stab          0x0000000000010d64       0xd8 /usr/local/cross/lib/gcc/avr/4.7.2/avr5/libgcc.a(_ctors.o)
                                         0xe4 (size before relaxing)
 .stab          0x0000000000010e3c      0x438 /usr/local/cross/lib/gcc/avr/4.7.2/avr5/libgcc.a(_fixunssfsi.o)
                                        0x444 (size before relaxing)
 .stab          0x0000000000011274      0x768 /usr/local/cross/lib/gcc/avr/4.7.2/avr5/libgcc.a(_addsub_sf.o)
                                        0x8f4 (size before relaxing)
 .stab          0x00000000000119dc      0x4ec /usr/local/cross/lib/gcc/avr/4.7.2/avr5/libgcc.a(_mul_sf.o)
                                        0x768 (size before relaxing)
 .stab          0x0000000000011ec8      0x4b0 /usr/local/cross/lib/gcc/avr/4.7.2/avr5/libgcc.a(_div_sf.o)
                                        0x72c (size before relaxing)
 .stab          0x0000000000012378      0x258 /usr/local/cross/lib/gcc/avr/4.7.2/avr5/libgcc.a(_gt_sf.o)
                                        0x4d4 (size before relaxing)
 .stab          0x00000000000125d0      0x258 /usr/local/cross/lib/gcc/avr/4.7.2/avr5/libgcc.a(_ge_sf.o)
                                        0x4d4 (size before relaxing)
 .stab          0x0000000000012828      0x258 /usr/local/cross/lib/gcc/avr/4.7.2/avr5/libgcc.a(_lt_sf.o)
                                        0x4d4 (size before relaxing)
 .stab          0x0000000000012a80      0x258 /usr/local/cross/lib/gcc/avr/4.7.2/avr5/libgcc.a(_le_sf.o)
                                        0x4d4 (size before relaxing)
 .stab          0x0000000000012cd8      0x24c /usr/local/cross/lib/gcc/avr/4.7.2/avr5/libgcc.a(_unord_sf.o)
                                        0x4c8 (size before relaxing)
 .stab          0x0000000000012f24      0x2f4 /usr/local/cross/lib/gcc/avr/4.7.2/avr5/libgcc.a(_si_to_sf.o)
                                        0x570 (size before relaxing)
 .stab          0x0000000000013218      0x27c /usr/local/cross/lib/gcc/avr/4.7.2/avr5/libgcc.a(_sf_to_si.o)
                                        0x4f8 (size before relaxing)
 .stab          0x0000000000013494      0x15c /usr/local/cross/lib/gcc/avr/4.7.2/avr5/libgcc.a(_thenan_sf.o)
                                        0x3d8 (size before relaxing)
 .stab          0x00000000000135f0      0x2c4 /usr/local/cross/lib/gcc/avr/4.7.2/avr5/libgcc.a(_usi_to_sf.o)
                                        0x540 (size before relaxing)
 .stab          0x00000000000138b4       0xcc /usr/local/cross/lib/gcc/avr/4.7.2/avr5/libgcc.a(_muluhisi3.o)
                                         0xd8 (size before relaxing)
 .stab          0x0000000000013980      0x1a4 /usr/local/cross/lib/gcc/avr/4.7.2/avr5/libgcc.a(_prologue.o)
                                        0x1b0 (size before relaxing)
 .stab          0x0000000000013b24      0x1a4 /usr/local/cross/lib/gcc/avr/4.7.2/avr5/libgcc.a(_epilogue.o)
                                        0x1b0 (size before relaxing)
 .stab          0x0000000000013cc8       0xcc /usr/local/cross/lib/gcc/avr/4.7.2/avr5/libgcc.a(_tablejump.o)
                                         0xd8 (size before relaxing)
 .stab          0x0000000000013d94       0xb4 /usr/local/cross/lib/gcc/avr/4.7.2/avr5/libgcc.a(_clzsi2.o)
                                         0xc0 (size before relaxing)
 .stab          0x0000000000013e48      0x12c /usr/local/cross/lib/gcc/avr/4.7.2/avr5/libgcc.a(_clzhi2.o)
                                        0x138 (size before relaxing)
 .stab          0x0000000000013f74      0x39c /usr/local/cross/lib/gcc/avr/4.7.2/avr5/libgcc.a(_pack_sf.o)
                                        0x618 (size before relaxing)
 .stab          0x0000000000014310      0x2e8 /usr/local/cross/lib/gcc/avr/4.7.2/avr5/libgcc.a(_unpack_sf.o)
                                        0x564 (size before relaxing)
 .stab          0x00000000000145f8      0x2c4 /usr/local/cross/lib/gcc/avr/4.7.2/avr5/libgcc.a(_fpcmp_parts_sf.o)
                                        0x540 (size before relaxing)
 .stab          0x00000000000148bc       0xe4 /usr/local/cross/lib/gcc/avr/4.7.2/avr5/libgcc.a(_umulhisi3.o)
                                         0xf0 (size before relaxing)
 .stab          0x00000000000149a0      0x324 /usr/local/cross/lib/gcc/avr/4.7.2/../../../../avr/lib/avr5/libc.a(random.o)
                                        0x330 (size before relaxing)
 .stab          0x0000000000014cc4      0x1e0 /usr/local/cross/lib/gcc/avr/4.7.2/../../../../avr/lib/avr5/libc.a(atol.o)
                                        0x1ec (size before relaxing)
 .stab          0x0000000000014ea4       0x9c /usr/local/cross/lib/gcc/avr/4.7.2/../../../../avr/lib/avr5/libc.a(isspace.o)
                                         0xa8 (size before relaxing)
 .stab          0x0000000000014f40       0x9c /usr/local/cross/lib/gcc/avr/4.7.2/../../../../avr/lib/avr5/libc.a(tolower.o)
                                         0xa8 (size before relaxing)
 .stab          0x0000000000014fdc       0x9c /usr/local/cross/lib/gcc/avr/4.7.2/../../../../avr/lib/avr5/libc.a(toupper.o)
                                         0xa8 (size before relaxing)
 .stab          0x0000000000015078       0x84 /usr/local/cross/lib/gcc/avr/4.7.2/../../../../avr/lib/avr5/libc.a(memcpy.o)
                                         0x90 (size before relaxing)
 .stab          0x00000000000150fc       0xe4 /usr/local/cross/lib/gcc/avr/4.7.2/../../../../avr/lib/avr5/libc.a(memmove.o)
                                         0xf0 (size before relaxing)
 .stab          0x00000000000151e0       0x6c /usr/local/cross/lib/gcc/avr/4.7.2/../../../../avr/lib/avr5/libc.a(memset.o)
                                         0x78 (size before relaxing)
 .stab          0x000000000001524c       0x9c /usr/local/cross/lib/gcc/avr/4.7.2/../../../../avr/lib/avr5/libc.a(strchr.o)
                                         0xa8 (size before relaxing)
 .stab          0x00000000000152e8       0x84 /usr/local/cross/lib/gcc/avr/4.7.2/../../../../avr/lib/avr5/libc.a(strcmp.o)
                                         0x90 (size before relaxing)
 .stab          0x000000000001536c       0x6c /usr/local/cross/lib/gcc/avr/4.7.2/../../../../avr/lib/avr5/libc.a(strcpy.o)
                                         0x78 (size before relaxing)
 .stab          0x00000000000153d8       0x84 /usr/local/cross/lib/gcc/avr/4.7.2/../../../../avr/lib/avr5/libc.a(strlen.o)
                                         0x90 (size before relaxing)
 .stab          0x000000000001545c       0xc0 /usr/local/cross/lib/gcc/avr/4.7.2/../../../../avr/lib/avr5/libc.a(strncmp.o)
                                         0xcc (size before relaxing)
 .stab          0x000000000001551c       0xcc /usr/local/cross/lib/gcc/avr/4.7.2/../../../../avr/lib/avr5/libc.a(strncpy.o)
                                         0xd8 (size before relaxing)
 .stab          0x00000000000155e8       0x9c /usr/local/cross/lib/gcc/avr/4.7.2/../../../../avr/lib/avr5/libc.a(strrchr.o)
                                         0xa8 (size before relaxing)
 .stab          0x0000000000015684      0x150 /usr/local/cross/lib/gcc/avr/4.7.2/../../../../avr/lib/avr5/libc.a(strstr.o)
                                        0x15c (size before relaxing)
 .stab          0x00000000000157d4      0x1b0 /usr/local/cross/lib/gcc/avr/4.7.2/../../../../avr/lib/avr5/libc.a(itoa.o)
                                        0x1bc (size before relaxing)
 .stab          0x0000000000015984      0x294 /usr/local/cross/lib/gcc/avr/4.7.2/../../../../avr/lib/avr5/libc.a(ltoa.o)
                                        0x2a0 (size before relaxing)
 .stab          0x0000000000015c18      0x114 /usr/local/cross/lib/gcc/avr/4.7.2/../../../../avr/lib/avr5/libc.a(mulsi10.o)
                                        0x120 (size before relaxing)
 .stab          0x0000000000015d2c      0x1e0 /usr/local/cross/lib/gcc/avr/4.7.2/../../../../avr/lib/avr5/libc.a(ultoa.o)
                                        0x1ec (size before relaxing)
 .stab          0x0000000000015f0c      0x12c /usr/local/cross/lib/gcc/avr/4.7.2/../../../../avr/lib/avr5/libc.a(utoa.o)
                                        0x138 (size before relaxing)
 .stab          0x0000000000016038       0x60 /usr/local/cross/lib/gcc/avr/4.7.2/../../../../avr/lib/avr5/libc.a(cty_isfalse.o)
                                         0x6c (size before relaxing)
 .stab          0x0000000000016098       0xd8 /usr/local/cross/lib/gcc/avr/4.7.2/../../../../avr/lib/avr5/libc.a(strrev.o)
                                         0xe4 (size before relaxing)
 .stab          0x0000000000016170      0x15c /usr/local/cross/lib/gcc/avr/4.7.2/avr5/libgcc.a(_udivmodhi4.o)
                                        0x168 (size before relaxing)

.stabstr        0x0000000000000000     0xefa0
 *(.stabstr)
 .stabstr       0x0000000000000000     0xefa0 /usr/local/cross/lib/gcc/avr/4.7.2/../../../../avr/lib/avr5/crtm328p.o

.stab.excl
 *(.stab.excl)

.stab.exclstr
 *(.stab.exclstr)

.stab.index
 *(.stab.index)

.stab.indexstr
 *(.stab.indexstr)

.comment        0x0000000000000000       0x11
 *(.comment)
 .comment       0x0000000000000000       0x11 ./libraries/FreeRTOS_AVR/utility/croutine.o
                                         0x12 (size before relaxing)
 .comment       0x0000000000000000       0x12 ./libraries/FreeRTOS_AVR/utility/heap_3.o
 .comment       0x0000000000000000       0x12 ./libraries/FreeRTOS_AVR/utility/list.o
 .comment       0x0000000000000000       0x12 ./libraries/FreeRTOS_AVR/utility/port.o
 .comment       0x0000000000000000       0x12 ./libraries/FreeRTOS_AVR/utility/queue.o
 .comment       0x0000000000000000       0x12 ./libraries/FreeRTOS_AVR/utility/tasks.o
 .comment       0x0000000000000000       0x12 ./libraries/FreeRTOS_AVR/utility/timers.o
 .comment       0x0000000000000000       0x12 ./libraries/FreeRTOS_AVR/FreeRTOS_AVR.o
 .comment       0x0000000000000000       0x12 ./libraries/FreeRTOS_AVR/basic_io_avr.o
 .comment       0x0000000000000000       0x12 ./libraries/FreeRTOS_AVR/idlehook.o
 .comment       0x0000000000000000       0x12 ./cores/arduino/HardwareSerial.o
 .comment       0x0000000000000000       0x12 ./cores/arduino/Print.o
 .comment       0x0000000000000000       0x12 ./cores/arduino/Stream.o
 .comment       0x0000000000000000       0x12 ./cores/arduino/WInterrupts.o
 .comment       0x0000000000000000       0x12 ./cores/arduino/WMath.o
 .comment       0x0000000000000000       0x12 ./cores/arduino/WString.o
 .comment       0x0000000000000000       0x12 ./cores/arduino/hooks.o
 .comment       0x0000000000000000       0x12 ./cores/arduino/main.o
 .comment       0x0000000000000000       0x12 ./cores/arduino/malloc.o
 .comment       0x0000000000000000       0x12 ./cores/arduino/new.o
 .comment       0x0000000000000000       0x12 ./cores/arduino/wiring.o
 .comment       0x0000000000000000       0x12 ./cores/arduino/wiring_analog.o
 .comment       0x0000000000000000       0x12 ./cores/arduino/wiring_digital.o
 .comment       0x0000000000000000       0x12 ./cores/arduino/wiring_pulse.o
 .comment       0x0000000000000000       0x12 ./cores/arduino/wiring_shift.o
 .comment       0x0000000000000000       0x12 ./setup.o
 .comment       0x0000000000000000       0x12 /usr/local/cross/lib/gcc/avr/4.7.2/avr5/libgcc.a(_fixunssfsi.o)
 .comment       0x0000000000000000       0x12 /usr/local/cross/lib/gcc/avr/4.7.2/avr5/libgcc.a(_addsub_sf.o)
 .comment       0x0000000000000000       0x12 /usr/local/cross/lib/gcc/avr/4.7.2/avr5/libgcc.a(_mul_sf.o)
 .comment       0x0000000000000000       0x12 /usr/local/cross/lib/gcc/avr/4.7.2/avr5/libgcc.a(_div_sf.o)
 .comment       0x0000000000000000       0x12 /usr/local/cross/lib/gcc/avr/4.7.2/avr5/libgcc.a(_gt_sf.o)
 .comment       0x0000000000000000       0x12 /usr/local/cross/lib/gcc/avr/4.7.2/avr5/libgcc.a(_ge_sf.o)
 .comment       0x0000000000000000       0x12 /usr/local/cross/lib/gcc/avr/4.7.2/avr5/libgcc.a(_lt_sf.o)
 .comment       0x0000000000000000       0x12 /usr/local/cross/lib/gcc/avr/4.7.2/avr5/libgcc.a(_le_sf.o)
 .comment       0x0000000000000000       0x12 /usr/local/cross/lib/gcc/avr/4.7.2/avr5/libgcc.a(_unord_sf.o)
 .comment       0x0000000000000000       0x12 /usr/local/cross/lib/gcc/avr/4.7.2/avr5/libgcc.a(_si_to_sf.o)
 .comment       0x0000000000000000       0x12 /usr/local/cross/lib/gcc/avr/4.7.2/avr5/libgcc.a(_sf_to_si.o)
 .comment       0x0000000000000000       0x12 /usr/local/cross/lib/gcc/avr/4.7.2/avr5/libgcc.a(_thenan_sf.o)
 .comment       0x0000000000000000       0x12 /usr/local/cross/lib/gcc/avr/4.7.2/avr5/libgcc.a(_usi_to_sf.o)
 .comment       0x0000000000000000       0x12 /usr/local/cross/lib/gcc/avr/4.7.2/avr5/libgcc.a(_pack_sf.o)
 .comment       0x0000000000000000       0x12 /usr/local/cross/lib/gcc/avr/4.7.2/avr5/libgcc.a(_unpack_sf.o)
 .comment       0x0000000000000000       0x12 /usr/local/cross/lib/gcc/avr/4.7.2/avr5/libgcc.a(_fpcmp_parts_sf.o)

.debug
 *(.debug)

.line
 *(.line)

.debug_srcinfo
 *(.debug_srcinfo)

.debug_sfnames
 *(.debug_sfnames)

.debug_aranges
 *(.debug_aranges)

.debug_pubnames
 *(.debug_pubnames)

.debug_info
 *(.debug_info)
 *(.gnu.linkonce.wi.*)

.debug_abbrev
 *(.debug_abbrev)

.debug_line
 *(.debug_line)

.debug_frame
 *(.debug_frame)

.debug_str
 *(.debug_str)

.debug_loc
 *(.debug_loc)

.debug_macinfo
 *(.debug_macinfo)
OUTPUT(avrfreertos.elf elf32-avr)
LOAD linker stubs

Cross Reference Table

Symbol                                            File
HardwareSerial::HardwareSerial(ring_buffer*, ring_buffer*, unsigned char volatile*, unsigned char volatile*, unsigned char volatile*, unsigned char volatile*, unsigned char volatile*, unsigned char volatile*, unsigned char, unsigned char, unsigned char, unsigned char, unsigned char) ./cores/arduino/HardwareSerial.o
HardwareSerial::HardwareSerial(ring_buffer*, ring_buffer*, unsigned char volatile*, unsigned char volatile*, unsigned char volatile*, unsigned char volatile*, unsigned char volatile*, unsigned char volatile*, unsigned char, unsigned char, unsigned char, unsigned char, unsigned char) ./cores/arduino/HardwareSerial.o
HardwareSerial::available()                       ./cores/arduino/HardwareSerial.o
                                                  ./libraries/FreeRTOS_AVR/basic_io_avr.o
HardwareSerial::begin(unsigned long)              ./cores/arduino/HardwareSerial.o
                                                  ./setup.o
HardwareSerial::begin(unsigned long, unsigned char) ./cores/arduino/HardwareSerial.o
HardwareSerial::end()                             ./cores/arduino/HardwareSerial.o
HardwareSerial::flush()                           ./cores/arduino/HardwareSerial.o
                                                  ./libraries/FreeRTOS_AVR/basic_io_avr.o
HardwareSerial::operator bool()                   ./cores/arduino/HardwareSerial.o
                                                  ./setup.o
HardwareSerial::peek()                            ./cores/arduino/HardwareSerial.o
HardwareSerial::read()                            ./cores/arduino/HardwareSerial.o
HardwareSerial::write(int)                        ./libraries/FreeRTOS_AVR/basic_io_avr.o
HardwareSerial::write(unsigned char)              ./cores/arduino/HardwareSerial.o
Print::Print()                                    ./cores/arduino/HardwareSerial.o
Print::Print()                                    ./cores/arduino/HardwareSerial.o
Print::print(Printable const&)                    ./cores/arduino/Print.o
Print::print(String const&)                       ./cores/arduino/Print.o
Print::print(__FlashStringHelper const*)          ./cores/arduino/Print.o
                                                  ./setup.o
Print::print(char const*)                         ./cores/arduino/Print.o
                                                  ./libraries/FreeRTOS_AVR/basic_io_avr.o
Print::print(char)                                ./cores/arduino/Print.o
                                                  ./setup.o
Print::print(double, int)                         ./cores/arduino/Print.o
Print::print(int, int)                            ./cores/arduino/Print.o
Print::print(long, int)                           ./cores/arduino/Print.o
Print::print(unsigned char, int)                  ./cores/arduino/Print.o
                                                  ./setup.o
Print::print(unsigned int, int)                   ./cores/arduino/Print.o
Print::print(unsigned long, int)                  ./cores/arduino/Print.o
                                                  ./setup.o
Print::printFloat(double, unsigned char)          ./cores/arduino/Print.o
Print::printNumber(unsigned long, unsigned char)  ./cores/arduino/Print.o
Print::println()                                  ./cores/arduino/Print.o
Print::println(Printable const&)                  ./cores/arduino/Print.o
Print::println(String const&)                     ./cores/arduino/Print.o
Print::println(__FlashStringHelper const*)        ./cores/arduino/Print.o
                                                  ./setup.o
Print::println(char const*)                       ./cores/arduino/Print.o
Print::println(char)                              ./cores/arduino/Print.o
Print::println(double, int)                       ./cores/arduino/Print.o
Print::println(int, int)                          ./cores/arduino/Print.o
Print::println(long, int)                         ./cores/arduino/Print.o
Print::println(unsigned char, int)                ./cores/arduino/Print.o
Print::println(unsigned int, int)                 ./cores/arduino/Print.o