Archive member included because of file (symbol)

/usr/local/cross/lib/gcc/avr/4.7.2/avr5/libgcc.a(_muluhisi3.o)
                              ./arduino/Stream.o (__muluhisi3)
/usr/local/cross/lib/gcc/avr/4.7.2/avr5/libgcc.a(_mulsi3.o)
                              ./arduino/WMath.o (__mulsi3)
/usr/local/cross/lib/gcc/avr/4.7.2/avr5/libgcc.a(_udivmodsi4.o)
                              ./arduino/HardwareSerial.o (__udivmodsi4)
/usr/local/cross/lib/gcc/avr/4.7.2/avr5/libgcc.a(_divmodsi4.o)
                              ./arduino/WMath.o (__divmodsi4)
/usr/local/cross/lib/gcc/avr/4.7.2/avr5/libgcc.a(_exit.o)
                              /usr/local/cross/lib/gcc/avr/4.7.2/../../../../avr/lib/avr5/crtm328p.o (exit)
/usr/local/cross/lib/gcc/avr/4.7.2/avr5/libgcc.a(_copy_data.o)
                              ./libraries/Wire/Wire.o (__do_copy_data)
/usr/local/cross/lib/gcc/avr/4.7.2/avr5/libgcc.a(_clear_bss.o)
                              ./libraries/Wire/utility/twi.o (__do_clear_bss)
/usr/local/cross/lib/gcc/avr/4.7.2/avr5/libgcc.a(_ctors.o)
                              ./libraries/Wire/Wire.o (__do_global_ctors)
/usr/local/cross/lib/gcc/avr/4.7.2/avr5/libgcc.a(_fixunssfsi.o)
                              ./arduino/Print.o (__fixunssfsi)
/usr/local/cross/lib/gcc/avr/4.7.2/avr5/libgcc.a(_addsub_sf.o)
                              ./arduino/Print.o (__addsf3)
/usr/local/cross/lib/gcc/avr/4.7.2/avr5/libgcc.a(_mul_sf.o)
                              ./arduino/Print.o (__mulsf3)
/usr/local/cross/lib/gcc/avr/4.7.2/avr5/libgcc.a(_div_sf.o)
                              ./arduino/Print.o (__divsf3)
/usr/local/cross/lib/gcc/avr/4.7.2/avr5/libgcc.a(_gt_sf.o)
                              ./arduino/Print.o (__gtsf2)
/usr/local/cross/lib/gcc/avr/4.7.2/avr5/libgcc.a(_ge_sf.o)
                              /usr/local/cross/lib/gcc/avr/4.7.2/avr5/libgcc.a(_fixunssfsi.o) (__gesf2)
/usr/local/cross/lib/gcc/avr/4.7.2/avr5/libgcc.a(_lt_sf.o)
                              ./arduino/Print.o (__ltsf2)
/usr/local/cross/lib/gcc/avr/4.7.2/avr5/libgcc.a(_le_sf.o)
                              ./arduino/Print.o (__lesf2)
/usr/local/cross/lib/gcc/avr/4.7.2/avr5/libgcc.a(_unord_sf.o)
                              ./arduino/Print.o (__unordsf2)
/usr/local/cross/lib/gcc/avr/4.7.2/avr5/libgcc.a(_si_to_sf.o)
                              ./arduino/Print.o (__floatsisf)
/usr/local/cross/lib/gcc/avr/4.7.2/avr5/libgcc.a(_sf_to_si.o)
                              ./arduino/Print.o (__fixsfsi)
/usr/local/cross/lib/gcc/avr/4.7.2/avr5/libgcc.a(_thenan_sf.o)
                              /usr/local/cross/lib/gcc/avr/4.7.2/avr5/libgcc.a(_addsub_sf.o) (__thenan_sf)
/usr/local/cross/lib/gcc/avr/4.7.2/avr5/libgcc.a(_usi_to_sf.o)
                              ./arduino/Print.o (__floatunsisf)
/usr/local/cross/lib/gcc/avr/4.7.2/avr5/libgcc.a(_umulhisi3.o)
                              /usr/local/cross/lib/gcc/avr/4.7.2/avr5/libgcc.a(_muluhisi3.o) (__umulhisi3)
/usr/local/cross/lib/gcc/avr/4.7.2/avr5/libgcc.a(_prologue.o)
                              /usr/local/cross/lib/gcc/avr/4.7.2/avr5/libgcc.a(_addsub_sf.o) (__prologue_saves__)
/usr/local/cross/lib/gcc/avr/4.7.2/avr5/libgcc.a(_epilogue.o)
                              /usr/local/cross/lib/gcc/avr/4.7.2/avr5/libgcc.a(_addsub_sf.o) (__epilogue_restores__)
/usr/local/cross/lib/gcc/avr/4.7.2/avr5/libgcc.a(_tablejump.o)
                              /usr/local/cross/lib/gcc/avr/4.7.2/avr5/libgcc.a(_ctors.o) (__tablejump__)
/usr/local/cross/lib/gcc/avr/4.7.2/avr5/libgcc.a(_clzsi2.o)
                              /usr/local/cross/lib/gcc/avr/4.7.2/avr5/libgcc.a(_si_to_sf.o) (__clzsi2)
/usr/local/cross/lib/gcc/avr/4.7.2/avr5/libgcc.a(_clzhi2.o)
                              /usr/local/cross/lib/gcc/avr/4.7.2/avr5/libgcc.a(_clzsi2.o) (__clzhi2)
/usr/local/cross/lib/gcc/avr/4.7.2/avr5/libgcc.a(_pack_sf.o)
                              /usr/local/cross/lib/gcc/avr/4.7.2/avr5/libgcc.a(_addsub_sf.o) (__pack_f)
/usr/local/cross/lib/gcc/avr/4.7.2/avr5/libgcc.a(_unpack_sf.o)
                              /usr/local/cross/lib/gcc/avr/4.7.2/avr5/libgcc.a(_addsub_sf.o) (__unpack_f)
/usr/local/cross/lib/gcc/avr/4.7.2/avr5/libgcc.a(_fpcmp_parts_sf.o)
                              /usr/local/cross/lib/gcc/avr/4.7.2/avr5/libgcc.a(_gt_sf.o) (__fpcmp_parts_f)
/usr/local/cross/lib/gcc/avr/4.7.2/../../../../avr/lib/avr5/libc.a(random.o)
                              ./arduino/WMath.o (random)
/usr/local/cross/lib/gcc/avr/4.7.2/../../../../avr/lib/avr5/libc.a(atol.o)
                              ./arduino/WString.o (atol)
/usr/local/cross/lib/gcc/avr/4.7.2/../../../../avr/lib/avr5/libc.a(isspace.o)
                              ./arduino/WString.o (isspace)
/usr/local/cross/lib/gcc/avr/4.7.2/../../../../avr/lib/avr5/libc.a(tolower.o)
                              ./arduino/WString.o (tolower)
/usr/local/cross/lib/gcc/avr/4.7.2/../../../../avr/lib/avr5/libc.a(toupper.o)
[...]
Memory Configuration

Name             Origin             Length             Attributes
text             0x0000000000000000 0x0000000000020000 xr
data             0x0000000000800060 0x000000000000ffa0 rw !x
eeprom           0x0000000000810000 0x0000000000010000 rw !x
fuse             0x0000000000820000 0x0000000000000400 rw !x
lock             0x0000000000830000 0x0000000000000400 rw !x
signature        0x0000000000840000 0x0000000000000400 rw !x
*default*        0x0000000000000000 0xffffffffffffffff

Linker script and memory map

Address of section .data set to 0x800100
LOAD /usr/local/cross/lib/gcc/avr/4.7.2/../../../../avr/lib/avr5/crtm328p.o
LOAD ./libraries/Wire/utility/twi.o
LOAD ./libraries/Wire/Wire.o
LOAD ./libraries/RFID_PN532_I2C/PN532_I2C.o
LOAD ./libraries/FreeRTOS_AVR/utility/croutine.o
LOAD ./libraries/FreeRTOS_AVR/utility/heap_3.o
LOAD ./libraries/FreeRTOS_AVR/utility/list.o
LOAD ./libraries/FreeRTOS_AVR/utility/port.o
LOAD ./libraries/FreeRTOS_AVR/utility/queue.o
LOAD ./libraries/FreeRTOS_AVR/utility/tasks.o
LOAD ./libraries/FreeRTOS_AVR/utility/timers.o
LOAD ./libraries/FreeRTOS_AVR/FreeRTOS_AVR.o
LOAD ./libraries/FreeRTOS_AVR/basic_io_avr.o
LOAD ./libraries/FreeRTOS_AVR/idlehook.o
LOAD ./libraries/ColorLCDShield/ColorLCDShield.o
LOAD ./arduino/CDC.o
LOAD ./arduino/HID.o
LOAD ./arduino/HardwareSerial.o
LOAD ./arduino/IPAddress.o
LOAD ./arduino/Print.o
LOAD ./arduino/Stream.o
LOAD ./arduino/Tone.o
LOAD ./arduino/USBCore.o
LOAD ./arduino/WInterrupts.o
LOAD ./arduino/WMath.o
LOAD ./arduino/WString.o
LOAD ./arduino/hooks.o
LOAD ./arduino/main.o
LOAD ./arduino/malloc.o
LOAD ./arduino/new.o
LOAD ./arduino/wiring.o
LOAD ./arduino/wiring_analog.o
LOAD ./arduino/wiring_digital.o
LOAD ./arduino/wiring_pulse.o
LOAD ./arduino/wiring_shift.o
LOAD ./setuploop_ColoLCD.o
LOAD /usr/local/cross/lib/gcc/avr/4.7.2/avr5/libgcc.a
LOAD /usr/local/cross/lib/gcc/avr/4.7.2/../../../../avr/lib/avr5/libm.a
LOAD /usr/local/cross/lib/gcc/avr/4.7.2/avr5/libgcc.a
LOAD /usr/local/cross/lib/gcc/avr/4.7.2/../../../../avr/lib/avr5/libc.a
LOAD /usr/local/cross/lib/gcc/avr/4.7.2/avr5/libgcc.a

.hash
 *(.hash)

.dynsym
 *(.dynsym)

.dynstr
 *(.dynstr)

.gnu.version
 *(.gnu.version)

.gnu.version_d
 *(.gnu.version_d)

.gnu.version_r
 *(.gnu.version_r)

.rel.init
 *(.rel.init)

.rela.init
 *(.rela.init)

.rel.text
 *(.rel.text)
 *(.rel.text.*)
 *(.rel.gnu.linkonce.t*)

.rela.text
 *(.rela.text)
 *(.rela.text.*)
 *(.rela.gnu.linkonce.t*)

.rel.fini
 *(.rel.fini)

.rela.fini
 *(.rela.fini)

.rel.rodata
 *(.rel.rodata)
 *(.rel.rodata.*)
 *(.rel.gnu.linkonce.r*)

.rela.rodata
 *(.rela.rodata)
 *(.rela.rodata.*)
 *(.rela.gnu.linkonce.r*)

.rel.data
 *(.rel.data)
 *(.rel.data.*)
 *(.rel.gnu.linkonce.d*)

.rela.data
 *(.rela.data)
 *(.rela.data.*)
 *(.rela.gnu.linkonce.d*)

.rel.ctors
 *(.rel.ctors)

.rela.ctors
 *(.rela.ctors)

.rel.dtors
 *(.rel.dtors)

.rela.dtors
 *(.rela.dtors)

.rel.got
 *(.rel.got)

.rela.got
 *(.rela.got)

.rel.bss
 *(.rel.bss)

.rela.bss
 *(.rela.bss)

.rel.plt
 *(.rel.plt)

.rela.plt
 *(.rela.plt)

.text           0x0000000000000000     0x1d78
 *(.vectors)
 .vectors       0x0000000000000000       0x68 /usr/local/cross/lib/gcc/avr/4.7.2/../../../../avr/lib/avr5/crtm328p.o
                0x0000000000000000                __vectors
                0x0000000000000000                __vector_default
 *(.vectors)
 *(.progmem.gcc*)
 *(.progmem*)
 .progmem.data._ZL21tone_pin_to_timer_PGM
                0x0000000000000068        0x1 ./arduino/Tone.o
 .progmem.data.digital_pin_to_timer_PGM
                0x0000000000000069       0x14 ./arduino/wiring_digital.o
                0x0000000000000069                digital_pin_to_timer_PGM
 .progmem.data.digital_pin_to_bit_mask_PGM
                0x000000000000007d       0x14 ./arduino/wiring_digital.o
                0x000000000000007d                digital_pin_to_bit_mask_PGM
 .progmem.data.digital_pin_to_port_PGM
                0x0000000000000091       0x14 ./arduino/wiring_digital.o
                0x0000000000000091                digital_pin_to_port_PGM
 .progmem.data.port_to_input_PGM
                0x00000000000000a5        0xa ./arduino/wiring_digital.o
                0x00000000000000a5                port_to_input_PGM
 .progmem.data.port_to_output_PGM
                0x00000000000000af        0xa ./arduino/wiring_digital.o
                0x00000000000000af                port_to_output_PGM
 .progmem.data.port_to_mode_PGM
                0x00000000000000b9        0xa ./arduino/wiring_digital.o
                0x00000000000000b9                port_to_mode_PGM
                0x00000000000000c4                . = ALIGN (0x2)
 *fill*         0x00000000000000c3        0x1 00
                0x00000000000000c4                __trampolines_start = .
 *(.trampolines)
 .trampolines   0x00000000000000c4        0x0 linker stubs
 *(.trampolines*)
                0x00000000000000c4                __trampolines_end = .
 *(.jumptables)
 *(.jumptables*)
 *(.lowtext)
 *(.lowtext*)
                0x00000000000000c4                __ctors_start = .
 *(.ctors)
 .ctors         0x00000000000000c4        0x2 ./libraries/Wire/Wire.o
 .ctors         0x00000000000000c6        0x2 ./arduino/HardwareSerial.o
 .ctors         0x00000000000000c8        0x2 ./arduino/IPAddress.o
 .ctors         0x00000000000000ca        0x2 ./setuploop_ColoLCD.o
                0x00000000000000cc                __ctors_end = .
                0x00000000000000cc                __dtors_start = .
 *(.dtors)
                0x00000000000000cc                __dtors_end = .
 SORT(*)(.ctors)
 SORT(*)(.dtors)
 *(.init0)
 .init0         0x00000000000000cc        0x0 /usr/local/cross/lib/gcc/avr/4.7.2/../../../../avr/lib/avr5/crtm328p.o
                0x00000000000000cc                __init
 *(.init0)
 *(.init1)
 *(.init1)
 *(.init2)
 .init2         0x00000000000000cc        0xc /usr/local/cross/lib/gcc/avr/4.7.2/../../../../avr/lib/avr5/crtm328p.o
 *(.init2)
 *(.init3)
 *(.init3)
 *(.init4)
 .init4         0x00000000000000d8       0x16 /usr/local/cross/lib/gcc/avr/4.7.2/avr5/libgcc.a(_copy_data.o)
                0x00000000000000d8                __do_copy_data
 .init4         0x00000000000000ee       0x10 /usr/local/cross/lib/gcc/avr/4.7.2/avr5/libgcc.a(_clear_bss.o)
                0x00000000000000ee                __do_clear_bss
 *(.init4)
 *(.init5)
 *(.init5)
 *(.init6)
 .init6         0x00000000000000fe       0x16 /usr/local/cross/lib/gcc/avr/4.7.2/avr5/libgcc.a(_ctors.o)
                0x00000000000000fe                __do_global_ctors
 *(.init6)
 *(.init7)
 *(.init7)
 *(.init8)
 *(.init8)
 *(.init9)
 .init9         0x0000000000000114        0x8 /usr/local/cross/lib/gcc/avr/4.7.2/../../../../avr/lib/avr5/crtm328p.o
 *(.init9)
 *(.text)
 .text          0x000000000000011c        0x4 /usr/local/cross/lib/gcc/avr/4.7.2/../../../../avr/lib/avr5/crtm328p.o
                0x000000000000011c                __vector_20
                0x000000000000011c                __vector_12
                0x000000000000011c                __bad_interrupt
                0x000000000000011c                __vector_6
                0x000000000000011c                __vector_3
                0x000000000000011c                __vector_23
                0x000000000000011c                __vector_25
                0x000000000000011c                __vector_11
                0x000000000000011c                __vector_13
                0x000000000000011c                __vector_17
                0x000000000000011c                __vector_5
                0x000000000000011c                __vector_4
                0x000000000000011c                __vector_9
                0x000000000000011c                __vector_21
                0x000000000000011c                __vector_15
                0x000000000000011c                __vector_8
                0x000000000000011c                __vector_10
                0x000000000000011c                __vector_22
                0x0000000000000120                . = ALIGN (0x2)
 *(.text.*)
 .text.twi_transmit
                0x0000000000000120       0x32 ./libraries/Wire/utility/twi.o
                0x0000000000000120                twi_transmit
 .text.twi_stop
                0x0000000000000152       0x14 ./libraries/Wire/utility/twi.o
                0x0000000000000152                twi_stop
 .text.twi_releaseBus
                0x0000000000000166        0xc ./libraries/Wire/utility/twi.o
                0x0000000000000166                twi_releaseBus
 .text.__vector_24
                0x0000000000000172      0x260 ./libraries/Wire/utility/twi.o
                0x0000000000000172                __vector_24
 .text._ZN7TwoWire9availableEv
                0x00000000000003d2       0x12 ./libraries/Wire/Wire.o
                0x00000000000003d2                _ZN7TwoWire9availableEv
 .text._ZN7TwoWire4readEv
                0x00000000000003e4       0x28 ./libraries/Wire/Wire.o
                0x00000000000003e4                _ZN7TwoWire4readEv
 .text._ZN7TwoWire4peekEv
                0x000000000000040c       0x20 ./libraries/Wire/Wire.o
                0x000000000000040c                _ZN7TwoWire4peekEv
 .text._ZN7TwoWire5flushEv
                0x000000000000042c        0x2 ./libraries/Wire/Wire.o
                0x000000000000042c                _ZN7TwoWire5flushEv
 .text._ZN7TwoWire5writeEPKhj
                0x000000000000042e       0x5c ./libraries/Wire/Wire.o
                0x000000000000042e                _ZN7TwoWire5writeEPKhj
 .text._ZN7TwoWire5writeEh
                0x000000000000048a       0x60 ./libraries/Wire/Wire.o
                0x000000000000048a                _ZN7TwoWire5writeEh
 .text._ZN7TwoWireC2Ev
                0x00000000000004ea       0x20 ./libraries/Wire/Wire.o
                0x00000000000004ea                _ZN7TwoWireC2Ev
                0x00000000000004ea                _ZN7TwoWireC1Ev
 .text.startup._GLOBAL__sub_I__ZN7TwoWire8rxBufferE
                0x000000000000050a        0x8 ./libraries/Wire/Wire.o
 .text.vListInsertEnd
                0x0000000000000512       0x46 ./libraries/FreeRTOS_AVR/utility/list.o
                0x0000000000000512                vListInsertEnd
 .text.uxListRemove
                0x0000000000000558       0x4a ./libraries/FreeRTOS_AVR/utility/list.o
                0x0000000000000558                uxListRemove
 .text.vPortYieldFromTick
                0x00000000000005a2       0xb6 ./libraries/FreeRTOS_AVR/utility/port.o
                0x00000000000005a2                vPortYieldFromTick
 .text.__vector_14
                0x0000000000000658        0x6 ./libraries/FreeRTOS_AVR/utility/port.o
                0x0000000000000658                __vector_14
 .text.vTaskIncrementTick
                0x000000000000065e      0x158 ./libraries/FreeRTOS_AVR/utility/tasks.o
                0x000000000000065e                vTaskIncrementTick
 .text.vTaskSwitchContext
                0x00000000000007b6       0x7c ./libraries/FreeRTOS_AVR/utility/tasks.o
                0x00000000000007b6                vTaskSwitchContext
 .text.vApplicationTickHook
                0x0000000000000832        0x2 ./libraries/FreeRTOS_AVR/idlehook.o
                0x0000000000000832                vApplicationTickHook
 .text._ZN9LCDShieldC2Ev
                0x0000000000000834        0xc ./libraries/ColorLCDShield/ColorLCDShield.o
                0x0000000000000834                _ZN9LCDShieldC2Ev
                0x0000000000000834                _ZN9LCDShieldC1Ev
 .text._ZN9LCDShield10LCDCommandEh
                0x0000000000000840       0x3c ./libraries/ColorLCDShield/ColorLCDShield.o
                0x0000000000000840                _ZN9LCDShield10LCDCommandEh
 .text._ZN9LCDShield7LCDDataEh
                0x000000000000087c       0x3c ./libraries/ColorLCDShield/ColorLCDShield.o
                0x000000000000087c                _ZN9LCDShield7LCDDataEh
 .text._ZN9LCDShield4initEib
                0x00000000000008b8      0x164 ./libraries/ColorLCDShield/ColorLCDShield.o
                0x00000000000008b8                _ZN9LCDShield4initEib
 .text._ZN9LCDShield5clearEi
                0x0000000000000a1c       0xe6 ./libraries/ColorLCDShield/ColorLCDShield.o
                0x0000000000000a1c                _ZN9LCDShield5clearEi
 .text._ZN9LCDShield8contrastEc
                0x0000000000000b02       0x4a ./libraries/ColorLCDShield/ColorLCDShield.o
                0x0000000000000b02                _ZN9LCDShield8contrastEc
 .text._ZN9LCDShield8setPixelEihh
                0x0000000000000b4c       0xfc ./libraries/ColorLCDShield/ColorLCDShield.o
                0x0000000000000b4c                _ZN9LCDShield8setPixelEihh
 .text._ZN9LCDShield7setLineEiiiii
                0x0000000000000c48      0x150 ./libraries/ColorLCDShield/ColorLCDShield.o
                0x0000000000000c48                _ZN9LCDShield7setLineEiiiii
 .text._ZN9LCDShield7setRectEiiiihi
                0x0000000000000d98       0xcc ./libraries/ColorLCDShield/ColorLCDShield.o
                0x0000000000000d98                _ZN9LCDShield7setRectEiiiihi
 .text._ZN9LCDShield9printLogoEv
                0x0000000000000e64       0x80 ./libraries/ColorLCDShield/ColorLCDShield.o
                0x0000000000000e64                _ZN9LCDShield9printLogoEv
 .text._ZN14HardwareSerial9availableEv
                0x0000000000000ee4       0x26 ./arduino/HardwareSerial.o
                0x0000000000000ee4                _ZN14HardwareSerial9availableEv
 .text._ZN14HardwareSerial4peekEv
                0x0000000000000f0a       0x38 ./arduino/HardwareSerial.o
                0x0000000000000f0a                _ZN14HardwareSerial4peekEv
 .text._ZN14HardwareSerial4readEv
                0x0000000000000f42       0x48 ./arduino/HardwareSerial.o
                0x0000000000000f42                _ZN14HardwareSerial4readEv
 .text._ZN14HardwareSerial5flushEv
                0x0000000000000f8a       0x16 ./arduino/HardwareSerial.o
                0x0000000000000f8a                _ZN14HardwareSerial5flushEv
 .text._ZN14HardwareSerial5writeEh
                0x0000000000000fa0       0x7a ./arduino/HardwareSerial.o
                0x0000000000000fa0                _ZN14HardwareSerial5writeEh
 .text._Z11serialEventv
                0x000000000000101a        0x2 ./arduino/HardwareSerial.o
                0x000000000000101a                _Z11serialEventv
 .text.__vector_18
                0x000000000000101c       0x74 ./arduino/HardwareSerial.o
                0x000000000000101c                __vector_18
 .text._Z14serialEventRunv
                0x0000000000001090       0x12 ./arduino/HardwareSerial.o
                0x0000000000001090                _Z14serialEventRunv
 .text.__vector_19
                0x00000000000010a2       0x76 ./arduino/HardwareSerial.o
                0x00000000000010a2                __vector_19
 .text._ZN14HardwareSerial5beginEm
                0x0000000000001118      0x102 ./arduino/HardwareSerial.o
                0x0000000000001118                _ZN14HardwareSerial5beginEm
 .text.startup._GLOBAL__sub_I_rx_buffer
                0x000000000000121a       0xac ./arduino/HardwareSerial.o
 .text._ZNK9IPAddress7printToER5Print
                0x00000000000012c6       0x76 ./arduino/IPAddress.o
                0x00000000000012c6                _ZNK9IPAddress7printToER5Print
 .text.startup._GLOBAL__sub_I__ZN9IPAddressC2Ev
                0x000000000000133c       0x1e ./arduino/IPAddress.o
 .text._ZN5Print5writeEPKhj
                0x000000000000135a       0x50 ./arduino/Print.o
                0x000000000000135a                _ZN5Print5writeEPKhj
 .text._ZN5Print5writeEPKc
                0x00000000000013aa       0x2c ./arduino/Print.o
                0x00000000000013aa                _ZN5Print5writeEPKc
 .text._ZN5Print5printEc
                0x00000000000013d6        0xe ./arduino/Print.o
                0x00000000000013d6                _ZN5Print5printEc
 .text._ZN5Print7printlnEv
                0x00000000000013e4       0x2c ./arduino/Print.o
                0x00000000000013e4                _ZN5Print7printlnEv
 .text._ZN5Print11printNumberEmh
                0x0000000000001410       0xb8 ./arduino/Print.o
                0x0000000000001410                _ZN5Print11printNumberEmh
 .text._ZN5Print5printEmi
                0x00000000000014c8       0x1a ./arduino/Print.o
                0x00000000000014c8                _ZN5Print5printEmi
 .text._ZN5Print5printEhi
                0x00000000000014e2        0xe ./arduino/Print.o
                0x00000000000014e2                _ZN5Print5printEhi
 .text._ZN5Print5printEli
                0x00000000000014f0       0x96 ./arduino/Print.o
                0x00000000000014f0                _ZN5Print5printEli
 .text._ZN5Print7printlnEii
                0x0000000000001586       0x34 ./arduino/Print.o
                0x0000000000001586                _ZN5Print7printlnEii
 .text._Z12disableTimerh
                0x00000000000015ba       0x40 ./arduino/Tone.o
                0x00000000000015ba                _Z12disableTimerh
 .text._Z6noToneh
                0x00000000000015fa       0x2a ./arduino/Tone.o
                0x00000000000015fa                _Z6noToneh
 .text.__vector_7
                0x0000000000001624       0xb8 ./arduino/Tone.o
                0x0000000000001624                __vector_7
 .text.__vector_1
                0x00000000000016dc       0x5a ./arduino/WInterrupts.o
                0x00000000000016dc                __vector_1
 .text.__vector_2
                0x0000000000001736       0x5a ./arduino/WInterrupts.o
                0x0000000000001736                __vector_2
 .text.__empty  0x0000000000001790        0x2 ./arduino/hooks.o
                0x0000000000001790                yield
 .text.startup.main
                0x0000000000001792       0x1a ./arduino/main.o
                0x0000000000001792                main
 .text.__vector_16
                0x00000000000017ac       0x94 ./arduino/wiring.o
                0x00000000000017ac                __vector_16
 .text.micros   0x0000000000001840       0x54 ./arduino/wiring.o
                0x0000000000001840                micros
 .text.delay    0x0000000000001894       0x50 ./arduino/wiring.o
                0x0000000000001894                delay
 .text.delayMicroseconds
                0x00000000000018e4       0x14 ./arduino/wiring.o
                0x00000000000018e4                delayMicroseconds
 .text.init     0x00000000000018f8       0x76 ./arduino/wiring.o
                0x00000000000018f8                init
 .text.turnOffPWM
                0x000000000000196e       0x54 ./arduino/wiring_digital.o
 .text.pinMode  0x00000000000019c2       0x70 ./arduino/wiring_digital.o
                0x00000000000019c2                pinMode
 .text.digitalWrite
                0x0000000000001a32       0x6e ./arduino/wiring_digital.o
                0x0000000000001a32                digitalWrite
 .text.digitalRead
                0x0000000000001aa0       0x52 ./arduino/wiring_digital.o
                0x0000000000001aa0                digitalRead
 .text.loop     0x0000000000001af2       0xaa ./setuploop_ColoLCD.o
                0x0000000000001af2                loop
 .text._Z11testPatternv
                0x0000000000001b9c      0x10c ./setuploop_ColoLCD.o
                0x0000000000001b9c                _Z11testPatternv
 .text.setup    0x0000000000001ca8       0x74 ./setuploop_ColoLCD.o
                0x0000000000001ca8                setup
 .text.startup._GLOBAL__sub_I_lcd
                0x0000000000001d1c        0x8 ./setuploop_ColoLCD.o
 .text.libgcc.div
                0x0000000000001d24       0x44 /usr/local/cross/lib/gcc/avr/4.7.2/avr5/libgcc.a(_udivmodsi4.o)
                0x0000000000001d24                __udivmodsi4
 .text.libgcc   0x0000000000001d68        0xc /usr/local/cross/lib/gcc/avr/4.7.2/avr5/libgcc.a(_tablejump.o)
                0x0000000000001d68                __tablejump2__
                0x0000000000001d6c                __tablejump__
                0x0000000000001d74                . = ALIGN (0x2)
 *(.fini9)
 .fini9         0x0000000000001d74        0x0 /usr/local/cross/lib/gcc/avr/4.7.2/avr5/libgcc.a(_exit.o)
                0x0000000000001d74                exit
                0x0000000000001d74                _exit
 *(.fini9)
 *(.fini8)
 *(.fini8)
 *(.fini7)
 *(.fini7)
 *(.fini6)
 *(.fini6)
 *(.fini5)
 *(.fini5)
 *(.fini4)
 *(.fini4)
 *(.fini3)
 *(.fini3)
 *(.fini2)
 *(.fini2)
 *(.fini1)
 *(.fini1)
 *(.fini0)
 .fini0         0x0000000000001d74        0x4 /usr/local/cross/lib/gcc/avr/4.7.2/avr5/libgcc.a(_exit.o)
 *(.fini0)
                0x0000000000001d78                _etext = .

.data           0x0000000000800100      0x490 load address 0x0000000000001d78
                0x0000000000800100                PROVIDE (__data_start, .)
 *(.data)
 *(.data*)
 .data.xNextTaskUnblockTime
                0x0000000000800100        0x2 ./libraries/FreeRTOS_AVR/utility/tasks.o
 .data._ZL9tone_pins
                0x0000000000800102        0x1 ./arduino/Tone.o
 .data.cont     0x0000000000800103        0x1 ./setuploop_ColoLCD.o
                0x0000000000800103                cont
 .data.buttons  0x0000000000800104        0x6 ./setuploop_ColoLCD.o
                0x0000000000800104                buttons
 *(.rodata)
 *(.rodata*)
 .rodata._ZTV7TwoWire
                0x000000000080010a       0x10 ./libraries/Wire/Wire.o
                0x000000000080010a                _ZTV7TwoWire
 .rodata._ZL10logo_spark
                0x000000000080011a      0x460 ./libraries/ColorLCDShield/ColorLCDShield.o
 .rodata._ZTV14HardwareSerial
                0x000000000080057a       0x10 ./arduino/HardwareSerial.o
                0x000000000080057a                _ZTV14HardwareSerial
 .rodata._ZTV9IPAddress
                0x000000000080058a        0x6 ./arduino/IPAddress.o
                0x000000000080058a                _ZTV9IPAddress
 *(.gnu.linkonce.d*)
                0x0000000000800590                . = ALIGN (0x2)
                0x0000000000800590                _edata = .
                0x0000000000800590                PROVIDE (__data_end, .)

.bss            0x0000000000800590      0x1b7
                0x0000000000800590                PROVIDE (__bss_start, .)
 *(.bss)
 *(.bss*)
 .bss.twi_error
                0x0000000000800590        0x1 ./libraries/Wire/utility/twi.o
 .bss.twi_rxBufferIndex
                0x0000000000800591        0x1 ./libraries/Wire/utility/twi.o
 .bss.twi_txBufferLength
                0x0000000000800592        0x1 ./libraries/Wire/utility/twi.o
 .bss.twi_txBufferIndex
                0x0000000000800593        0x1 ./libraries/Wire/utility/twi.o
 .bss.twi_masterBufferLength
                0x0000000000800594        0x1 ./libraries/Wire/utility/twi.o
 .bss.twi_masterBufferIndex
                0x0000000000800595        0x1 ./libraries/Wire/utility/twi.o
 .bss.twi_inRepStart
                0x0000000000800596        0x1 ./libraries/Wire/utility/twi.o
 .bss.twi_sendStop
                0x0000000000800597        0x1 ./libraries/Wire/utility/twi.o
 .bss.twi_slarw
                0x0000000000800598        0x1 ./libraries/Wire/utility/twi.o
 .bss.twi_state
                0x0000000000800599        0x1 ./libraries/Wire/utility/twi.o
 .bss.twi_masterBuffer
                0x000000000080059a       0x20 ./libraries/Wire/utility/twi.o
 .bss.twi_txBuffer
                0x00000000008005ba       0x20 ./libraries/Wire/utility/twi.o
 .bss.twi_onSlaveReceive
                0x00000000008005da        0x2 ./libraries/Wire/utility/twi.o
 .bss.twi_onSlaveTransmit
                0x00000000008005dc        0x2 ./libraries/Wire/utility/twi.o
 .bss.twi_rxBuffer
                0x00000000008005de       0x20 ./libraries/Wire/utility/twi.o
 .bss.Wire      0x00000000008005fe        0xc ./libraries/Wire/Wire.o
                0x00000000008005fe                Wire
 .bss._ZN7TwoWire12transmittingE
                0x000000000080060a        0x1 ./libraries/Wire/Wire.o
                0x000000000080060a                _ZN7TwoWire12transmittingE
 .bss._ZN7TwoWire14txBufferLengthE
                0x000000000080060b        0x1 ./libraries/Wire/Wire.o
                0x000000000080060b                _ZN7TwoWire14txBufferLengthE
 .bss._ZN7TwoWire13txBufferIndexE
                0x000000000080060c        0x1 ./libraries/Wire/Wire.o
                0x000000000080060c                _ZN7TwoWire13txBufferIndexE
 .bss._ZN7TwoWire8txBufferE
                0x000000000080060d       0x20 ./libraries/Wire/Wire.o
                0x000000000080060d                _ZN7TwoWire8txBufferE
 .bss._ZN7TwoWire14rxBufferLengthE
                0x000000000080062d        0x1 ./libraries/Wire/Wire.o
                0x000000000080062d                _ZN7TwoWire14rxBufferLengthE
 .bss._ZN7TwoWire13rxBufferIndexE
                0x000000000080062e        0x1 ./libraries/Wire/Wire.o
                0x000000000080062e                _ZN7TwoWire13rxBufferIndexE
 .bss._ZN7TwoWire8rxBufferE
                0x000000000080062f       0x20 ./libraries/Wire/Wire.o
                0x000000000080062f                _ZN7TwoWire8rxBufferE
 .bss.xNumOfOverflows
                0x000000000080064f        0x1 ./libraries/FreeRTOS_AVR/utility/tasks.o
 .bss.xMissedYield
                0x0000000000800650        0x1 ./libraries/FreeRTOS_AVR/utility/tasks.o
 .bss.uxMissedTicks
                0x0000000000800651        0x1 ./libraries/FreeRTOS_AVR/utility/tasks.o
 .bss.uxSchedulerSuspended
                0x0000000000800652        0x1 ./libraries/FreeRTOS_AVR/utility/tasks.o
 .bss.uxTopReadyPriority
                0x0000000000800653        0x1 ./libraries/FreeRTOS_AVR/utility/tasks.o
 .bss.xTickCount
                0x0000000000800654        0x2 ./libraries/FreeRTOS_AVR/utility/tasks.o
 .bss.pxOverflowDelayedTaskList
                0x0000000000800656        0x2 ./libraries/FreeRTOS_AVR/utility/tasks.o
 .bss.pxDelayedTaskList
                0x0000000000800658        0x2 ./libraries/FreeRTOS_AVR/utility/tasks.o
 .bss.pxCurrentTCB
                0x000000000080065a        0x2 ./libraries/FreeRTOS_AVR/utility/tasks.o
                0x000000000080065a                pxCurrentTCB
 .bss.pxReadyTasksLists
                0x000000000080065c       0x24 ./libraries/FreeRTOS_AVR/utility/tasks.o
 .bss._ZL8x_offset
                0x0000000000800680        0x1 ./libraries/ColorLCDShield/ColorLCDShield.o
 .bss._ZL8y_offset
                0x0000000000800681        0x1 ./libraries/ColorLCDShield/ColorLCDShield.o
 .bss.Serial    0x0000000000800682       0x22 ./arduino/HardwareSerial.o
                0x0000000000800682                Serial
 .bss.tx_buffer
                0x00000000008006a4       0x44 ./arduino/HardwareSerial.o
                0x00000000008006a4                tx_buffer
 .bss.rx_buffer
                0x00000000008006e8       0x44 ./arduino/HardwareSerial.o
                0x00000000008006e8                rx_buffer
 .bss._ZL11INADDR_NONE
                0x000000000080072c        0x6 ./arduino/IPAddress.o
 .bss.timer2_pin_mask
                0x0000000000800732        0x1 ./arduino/Tone.o
                0x0000000000800732                timer2_pin_mask
 .bss.timer2_pin_port
                0x0000000000800733        0x2 ./arduino/Tone.o
                0x0000000000800733                timer2_pin_port
 .bss.timer2_toggle_count
                0x0000000000800735        0x4 ./arduino/Tone.o
                0x0000000000800735                timer2_toggle_count
 .bss.intFunc   0x0000000000800739        0x4 ./arduino/WInterrupts.o
 .bss.timer0_millis
                0x000000000080073d        0x4 ./arduino/wiring.o
                0x000000000080073d                timer0_millis
 .bss.timer0_overflow_count
                0x0000000000800741        0x4 ./arduino/wiring.o
                0x0000000000800741                timer0_overflow_count
 .bss.timer0_fract
                0x0000000000800745        0x1 ./arduino/wiring.o
 .bss.lcd       0x0000000000800746        0x1 ./setuploop_ColoLCD.o
                0x0000000000800746                lcd
 *(COMMON)
                0x0000000000800747                PROVIDE (__bss_end, .)
                0x0000000000001d78                __data_load_start = LOADADDR (.data)
                0x0000000000002208                __data_load_end = (__data_load_start + SIZEOF (.data))

.noinit         0x0000000000800747        0x0
                0x0000000000800747                PROVIDE (__noinit_start, .)
 *(.noinit*)
                0x0000000000800747                PROVIDE (__noinit_end, .)
                0x0000000000800747                _end = .
                0x0000000000800747                PROVIDE (__heap_start, .)

.eeprom         0x0000000000810000        0x0
 *(.eeprom*)
                0x0000000000810000                __eeprom_end = .

.fuse
 *(.fuse)
 *(.lfuse)
 *(.hfuse)
 *(.efuse)

.lock
 *(.lock*)

.signature
 *(.signature*)

.stab
 *(.stab)

.stabstr
 *(.stabstr)

.stab.excl
 *(.stab.excl)

.stab.exclstr
 *(.stab.exclstr)

.stab.index
 *(.stab.index)

.stab.indexstr
 *(.stab.indexstr)

.comment        0x0000000000000000       0x11
 *(.comment)
 .comment       0x0000000000000000       0x11 ./libraries/Wire/utility/twi.o
                                         0x12 (size before relaxing)
 .comment       0x0000000000000000       0x12 ./libraries/Wire/Wire.o
 .comment       0x0000000000000000       0x12 ./libraries/FreeRTOS_AVR/utility/list.o
 .comment       0x0000000000000000       0x12 ./libraries/FreeRTOS_AVR/utility/port.o
 .comment       0x0000000000000000       0x12 ./libraries/FreeRTOS_AVR/utility/tasks.o
 .comment       0x0000000000000000       0x12 ./libraries/FreeRTOS_AVR/idlehook.o
 .comment       0x0000000000000000       0x12 ./libraries/ColorLCDShield/ColorLCDShield.o
 .comment       0x0000000000000000       0x12 ./arduino/HardwareSerial.o
 .comment       0x0000000000000000       0x12 ./arduino/IPAddress.o
 .comment       0x0000000000000000       0x12 ./arduino/Print.o
 .comment       0x0000000000000000       0x12 ./arduino/Tone.o
 .comment       0x0000000000000000       0x12 ./arduino/WInterrupts.o
 .comment       0x0000000000000000       0x12 ./arduino/hooks.o
 .comment       0x0000000000000000       0x12 ./arduino/main.o
 .comment       0x0000000000000000       0x12 ./arduino/wiring.o
 .comment       0x0000000000000000       0x12 ./arduino/wiring_digital.o
 .comment       0x0000000000000000       0x12 ./setuploop_ColoLCD.o

.debug
 *(.debug)

.line
 *(.line)

.debug_srcinfo
 *(.debug_srcinfo)

.debug_sfnames
 *(.debug_sfnames)

.debug_aranges
 *(.debug_aranges)

.debug_pubnames
 *(.debug_pubnames)

.debug_info
 *(.debug_info)
 *(.gnu.linkonce.wi.*)

.debug_abbrev
 *(.debug_abbrev)

.debug_line
 *(.debug_line)

.debug_frame
 *(.debug_frame)

.debug_str
 *(.debug_str)

.debug_loc
 *(.debug_loc)

.debug_macinfo
 *(.debug_macinfo)
OUTPUT(avrfreertos.elf elf32-avr)
LOAD linker stubs

Cross Reference Table

Symbol                                            File
HardwareSerial::HardwareSerial(ring_buffer*, ring_buffer*, unsigned char volatile*, unsigned char volatile*, unsigned char volatile*, unsigned char volatile*, unsigned char volatile*, unsigned char volatile*, unsigned char, unsigned char, unsigned char, unsigned char, unsigned char) ./arduino/HardwareSerial.o
HardwareSerial::HardwareSerial(ring_buffer*, ring_buffer*, unsigned char volatile*, unsigned char volatile*, unsigned char volatile*, unsigned char volatile*, unsigned char volatile*, unsigned char volatile*, unsigned char, unsigned char, unsigned char, unsigned char, unsigned char) ./arduino/HardwareSerial.o
HardwareSerial::available()                       ./arduino/HardwareSerial.o
                                                  ./libraries/FreeRTOS_AVR/basic_io_avr.o
HardwareSerial::begin(unsigned long)              ./arduino/HardwareSerial.o
                                                  ./setuploop_ColoLCD.o
HardwareSerial::begin(unsigned long, unsigned char) ./arduino/HardwareSerial.o
HardwareSerial::end()                             ./arduino/HardwareSerial.o
HardwareSerial::flush()                           ./arduino/HardwareSerial.o
                                                  ./libraries/FreeRTOS_AVR/basic_io_avr.o
HardwareSerial::operator bool()                   ./arduino/HardwareSerial.o
HardwareSerial::peek()                            ./arduino/HardwareSerial.o
HardwareSerial::read()                            ./arduino/HardwareSerial.o
HardwareSerial::write(unsigned char)              ./arduino/HardwareSerial.o
IPAddress::IPAddress()                            ./arduino/IPAddress.o
IPAddress::IPAddress()                            ./arduino/IPAddress.o
IPAddress::IPAddress(unsigned char const*)        ./arduino/IPAddress.o
IPAddress::IPAddress(unsigned char const*)        ./arduino/IPAddress.o
IPAddress::IPAddress(unsigned char, unsigned char, unsigned char, unsigned char) ./arduino/IPAddress.o
IPAddress::IPAddress(unsigned char, unsigned char, unsigned char, unsigned char) ./arduino/IPAddress.o
IPAddress::IPAddress(unsigned long)               ./arduino/IPAddress.o
IPAddress::IPAddress(unsigned long)               ./arduino/IPAddress.o
IPAddress::operator=(unsigned char const*)        ./arduino/IPAddress.o
IPAddress::operator=(unsigned long)               ./arduino/IPAddress.o
IPAddress::operator==(unsigned char const*)       ./arduino/IPAddress.o
IPAddress::printTo(Print&) const                  ./arduino/IPAddress.o
LCDShield::LCDCommand(unsigned char)              ./libraries/ColorLCDShield/ColorLCDShield.o
LCDShield::LCDData(unsigned char)                 ./libraries/ColorLCDShield/ColorLCDShield.o
LCDShield::LCDShield()                            ./libraries/ColorLCDShield/ColorLCDShield.o
                                                  ./setuploop_ColoLCD.o
LCDShield::LCDShield()                            ./libraries/ColorLCDShield/ColorLCDShield.o
LCDShield::clear(int)                             ./libraries/ColorLCDShield/ColorLCDShield.o
                                                  ./setuploop_ColoLCD.o
LCDShield::contrast(char)                         ./libraries/ColorLCDShield/ColorLCDShield.o
                                                  ./setuploop_ColoLCD.o
LCDShield::init(int, bool)                        ./libraries/ColorLCDShield/ColorLCDShield.o
                                                  ./setuploop_ColoLCD.o
LCDShield::off()                                  ./libraries/ColorLCDShield/ColorLCDShield.o
LCDShield::on()                                   ./libraries/ColorLCDShield/ColorLCDShield.o
LCDShield::printLogo()                            ./libraries/ColorLCDShield/ColorLCDShield.o
                                                  ./setuploop_ColoLCD.o
LCDShield::setArc(int, int, int, int*, int, int, int) ./libraries/ColorLCDShield/ColorLCDShield.o
LCDShield::setChar(char, int, int, int, int)      ./libraries/ColorLCDShield/ColorLCDShield.o
LCDShield::setCircle(int, int, int, int, int)     ./libraries/ColorLCDShield/ColorLCDShield.o
LCDShield::setLine(int, int, int, int, int)       ./libraries/ColorLCDShield/ColorLCDShield.o
LCDShield::setPixel(int, unsigned char, unsigned char) ./libraries/ColorLCDShield/ColorLCDShield.o
LCDShield::setRect(int, int, int, int, unsigned char, int) ./libraries/ColorLCDShield/ColorLCDShield.o
                                                  ./setuploop_ColoLCD.o
LCDShield::setStr(char*, int, int, int, int)      ./libraries/ColorLCDShield/ColorLCDShield.o
LCDShield::swapColors(unsigned int)               ./libraries/ColorLCDShield/ColorLCDShield.o
PN532::GetFirmwareVersion()                       ./libraries/RFID_PN532_I2C/PN532_I2C.o
PN532::GetGeneralStatus()                         ./libraries/RFID_PN532_I2C/PN532_I2C.o
PN532::IRQ_ready()                                ./libraries/RFID_PN532_I2C/PN532_I2C.o
PN532::IRQ_wait(unsigned long)                    ./libraries/RFID_PN532_I2C/PN532_I2C.o
PN532::InAutoPoll(unsigned char, unsigned char, unsigned char const*, unsigned char) ./libraries/RFID_PN532_I2C/PN532_I2C.o
PN532::InCommunicateThru(unsigned char const*, unsigned char) ./libraries/RFID_PN532_I2C/PN532_I2C.o
PN532::InDataExchange(unsigned char, unsigned char const*, unsigned char) ./libraries/RFID_PN532_I2C/PN532_I2C.o
PN532::InDataExchange(unsigned char, unsigned char, unsigned char, unsigned char const*, unsigned char) ./libraries/RFID_PN532_I2C/PN532_I2C.o
PN532::InListPassiveTarget(unsigned char, unsigned char, unsigned char*, unsigned char) ./libraries/RFID_PN532_I2C/PN532_I2C.o
PN532::PN532(unsigned char, unsigned char, unsigned char) ./libraries/RFID_PN532_I2C/PN532_I2C.o
PN532::PN532(unsigned char, unsigned char, unsigned char) ./libraries/RFID_PN532_I2C/PN532_I2C.o
PN532::PowerDown(unsigned char, unsigned char)    ./libraries/RFID_PN532_I2C/PN532_I2C.o
PN532::SAMConfiguration(unsigned char, unsigned char, unsigned char) ./libraries/RFID_PN532_I2C/PN532_I2C.o
PN532::WriteRegister(unsigned int, unsigned char) ./libraries/RFID_PN532_I2C/PN532_I2C.o
PN532::checkACKframe(long)                        ./libraries/RFID_PN532_I2C/PN532_I2C.o
PN532::felica_Polling(unsigned char*, unsigned int) ./libraries/RFID_PN532_I2C/PN532_I2C.o
PN532::felica_ReadBlocksWithoutEncryption(unsigned char*, unsigned int, unsigned char, unsigned int const*) ./libraries/RFID_PN532_I2C/PN532_I2C.o
PN532::felica_ReadWithoutEncryption(unsigned char*, unsigned int, unsigned char, unsigned int const*) ./libraries/RFID_PN532_I2C/PN532_I2C.o
PN532::felica_RequestService(unsigned char*, unsigned int const*, unsigned char) ./libraries/RFID_PN532_I2C/PN532_I2C.o
PN532::felica_RequestService(unsigned int)        ./libraries/RFID_PN532_I2C/PN532_I2C.o
PN532::felica_RequestSystemCode(unsigned char*)   ./libraries/RFID_PN532_I2C/PN532_I2C.o
PN532::getAutoPollResponse(unsigned char*)        ./libraries/RFID_PN532_I2C/PN532_I2C.o
PN532::getCommandResponse(unsigned char*, long const&) ./libraries/RFID_PN532_I2C/PN532_I2C.o
PN532::getCommunicateThruResponse(unsigned char*) ./libraries/RFID_PN532_I2C/PN532_I2C.o
PN532::init()                                     ./libraries/RFID_PN532_I2C/PN532_I2C.o
PN532::mifare_AuthenticateBlock(unsigned int, unsigned char const*) ./libraries/RFID_PN532_I2C/PN532_I2C.o
PN532::mifare_ReadDataBlock(unsigned char, unsigned char*) ./libraries/RFID_PN532_I2C/PN532_I2C.o
PN532::receive()                                  ./libraries/RFID_PN532_I2C/PN532_I2C.o
PN532::receivepacket()                            ./libraries/RFID_PN532_I2C/PN532_I2C.o
PN532::receivepacket(int)                         ./libraries/RFID_PN532_I2C/PN532_I2C.o
PN532::send(unsigned char)                        ./libraries/RFID_PN532_I2C/PN532_I2C.o
PN532::send_ack()                                 ./libraries/RFID_PN532_I2C/PN532_I2C.o
PN532::send_nack()                                ./libraries/RFID_PN532_I2C/PN532_I2C.o
PN532::sendpacket(unsigned char)                  ./libraries/RFID_PN532_I2C/PN532_I2C.o
PN532::targetClear()                              ./libraries/RFID_PN532_I2C/PN532_I2C.o
PN532::targetSet(unsigned char, unsigned char const*, unsigned char) ./libraries/RFID_PN532_I2C/PN532_I2C.o
Print::print(Printable const&)                    ./arduino/Print.o
Print::print(String const&)                       ./arduino/Print.o
Print::print(__FlashStringHelper const*)          ./arduino/Print.o
Print::print(char const*)                         ./arduino/Print.o
                                                  ./libraries/FreeRTOS_AVR/basic_io_avr.o
                                                  ./libraries/RFID_PN532_I2C/PN532_I2C.o
Print::print(char)                                ./arduino/Print.o
                                                  ./arduino/IPAddress.o
Print::print(double, int)                         ./arduino/Print.o
Print::print(int, int)                            ./arduino/Print.o
                                                  ./libraries/RFID_PN532_I2C/PN532_I2C.o
Print::print(long, int)                           ./arduino/Print.o
Print::print(unsigned char, int)                  ./arduino/Print.o
                                                  ./arduino/IPAddress.o
Print::print(unsigned int, int)                   ./arduino/Print.o
Print::print(unsigned long, int)                  ./arduino/Print.o
Print::printFloat(double, unsigned char)          ./arduino/Print.o
Print::printNumber(unsigned long, unsigned char)  ./arduino/Print.o
Print::println()                                  ./arduino/Print.o
Print::println(Printable const&)                  ./arduino/Print.o
Print::println(String const&)                     ./arduino/Print.o
Print::println(__FlashStringHelper const*)        ./arduino/Print.o
Print::println(char const*)                       ./arduino/Print.o
Print::println(char)                              ./arduino/Print.o
Print::println(double, int)                       ./arduino/Print.o
Print::println(int, int)                          ./arduino/Print.o
                                                  ./setuploop_ColoLCD.o
Print::println(long, int)                         ./arduino/Print.o
Print::println(unsigned char, int)                ./arduino/Print.o
Print::println(unsigned int, int)                 ./arduino/Print.o
Print::println(unsigned long, int)                ./arduino/Print.o
                                                  ./libraries/FreeRTOS_AVR/basic_io_avr.o
Print::write(char const*)                         ./arduino/Print.o
Print::write(unsigned char const*, unsigned int)  ./arduino/Print.o
                                                  ./arduino/HardwareSerial.o
                                                  ./libraries/Wire/Wire.o
Serial                                            ./arduino/HardwareSerial.o
                                                  ./setuploop_ColoLCD.o
                                                  ./libraries/FreeRTOS_AVR/basic_io_avr.o
                                                  ./libraries/RFID_PN532_I2C/PN532_I2C.o
Stream::find(char*)                               ./arduino/Stream.o
Stream::find(char*, unsigned int)                 ./arduino/Stream.o
Stream::findUntil(char*, char*)                   ./arduino/Stream.o
Stream::findUntil(char*, unsigned int, char*, unsigned int) ./arduino/Stream.o
Stream::parseFloat()                              ./arduino/Stream.o
Stream::parseFloat(char)                          ./arduino/Stream.o
Stream::parseInt()                                ./arduino/Stream.o
Stream::parseInt(char)                            ./arduino/Stream.o
Stream::peekNextDigit()                           ./arduino/Stream.o
Stream::readBytes(char*, unsigned int)            ./arduino/Stream.o
Stream::readBytesUntil(char, char*, unsigned int) ./arduino/Stream.o
Stream::readString()                              ./arduino/Stream.o
Stream::readStringUntil(char)                     ./arduino/Stream.o
Stream::setTimeout(unsigned long)                 ./arduino/Stream.o
Stream::timedPeek()                               ./arduino/Stream.o
Stream::timedRead()                               ./arduino/Stream.o
String::String(String const&)                     ./arduino/WString.o
String::String(String const&)                     ./arduino/WString.o
String::String(char const*)                       ./arduino/WString.o
String::String(char const*)                       ./arduino/WString.o
                                                  ./arduino/Stream.o
String::String(char)                              ./arduino/WString.o
String::String(char)                              ./arduino/WString.o
String::String(int, unsigned char)                ./arduino/WString.o
String::String(int, unsigned char)                ./arduino/WString.o
String::String(long, unsigned char)               ./arduino/WString.o
String::String(long, unsigned char)               ./arduino/WString.o
String::String(unsigned char, unsigned char)      ./arduino/WString.o
String::String(unsigned char, unsigned char)      ./arduino/WString.o
String::String(unsigned int, unsigned char)       ./arduino/WString.o
String::String(unsigned int, unsigned char)       ./arduino/WString.o
String::String(unsigned long, unsigned char)      ./arduino/WString.o
String::String(unsigned long, unsigned char)      ./arduino/WString.o
String::changeBuffer(unsigned int)                ./arduino/WString.o
String::charAt(unsigned int) const                ./arduino/WString.o
String::compareTo(String const&) const            ./arduino/WString.o
String::concat(String const&)                     ./arduino/WString.o
String::concat(char const*)                       ./arduino/WString.o
String::concat(char const*, unsigned int)         ./arduino/WString.o
String::concat(char)                              ./arduino/WString.o
                                                  ./arduino/Stream.o
String::concat(int)                               ./arduino/WString.o
String::concat(long)                              ./arduino/WString.o
String::concat(unsigned char)                     ./arduino/WString.o
String::concat(unsigned int)                      ./arduino/WString.o
String::concat(unsigned long)                     ./arduino/WString.o
String::copy(char const*, unsigned int)           ./arduino/WString.o
String::endsWith(String const&) const             ./arduino/WString.o
String::equals(String const&) const               ./arduino/WString.o
String::equals(char const*) const                 ./arduino/WString.o
String::equalsIgnoreCase(String const&) const     ./arduino/WString.o
String::getBytes(unsigned char*, unsigned int, unsigned int) const ./arduino/WString.o
String::indexOf(String const&) const              ./arduino/WString.o
String::indexOf(String const&, unsigned int) const ./arduino/WString.o
String::indexOf(char) const                       ./arduino/WString.o
String::indexOf(char, unsigned int) const         ./arduino/WString.o
String::invalidate()                              ./arduino/WString.o
String::lastIndexOf(String const&) const          ./arduino/WString.o
String::lastIndexOf(String const&, unsigned int) const ./arduino/WString.o
String::lastIndexOf(char) const                   ./arduino/WString.o
String::lastIndexOf(char, unsigned int) const     ./arduino/WString.o
String::operator<(String const&) const            ./arduino/WString.o
String::operator<=(String const&) const           ./arduino/WString.o
String::operator=(String const&)                  ./arduino/WString.o
String::operator=(char const*)                    ./arduino/WString.o
String::operator>(String const&) const            ./arduino/WString.o
String::operator>=(String const&) const           ./arduino/WString.o
String::operator[](unsigned int)                  ./arduino/WString.o
String::operator[](unsigned int) const            ./arduino/WString.o
                                                  ./arduino/Print.o
String::replace(String const&, String const&)     ./arduino/WString.o
String::replace(char, char)                       ./arduino/WString.o
String::reserve(unsigned int)                     ./arduino/WString.o
String::setCharAt(unsigned int, char)             ./arduino/WString.o
String::startsWith(String const&) const           ./arduino/WString.o
String::startsWith(String const&, unsigned int) const ./arduino/WString.o
String::substring(unsigned int) const             ./arduino/WString.o
String::substring(unsigned int, unsigned int) const ./arduino/WString.o
String::toInt() const                             ./arduino/WString.o
String::toLowerCase()                             ./arduino/WString.o
String::toUpperCase()                             ./arduino/WString.o
String::trim()                                    ./arduino/WString.o
String::~String()                                 ./arduino/WString.o
String::~String()                                 ./arduino/WString.o
TwoWire::TwoWire()                                ./libraries/Wire/Wire.o
TwoWire::TwoWire()                                ./libraries/Wire/Wire.o
TwoWire::available()                              ./libraries/Wire/Wire.o
TwoWire::begin()                                  ./libraries/Wire/Wire.o
TwoWire::begin(int)                               ./libraries/Wire/Wire.o
TwoWire::begin(unsigned char)                     ./libraries/Wire/Wire.o
TwoWire::beginTransmission(int)                   ./libraries/Wire/Wire.o
TwoWire::beginTransmission(unsigned char)         ./libraries/Wire/Wire.o
                                                  ./libraries/RFID_PN532_I2C/PN532_I2C.o
TwoWire::endTransmission()                        ./libraries/Wire/Wire.o
                                                  ./libraries/RFID_PN532_I2C/PN532_I2C.o
TwoWire::endTransmission(unsigned char)           ./libraries/Wire/Wire.o
TwoWire::flush()                                  ./libraries/Wire/Wire.o
TwoWire::onReceive(void (*)(int))                 ./libraries/Wire/Wire.o
TwoWire::onReceiveService(unsigned char*, int)    ./libraries/Wire/Wire.o
TwoWire::onRequest(void (*)())                    ./libraries/Wire/Wire.o
TwoWire::onRequestService()                       ./libraries/Wire/Wire.o
TwoWire::peek()                                   ./libraries/Wire/Wire.o
TwoWire::read()                                   ./libraries/Wire/Wire.o
                                                  ./libraries/RFID_PN532_I2C/PN532_I2C.o
TwoWire::requestFrom(int, int)                    ./libraries/Wire/Wire.o
                                                  ./libraries/RFID_PN532_I2C/PN532_I2C.o
TwoWire::requestFrom(int, int, int)               ./libraries/Wire/Wire.o
TwoWire::requestFrom(unsigned char, unsigned char) ./libraries/Wire/Wire.o
TwoWire::requestFrom(unsigned char, unsigned char, unsigned char) ./libraries/Wire/Wire.o
TwoWire::rxBuffer                                 ./libraries/Wire/Wire.o
TwoWire::rxBufferIndex                            ./libraries/Wire/Wire.o
TwoWire::rxBufferLength                           ./libraries/Wire/Wire.o
TwoWire::transmitting                             ./libraries/Wire/Wire.o
TwoWire::txAddress                                ./libraries/Wire/Wire.o
TwoWire::txBuffer                                 ./libraries/Wire/Wire.o
TwoWire::txBufferIndex                            ./libraries/Wire/Wire.o
TwoWire::txBufferLength                           ./libraries/Wire/Wire.o
TwoWire::user_onReceive                           ./libraries/Wire/Wire.o
TwoWire::user_onRequest                           ./libraries/Wire/Wire.o
TwoWire::write(unsigned char const*, unsigned int) ./libraries/Wire/Wire.o
TwoWire::write(unsigned char)                     ./libraries/Wire/Wire.o
                                                  ./libraries/RFID_PN532_I2C/PN532_I2C.o
Wire                                              ./libraries/Wire/Wire.o
                                                  ./libraries/RFID_PN532_I2C/PN532_I2C.o
__addsf3                                          /usr/local/cross/lib/gcc/avr/4.7.2/avr5/libgcc.a(_addsub_sf.o)
                                                  ./arduino/Print.o
__bad_interrupt                                   /usr/local/cross/lib/gcc/avr/4.7.2/../../../../avr/lib/avr5/crtm328p.o
__brkval                                          ./arduino/malloc.o
                                                  ./libraries/FreeRTOS_AVR/FreeRTOS_AVR.o
__brkval_maximum                                  ./arduino/malloc.o
__bss_end                                         /usr/local/cross/lib/gcc/avr/4.7.2/avr5/libgcc.a(_clear_bss.o)
__bss_start                                       /usr/local/cross/lib/gcc/avr/4.7.2/avr5/libgcc.a(_clear_bss.o)
__clzhi2                                          /usr/local/cross/lib/gcc/avr/4.7.2/avr5/libgcc.a(_clzhi2.o)
                                                  /usr/local/cross/lib/gcc/avr/4.7.2/avr5/libgcc.a(_clzsi2.o)
__clzsi2                                          /usr/local/cross/lib/gcc/avr/4.7.2/avr5/libgcc.a(_clzsi2.o)
                                                  /usr/local/cross/lib/gcc/avr/4.7.2/avr5/libgcc.a(_usi_to_sf.o)
                                                  /usr/local/cross/lib/gcc/avr/4.7.2/avr5/libgcc.a(_si_to_sf.o)
__ctors_end                                       /usr/local/cross/lib/gcc/avr/4.7.2/avr5/libgcc.a(_ctors.o)
__ctors_start                                     /usr/local/cross/lib/gcc/avr/4.7.2/avr5/libgcc.a(_ctors.o)
__ctype_isfalse                                   /usr/local/cross/lib/gcc/avr/4.7.2/../../../../avr/lib/avr5/libc.a(cty_isfalse.o)
                                                  /usr/local/cross/lib/gcc/avr/4.7.2/../../../../avr/lib/avr5/libc.a(isspace.o)
__ctype_istrue                                    /usr/local/cross/lib/gcc/avr/4.7.2/../../../../avr/lib/avr5/libc.a(cty_isfalse.o)
__cxa_guard_abort                                 ./arduino/new.o
__cxa_guard_acquire                               ./arduino/new.o
__cxa_guard_release                               ./arduino/new.o
__cxa_pure_virtual                                ./arduino/new.o
                                                  ./arduino/Print.o
                                                  ./arduino/IPAddress.o
                                                  ./arduino/HardwareSerial.o
                                                  ./libraries/Wire/Wire.o
__data_end                                        /usr/local/cross/lib/gcc/avr/4.7.2/avr5/libgcc.a(_copy_data.o)
__data_load_start                                 /usr/local/cross/lib/gcc/avr/4.7.2/avr5/libgcc.a(_copy_data.o)
__data_start                                      /usr/local/cross/lib/gcc/avr/4.7.2/avr5/libgcc.a(_copy_data.o)
__divmodsi4                                       /usr/local/cross/lib/gcc/avr/4.7.2/avr5/libgcc.a(_divmodsi4.o)
                                                  /usr/local/cross/lib/gcc/avr/4.7.2/../../../../avr/lib/avr5/libc.a(random.o)
                                                  ./arduino/WMath.o
__divsf3                                          /usr/local/cross/lib/gcc/avr/4.7.2/avr5/libgcc.a(_div_sf.o)
                                                  ./arduino/Print.o
__do_clear_bss                                    /usr/local/cross/lib/gcc/avr/4.7.2/avr5/libgcc.a(_clear_bss.o)
                                                  /usr/local/cross/lib/gcc/avr/4.7.2/../../../../avr/lib/avr5/libc.a(random.o)
                                                  ./setuploop_ColoLCD.o
                                                  ./arduino/wiring.o
                                                  ./arduino/malloc.o
                                                  ./arduino/WString.o
                                                  ./arduino/WInterrupts.o
                                                  ./arduino/Tone.o
                                                  ./arduino/IPAddress.o
                                                  ./arduino/HardwareSerial.o
                                                  ./libraries/ColorLCDShield/ColorLCDShield.o
                                                  ./libraries/FreeRTOS_AVR/utility/tasks.o
                                                  ./libraries/FreeRTOS_AVR/utility/croutine.o
                                                  ./libraries/Wire/Wire.o
                                                  ./libraries/Wire/utility/twi.o
__do_copy_data                                    /usr/local/cross/lib/gcc/avr/4.7.2/avr5/libgcc.a(_copy_data.o)
                                                  /usr/local/cross/lib/gcc/avr/4.7.2/../../../../avr/lib/avr5/libc.a(random.o)
                                                  /usr/local/cross/lib/gcc/avr/4.7.2/avr5/libgcc.a(_thenan_sf.o)
                                                  ./setuploop_ColoLCD.o
                                                  ./arduino/wiring_analog.o
                                                  ./arduino/malloc.o
                                                  ./arduino/WString.o
                                                  ./arduino/Tone.o
                                                  ./arduino/Stream.o
                                                  ./arduino/Print.o
                                                  ./arduino/IPAddress.o
                                                  ./arduino/HardwareSerial.o
                                                  ./libraries/ColorLCDShield/ColorLCDShield.o
                                                  ./libraries/FreeRTOS_AVR/utility/tasks.o
                                                  ./libraries/RFID_PN532_I2C/PN532_I2C.o
                                                  ./libraries/Wire/Wire.o
__do_global_ctors                                 /usr/local/cross/lib/gcc/avr/4.7.2/avr5/libgcc.a(_ctors.o)
                                                  ./setuploop_ColoLCD.o
                                                  ./arduino/IPAddress.o
                                                  ./arduino/HardwareSerial.o
                                                  ./libraries/Wire/Wire.o
__epilogue_restores__                             /usr/local/cross/lib/gcc/avr/4.7.2/avr5/libgcc.a(_epilogue.o)
                                                  /usr/local/cross/lib/gcc/avr/4.7.2/../../../../avr/lib/avr5/libc.a(random.o)
                                                  /usr/local/cross/lib/gcc/avr/4.7.2/avr5/libgcc.a(_usi_to_sf.o)
                                                  /usr/local/cross/lib/gcc/avr/4.7.2/avr5/libgcc.a(_sf_to_si.o)
                                                  /usr/local/cross/lib/gcc/avr/4.7.2/avr5/libgcc.a(_si_to_sf.o)
                                                  /usr/local/cross/lib/gcc/avr/4.7.2/avr5/libgcc.a(_unord_sf.o)
                                                  /usr/local/cross/lib/gcc/avr/4.7.2/avr5/libgcc.a(_le_sf.o)
                                                  /usr/local/cross/lib/gcc/avr/4.7.2/avr5/libgcc.a(_lt_sf.o)
                                                  /usr/local/cross/lib/gcc/avr/4.7.2/avr5/libgcc.a(_ge_sf.o)
                                                  /usr/local/cross/lib/gcc/avr/4.7.2/avr5/libgcc.a(_gt_sf.o)
                                                  /usr/local/cross/lib/gcc/avr/4.7.2/avr5/libgcc.a(_div_sf.o)
                                                  /usr/local/cross/lib/gcc/avr/4.7.2/avr5/libgcc.a(_mul_sf.o)
                                                  /usr/local/cross/lib/gcc/avr/4.7.2/avr5/libgcc.a(_addsub_sf.o)
__fixsfsi                                         /usr/local/cross/lib/gcc/avr/4.7.2/avr5/libgcc.a(_sf_to_si.o)
                                                  /usr/local/cross/lib/gcc/avr/4.7.2/avr5/libgcc.a(_fixunssfsi.o)
                                                  ./arduino/Print.o
__fixunssfsi                                      /usr/local/cross/lib/gcc/avr/4.7.2/avr5/libgcc.a(_fixunssfsi.o)
                                                  ./arduino/Print.o
__floatsisf                                       /usr/local/cross/lib/gcc/avr/4.7.2/avr5/libgcc.a(_si_to_sf.o)
                                                  ./arduino/Stream.o
                                                  ./arduino/Print.o
__floatunsisf                                     /usr/local/cross/lib/gcc/avr/4.7.2/avr5/libgcc.a(_usi_to_sf.o)
                                                  ./arduino/Print.o
__flp                                             ./arduino/malloc.o
__fpcmp_parts_f                                   /usr/local/cross/lib/gcc/avr/4.7.2/avr5/libgcc.a(_fpcmp_parts_sf.o)
                                                  /usr/local/cross/lib/gcc/avr/4.7.2/avr5/libgcc.a(_le_sf.o)
                                                  /usr/local/cross/lib/gcc/avr/4.7.2/avr5/libgcc.a(_lt_sf.o)
                                                  /usr/local/cross/lib/gcc/avr/4.7.2/avr5/libgcc.a(_ge_sf.o)
                                                  /usr/local/cross/lib/gcc/avr/4.7.2/avr5/libgcc.a(_gt_sf.o)
__gesf2                                           /usr/local/cross/lib/gcc/avr/4.7.2/avr5/libgcc.a(_ge_sf.o)
                                                  /usr/local/cross/lib/gcc/avr/4.7.2/avr5/libgcc.a(_fixunssfsi.o)
__gtsf2                                           /usr/local/cross/lib/gcc/avr/4.7.2/avr5/libgcc.a(_gt_sf.o)
                                                  ./arduino/Print.o
__heap_end                                        /usr/local/cross/lib/gcc/avr/4.7.2/../../../../avr/lib/avr5/crtm328p.o
__heap_start                                      ./arduino/malloc.o
__init                                            /usr/local/cross/lib/gcc/avr/4.7.2/../../../../avr/lib/avr5/crtm328p.o
__lesf2                                           /usr/local/cross/lib/gcc/avr/4.7.2/avr5/libgcc.a(_le_sf.o)
                                                  ./arduino/Print.o
__ltsf2                                           /usr/local/cross/lib/gcc/avr/4.7.2/avr5/libgcc.a(_lt_sf.o)
                                                  ./arduino/Print.o
__mulsf3                                          /usr/local/cross/lib/gcc/avr/4.7.2/avr5/libgcc.a(_mul_sf.o)
                                                  ./arduino/Stream.o
                                                  ./arduino/Print.o
__mulsi3                                          /usr/local/cross/lib/gcc/avr/4.7.2/avr5/libgcc.a(_mulsi3.o)
                                                  /usr/local/cross/lib/gcc/avr/4.7.2/../../../../avr/lib/avr5/libc.a(random.o)
                                                  ./arduino/WMath.o
__mulsi_const_10                                  /usr/local/cross/lib/gcc/avr/4.7.2/../../../../avr/lib/avr5/libc.a(mulsi10.o)
                                                  /usr/local/cross/lib/gcc/avr/4.7.2/../../../../avr/lib/avr5/libc.a(atol.o)
__muluhisi3                                       /usr/local/cross/lib/gcc/avr/4.7.2/avr5/libgcc.a(_muluhisi3.o)
                                                  /usr/local/cross/lib/gcc/avr/4.7.2/avr5/libgcc.a(_mulsi3.o)
                                                  ./arduino/wiring_pulse.o
                                                  ./arduino/Tone.o
                                                  ./arduino/Stream.o
__pack_f                                          /usr/local/cross/lib/gcc/avr/4.7.2/avr5/libgcc.a(_pack_sf.o)
                                                  /usr/local/cross/lib/gcc/avr/4.7.2/avr5/libgcc.a(_usi_to_sf.o)
                                                  /usr/local/cross/lib/gcc/avr/4.7.2/avr5/libgcc.a(_si_to_sf.o)
                                                  /usr/local/cross/lib/gcc/avr/4.7.2/avr5/libgcc.a(_div_sf.o)
                                                  /usr/local/cross/lib/gcc/avr/4.7.2/avr5/libgcc.a(_mul_sf.o)
                                                  /usr/local/cross/lib/gcc/avr/4.7.2/avr5/libgcc.a(_addsub_sf.o)
__prologue_saves__                                /usr/local/cross/lib/gcc/avr/4.7.2/avr5/libgcc.a(_prologue.o)
                                                  /usr/local/cross/lib/gcc/avr/4.7.2/../../../../avr/lib/avr5/libc.a(random.o)
                                                  /usr/local/cross/lib/gcc/avr/4.7.2/avr5/libgcc.a(_usi_to_sf.o)
                                                  /usr/local/cross/lib/gcc/avr/4.7.2/avr5/libgcc.a(_sf_to_si.o)
                                                  /usr/local/cross/lib/gcc/avr/4.7.2/avr5/libgcc.a(_si_to_sf.o)
                                                  /usr/local/cross/lib/gcc/avr/4.7.2/avr5/libgcc.a(_unord_sf.o)
                                                  /usr/local/cross/lib/gcc/avr/4.7.2/avr5/libgcc.a(_le_sf.o)
                                                  /usr/local/cross/lib/gcc/avr/4.7.2/avr5/libgcc.a(_lt_sf.o)
                                                  /usr/local/cross/lib/gcc/avr/4.7.2/avr5/libgcc.a(_ge_sf.o)
                                                  /usr/local/cross/lib/gcc/avr/4.7.2/avr5/libgcc.a(_gt_sf.o)
                                                  /usr/local/cross/lib/gcc/avr/4.7.2/avr5/libgcc.a(_div_sf.o)
                                                  /usr/local/cross/lib/gcc/avr/4.7.2/avr5/libgcc.a(_mul_sf.o)
                                                  /usr/local/cross/lib/gcc/avr/4.7.2/avr5/libgcc.a(_addsub_sf.o)
__stack                                           /usr/local/cross/lib/gcc/avr/4.7.2/../../../../avr/lib/avr5/crtm328p.o
__subsf3                                          /usr/local/cross/lib/gcc/avr/4.7.2/avr5/libgcc.a(_addsub_sf.o)
                                                  /usr/local/cross/lib/gcc/avr/4.7.2/avr5/libgcc.a(_fixunssfsi.o)
                                                  ./arduino/Print.o
__tablejump2__                                    /usr/local/cross/lib/gcc/avr/4.7.2/avr5/libgcc.a(_tablejump.o)
__tablejump__                                     /usr/local/cross/lib/gcc/avr/4.7.2/avr5/libgcc.a(_tablejump.o)
                                                  /usr/local/cross/lib/gcc/avr/4.7.2/avr5/libgcc.a(_ctors.o)
__thenan_sf                                       /usr/local/cross/lib/gcc/avr/4.7.2/avr5/libgcc.a(_thenan_sf.o)
                                                  /usr/local/cross/lib/gcc/avr/4.7.2/avr5/libgcc.a(_div_sf.o)
                                                  /usr/local/cross/lib/gcc/avr/4.7.2/avr5/libgcc.a(_mul_sf.o)
                                                  /usr/local/cross/lib/gcc/avr/4.7.2/avr5/libgcc.a(_addsub_sf.o)
__udivmodhi4                                      /usr/local/cross/lib/gcc/avr/4.7.2/avr5/libgcc.a(_udivmodhi4.o)
                                                  /usr/local/cross/lib/gcc/avr/4.7.2/../../../../avr/lib/avr5/libc.a(utoa.o)
                                                  /usr/local/cross/lib/gcc/avr/4.7.2/../../../../avr/lib/avr5/libc.a(itoa.o)
__udivmodsi4                                      /usr/local/cross/lib/gcc/avr/4.7.2/avr5/libgcc.a(_udivmodsi4.o)
                                                  /usr/local/cross/lib/gcc/avr/4.7.2/../../../../avr/lib/avr5/libc.a(ultoa.o)
                                                  /usr/local/cross/lib/gcc/avr/4.7.2/../../../../avr/lib/avr5/libc.a(ltoa.o)
                                                  /usr/local/cross/lib/gcc/avr/4.7.2/avr5/libgcc.a(_divmodsi4.o)
                                                  ./arduino/Tone.o
                                                  ./arduino/Print.o
                                                  ./arduino/HardwareSerial.o
__umulhisi3                                       /usr/local/cross/lib/gcc/avr/4.7.2/avr5/libgcc.a(_umulhisi3.o)
                                                  /usr/local/cross/lib/gcc/avr/4.7.2/avr5/libgcc.a(_muluhisi3.o)
__unordsf2                                        /usr/local/cross/lib/gcc/avr/4.7.2/avr5/libgcc.a(_unord_sf.o)
                                                  ./arduino/Print.o
__unpack_f                                        /usr/local/cross/lib/gcc/avr/4.7.2/avr5/libgcc.a(_unpack_sf.o)
                                                  /usr/local/cross/lib/gcc/avr/4.7.2/avr5/libgcc.a(_sf_to_si.o)
                                                  /usr/local/cross/lib/gcc/avr/4.7.2/avr5/libgcc.a(_unord_sf.o)
                                                  /usr/local/cross/lib/gcc/avr/4.7.2/avr5/libgcc.a(_le_sf.o)
                                                  /usr/local/cross/lib/gcc/avr/4.7.2/avr5/libgcc.a(_lt_sf.o)
                                                  /usr/local/cross/lib/gcc/avr/4.7.2/avr5/libgcc.a(_ge_sf.o)
                                                  /usr/local/cross/lib/gcc/avr/4.7.2/avr5/libgcc.a(_gt_sf.o)
                                                  /usr/local/cross/lib/gcc/avr/4.7.2/avr5/libgcc.a(_div_sf.o)
                                                  /usr/local/cross/lib/gcc/avr/4.7.2/avr5/libgcc.a(_mul_sf.o)
                                                  /usr/local/cross/lib/gcc/avr/4.7.2/avr5/libgcc.a(_addsub_sf.o)
__vector_1                                        ./arduino/WInterrupts.o
                                                  /usr/local/cross/lib/gcc/avr/4.7.2/../../../../avr/lib/avr5/crtm328p.o
__vector_10                                       /usr/local/cross/lib/gcc/avr/4.7.2/../../../../avr/lib/avr5/crtm328p.o
__vector_11                                       /usr/local/cross/lib/gcc/avr/4.7.2/../../../../avr/lib/avr5/crtm328p.o
__vector_12                                       /usr/local/cross/lib/gcc/avr/4.7.2/../../../../avr/lib/avr5/crtm328p.o
__vector_13                                       /usr/local/cross/lib/gcc/avr/4.7.2/../../../../avr/lib/avr5/crtm328p.o
__vector_14                                       ./libraries/FreeRTOS_AVR/utility/port.o
                                                  /usr/local/cross/lib/gcc/avr/4.7.2/../../../../avr/lib/avr5/crtm328p.o
__vector_15                                       /usr/local/cross/lib/gcc/avr/4.7.2/../../../../avr/lib/avr5/crtm328p.o
__vector_16                                       ./arduino/wiring.o
                                                  /usr/local/cross/lib/gcc/avr/4.7.2/../../../../avr/lib/avr5/crtm328p.o
__vector_17                                       /usr/local/cross/lib/gcc/avr/4.7.2/../../../../avr/lib/avr5/crtm328p.o
__vector_18                                       ./arduino/HardwareSerial.o
                                                  /usr/local/cross/lib/gcc/avr/4.7.2/../../../../avr/lib/avr5/crtm328p.o
__vector_19                                       ./arduino/HardwareSerial.o
                                                  /usr/local/cross/lib/gcc/avr/4.7.2/../../../../avr/lib/avr5/crtm328p.o
__vector_2                                        ./arduino/WInterrupts.o
                                                  /usr/local/cross/lib/gcc/avr/4.7.2/../../../../avr/lib/avr5/crtm328p.o
__vector_20                                       /usr/local/cross/lib/gcc/avr/4.7.2/../../../../avr/lib/avr5/crtm328p.o
__vector_21                                       /usr/local/cross/lib/gcc/avr/4.7.2/../../../../avr/lib/avr5/crtm328p.o
__vector_22                                       /usr/local/cross/lib/gcc/avr/4.7.2/../../../../avr/lib/avr5/crtm328p.o
__vector_23                                       /usr/local/cross/lib/gcc/avr/4.7.2/../../../../avr/lib/avr5/crtm328p.o
__vector_24                                       ./libraries/Wire/utility/twi.o
                                                  /usr/local/cross/lib/gcc/avr/4.7.2/../../../../avr/lib/avr5/crtm328p.o
__vector_25                                       /usr/local/cross/lib/gcc/avr/4.7.2/../../../../avr/lib/avr5/crtm328p.o
__vector_3                                        /usr/local/cross/lib/gcc/avr/4.7.2/../../../../avr/lib/avr5/crtm328p.o
__vector_4                                        /usr/local/cross/lib/gcc/avr/4.7.2/../../../../avr/lib/avr5/crtm328p.o
__vector_5                                        /usr/local/cross/lib/gcc/avr/4.7.2/../../../../avr/lib/avr5/crtm328p.o
__vector_6                                        /usr/local/cross/lib/gcc/avr/4.7.2/../../../../avr/lib/avr5/crtm328p.o
__vector_7                                        ./arduino/Tone.o
                                                  /usr/local/cross/lib/gcc/avr/4.7.2/../../../../avr/lib/avr5/crtm328p.o
__vector_8                                        /usr/local/cross/lib/gcc/avr/4.7.2/../../../../avr/lib/avr5/crtm328p.o
__vector_9                                        /usr/local/cross/lib/gcc/avr/4.7.2/../../../../avr/lib/avr5/crtm328p.o
__vector_default                                  /usr/local/cross/lib/gcc/avr/4.7.2/../../../../avr/lib/avr5/crtm328p.o
__vectors                                         /usr/local/cross/lib/gcc/avr/4.7.2/../../../../avr/lib/avr5/crtm328p.o
_exit                                             /usr/local/cross/lib/gcc/avr/4.7.2/avr5/libgcc.a(_exit.o)
analogRead                                        ./arduino/wiring_analog.o
analogReference                                   ./arduino/wiring_analog.o
analogWrite                                       ./arduino/wiring_analog.o
analog_reference                                  ./arduino/wiring_analog.o
atol                                              /usr/local/cross/lib/gcc/avr/4.7.2/../../../../avr/lib/avr5/libc.a(atol.o)
                                                  ./arduino/WString.o
attachInterrupt                                   ./arduino/WInterrupts.o
buttons                                           ./setuploop_ColoLCD.o
cont                                              ./setuploop_ColoLCD.o
delay                                             ./arduino/wiring.o
                                                  ./setuploop_ColoLCD.o
                                                  ./libraries/ColorLCDShield/ColorLCDShield.o
                                                  ./libraries/RFID_PN532_I2C/PN532_I2C.o
delayMicroseconds                                 ./arduino/wiring.o
                                                  ./libraries/ColorLCDShield/ColorLCDShield.o
                                                  ./libraries/RFID_PN532_I2C/PN532_I2C.o
detachInterrupt                                   ./arduino/WInterrupts.o
digitalRead                                       ./arduino/wiring_digital.o
                                                  ./setuploop_ColoLCD.o
                                                  ./arduino/wiring_shift.o
                                                  ./libraries/RFID_PN532_I2C/PN532_I2C.o
digitalWrite                                      ./arduino/wiring_digital.o
                                                  ./setuploop_ColoLCD.o
                                                  ./arduino/wiring_shift.o
                                                  ./arduino/wiring_analog.o
                                                  ./arduino/Tone.o
                                                  ./libraries/RFID_PN532_I2C/PN532_I2C.o
                                                  ./libraries/Wire/utility/twi.o
digital_pin_to_bit_mask_PGM                       ./arduino/wiring_digital.o
                                                  ./arduino/wiring_pulse.o
                                                  ./arduino/Tone.o
digital_pin_to_port_PGM                           ./arduino/wiring_digital.o
                                                  ./arduino/wiring_pulse.o
                                                  ./arduino/Tone.o
digital_pin_to_timer_PGM                          ./arduino/wiring_digital.o
                                                  ./arduino/wiring_analog.o
disableTimer(unsigned char)                       ./arduino/Tone.o
exit                                              /usr/local/cross/lib/gcc/avr/4.7.2/avr5/libgcc.a(_exit.o)
                                                  /usr/local/cross/lib/gcc/avr/4.7.2/../../../../avr/lib/avr5/crtm328p.o
free                                              ./arduino/malloc.o
                                                  ./arduino/new.o
                                                  ./arduino/WString.o
                                                  ./libraries/FreeRTOS_AVR/utility/heap_3.o
freeHeap                                          ./libraries/FreeRTOS_AVR/FreeRTOS_AVR.o
init                                              ./arduino/wiring.o
                                                  ./arduino/main.o
isspace                                           /usr/local/cross/lib/gcc/avr/4.7.2/../../../../avr/lib/avr5/libc.a(isspace.o)
                                                  ./arduino/WString.o
itoa                                              /usr/local/cross/lib/gcc/avr/4.7.2/../../../../avr/lib/avr5/libc.a(itoa.o)
                                                  ./arduino/WString.o
lcd                                               ./setuploop_ColoLCD.o
loop                                              ./setuploop_ColoLCD.o
                                                  ./arduino/main.o
                                                  ./libraries/FreeRTOS_AVR/idlehook.o
ltoa                                              /usr/local/cross/lib/gcc/avr/4.7.2/../../../../avr/lib/avr5/libc.a(ltoa.o)
                                                  ./arduino/WString.o
main                                              ./arduino/main.o
                                                  /usr/local/cross/lib/gcc/avr/4.7.2/../../../../avr/lib/avr5/crtm328p.o
makeWord(unsigned char, unsigned char)            ./arduino/WMath.o
makeWord(unsigned int)                            ./arduino/WMath.o
malloc                                            ./arduino/malloc.o
                                                  ./arduino/new.o
                                                  ./libraries/FreeRTOS_AVR/utility/heap_3.o
map(long, long, long, long, long)                 ./arduino/WMath.o
memcmp                                            /usr/local/cross/lib/gcc/avr/4.7.2/../../../../avr/lib/avr5/libc.a(memcmp.o)
                                                  ./arduino/IPAddress.o
                                                  ./libraries/RFID_PN532_I2C/PN532_I2C.o
memcpy                                            /usr/local/cross/lib/gcc/avr/4.7.2/../../../../avr/lib/avr5/libc.a(memcpy.o)
                                                  /usr/local/cross/lib/gcc/avr/4.7.2/../../../../avr/lib/avr5/libc.a(memmove.o)
                                                  ./arduino/malloc.o
                                                  ./arduino/WString.o
                                                  ./libraries/FreeRTOS_AVR/utility/queue.o
                                                  ./libraries/RFID_PN532_I2C/PN532_I2C.o
memmove                                           /usr/local/cross/lib/gcc/avr/4.7.2/../../../../avr/lib/avr5/libc.a(memmove.o)
                                                  ./arduino/WString.o
                                                  ./libraries/RFID_PN532_I2C/PN532_I2C.o
memset                                            /usr/local/cross/lib/gcc/avr/4.7.2/../../../../avr/lib/avr5/libc.a(memset.o)
                                                  ./libraries/FreeRTOS_AVR/utility/tasks.o
micros                                            ./arduino/wiring.o
millis                                            ./arduino/wiring.o
                                                  ./arduino/Stream.o
                                                  ./libraries/RFID_PN532_I2C/PN532_I2C.o
noTone(unsigned char)                             ./arduino/Tone.o
operator delete(void*)                            ./arduino/new.o
operator delete[](void*)                          ./arduino/new.o
operator new(unsigned int)                        ./arduino/new.o
operator new[](unsigned int)                      ./arduino/new.o
operator+(StringSumHelper const&, String const&)  ./arduino/WString.o
operator+(StringSumHelper const&, char const*)    ./arduino/WString.o
operator+(StringSumHelper const&, char)           ./arduino/WString.o
operator+(StringSumHelper const&, int)            ./arduino/WString.o
operator+(StringSumHelper const&, long)           ./arduino/WString.o
operator+(StringSumHelper const&, unsigned char)  ./arduino/WString.o
operator+(StringSumHelper const&, unsigned int)   ./arduino/WString.o
operator+(StringSumHelper const&, unsigned long)  ./arduino/WString.o
pinMode                                           ./arduino/wiring_digital.o
                                                  ./setuploop_ColoLCD.o
                                                  ./arduino/wiring_analog.o
                                                  ./arduino/Tone.o
                                                  ./libraries/RFID_PN532_I2C/PN532_I2C.o
port_to_input_PGM                                 ./arduino/wiring_digital.o
                                                  ./arduino/wiring_pulse.o
port_to_mode_PGM                                  ./arduino/wiring_digital.o
port_to_output_PGM                                ./arduino/wiring_digital.o
                                                  ./arduino/Tone.o
pulseIn                                           ./arduino/wiring_pulse.o
pvPortMalloc                                      ./libraries/FreeRTOS_AVR/utility/heap_3.o
                                                  ./libraries/FreeRTOS_AVR/utility/tasks.o
                                                  ./libraries/FreeRTOS_AVR/utility/queue.o
                                                  ./libraries/FreeRTOS_AVR/utility/croutine.o
pxCurrentCoRoutine                                ./libraries/FreeRTOS_AVR/utility/croutine.o
pxCurrentTCB                                      ./libraries/FreeRTOS_AVR/utility/tasks.o
                                                  ./libraries/FreeRTOS_AVR/utility/port.o
pxPortInitialiseStack                             ./libraries/FreeRTOS_AVR/utility/port.o
                                                  ./libraries/FreeRTOS_AVR/utility/tasks.o
random                                            /usr/local/cross/lib/gcc/avr/4.7.2/../../../../avr/lib/avr5/libc.a(random.o)
                                                  ./arduino/WMath.o
random(long)                                      ./arduino/WMath.o
random(long, long)                                ./arduino/WMath.o
randomSeed(unsigned int)                          ./arduino/WMath.o
random_r                                          /usr/local/cross/lib/gcc/avr/4.7.2/../../../../avr/lib/avr5/libc.a(random.o)
realloc                                           ./arduino/malloc.o
                                                  ./arduino/WString.o
rx_buffer                                         ./arduino/HardwareSerial.o
serialEvent()                                     ./arduino/HardwareSerial.o
serialEventRun()                                  ./arduino/HardwareSerial.o
                                                  ./arduino/main.o
setup                                             ./setuploop_ColoLCD.o
                                                  ./arduino/main.o
shiftIn                                           ./arduino/wiring_shift.o
shiftOut                                          ./arduino/wiring_shift.o
srandom                                           /usr/local/cross/lib/gcc/avr/4.7.2/../../../../avr/lib/avr5/libc.a(random.o)
                                                  ./arduino/WMath.o
strchr                                            /usr/local/cross/lib/gcc/avr/4.7.2/../../../../avr/lib/avr5/libc.a(strchr.o)
                                                  ./arduino/WString.o
strcmp                                            /usr/local/cross/lib/gcc/avr/4.7.2/../../../../avr/lib/avr5/libc.a(strcmp.o)
                                                  ./arduino/WString.o
strcpy                                            /usr/local/cross/lib/gcc/avr/4.7.2/../../../../avr/lib/avr5/libc.a(strcpy.o)
                                                  ./arduino/WString.o
strncmp                                           /usr/local/cross/lib/gcc/avr/4.7.2/../../../../avr/lib/avr5/libc.a(strncmp.o)
                                                  ./arduino/WString.o
strncpy                                           /usr/local/cross/lib/gcc/avr/4.7.2/../../../../avr/lib/avr5/libc.a(strncpy.o)
                                                  ./arduino/WString.o
                                                  ./libraries/FreeRTOS_AVR/utility/tasks.o
strrchr                                           /usr/local/cross/lib/gcc/avr/4.7.2/../../../../avr/lib/avr5/libc.a(strrchr.o)
                                                  ./arduino/WString.o
strrev                                            /usr/local/cross/lib/gcc/avr/4.7.2/../../../../avr/lib/avr5/libc.a(strrev.o)
                                                  /usr/local/cross/lib/gcc/avr/4.7.2/../../../../avr/lib/avr5/libc.a(utoa.o)
                                                  /usr/local/cross/lib/gcc/avr/4.7.2/../../../../avr/lib/avr5/libc.a(ultoa.o)
                                                  /usr/local/cross/lib/gcc/avr/4.7.2/../../../../avr/lib/avr5/libc.a(ltoa.o)
                                                  /usr/local/cross/lib/gcc/avr/4.7.2/../../../../avr/lib/avr5/libc.a(itoa.o)
strstr                                            /usr/local/cross/lib/gcc/avr/4.7.2/../../../../avr/lib/avr5/libc.a(strstr.o)
                                                  ./arduino/WString.o
testPattern()                                     ./setuploop_ColoLCD.o
timer0_millis                                     ./arduino/wiring.o
timer0_overflow_count                             ./arduino/wiring.o
timer0_pin_mask                                   ./arduino/Tone.o
timer0_pin_port                                   ./arduino/Tone.o
timer0_toggle_count                               ./arduino/Tone.o
timer1_pin_mask                                   ./arduino/Tone.o
timer1_pin_port                                   ./arduino/Tone.o
timer1_toggle_count                               ./arduino/Tone.o
timer2_pin_mask                                   ./arduino/Tone.o
timer2_pin_port                                   ./arduino/Tone.o
timer2_toggle_count                               ./arduino/Tone.o
tolower                                           /usr/local/cross/lib/gcc/avr/4.7.2/../../../../avr/lib/avr5/libc.a(tolower.o)
                                                  ./arduino/WString.o
tone(unsigned char, unsigned int, unsigned long)  ./arduino/Tone.o
toupper                                           /usr/local/cross/lib/gcc/avr/4.7.2/../../../../avr/lib/avr5/libc.a(toupper.o)
                                                  ./arduino/WString.o
twi_attachSlaveRxEvent                            ./libraries/Wire/utility/twi.o
                                                  ./libraries/Wire/Wire.o
twi_attachSlaveTxEvent                            ./libraries/Wire/utility/twi.o
                                                  ./libraries/Wire/Wire.o
twi_init                                          ./libraries/Wire/utility/twi.o
                                                  ./libraries/Wire/Wire.o
twi_readFrom                                      ./libraries/Wire/utility/twi.o
                                                  ./libraries/Wire/Wire.o
twi_releaseBus                                    ./libraries/Wire/utility/twi.o
twi_reply                                         ./libraries/Wire/utility/twi.o
twi_setAddress                                    ./libraries/Wire/utility/twi.o
                                                  ./libraries/Wire/Wire.o
twi_stop                                          ./libraries/Wire/utility/twi.o
twi_transmit                                      ./libraries/Wire/utility/twi.o
                                                  ./libraries/Wire/Wire.o
twi_writeTo                                       ./libraries/Wire/utility/twi.o
                                                  ./libraries/Wire/Wire.o
tx_buffer                                         ./arduino/HardwareSerial.o
ultoa                                             /usr/local/cross/lib/gcc/avr/4.7.2/../../../../avr/lib/avr5/libc.a(ultoa.o)
                                                  ./arduino/WString.o
utoa                                              /usr/local/cross/lib/gcc/avr/4.7.2/../../../../avr/lib/avr5/libc.a(utoa.o)
                                                  ./arduino/WString.o
uxListRemove                                      ./libraries/FreeRTOS_AVR/utility/list.o
                                                  ./libraries/FreeRTOS_AVR/utility/tasks.o
                                                  ./libraries/FreeRTOS_AVR/utility/croutine.o
uxQueueMessagesWaiting                            ./libraries/FreeRTOS_AVR/utility/queue.o
uxQueueMessagesWaitingFromISR                     ./libraries/FreeRTOS_AVR/utility/queue.o
uxTaskGetNumberOfTasks                            ./libraries/FreeRTOS_AVR/utility/tasks.o
uxTaskGetStackHighWaterMark                       ./libraries/FreeRTOS_AVR/utility/tasks.o
uxTaskPriorityGet                                 ./libraries/FreeRTOS_AVR/utility/tasks.o
vApplicationIdleHook                              ./libraries/FreeRTOS_AVR/idlehook.o
                                                  ./libraries/FreeRTOS_AVR/utility/tasks.o
vApplicationTickHook                              ./libraries/FreeRTOS_AVR/idlehook.o
                                                  ./libraries/FreeRTOS_AVR/utility/tasks.o
vCoRoutineAddToDelayedList                        ./libraries/FreeRTOS_AVR/utility/croutine.o
                                                  ./libraries/FreeRTOS_AVR/utility/queue.o
vCoRoutineSchedule                                ./libraries/FreeRTOS_AVR/utility/croutine.o
vListInitialise                                   ./libraries/FreeRTOS_AVR/utility/list.o
                                                  ./libraries/FreeRTOS_AVR/utility/tasks.o
                                                  ./libraries/FreeRTOS_AVR/utility/queue.o
                                                  ./libraries/FreeRTOS_AVR/utility/croutine.o
vListInitialiseItem                               ./libraries/FreeRTOS_AVR/utility/list.o
                                                  ./libraries/FreeRTOS_AVR/utility/tasks.o
                                                  ./libraries/FreeRTOS_AVR/utility/croutine.o
vListInsert                                       ./libraries/FreeRTOS_AVR/utility/list.o
                                                  ./libraries/FreeRTOS_AVR/utility/tasks.o
                                                  ./libraries/FreeRTOS_AVR/utility/croutine.o
vListInsertEnd                                    ./libraries/FreeRTOS_AVR/utility/list.o
                                                  ./libraries/FreeRTOS_AVR/utility/tasks.o
                                                  ./libraries/FreeRTOS_AVR/utility/croutine.o
vPortEndScheduler                                 ./libraries/FreeRTOS_AVR/utility/port.o
                                                  ./libraries/FreeRTOS_AVR/utility/tasks.o
vPortFree                                         ./libraries/FreeRTOS_AVR/utility/heap_3.o
                                                  ./libraries/FreeRTOS_AVR/utility/tasks.o
                                                  ./libraries/FreeRTOS_AVR/utility/queue.o
vPortYield                                        ./libraries/FreeRTOS_AVR/utility/port.o
                                                  ./libraries/FreeRTOS_AVR/utility/tasks.o
                                                  ./libraries/FreeRTOS_AVR/utility/queue.o
vPortYieldFromTick                                ./libraries/FreeRTOS_AVR/utility/port.o
vPrintString(char const*)                         ./libraries/FreeRTOS_AVR/basic_io_avr.o
vPrintStringAndNumber(char const*, unsigned long) ./libraries/FreeRTOS_AVR/basic_io_avr.o
vQueueDelete                                      ./libraries/FreeRTOS_AVR/utility/queue.o
vTaskDelay                                        ./libraries/FreeRTOS_AVR/utility/tasks.o
vTaskDelayUntil                                   ./libraries/FreeRTOS_AVR/utility/tasks.o
vTaskDelete                                       ./libraries/FreeRTOS_AVR/utility/tasks.o
vTaskEndScheduler                                 ./libraries/FreeRTOS_AVR/utility/tasks.o
                                                  ./libraries/FreeRTOS_AVR/basic_io_avr.o
vTaskIncrementTick                                ./libraries/FreeRTOS_AVR/utility/tasks.o
                                                  ./libraries/FreeRTOS_AVR/utility/port.o
vTaskMissedYield                                  ./libraries/FreeRTOS_AVR/utility/tasks.o
                                                  ./libraries/FreeRTOS_AVR/utility/queue.o
vTaskPlaceOnEventList                             ./libraries/FreeRTOS_AVR/utility/tasks.o
                                                  ./libraries/FreeRTOS_AVR/utility/queue.o
vTaskPriorityDisinherit                           ./libraries/FreeRTOS_AVR/utility/tasks.o
                                                  ./libraries/FreeRTOS_AVR/utility/queue.o
vTaskPriorityInherit                              ./libraries/FreeRTOS_AVR/utility/tasks.o
                                                  ./libraries/FreeRTOS_AVR/utility/queue.o
vTaskPrioritySet                                  ./libraries/FreeRTOS_AVR/utility/tasks.o
vTaskSetTimeOutState                              ./libraries/FreeRTOS_AVR/utility/tasks.o
                                                  ./libraries/FreeRTOS_AVR/utility/queue.o
vTaskStartScheduler                               ./libraries/FreeRTOS_AVR/utility/tasks.o
vTaskSuspendAll                                   ./libraries/FreeRTOS_AVR/utility/tasks.o
                                                  ./libraries/FreeRTOS_AVR/basic_io_avr.o
                                                  ./libraries/FreeRTOS_AVR/utility/queue.o
                                                  ./libraries/FreeRTOS_AVR/utility/heap_3.o
vTaskSwitchContext                                ./libraries/FreeRTOS_AVR/utility/tasks.o
                                                  ./libraries/FreeRTOS_AVR/utility/port.o
vtable for HardwareSerial                         ./arduino/HardwareSerial.o
vtable for IPAddress                              ./arduino/IPAddress.o
vtable for Print                                  ./arduino/Print.o
vtable for Printable                              ./arduino/IPAddress.o
vtable for Stream                                 ./libraries/Wire/Wire.o
                                                  ./arduino/HardwareSerial.o