Archive member included because of file (symbol)

../../lib/libfatfs.a(mmc_rspi.o)
                              fatfs-test.o (disk_timerproc)
../../lib/libfatfs.a(ff.o)    fatfs-test.o (f_mount)
../../lib/gcc/libc.a(lib_a-ctype_.o)
                              libmisc.o (__ctype_ptr__)
../../lib/gcc/libc.a(lib_a-errno.o)
                              ../../common/lowlevel.o (__errno)
../../lib/gcc/libc.a(lib_a-impure.o)
                              main.o (_impure_ptr)
../../lib/gcc/libc.a(lib_a-printf.o)
                              main.o (printf)
../../lib/gcc/libc.a(lib_a-putchar.o)
                              main.o (putchar)
../../lib/gcc/libc.a(lib_a-puts.o)
                              main.o (puts)
../../lib/gcc/libc.a(lib_a-rand.o)
                              libmisc.o (rand)
../../lib/gcc/libc.a(lib_a-setbuf.o)
                              main.o (setbuf)
../../lib/gcc/libc.a(lib_a-setvbuf.o)
                              ../../lib/gcc/libc.a(lib_a-setbuf.o) (setvbuf)
../../lib/gcc/libc.a(lib_a-strlen.o)
                              libmisc.o (strlen)
../../lib/gcc/libc.a(lib_a-strtok.o)
                              main.o (strtok)
../../lib/gcc/libc.a(lib_a-strtok_r.o)
                              ../../lib/gcc/libc.a(lib_a-strtok.o) (__strtok_r)
../../lib/gcc/libc.a(lib_a-vfprintf.o)
                              ../../lib/gcc/libc.a(lib_a-printf.o) (_vfprintf_r)
../../lib/gcc/libc.a(lib_a-wsetup.o)
                              ../../lib/gcc/libc.a(lib_a-vfprintf.o) (__swsetup_r)
../../lib/gcc/libc.a(lib_a-dtoa.o)
                              ../../lib/gcc/libc.a(lib_a-vfprintf.o) (_dtoa_r)
../../lib/gcc/libc.a(lib_a-fflush.o)
                              ../../lib/gcc/libc.a(lib_a-setvbuf.o) (_fflush_r)
../../lib/gcc/libc.a(lib_a-findfp.o)
                              ../../lib/gcc/libc.a(lib_a-setvbuf.o) (_cleanup_r)
../../lib/gcc/libc.a(lib_a-freer.o)
                              ../../lib/gcc/libc.a(lib_a-setvbuf.o) (_free_r)
../../lib/gcc/libc.a(lib_a-fvwrite.o)
                              ../../lib/gcc/libc.a(lib_a-puts.o) (__sfvwrite_r)
../../lib/gcc/libc.a(lib_a-fwalk.o)
                              ../../lib/gcc/libc.a(lib_a-findfp.o) (_fwalk)
../../lib/gcc/libc.a(lib_a-locale.o)
                              ../../lib/gcc/libc.a(lib_a-vfprintf.o) (_localeconv_r)
../../lib/gcc/libc.a(lib_a-makebuf.o)
                              ../../lib/gcc/libc.a(lib_a-wsetup.o) (__smakebuf_r)
../../lib/gcc/libc.a(lib_a-malloc.o)
                              ../../lib/gcc/libc.a(lib_a-setvbuf.o) (malloc)
../../lib/gcc/libc.a(lib_a-mallocr.o)
                              ../../lib/gcc/libc.a(lib_a-findfp.o) (_malloc_r)
../../lib/gcc/libc.a(lib_a-memchr.o)
                              ../../lib/gcc/libc.a(lib_a-vfprintf.o) (memchr)
../../lib/gcc/libc.a(lib_a-memcpy.o)
                              ../../lib/gcc/libc.a(lib_a-dtoa.o) (memcpy)
../../lib/gcc/libc.a(lib_a-memmove.o)
                              ../../lib/gcc/libc.a(lib_a-fvwrite.o) (memmove)
../../lib/gcc/libc.a(lib_a-memset.o)
                              ../../lib/gcc/libc.a(lib_a-findfp.o) (memset)
../../lib/gcc/libc.a(lib_a-mlock.o)
                              ../../lib/gcc/libc.a(lib_a-freer.o) (__malloc_lock)
../../lib/gcc/libc.a(lib_a-mprec.o)
                              ../../lib/gcc/libc.a(lib_a-dtoa.o) (_Balloc)
../../lib/gcc/libc.a(lib_a-putc.o)
                              ../../lib/gcc/libc.a(lib_a-putchar.o) (_putc_r)
../../lib/gcc/libc.a(lib_a-reallocr.o)
                              ../../lib/gcc/libc.a(lib_a-fvwrite.o) (_realloc_r)
../../lib/gcc/libc.a(lib_a-sbrkr.o)
                              ../../lib/gcc/libc.a(lib_a-freer.o) (_sbrk_r)
../../lib/gcc/libc.a(lib_a-sf_fpclassify.o)
                              ../../lib/gcc/libc.a(lib_a-vfprintf.o) (__fpclassifyf)
../../lib/gcc/libc.a(lib_a-stdio.o)
                              ../../lib/gcc/libc.a(lib_a-findfp.o) (__sread)
../../lib/gcc/libc.a(lib_a-strcmp.o)
                              ../../lib/gcc/libc.a(lib_a-locale.o) (strcmp)
../../lib/gcc/libc.a(lib_a-vfiprintf.o)
                              ../../lib/gcc/libc.a(lib_a-vfprintf.o) (__sprint_r)
../../lib/gcc/libc.a(lib_a-wbuf.o)
                              ../../lib/gcc/libc.a(lib_a-putc.o) (__swbuf_r)
../../lib/gcc/libc.a(lib_a-writer.o)
                              ../../lib/gcc/libc.a(lib_a-stdio.o) (_write_r)
../../lib/gcc/libc.a(lib_a-callocr.o)
                              ../../lib/gcc/libc.a(lib_a-mprec.o) (_calloc_r)
../../lib/gcc/libc.a(lib_a-closer.o)
                              ../../lib/gcc/libc.a(lib_a-stdio.o) (_close_r)
../../lib/gcc/libc.a(lib_a-fclose.o)
                              ../../lib/gcc/libc.a(lib_a-findfp.o) (fclose)
../../lib/gcc/libc.a(lib_a-fputwc.o)
                              ../../lib/gcc/libc.a(lib_a-vfiprintf.o) (_fputwc_r)
../../lib/gcc/libc.a(lib_a-fstatr.o)
[...]
Memory Configuration

Name             Origin             Length             Attributes
*default*        0x00000000         0xffffffff

Linker script and memory map

LOAD start.o
LOAD main.o
LOAD fatfs-test.o
LOAD ../../common/intvect.o
LOAD ../../common/lowlevel.o
LOAD libmisc.o
LOAD command.o
LOAD usbshow.o
                0x00017c00                _usp_init = 0x17c00
                0x00018000                _isp_init = 0x18000

.fvectors       0xffffffd0       0x30
 *.o(.fvectors)
 .fvectors      0xffffffd0       0x30 ../../common/intvect.o
                0xffffffd0                Fixed_Vectors

.rvectors       0xfff80000      0x400
 *.o(.rvectors)
 .rvectors      0xfff80000      0x400 ../../common/intvect.o
                0xfff80000                Relocatable_Vectors

.text           0xfff80400     0xe908
                0xfff80400                PROVIDE (_start, .)
 *(.text P .stub .text.* .gnu.linkonce.t.*)
 P              0xfff80400       0xc8 start.o
                0xfff80400                start
                0xfff80400                PowerON_Reset_PC
                0xfff804c6                _rx_fini
                0xfff804c7                __cxa_atexit
 P              0xfff804c8      0x428 main.o
                0xfff804c8                usbhost_show
                0xfff8056b                process_scirxtx
                0xfff80816                print_prompt
 .text.startup  0xfff808f0      0x200 main.o
                0xfff808f0                main
 P              0xfff80af0      0x328 fatfs-test.o
                0xfff80af0                timer_interrupt_function
                0xfff80af4                scan_files
                0xfff80c6d                fatfs_init
                0xfff80c83                fatfs_dir
                0xfff80cd4                fatfs_cd
                0xfff80d5a                fatfs_type
                0xfff80e08                fatfs_getcwd
                0xfff80e0c                get_fattime
 P              0xfff80e18      0x444 ../../common/intvect.o
                0xfff80e18                Excep_SuperVisorInst
                0xfff80e20                Excep_UndefinedInst
                0xfff80e28                Excep_FloatingPoint
                0xfff80e30                NonMaskableInterrupt
                0xfff80e38                Excep_BRK
                0xfff80e40                Excep_BUSERR
                0xfff80e48                Excep_FCU_FCUERR
                0xfff80e50                Excep_FCU_FRDYI
                0xfff80e58                Excep_ICU_SWINT
                0xfff80e60                Excep_CMTU0_CMT1
                0xfff80e68                Excep_CMTU1_CMT3
                0xfff80e70                Excep_USB0_D0FIFO0
                0xfff80e78                Excep_USB0_D1FIFO0
                0xfff80e80                Excep_USB0_USBI0
                0xfff80e92                Excep_USB1_D0FIFO1
                0xfff80e9a                Excep_USB1_D1FIFO1
                0xfff80ea2                Excep_USB1_USBI1
                0xfff80eb4                Excep_RSPI0_SPEI0
                0xfff80ebc                Excep_RSPI0_SPRI0
                0xfff80ec4                Excep_RSPI0_SPTI0
                0xfff80ecc                Excep_RSPI0_SPII0
                0xfff80ed4                Excep_RSPI1_SPEI1
                0xfff80edc                Excep_RSPI1_SPRI1
                0xfff80ee4                Excep_RSPI1_SPTI1
                0xfff80eec                Excep_RSPI1_SPII1
                0xfff80ef4                Excep_CAN0_ERS0
                0xfff80efc                Excep_CAN0_RXF0
                0xfff80f04                Excep_CAN0_TXF0
                0xfff80f0c                Excep_CAN0_RXM0
                0xfff80f14                Excep_CAN0_TXM0
                0xfff80f1c                Excep_RTC_PRD
                0xfff80f24                Excep_RTC_CUP
                0xfff80f2c                Excep_IRQ8
                0xfff80f34                Excep_IRQ9
                0xfff80f3c                Excep_IRQ10
                0xfff80f44                Excep_IRQ11
                0xfff80f4c                Excep_IRQ12
                0xfff80f54                Excep_IRQ13
                0xfff80f5c                Excep_IRQ14
                0xfff80f64                Excep_IRQ15
                0xfff80f6c                Excep_USB_USBR0
                0xfff80f74                Excep_USB_USBR1
                0xfff80f7c                Excep_RTC_ALM
                0xfff80f84                Excep_WDT_WOVI
                0xfff80f8c                Excep_AD0_ADI0
                0xfff80f94                Excep_AD1_ADI1
                0xfff80f9c                Excep_S12AD_ADI12
                0xfff80fa4                Excep_MTU0_TCIV0
                0xfff80fac                Excep_MTU1_TGIB1
                0xfff80fb4                Excep_MTU1_TCIV1
                0xfff80fbc                Excep_MTU1_TCIU1
                0xfff80fc4                Excep_MTU2_TGIB2
                0xfff80fcc                Excep_MTU2_TCIV2
                0xfff80fd4                Excep_MTU2_TCIU2
                0xfff80fdc                Excep_MTU3_TGIA3
                0xfff80fe4                Excep_MTU3_TGIB3
                0xfff80fec                Excep_MTU3_TGIC3
                0xfff80ff4                Excep_MTU3_TGID3
                0xfff80ffc                Excep_MTU3_TCIV3
                0xfff81004                Excep_MTU4_TGIA4
                0xfff8100c                Excep_MTU4_TGIB4
                0xfff81014                Excep_MTU4_TGIC4
                0xfff8101c                Excep_MTU4_TGID4
                0xfff81024                Excep_MTU4_TCIV4
                0xfff8102c                Excep_MTU5_TCIU5
                0xfff81034                Excep_MTU5_TCIV5
                0xfff8103c                Excep_MTU5_TCIW5
                0xfff81044                Excep_MTU6_TGIA6
                0xfff8104c                Excep_MTU6_TGIB6
                0xfff81054                Excep_MTU6_TGIC6
                0xfff8105c                Excep_MTU6_TGID6
                0xfff81064                Excep_MTU6_TCIV6
                0xfff8106c                Excep_MTU6_TGIE6
                0xfff81074                Excep_MTU6_TGIF6
                0xfff8107c                Excep_MTU7_TGIA7
                0xfff81084                Excep_MTU7_TGIB7
                0xfff8108c                Excep_MTU7_TCIV7
                0xfff81094                Excep_MTU7_TCIU7
                0xfff8109c                Excep_MTU8_TGIA8
                0xfff810a4                Excep_MTU8_TGIB8
                0xfff810ac                Excep_MTU8_TCIV8
                0xfff810b4                Excep_MTU8_TCIU8
                0xfff810bc                Excep_MTU9_TGIA9
                0xfff810c4                Excep_MTU9_TGIB9
                0xfff810cc                Excep_MTU9_TGIC9
                0xfff810d4                Excep_MTU9_TGID9
                0xfff810dc                Excep_MTU9_TCIV9
                0xfff810e4                Excep_MTU10_TGIA10
                0xfff810ec                Excep_MTU10_TGIB10
                0xfff810f4                Excep_MTU10_TGIC10
                0xfff810fc                Excep_MTU10_TGID10
                0xfff81104                Excep_MTU10_TCIV10
                0xfff8110c                Excep_MTU11_TCIU11
                0xfff81114                Excep_MTU11_TCIV11
                0xfff8111c                Excep_MTU11_TCIW11
                0xfff81124                Excep_POE_OEI1
                0xfff8112c                Excep_POE_OEI2
                0xfff81134                Excep_POE_OEI3
                0xfff8113c                Excep_POE_OEI4
                0xfff81144                Excep_TMR0_CMI0A
                0xfff8114c                Excep_TMR0_CMI0B
                0xfff81154                Excep_TMR0_OV0I
                0xfff8115c                Excep_TMR1_CMI1A
                0xfff81164                Excep_TMR1_CMI1B
                0xfff8116c                Excep_TMR1_OV1I
                0xfff81174                Excep_TMR2_CMI2A
                0xfff8117c                Excep_TMR2_CMI2B
                0xfff81184                Excep_TMR2_OV2I
                0xfff8118c                Excep_TMR3_CMI3A
                0xfff81194                Excep_TMR3_CMI3B
                0xfff8119c                Excep_TMR3_OV3I
                0xfff811a4                Excep_DMACA_DMAC0
                0xfff811ac                Excep_DMACA_DMAC1
                0xfff811b4                Excep_DMACA_DMAC2
                0xfff811bc                Excep_DMACA_DMAC3
                0xfff811c4                Excep_EXDMAC_DMAC0
                0xfff811cc                Excep_EXDMAC_DMAC1
                0xfff811d4                Excep_SCI3_ERI3
                0xfff811dc                Excep_SCI3_RXI3
                0xfff811e4                Excep_SCI3_TXI3
                0xfff811ec                Excep_SCI3_TEI3
                0xfff811f4                Excep_SCI5_ERI5
                0xfff811fc                Excep_SCI5_RXI5
                0xfff81204                Excep_SCI5_TXI5
                0xfff8120c                Excep_SCI5_TEI5
                0xfff81214                Excep_RIIC0_EEI0
                0xfff8121c                Excep_RIIC0_RXI0
                0xfff81224                Excep_RIIC0_TXI0
                0xfff8122c                Excep_RIIC0_TEI0
                0xfff81234                Excep_RIIC1_EEI1
                0xfff8123c                Excep_RIIC1_RXI1
                0xfff81244                Excep_RIIC1_TXI1
                0xfff8124c                Excep_RIIC1_TEI1
                0xfff81254                Dummy
 *fill*         0xfff8125c        0x4 00
 P              0xfff81260      0x130 ../../common/lowlevel.o
                0xfff81260                sbrk
                0xfff81260                _sbrk
                0xfff8126f                open
                0xfff81272                read
                0xfff812f8                write
                0xfff81351                lseek
                0xfff81354                isatty
                0xfff81357                fstat
                0xfff81387                close
 P              0xfff81390      0x3c8 libmisc.o
                0xfff81390                atoi
                0xfff813c2                htoi
                0xfff813f2                int2hex
                0xfff8143d                int2asc
                0xfff814c2                trim
                0xfff81591                get_token
                0xfff81658                hex_to_ulong
                0xfff816a9                htouc
                0xfff816d5                myrand
                0xfff816f6                buzz_ok
                0xfff81727                buzz_ng
 P              0xfff81758      0xa48 command.o
                0xfff81758                sci_getc_wait
                0xfff8176c                load_srec_line
                0xfff8192d                cmd_help
                0xfff819bd                cmd_dump
                0xfff81aca                cmd_memwr
                0xfff81bca                cmd_memfill
                0xfff81c51                cmd_jmp
                0xfff81c95                cmd_reboot
                0xfff81d47                cmd_dir
                0xfff81d64                cmd_cd
                0xfff81d81                cmd_type
                0xfff81d9e                cmd_load
                0xfff81df3                cmd_spirom_id
                0xfff81e82                spirom_read
                0xfff81ece                cmd_spirom_dump
                0xfff81ff5                cmd_spi
                0xfff8207f                cmd_time
                0xfff82185                cmd_run
 P              0xfff821a0      0x410 usbshow.o
                0xfff821a0                dump
                0xfff8220f                ShowDeviceDesc
                0xfff8235d                ShowConfigDesc
                0xfff8241b                ShowInterfaceDesc
                0xfff824b1                ShowEndpointDesc
 P              0xfff825b0      0xb00 ../../lib/libfatfs.a(mmc_rspi.o)
                0xfff8291d                LDDW
                0xfff82921                disk_initialize
                0xfff82b70                disk_status
                0xfff82b86                disk_read
                0xfff82c5f                disk_write
                0xfff82d58                disk_ioctl
                0xfff8305d                disk_timerproc
                0xfff830a7                disk_ins
 P              0xfff830b0     0x21e8 ../../lib/libfatfs.a(ff.o)
                0xfff834e1                clust2sect
                0xfff834f9                get_fat
                0xfff83662                put_fat
                0xfff83d4e                f_mount
                0xfff83d6e                f_open
                0xfff83eae                f_read
                0xfff84089                f_write
                0xfff842b1                f_sync
                0xfff8433d                f_close
                0xfff8434d                f_chdrive
                0xfff84360                f_chdir
                0xfff843c4                f_getcwd
                0xfff84521                f_lseek
                0xfff846cf                f_opendir
                0xfff84730                f_readdir
                0xfff8478b                f_stat
                0xfff847d6                f_getfree
                0xfff848a6                f_truncate
                0xfff84949                f_unlink
                0xfff84a32                f_mkdir
                0xfff84bb4                f_chmod
                0xfff84c17                f_utime
                0xfff84c70                f_rename
                0xfff84de5                f_mkfs
 P              0xfff85298        0x0 ../../lib/gcc/libc.a(lib_a-ctype_.o)
 P              0xfff85298        0x0 ../../lib/gcc/libc.a(lib_a-errno.o)
 .text.__errno  0xfff85298        0x9 ../../lib/gcc/libc.a(lib_a-errno.o)
                0xfff85298                __errno
 P              0xfff852a1        0x0 ../../lib/gcc/libc.a(lib_a-impure.o)
 P              0xfff852a1        0x0 ../../lib/gcc/libc.a(lib_a-printf.o)
 .text._printf_r
                0xfff852a1       0x11 ../../lib/gcc/libc.a(lib_a-printf.o)
                0xfff852a1                _printf_r
 .text.printf   0xfff852b2       0x19 ../../lib/gcc/libc.a(lib_a-printf.o)
                0xfff852b2                printf
 P              0xfff852cb        0x0 ../../lib/gcc/libc.a(lib_a-putchar.o)
 .text._putchar_r
                0xfff852cb        0x6 ../../lib/gcc/libc.a(lib_a-putchar.o)
                0xfff852cb                _putchar_r
 .text.putchar  0xfff852d1       0x13 ../../lib/gcc/libc.a(lib_a-putchar.o)
                0xfff852d1                putchar
 P              0xfff852e4        0x0 ../../lib/gcc/libc.a(lib_a-puts.o)
 *fill*         0xfff852e4        0x4 00
 .text._puts_r  0xfff852e8       0x68 ../../lib/gcc/libc.a(lib_a-puts.o)
                0xfff852e8                _puts_r
 .text.puts     0xfff85350        0xe ../../lib/gcc/libc.a(lib_a-puts.o)
                0xfff85350                puts
 P              0xfff8535e        0x0 ../../lib/gcc/libc.a(lib_a-rand.o)
 .text.srand    0xfff8535e       0x10 ../../lib/gcc/libc.a(lib_a-rand.o)
                0xfff8535e                srand
 .text.rand     0xfff8536e       0x42 ../../lib/gcc/libc.a(lib_a-rand.o)
                0xfff8536e                rand
 P              0xfff853b0        0x0 ../../lib/gcc/libc.a(lib_a-setbuf.o)
 .text.setbuf   0xfff853b0       0x10 ../../lib/gcc/libc.a(lib_a-setbuf.o)
                0xfff853b0                setbuf
 P              0xfff853c0        0x0 ../../lib/gcc/libc.a(lib_a-setvbuf.o)
 .text.setvbuf  0xfff853c0      0x110 ../../lib/gcc/libc.a(lib_a-setvbuf.o)
                0xfff853c0                setvbuf
 P              0xfff854d0        0x0 ../../lib/gcc/libc.a(lib_a-strlen.o)
 .text          0xfff854d0       0x10 ../../lib/gcc/libc.a(lib_a-strlen.o)
                0xfff854d0                strlen
 P              0xfff854e0        0x0 ../../lib/gcc/libc.a(lib_a-strtok.o)
 .text.strtok   0xfff854e0       0x11 ../../lib/gcc/libc.a(lib_a-strtok.o)
                0xfff854e0                strtok
 P              0xfff854f1        0x0 ../../lib/gcc/libc.a(lib_a-strtok_r.o)
 *fill*         0xfff854f1        0x7 00
 .text.__strtok_r
                0xfff854f8       0x70 ../../lib/gcc/libc.a(lib_a-strtok_r.o)
                0xfff854f8                __strtok_r
 .text.strtok_r
                0xfff85568        0x6 ../../lib/gcc/libc.a(lib_a-strtok_r.o)
                0xfff85568                strtok_r
 P              0xfff8556e        0x0 ../../lib/gcc/libc.a(lib_a-vfprintf.o)
 *fill*         0xfff8556e        0x2 00
 .text._vfprintf_r
                0xfff85570     0x1600 ../../lib/gcc/libc.a(lib_a-vfprintf.o)
                0xfff85570                _vfprintf_r
 .text.vfprintf
                0xfff86b70       0x16 ../../lib/gcc/libc.a(lib_a-vfprintf.o)
                0xfff86b70                vfprintf
 P              0xfff86b86        0x0 ../../lib/gcc/libc.a(lib_a-wsetup.o)
 *fill*         0xfff86b86        0x2 00
 .text.__swsetup_r
                0xfff86b88       0xd8 ../../lib/gcc/libc.a(lib_a-wsetup.o)
                0xfff86b88                __swsetup_r
 P              0xfff86c60        0x0 ../../lib/gcc/libc.a(lib_a-dtoa.o)
 .text.quorem   0xfff86c60      0x160 ../../lib/gcc/libc.a(lib_a-dtoa.o)
 .text._dtoa_r  0xfff86dc0      0xcd8 ../../lib/gcc/libc.a(lib_a-dtoa.o)
                0xfff86dc0                _dtoa_r
 P              0xfff87a98        0x0 ../../lib/gcc/libc.a(lib_a-fflush.o)
 .text._fflush_r
                0xfff87a98      0x190 ../../lib/gcc/libc.a(lib_a-fflush.o)
                0xfff87a98                _fflush_r
 .text.fflush   0xfff87c28       0x23 ../../lib/gcc/libc.a(lib_a-fflush.o)
                0xfff87c28                fflush
 P              0xfff87c4b        0x0 ../../lib/gcc/libc.a(lib_a-findfp.o)
 .text.__fp_lock
                0xfff87c4b        0x3 ../../lib/gcc/libc.a(lib_a-findfp.o)
 .text.__fp_unlock
                0xfff87c4e        0x3 ../../lib/gcc/libc.a(lib_a-findfp.o)
 .text._cleanup_r
                0xfff87c51        0xa ../../lib/gcc/libc.a(lib_a-findfp.o)
                0xfff87c51                _cleanup_r
 .text.std.isra.0
                0xfff87c5b       0x49 ../../lib/gcc/libc.a(lib_a-findfp.o)
 *fill*         0xfff87ca4        0x4 00
 .text.__sfmoreglue
                0xfff87ca8       0x30 ../../lib/gcc/libc.a(lib_a-findfp.o)
                0xfff87ca8                __sfmoreglue
 .text._cleanup
                0xfff87cd8        0xc ../../lib/gcc/libc.a(lib_a-findfp.o)
                0xfff87cd8                _cleanup
 .text.__sinit  0xfff87ce4       0x48 ../../lib/gcc/libc.a(lib_a-findfp.o)
                0xfff87ce4                __sinit
 *fill*         0xfff87d2c        0x4 00
 .text.__sfp    0xfff87d30       0xb0 ../../lib/gcc/libc.a(lib_a-findfp.o)
                0xfff87d30                __sfp
 .text.__sfp_lock_acquire
                0xfff87de0        0x1 ../../lib/gcc/libc.a(lib_a-findfp.o)
                0xfff87de0                __sfp_lock_acquire
 .text.__sfp_lock_release
                0xfff87de1        0x1 ../../lib/gcc/libc.a(lib_a-findfp.o)
                0xfff87de1                __sfp_lock_release
 .text.__sinit_lock_acquire
                0xfff87de2        0x1 ../../lib/gcc/libc.a(lib_a-findfp.o)
                0xfff87de2                __sinit_lock_acquire
 .text.__sinit_lock_release
                0xfff87de3        0x1 ../../lib/gcc/libc.a(lib_a-findfp.o)
                0xfff87de3                __sinit_lock_release
 .text.__fp_lock_all
                0xfff87de4       0x12 ../../lib/gcc/libc.a(lib_a-findfp.o)
                0xfff87de4                __fp_lock_all
 .text.__fp_unlock_all
                0xfff87df6       0x12 ../../lib/gcc/libc.a(lib_a-findfp.o)
                0xfff87df6                __fp_unlock_all
 P              0xfff87e08        0x0 ../../lib/gcc/libc.a(lib_a-freer.o)
 .text._malloc_trim_r
                0xfff87e08       0xb0 ../../lib/gcc/libc.a(lib_a-freer.o)
                0xfff87e08                _malloc_trim_r
 .text._free_r  0xfff87eb8      0x1d8 ../../lib/gcc/libc.a(lib_a-freer.o)
                0xfff87eb8                _free_r
 P              0xfff88090        0x0 ../../lib/gcc/libc.a(lib_a-fvwrite.o)
 .text.__sfvwrite_r
                0xfff88090      0x308 ../../lib/gcc/libc.a(lib_a-fvwrite.o)
                0xfff88090                __sfvwrite_r
 P              0xfff88398        0x0 ../../lib/gcc/libc.a(lib_a-fwalk.o)
 .text._fwalk   0xfff88398       0x60 ../../lib/gcc/libc.a(lib_a-fwalk.o)
                0xfff88398                _fwalk
 .text._fwalk_reent
                0xfff883f8       0x60 ../../lib/gcc/libc.a(lib_a-fwalk.o)
                0xfff883f8                _fwalk_reent
 P              0xfff88458        0x0 ../../lib/gcc/libc.a(lib_a-locale.o)
 .text._setlocale_r
                0xfff88458       0x50 ../../lib/gcc/libc.a(lib_a-locale.o)
                0xfff88458                _setlocale_r
 .text.__locale_charset
                0xfff884a8        0x7 ../../lib/gcc/libc.a(lib_a-locale.o)
                0xfff884a8                __locale_charset
 .text.__locale_msgcharset
                0xfff884af        0x7 ../../lib/gcc/libc.a(lib_a-locale.o)
                0xfff884af                __locale_msgcharset
 .text.__locale_cjk_lang
                0xfff884b6        0x3 ../../lib/gcc/libc.a(lib_a-locale.o)
                0xfff884b6                __locale_cjk_lang
 .text._localeconv_r
                0xfff884b9        0x7 ../../lib/gcc/libc.a(lib_a-locale.o)
                0xfff884b9                _localeconv_r
 .text.setlocale
                0xfff884c0       0x12 ../../lib/gcc/libc.a(lib_a-locale.o)
                0xfff884c0                setlocale
 .text.localeconv
                0xfff884d2        0x7 ../../lib/gcc/libc.a(lib_a-locale.o)
                0xfff884d2                localeconv
 P              0xfff884d9        0x0 ../../lib/gcc/libc.a(lib_a-makebuf.o)
 *fill*         0xfff884d9        0x7 00
 .text.__smakebuf_r
                0xfff884e0      0x100 ../../lib/gcc/libc.a(lib_a-makebuf.o)
                0xfff884e0                __smakebuf_r
 P              0xfff885e0        0x0 ../../lib/gcc/libc.a(lib_a-malloc.o)
 .text.malloc   0xfff885e0        0xe ../../lib/gcc/libc.a(lib_a-malloc.o)
                0xfff885e0                malloc
 .text.free     0xfff885ee        0xe ../../lib/gcc/libc.a(lib_a-malloc.o)
                0xfff885ee                free
 P              0xfff885fc        0x0 ../../lib/gcc/libc.a(lib_a-mallocr.o)
 *fill*         0xfff885fc        0x4 00
 .text._malloc_r
                0xfff88600      0x550 ../../lib/gcc/libc.a(lib_a-mallocr.o)
                0xfff88600                _malloc_r
 P              0xfff88b50        0x0 ../../lib/gcc/libc.a(lib_a-memchr.o)
 .text          0xfff88b50        0xf ../../lib/gcc/libc.a(lib_a-memchr.o)
                0xfff88b50                memchr
 P              0xfff88b5f        0x0 ../../lib/gcc/libc.a(lib_a-memcpy.o)
 .text          0xfff88b5f        0x7 ../../lib/gcc/libc.a(lib_a-memcpy.o)
                0xfff88b5f                memcpy
 P              0xfff88b66        0x0 ../../lib/gcc/libc.a(lib_a-memmove.o)
 .text          0xfff88b66       0x17 ../../lib/gcc/libc.a(lib_a-memmove.o)
                0xfff88b66                memmove
 P              0xfff88b7d        0x0 ../../lib/gcc/libc.a(lib_a-memset.o)
 .text          0xfff88b7d        0x7 ../../lib/gcc/libc.a(lib_a-memset.o)
                0xfff88b7d                memset
 P              0xfff88b84        0x0 ../../lib/gcc/libc.a(lib_a-mlock.o)
 .text.__malloc_lock
                0xfff88b84        0x1 ../../lib/gcc/libc.a(lib_a-mlock.o)
                0xfff88b84                __malloc_lock
 .text.__malloc_unlock
                0xfff88b85        0x1 ../../lib/gcc/libc.a(lib_a-mlock.o)
                0xfff88b85                __malloc_unlock
 P              0xfff88b86        0x0 ../../lib/gcc/libc.a(lib_a-mprec.o)
 *fill*         0xfff88b86        0x2 00
 .text._Balloc  0xfff88b88       0x60 ../../lib/gcc/libc.a(lib_a-mprec.o)
                0xfff88b88                _Balloc
 .text._Bfree   0xfff88be8       0x18 ../../lib/gcc/libc.a(lib_a-mprec.o)
                0xfff88be8                _Bfree
 .text.__multadd
                0xfff88c00       0x88 ../../lib/gcc/libc.a(lib_a-mprec.o)
                0xfff88c00                __multadd
 .text.__s2b    0xfff88c88       0x90 ../../lib/gcc/libc.a(lib_a-mprec.o)
                0xfff88c88                __s2b
 .text.__hi0bits
                0xfff88d18       0x58 ../../lib/gcc/libc.a(lib_a-mprec.o)
                0xfff88d18                __hi0bits
 .text.__lo0bits
                0xfff88d70       0x70 ../../lib/gcc/libc.a(lib_a-mprec.o)
                0xfff88d70                __lo0bits
 .text.__i2b    0xfff88de0       0x12 ../../lib/gcc/libc.a(lib_a-mprec.o)
                0xfff88de0                __i2b
 *fill*         0xfff88df2        0x6 00
 .text.__multiply
                0xfff88df8      0x150 ../../lib/gcc/libc.a(lib_a-mprec.o)
                0xfff88df8                __multiply
 .text.__pow5mult
                0xfff88f48       0xa0 ../../lib/gcc/libc.a(lib_a-mprec.o)
                0xfff88f48                __pow5mult
 .text.__lshift
                0xfff88fe8       0xb8 ../../lib/gcc/libc.a(lib_a-mprec.o)
                0xfff88fe8                __lshift
 .text.__mcmp   0xfff890a0       0x38 ../../lib/gcc/libc.a(lib_a-mprec.o)
                0xfff890a0                __mcmp
 .text.__mdiff  0xfff890d8       0xf0 ../../lib/gcc/libc.a(lib_a-mprec.o)
                0xfff890d8                __mdiff
 .text.__ulp    0xfff891c8       0x28 ../../lib/gcc/libc.a(lib_a-mprec.o)
                0xfff891c8                __ulp
 .text.__b2d    0xfff891f0       0x80 ../../lib/gcc/libc.a(lib_a-mprec.o)
                0xfff891f0                __b2d
 .text.__d2b    0xfff89270       0x78 ../../lib/gcc/libc.a(lib_a-mprec.o)
                0xfff89270                __d2b
 .text.__ratio  0xfff892e8       0x48 ../../lib/gcc/libc.a(lib_a-mprec.o)
                0xfff892e8                __ratio
 .text._mprec_log10
                0xfff89330       0x28 ../../lib/gcc/libc.a(lib_a-mprec.o)
                0xfff89330                _mprec_log10
 .text.__copybits
                0xfff89358       0x48 ../../lib/gcc/libc.a(lib_a-mprec.o)
                0xfff89358                __copybits
 .text.__any_on
                0xfff893a0       0x60 ../../lib/gcc/libc.a(lib_a-mprec.o)
                0xfff893a0                __any_on
 P              0xfff89400        0x0 ../../lib/gcc/libc.a(lib_a-putc.o)
 .text._putc_r  0xfff89400       0x60 ../../lib/gcc/libc.a(lib_a-putc.o)
                0xfff89400                _putc_r
 .text.putc     0xfff89460       0x70 ../../lib/gcc/libc.a(lib_a-putc.o)
                0xfff89460                putc
 P              0xfff894d0        0x0 ../../lib/gcc/libc.a(lib_a-reallocr.o)
 .text._realloc_r
                0xfff894d0      0x410 ../../lib/gcc/libc.a(lib_a-reallocr.o)
                0xfff894d0                _realloc_r
 P              0xfff898e0        0x0 ../../lib/gcc/libc.a(lib_a-sbrkr.o)
 .text._sbrk_r  0xfff898e0       0x28 ../../lib/gcc/libc.a(lib_a-sbrkr.o)
                0xfff898e0                _sbrk_r
 P              0xfff89908        0x0 ../../lib/gcc/libc.a(lib_a-sf_fpclassify.o)
 .text.__fpclassifyf
                0xfff89908       0x60 ../../lib/gcc/libc.a(lib_a-sf_fpclassify.o)
                0xfff89908                __fpclassifyf
 P              0xfff89968        0x0 ../../lib/gcc/libc.a(lib_a-stdio.o)
 .text.__sread  0xfff89968       0x26 ../../lib/gcc/libc.a(lib_a-stdio.o)
                0xfff89968                __sread
 .text.__seofread
                0xfff8998e        0x3 ../../lib/gcc/libc.a(lib_a-stdio.o)
                0xfff8998e                __seofread
 *fill*         0xfff89991        0x7 00
 .text.__swrite
                0xfff89998       0x38 ../../lib/gcc/libc.a(lib_a-stdio.o)
                0xfff89998                __swrite
 .text.__sseek  0xfff899d0       0x28 ../../lib/gcc/libc.a(lib_a-stdio.o)
                0xfff899d0                __sseek
 .text.__sclose
                0xfff899f8        0x6 ../../lib/gcc/libc.a(lib_a-stdio.o)
                0xfff899f8                __sclose
 P              0xfff899fe        0x0 ../../lib/gcc/libc.a(lib_a-strcmp.o)
 .text          0xfff899fe        0xf ../../lib/gcc/libc.a(lib_a-strcmp.o)
                0xfff899fe                strcmp
 P              0xfff89a0d        0x0 ../../lib/gcc/libc.a(lib_a-vfiprintf.o)
 *fill*         0xfff89a0d        0x3 00
 .text.__sprint_r
                0xfff89a10       0x78 ../../lib/gcc/libc.a(lib_a-vfiprintf.o)
                0xfff89a10                __sprint_r
 .text._vfiprintf_r
                0xfff89a88      0xb30 ../../lib/gcc/libc.a(lib_a-vfiprintf.o)
                0xfff89a88                _vfiprintf_r
 .text.vfiprintf
                0xfff8a5b8       0x16 ../../lib/gcc/libc.a(lib_a-vfiprintf.o)
                0xfff8a5b8                vfiprintf
 P              0xfff8a5ce        0x0 ../../lib/gcc/libc.a(lib_a-wbuf.o)
 *fill*         0xfff8a5ce        0x2 00
 .text.__swbuf_r
                0xfff8a5d0       0xf0 ../../lib/gcc/libc.a(lib_a-wbuf.o)
                0xfff8a5d0                __swbuf_r
 .text.__swbuf  0xfff8a6c0       0x12 ../../lib/gcc/libc.a(lib_a-wbuf.o)
                0xfff8a6c0                __swbuf
 P              0xfff8a6d2        0x0 ../../lib/gcc/libc.a(lib_a-writer.o)
 *fill*         0xfff8a6d2        0x6 00
 .text._write_r
                0xfff8a6d8       0x30 ../../lib/gcc/libc.a(lib_a-writer.o)
                0xfff8a6d8                _write_r
 P              0xfff8a708        0x0 ../../lib/gcc/libc.a(lib_a-callocr.o)
 .text._calloc_r
                0xfff8a708       0x78 ../../lib/gcc/libc.a(lib_a-callocr.o)
                0xfff8a708                _calloc_r
 P              0xfff8a780        0x0 ../../lib/gcc/libc.a(lib_a-closer.o)
 .text._close_r
                0xfff8a780       0x28 ../../lib/gcc/libc.a(lib_a-closer.o)
                0xfff8a780                _close_r
 P              0xfff8a7a8        0x0 ../../lib/gcc/libc.a(lib_a-fclose.o)
 .text._fclose_r
                0xfff8a7a8       0xa8 ../../lib/gcc/libc.a(lib_a-fclose.o)
                0xfff8a7a8                _fclose_r
 .text.fclose   0xfff8a850        0xe ../../lib/gcc/libc.a(lib_a-fclose.o)
                0xfff8a850                fclose
 P              0xfff8a85e        0x0 ../../lib/gcc/libc.a(lib_a-fputwc.o)
 *fill*         0xfff8a85e        0x2 00
 .text._fputwc_r
                0xfff8a860       0xd8 ../../lib/gcc/libc.a(lib_a-fputwc.o)
                0xfff8a860                _fputwc_r
 .text.fputwc   0xfff8a938       0x38 ../../lib/gcc/libc.a(lib_a-fputwc.o)
                0xfff8a938                fputwc
 P              0xfff8a970        0x0 ../../lib/gcc/libc.a(lib_a-fstatr.o)
 .text._fstat_r
                0xfff8a970       0x28 ../../lib/gcc/libc.a(lib_a-fstatr.o)
                0xfff8a970                _fstat_r
 P              0xfff8a998        0x0 ../../lib/gcc/libc.a(lib_a-isattyr.o)
 .text._isatty_r
                0xfff8a998       0x28 ../../lib/gcc/libc.a(lib_a-isattyr.o)
                0xfff8a998                _isatty_r
 P              0xfff8a9c0        0x0 ../../lib/gcc/libc.a(lib_a-lseekr.o)
 .text._lseek_r
                0xfff8a9c0       0x30 ../../lib/gcc/libc.a(lib_a-lseekr.o)
                0xfff8a9c0                _lseek_r
 P              0xfff8a9f0        0x0 ../../lib/gcc/libc.a(lib_a-readr.o)
 .text._read_r  0xfff8a9f0       0x30 ../../lib/gcc/libc.a(lib_a-readr.o)
                0xfff8a9f0                _read_r
 P              0xfff8aa20        0x0 ../../lib/gcc/libc.a(lib_a-reent.o)
 .text.cleanup_glue
                0xfff8aa20       0x20 ../../lib/gcc/libc.a(lib_a-reent.o)
                0xfff8aa20                cleanup_glue
 .text._reclaim_reent
                0xfff8aa40       0xa8 ../../lib/gcc/libc.a(lib_a-reent.o)
                0xfff8aa40                _reclaim_reent
 .text._wrapup_reent
                0xfff8aae8       0x50 ../../lib/gcc/libc.a(lib_a-reent.o)
                0xfff8aae8                _wrapup_reent
 P              0xfff8ab38        0x0 ../../lib/gcc/libc.a(lib_a-wcrtomb.o)
 .text._wcrtomb_r
                0xfff8ab38       0x50 ../../lib/gcc/libc.a(lib_a-wcrtomb.o)
                0xfff8ab38                _wcrtomb_r
 .text.wcrtomb  0xfff8ab88       0x68 ../../lib/gcc/libc.a(lib_a-wcrtomb.o)
                0xfff8ab88                wcrtomb
 P              0xfff8abf0        0x0 ../../lib/gcc/libc.a(lib_a-wctomb_r.o)
 .text.__ascii_wctomb
                0xfff8abf0       0x1d ../../lib/gcc/libc.a(lib_a-wctomb_r.o)
                0xfff8abf0                __ascii_wctomb
 .text._wctomb_r
                0xfff8ac0d       0x29 ../../lib/gcc/libc.a(lib_a-wctomb_r.o)
                0xfff8ac0d                _wctomb_r
 *fill*         0xfff8ac36        0x2 00
 P              0xfff8ac38      0x3c8 ../../lib/gcc/libgcc.a(_udivdi3.o)
                0xfff8ac38                __udivdi3
                0xfff8ac38                _COM_DIV64u
 P              0xfff8b000      0x398 ../../lib/gcc/libgcc.a(_umoddi3.o)
                0xfff8b000                _COM_MOD64u
                0xfff8b000                __umoddi3
 P              0xfff8b398        0x0 ../../lib/gcc/libgcc.a(_clz.o)
 P              0xfff8b398       0x45 ../../lib/libtkdnhal.a(hwsetup.o)
                0xfff8b398                tkdn_hwsetup
                0xfff8b3dc                sdram_init
 *fill*         0xfff8b3dd        0x3 00
 P              0xfff8b3e0      0xe70 ../../lib/libtkdnhal.a(tkdn_sci.o)
                0xfff8b751                sci_getport
                0xfff8b75d                sci_readdata
                0xfff8b75e                sci_convert_crlf
                0xfff8b76d                Excep_SCI0_ERI0
                0xfff8b796                Excep_SCI0_RXI0
                0xfff8b7bf                Excep_SCI0_TXI0
                0xfff8b80b                Excep_SCI0_TEI0
                0xfff8b823                Excep_SCI1_ERI1
                0xfff8b84d                Excep_SCI1_RXI1
                0xfff8b877                Excep_SCI1_TXI1
                0xfff8b8c4                Excep_SCI1_TEI1
                0xfff8b8dc                Excep_SCI2_ERI2
                0xfff8b906                Excep_SCI2_RXI2
                0xfff8b930                Excep_SCI2_TXI2
                0xfff8b97d                Excep_SCI2_TEI2
                0xfff8b995                Excep_SCI6_ERI6
                0xfff8b9bf                Excep_SCI6_RXI6
                0xfff8b9e9                Excep_SCI6_TXI6
                0xfff8ba36                Excep_SCI6_TEI6
                0xfff8ba4e                sci_putc_ex
                0xfff8bb04                sci_putc
                0xfff8bb12                sci_puts_ex
                0xfff8bb43                sci_puts
                0xfff8bb51                sci_getc_ex
                0xfff8bba5                sci_getc
                0xfff8bbb1                sci_writedata_ex
                0xfff8bca9                sci_writedata
                0xfff8bcbb                sci_readdata_ex
                0xfff8bcbc                sci_rxcount_ex
                0xfff8bcd7                sci_gets_ex
                0xfff8bd4a                sci_gets
                0xfff8bd5c                sci_rxcount
                0xfff8bd68                sci_init_ex
                0xfff8c1ee                sci_init
                0xfff8c210                sci_getport_ex
                0xfff8c214                sci_convert_crlf_ex
                0xfff8c21b                sci_peek_ex
                0xfff8c23b                sci_flush_ex
                0xfff8c247                sci_regist_default
 P              0xfff8c250      0x230 ../../lib/libtkdnhal.a(tkdn_spi.o)
                0xfff8c250                spi_terminate
                0xfff8c25a                spi_set_port
                0xfff8c263                spi_set_bit_length
                0xfff8c2e2                spi_set_bit_order
                0xfff8c2fd                spi_set_clock_divider
                0xfff8c352                spi_init
                0xfff8c3c6                spi_set_data_mode
                0xfff8c3c7                spi_transfer
 P              0xfff8c480      0x5b0 ../../lib/libtkdnhal.a(tkdn_ether.o)
                0xfff8c480                ether_close
                0xfff8c497                ether_write
                0xfff8c555                _eth_fifoInit
                0xfff8c5c6                _eth_fifoWrite
                0xfff8c604                _eth_fifoRead
                0xfff8c658                ether_read
                0xfff8c717                ether_regist_user_rx_procedure
                0xfff8c720                ether_is_linkup
                0xfff8c72c                ether_autonegotiate
                0xfff8c7a1                ether_open
                0xfff8c991                Excep_ETHER_EINT
                0xfff8ca10                ether_is_100M
                0xfff8ca19                ether_is_fullduplex
                0xfff8ca22                ether_link_changed
 P              0xfff8ca30       0xf0 ../../lib/libtkdnhal.a(tkdn_rtc.o)
                0xfff8ca30                rtc_set_time
                0xfff8cad7                rtc_get_time
 P              0xfff8cb20      0x140 ../../lib/libtkdnhal.a(tkdn_timer.o)
                0xfff8cb20                timer_init
                0xfff8cb33                timer_wait_ms
                0xfff8cb44                timer_wait_us
                0xfff8cbbe                timer_get_ms
                0xfff8cbc7                timer_get_us
                0xfff8cbfe                timer_regist_userfunc
                0xfff8cc09                timer_regist_disktimer
                0xfff8cc14                Excep_CMTU0_CMT0
                0xfff8cc5d                Excep_CMTU1_CMT2
 P              0xfff8cc60      0x118 ../../lib/libtkdnhal.a(tkdn_gpio.o)
                0xfff8cca9                gpio_set_pinmode
                0xfff8cd07                gpio_write_port
                0xfff8cd45                gpio_read_port
 P              0xfff8cd78      0x490 ../../lib/libtkdnhal.a(tkdn_pwm.o)
                0xfff8cd78                pwm_init
                0xfff8cf0a                pwm_output
                0xfff8d039                pwm_stop
                0xfff8d0c6                Excep_MTU1_TGIA1
                0xfff8d0fa                Excep_MTU0_TGIA0
                0xfff8d126                Excep_MTU0_TGIB0
                0xfff8d153                Excep_MTU0_TGIC0
                0xfff8d180                Excep_MTU0_TGID0
                0xfff8d1ad                Excep_MTU0_TGIE0
                0xfff8d1da                Excep_MTU0_TGIF0
 P              0xfff8d208      0x180 ../../lib/libtkdnhal.a(tkdn_tone.o)
                0xfff8d208                tone_start
                0xfff8d349                tone_stop
                0xfff8d363                Excep_MTU2_TGIA2
 P              0xfff8d388      0x240 ../../lib/libtkdnhal.a(phy.o)
                0xfff8d388                _phy_reg_read
                0xfff8d3c6                _phy_ta_z0
                0xfff8d3ec                _phy_mii_write_1
                0xfff8d412                _phy_preamble
                0xfff8d42a                _phy_mii_write_0
                0xfff8d450                _phy_ta_10
                0xfff8d458                _phy_reg_write
                0xfff8d493                _phy_reg_set
                0xfff8d4e1                _phy_write
                0xfff8d507                phy_set_10half
                0xfff8d50f                phy_set_100full
                0xfff8d519                _phy_read
                0xfff8d540                phy_set_autonegotiate
                0xfff8d590                phy_init
 P              0xfff8d5c8       0x18 ../../lib/libtkdnhal.a(eidi.o)
                0xfff8d5c8                enable_interrupt
                0xfff8d5d4                disable_interrupt
 P              0xfff8d5e0      0x118 ../../lib/libtkdnhal.a(usb_cdc.o)
                0xfff8d67c                TKUSB_Init
                0xfff8d6e9                TKUSB_IsConnected
 P              0xfff8d6f8      0x338 ../../lib/libtkdnhal.a(usb_core.o)
                0xfff8d9b6                USBCORE_Init
 P              0xfff8da30      0xfe0 ../../lib/libtkdnhal.a(usb_hal.o)
                0xfff8db01                TKUSB_RecvByte
                0xfff8db60                TKUSB_PeekByte
                0xfff8db86                TKUSB_RecvDataCount
                0xfff8dba0                TKUSB_SendByte
                0xfff8dc02                TKUSB_SendDataCount
                0xfff8dc1c                USBHAL_Init
                0xfff8de76                USBHAL_Disable
                0xfff8de86                USBHAL_Control_Status
                0xfff8deb2                USBHAL_Control_IN
                0xfff8ded7                USBHAL_Control_OUT
                0xfff8df21                USBHAL_Bulk_OUT
                0xfff8df59                ClearOUTBusy
                0xfff8df64                USBHAL_Bulk_IN
                0xfff8dfa4                USBHAL_Interrupt_IN
                0xfff8dfe4                USBHAL_Control_Stall
                0xfff8e00e                USBHAL_Bulk_IN_Stall
                0xfff8e02d                USBHAL_Bulk_OUT_Stall
                0xfff8e04c                USBHAL_Interrupt_IN_Stall
                0xfff8e06b                USBHAL_Bulk_IN_Stall_Clear
                0xfff8e0aa                USBHAL_Bulk_OUT_Stall_Clear
                0xfff8e108                USBHAL_Interrupt_IN_Stall_Clear
                0xfff8e142                USBHAL_Bulk_IN_Is_Stalled
                0xfff8e162                USBHAL_Bulk_OUT_Is_Stalled
                0xfff8e182                USBHAL_Interrupt_IN_Is_Stalled
                0xfff8e1a2                USBHAL_Config_Get
                0xfff8e1a9                USBHAL_Config_Set
                0xfff8e1bf                USBHAL_Reset
                0xfff8e33a                USBHAL_Cancel
                0xfff8e388                USBHAL_ResetEndpoints
                0xfff8e45a                USBHALInterruptHandler
 P              0xfff8ea10        0x0 ../../lib/libtkdnhal.a(usbdescriptors.o)
 P              0xfff8ea10       0x2a ../../lib/libtkdnhal.a(tkusbhost.o)
                0xfff8ea10                tkusbh_is_connected
                0xfff8ea13                tkusbh_init
                0xfff8ea16                tkusbh_control_msg
                0xfff8ea1d                tkusbh_bulk_write
                0xfff8ea21                tkusbh_bulk_read
                0xfff8ea25                tkusbh_enumeration
                0xfff8ea28                tkusbh_get_descriptor
                0xfff8ea2b                tkusbh_set_configuration
                0xfff8ea2e                tkusbh_get_string
                0xfff8ea32                tkusbh_connect
                0xfff8ea36                tkusbh_disconnect
 *fill*         0xfff8ea3a        0x6 00
 P              0xfff8ea40      0x2c8 ../../lib/libtkdnhal.a(tkdn_interrupt.o)
                0xfff8ea42                attach_interrupt
                0xfff8eba9                detach_interrupt
                0xfff8ebc1                Excep_IRQ0
                0xfff8ebe9                Excep_IRQ1
                0xfff8ec12                Excep_IRQ2
                0xfff8ec3b                Excep_IRQ3
                0xfff8ec64                Excep_IRQ4
                0xfff8ec8d                Excep_IRQ5
                0xfff8ecb6                Excep_IRQ6
                0xfff8ecdf                Excep_IRQ7
 *(.text.*personality*)
 *(.gnu.warning)
 *(.interp .hash .dynsym .dynstr .gnu.version*)
                0xfff8ed08                PROVIDE (__etext, .)
                0xfff8ed08                PROVIDE (_etext, .)
                0xfff8ed08                PROVIDE (etext, .)
                0xfff8ed08                . = ALIGN (0x4)
 *(.init)
 *(.fini)

.rodata         0xfff8ed08     0x1694
                0xfff8ed08                . = ALIGN (0x4)
 *(.plt)
 *(.rodata C C_2 C_1 .rodata.* .gnu.linkonce.r.*)
 .rodata.str1.1
                0xfff8ed08      0x244 main.o
                                0x24d (size before relaxing)
 .rodata.str1.1
                0xfff8ef4c      0x113 fatfs-test.o
                                0x11c (size before relaxing)
 .rodata.str1.1
                0x00000000        0x1 libmisc.o
 *fill*         0xfff8f05f        0x1 00
 C              0xfff8f060       0x14 libmisc.o
 .rodata.str1.1
                0xfff8f074      0x4ed command.o
                                0x502 (size before relaxing)
 *fill*         0xfff8f561        0x3 00
 C              0xfff8f564       0x30 command.o
 .rodata.str1.1
                0xfff8f594      0x4ee usbshow.o
                                0x584 (size before relaxing)
 *fill*         0xfff8fa82        0x2 00
 C              0xfff8fa84       0x3c ../../lib/libfatfs.a(mmc_rspi.o)
 .rodata.str1.1
                0xfff8fac0       0x43 ../../lib/libfatfs.a(ff.o)
 *fill*         0xfff8fb03        0x1 00
 C              0xfff8fb04       0x2c ../../lib/libfatfs.a(ff.o)
 .rodata._ctype_
                0xfff8fb30      0x101 ../../lib/gcc/libc.a(lib_a-ctype_.o)
                0xfff8fb30                _ctype_
 *fill*         0xfff8fc31        0x3 00
 .rodata._global_impure_ptr
                0xfff8fc34        0x4 ../../lib/gcc/libc.a(lib_a-impure.o)
                0xfff8fc34                _global_impure_ptr
 .rodata.str1.1
                0xfff8fc38        0x2 ../../lib/gcc/libc.a(lib_a-impure.o)
 .rodata.str1.1
                0x00000000        0x2 ../../lib/gcc/libc.a(lib_a-puts.o)
 .rodata.str1.1
                0xfff8fc3a       0x39 ../../lib/gcc/libc.a(lib_a-vfprintf.o)
                                 0x3b (size before relaxing)
 *fill*         0xfff8fc73        0x1 00
 .rodata._vfprintf_r
                0xfff8fc74      0x164 ../../lib/gcc/libc.a(lib_a-vfprintf.o)
 .rodata.blanks.3874
                0xfff8fdd8       0x10 ../../lib/gcc/libc.a(lib_a-vfprintf.o)
 .rodata.zeroes.3875
                0xfff8fde8       0x10 ../../lib/gcc/libc.a(lib_a-vfprintf.o)
 .rodata.str1.1
                0xfff8fdf8        0xd ../../lib/gcc/libc.a(lib_a-dtoa.o)
                                  0xf (size before relaxing)
 .rodata.str1.1
                0xfff8fe05        0x6 ../../lib/gcc/libc.a(lib_a-locale.o)
                                  0xb (size before relaxing)
 *fill*         0xfff8fe0b        0x1 00
 .rodata.lconv  0xfff8fe0c       0x38 ../../lib/gcc/libc.a(lib_a-locale.o)
 .rodata.__mprec_tinytens
                0xfff8fe44        0x8 ../../lib/gcc/libc.a(lib_a-mprec.o)
                0xfff8fe44                __mprec_tinytens
 .rodata.__mprec_bigtens
                0xfff8fe4c        0x8 ../../lib/gcc/libc.a(lib_a-mprec.o)
                0xfff8fe4c                __mprec_bigtens
 .rodata.__mprec_tens
                0xfff8fe54       0x64 ../../lib/gcc/libc.a(lib_a-mprec.o)
                0xfff8fe54                __mprec_tens
 .rodata.p05.2377
                0xfff8feb8        0xc ../../lib/gcc/libc.a(lib_a-mprec.o)
 .rodata.str1.1
                0x00000000       0x29 ../../lib/gcc/libc.a(lib_a-vfiprintf.o)
 .rodata._vfiprintf_r
                0xfff8fec4      0x164 ../../lib/gcc/libc.a(lib_a-vfiprintf.o)
 .rodata.blanks.3818
                0xfff90028       0x10 ../../lib/gcc/libc.a(lib_a-vfiprintf.o)
 .rodata.zeroes.3819
                0xfff90038       0x10 ../../lib/gcc/libc.a(lib_a-vfiprintf.o)
 C              0xfff90048      0x100 ../../lib/gcc/libgcc.a(_clz.o)
                0xfff90048                __clz_tab
 C              0xfff90148       0x7c ../../lib/libtkdnhal.a(tkdn_spi.o)
 .rodata.str1.1
                0xfff901c4        0x5 ../../lib/libtkdnhal.a(tkdn_ether.o)
 *fill*         0xfff901c9        0x3 00
 .rodata.cst4   0xfff901cc        0x4 ../../lib/libtkdnhal.a(tkdn_ether.o)
 C              0xfff901d0       0x84 ../../lib/libtkdnhal.a(tkdn_gpio.o)
                0xfff901d0                SFP_PINMAP
                0xfff901e4                GPIO_PINMAP
 C              0xfff90254       0x30 ../../lib/libtkdnhal.a(tkdn_pwm.o)
 C              0xfff90284        0x8 ../../lib/libtkdnhal.a(usb_cdc.o)
 C              0xfff9028c       0x2c ../../lib/libtkdnhal.a(usb_core.o)
                0xfff902b4                gStringDescriptorLanguageIDsData
 C              0xfff902b8       0xc4 ../../lib/libtkdnhal.a(usbdescriptors.o)
                0xfff902b8                gStringDescriptorSerialNum
                0xfff902c0                gStringDescriptorProduct
                0xfff902c8                gStringDescriptorManufacturer
                0xfff902d0                gConfigurationDescriptor
                0xfff902d8                gDeviceDescriptor
 C              0xfff9037c       0x20 ../../lib/libtkdnhal.a(tkdn_interrupt.o)
 *(.rodata1)
 *(.eh_frame_hdr)
 *(.eh_frame)
 *(.gcc_except_table)
 *(.gcc_except_table.*)
                0xfff9039c                . = ALIGN (0x4)
                0xfff9039c                __rodataend = .

.data           0x00001000      0x968 load address 0xfff9039c
                0x00001000                . = ALIGN (0x4)
                0xfff9039c                PROVIDE (__romdatastart, __rodataend)
                0x00001000                PROVIDE (__datastart, .)
                0x00001000                PROVIDE (__preinit_array_start, .)
 *(.preinit_array)
                0x00001000                PROVIDE (__preinit_array_end, .)
                0x00001000                PROVIDE (__init_array_start, .)
 *(SORT(.init_array.*))
 *(.init_array)
                0x00001000                PROVIDE (__init_array_end, .)
                0x00001000                PROVIDE (__fini_array_start, .)
 *(.fini_array)
 *(SORT(.fini_array.*))
                0x00001000                PROVIDE (__fini_array_end, .)
                0x00001000        0x4 LONG 0x0
 *crtbegin*.o(.ctors)
 *(EXCLUDE_FILE(*crtend*.o) .ctors)
 *(SORT(.ctors.*))
 *(.ctors)
 *crtbegin*.o(.dtors)
 *(EXCLUDE_FILE(*crtend*.o) .dtors)
 *(SORT(.dtors.*))
 *(.dtors)
 *(.jcr)
 *(.data.rel.ro.local)
 *(.data.rel.ro*)
 *(.dynamic)
 *(.data D .data.* .gnu.linkonce.d.*)
 .data          0x00001004        0x4 start.o
                0x00001004                __dso_handle
 D              0x00001008        0x4 ../../common/lowlevel.o
 D              0x0000100c        0x8 ../../lib/libfatfs.a(mmc_rspi.o)
                0x00001010                INS
 .data.__ctype_ptr__
                0x00001014        0x4 ../../lib/gcc/libc.a(lib_a-ctype_.o)
                0x00001014                __ctype_ptr__
 .data._impure_ptr
                0x00001018        0x4 ../../lib/gcc/libc.a(lib_a-impure.o)
                0x00001018                _impure_ptr
 .data.impure_data
                0x0000101c      0x424 ../../lib/gcc/libc.a(lib_a-impure.o)
 .data.__mb_cur_max
                0x00001440        0x4 ../../lib/gcc/libc.a(lib_a-locale.o)
                0x00001440                __mb_cur_max
 .data.lc_ctype_charset
                0x00001444       0x20 ../../lib/gcc/libc.a(lib_a-locale.o)
 .data.lc_message_charset
                0x00001464       0x20 ../../lib/gcc/libc.a(lib_a-locale.o)
 .data.__malloc_sbrk_base
                0x00001484        0x4 ../../lib/gcc/libc.a(lib_a-mallocr.o)
                0x00001484                __malloc_sbrk_base
 .data.__malloc_trim_threshold
                0x00001488        0x4 ../../lib/gcc/libc.a(lib_a-mallocr.o)
                0x00001488                __malloc_trim_threshold
 .data.__malloc_av_
                0x0000148c      0x408 ../../lib/gcc/libc.a(lib_a-mallocr.o)
                0x0000148c                __malloc_av_
 .data.__wctomb
                0x00001894        0x4 ../../lib/gcc/libc.a(lib_a-wctomb_r.o)
                0x00001894                __wctomb
 D              0x00001898       0x6c ../../lib/libtkdnhal.a(tkdn_ether.o)
                0x00001898                le0
 D              0x00001904        0x4 ../../lib/libtkdnhal.a(tkdn_pwm.o)
 D              0x00001908        0x4 ../../lib/libtkdnhal.a(tkdn_tone.o)
 D              0x0000190c       0x30 ../../lib/libtkdnhal.a(usb_core.o)
 D              0x0000193c       0x24 ../../lib/libtkdnhal.a(usb_hal.o)
 D              0x00001960        0x8 ../../lib/libtkdnhal.a(tkdn_interrupt.o)
                0x00001960                USBI1_handler
                0x00001964                USBI0_handler
 *(.gnu.linkonce.d.*personality*)
 *(.data1)
 *(.got.plt)
 *(.got)
                0x00001968                . = ALIGN (0x4)
 *(.sdata .sdata.* .gnu.linkonce.s.* D_2 D_1)
 D_1            0x00001968        0x0 start.o
 D_1            0x00001968        0x0 main.o
 D_1            0x00001968        0x0 fatfs-test.o
 D_1            0x00001968        0x0 ../../common/intvect.o
 D_1            0x00001968        0x0 ../../common/lowlevel.o
 D_1            0x00001968        0x0 libmisc.o
 D_1            0x00001968        0x0 command.o
 D_1            0x00001968        0x0 usbshow.o
 D_1            0x00001968        0x0 ../../lib/libfatfs.a(mmc_rspi.o)
 D_1            0x00001968        0x0 ../../lib/libfatfs.a(ff.o)
 D_1            0x00001968        0x0 ../../lib/gcc/libc.a(lib_a-ctype_.o)
 D_1            0x00001968        0x0 ../../lib/gcc/libc.a(lib_a-errno.o)
 D_1            0x00001968        0x0 ../../lib/gcc/libc.a(lib_a-impure.o)
 D_1            0x00001968        0x0 ../../lib/gcc/libc.a(lib_a-printf.o)
 D_1            0x00001968        0x0 ../../lib/gcc/libc.a(lib_a-putchar.o)
 D_1            0x00001968        0x0 ../../lib/gcc/libc.a(lib_a-puts.o)
 D_1            0x00001968        0x0 ../../lib/gcc/libc.a(lib_a-rand.o)
 D_1            0x00001968        0x0 ../../lib/gcc/libc.a(lib_a-setbuf.o)
 D_1            0x00001968        0x0 ../../lib/gcc/libc.a(lib_a-setvbuf.o)
 D_1            0x00001968        0x0 ../../lib/gcc/libc.a(lib_a-strlen.o)
 D_1            0x00001968        0x0 ../../lib/gcc/libc.a(lib_a-strtok.o)
 D_1            0x00001968        0x0 ../../lib/gcc/libc.a(lib_a-strtok_r.o)
 D_1            0x00001968        0x0 ../../lib/gcc/libc.a(lib_a-vfprintf.o)
 D_1            0x00001968        0x0 ../../lib/gcc/libc.a(lib_a-wsetup.o)
 D_1            0x00001968        0x0 ../../lib/gcc/libc.a(lib_a-dtoa.o)
 D_1            0x00001968        0x0 ../../lib/gcc/libc.a(lib_a-fflush.o)
 D_1            0x00001968        0x0 ../../lib/gcc/libc.a(lib_a-findfp.o)
 D_1            0x00001968        0x0 ../../lib/gcc/libc.a(lib_a-freer.o)
 D_1            0x00001968        0x0 ../../lib/gcc/libc.a(lib_a-fvwrite.o)
 D_1            0x00001968        0x0 ../../lib/gcc/libc.a(lib_a-fwalk.o)
 D_1            0x00001968        0x0 ../../lib/gcc/libc.a(lib_a-locale.o)
 D_1            0x00001968        0x0 ../../lib/gcc/libc.a(lib_a-makebuf.o)
 D_1            0x00001968        0x0 ../../lib/gcc/libc.a(lib_a-malloc.o)
 D_1            0x00001968        0x0 ../../lib/gcc/libc.a(lib_a-mallocr.o)
 D_1            0x00001968        0x0 ../../lib/gcc/libc.a(lib_a-memchr.o)
 D_1            0x00001968        0x0 ../../lib/gcc/libc.a(lib_a-memcpy.o)
 D_1            0x00001968        0x0 ../../lib/gcc/libc.a(lib_a-memmove.o)
 D_1            0x00001968        0x0 ../../lib/gcc/libc.a(lib_a-memset.o)
 D_1            0x00001968        0x0 ../../lib/gcc/libc.a(lib_a-mlock.o)
 D_1            0x00001968        0x0 ../../lib/gcc/libc.a(lib_a-mprec.o)
 D_1            0x00001968        0x0 ../../lib/gcc/libc.a(lib_a-putc.o)
 D_1            0x00001968        0x0 ../../lib/gcc/libc.a(lib_a-reallocr.o)
 D_1            0x00001968        0x0 ../../lib/gcc/libc.a(lib_a-sbrkr.o)
 D_1            0x00001968        0x0 ../../lib/gcc/libc.a(lib_a-sf_fpclassify.o)
 D_1            0x00001968        0x0 ../../lib/gcc/libc.a(lib_a-stdio.o)
 D_1            0x00001968        0x0 ../../lib/gcc/libc.a(lib_a-strcmp.o)
 D_1            0x00001968        0x0 ../../lib/gcc/libc.a(lib_a-vfiprintf.o)
 D_1            0x00001968        0x0 ../../lib/gcc/libc.a(lib_a-wbuf.o)
 D_1            0x00001968        0x0 ../../lib/gcc/libc.a(lib_a-writer.o)
 D_1            0x00001968        0x0 ../../lib/gcc/libc.a(lib_a-callocr.o)
 D_1            0x00001968        0x0 ../../lib/gcc/libc.a(lib_a-closer.o)
 D_1            0x00001968        0x0 ../../lib/gcc/libc.a(lib_a-fclose.o)
 D_1            0x00001968        0x0 ../../lib/gcc/libc.a(lib_a-fputwc.o)
 D_1            0x00001968        0x0 ../../lib/gcc/libc.a(lib_a-fstatr.o)
 D_1            0x00001968        0x0 ../../lib/gcc/libc.a(lib_a-isattyr.o)
 D_1            0x00001968        0x0 ../../lib/gcc/libc.a(lib_a-lseekr.o)
 D_1            0x00001968        0x0 ../../lib/gcc/libc.a(lib_a-readr.o)
 D_1            0x00001968        0x0 ../../lib/gcc/libc.a(lib_a-reent.o)
 D_1            0x00001968        0x0 ../../lib/gcc/libc.a(lib_a-wcrtomb.o)
 D_1            0x00001968        0x0 ../../lib/gcc/libc.a(lib_a-wctomb_r.o)
 D_1            0x00001968        0x0 ../../lib/gcc/libgcc.a(_udivdi3.o)
 D_1            0x00001968        0x0 ../../lib/gcc/libgcc.a(_umoddi3.o)
 D_1            0x00001968        0x0 ../../lib/gcc/libgcc.a(_clz.o)
 D_1            0x00001968        0x0 ../../lib/libtkdnhal.a(hwsetup.o)
 D_1            0x00001968        0x0 ../../lib/libtkdnhal.a(tkdn_sci.o)
 D_1            0x00001968        0x0 ../../lib/libtkdnhal.a(tkdn_spi.o)
 D_1            0x00001968        0x0 ../../lib/libtkdnhal.a(tkdn_ether.o)
 D_1            0x00001968        0x0 ../../lib/libtkdnhal.a(tkdn_rtc.o)
 D_1            0x00001968        0x0 ../../lib/libtkdnhal.a(tkdn_timer.o)
 D_1            0x00001968        0x0 ../../lib/libtkdnhal.a(tkdn_gpio.o)
 D_1            0x00001968        0x0 ../../lib/libtkdnhal.a(tkdn_pwm.o)
 D_1            0x00001968        0x0 ../../lib/libtkdnhal.a(tkdn_tone.o)
 D_1            0x00001968        0x0 ../../lib/libtkdnhal.a(phy.o)
 D_1            0x00001968        0x0 ../../lib/libtkdnhal.a(eidi.o)
 D_1            0x00001968        0x0 ../../lib/libtkdnhal.a(usb_cdc.o)
 D_1            0x00001968        0x0 ../../lib/libtkdnhal.a(usb_core.o)
 D_1            0x00001968        0x0 ../../lib/libtkdnhal.a(usb_hal.o)
 D_1            0x00001968        0x0 ../../lib/libtkdnhal.a(usbdescriptors.o)
 D_1            0x00001968        0x0 ../../lib/libtkdnhal.a(tkusbhost.o)
 D_1            0x00001968        0x0 ../../lib/libtkdnhal.a(tkdn_interrupt.o)
                0x00001968                . = ALIGN (0x4)
                0x00001968                _edata = .
                0x00001968                PROVIDE (edata, .)
                0x00001968                PROVIDE (__dataend, .)
                0x00000968                PROVIDE (__romdatacopysize, SIZEOF (.data))

.bss            0x00001968     0x2158 load address 0xfff90d04
                0x00001968                . = ALIGN (0x4)
                0x00001968                PROVIDE (__bssstart, .)
 *(.dynbss)
 *(.sbss .sbss.*)
 *(.bss B B_2 B_1 .bss.* .gnu.linkonce.b.*)
 B_1            0x00001968        0x0 start.o
 B_1            0x00001968        0x0 main.o
 B              0x00001968        0x8 main.o
                0x00001968                hist_idx_r
                0x0000196c                hist_idx_w
 B_1            0x00001970        0x0 fatfs-test.o
 B_1            0x00001970        0x0 ../../common/intvect.o
 B_1            0x00001970        0x0 ../../common/lowlevel.o
 B_1            0x00001970       0x1a libmisc.o
 B_1            0x0000198a        0x0 command.o
 B_1            0x0000198a        0x0 usbshow.o
 B_1            0x0000198a        0x6 ../../lib/libfatfs.a(mmc_rspi.o)
 B_1            0x00001990        0x8 ../../lib/libfatfs.a(ff.o)
 B_1            0x00001998        0x0 ../../lib/gcc/libc.a(lib_a-ctype_.o)
 B_1            0x00001998        0x0 ../../lib/gcc/libc.a(lib_a-errno.o)
 B_1            0x00001998        0x0 ../../lib/gcc/libc.a(lib_a-impure.o)
 B_1            0x00001998        0x0 ../../lib/gcc/libc.a(lib_a-printf.o)
 B_1            0x00001998        0x0 ../../lib/gcc/libc.a(lib_a-putchar.o)
 B_1            0x00001998        0x0 ../../lib/gcc/libc.a(lib_a-puts.o)
 B_1            0x00001998        0x0 ../../lib/gcc/libc.a(lib_a-rand.o)
 B_1            0x00001998        0x0 ../../lib/gcc/libc.a(lib_a-setbuf.o)
 B_1            0x00001998        0x0 ../../lib/gcc/libc.a(lib_a-setvbuf.o)
 B_1            0x00001998        0x0 ../../lib/gcc/libc.a(lib_a-strlen.o)
 B_1            0x00001998        0x0 ../../lib/gcc/libc.a(lib_a-strtok.o)
 B_1            0x00001998        0x0 ../../lib/gcc/libc.a(lib_a-strtok_r.o)
 B_1            0x00001998        0x0 ../../lib/gcc/libc.a(lib_a-vfprintf.o)
 B_1            0x00001998        0x0 ../../lib/gcc/libc.a(lib_a-wsetup.o)
 B_1            0x00001998        0x0 ../../lib/gcc/libc.a(lib_a-dtoa.o)
 B_1            0x00001998        0x0 ../../lib/gcc/libc.a(lib_a-fflush.o)
 B_1            0x00001998        0x0 ../../lib/gcc/libc.a(lib_a-findfp.o)
 B_1            0x00001998        0x0 ../../lib/gcc/libc.a(lib_a-freer.o)
 B_1            0x00001998        0x0 ../../lib/gcc/libc.a(lib_a-fvwrite.o)
 B_1            0x00001998        0x0 ../../lib/gcc/libc.a(lib_a-fwalk.o)
 B_1            0x00001998        0x0 ../../lib/gcc/libc.a(lib_a-locale.o)
 .bss._PathLocale
                0x00001998        0x4 ../../lib/gcc/libc.a(lib_a-locale.o)
                0x00001998                _PathLocale
 .bss.__mlocale_changed
                0x0000199c        0x4 ../../lib/gcc/libc.a(lib_a-locale.o)
                0x0000199c                __mlocale_changed
 .bss.__nlocale_changed
                0x000019a0        0x4 ../../lib/gcc/libc.a(lib_a-locale.o)
                0x000019a0                __nlocale_changed
 B_1            0x000019a4        0x0 ../../lib/gcc/libc.a(lib_a-makebuf.o)
 B_1            0x000019a4        0x0 ../../lib/gcc/libc.a(lib_a-malloc.o)
 B_1            0x000019a4        0x0 ../../lib/gcc/libc.a(lib_a-mallocr.o)
 .bss.__malloc_current_mallinfo
                0x000019a4       0x28 ../../lib/gcc/libc.a(lib_a-mallocr.o)
                0x000019a4                __malloc_current_mallinfo
 .bss.__malloc_max_total_mem
                0x000019cc        0x4 ../../lib/gcc/libc.a(lib_a-mallocr.o)
                0x000019cc                __malloc_max_total_mem
 .bss.__malloc_max_sbrked_mem
                0x000019d0        0x4 ../../lib/gcc/libc.a(lib_a-mallocr.o)
                0x000019d0                __malloc_max_sbrked_mem
 .bss.__malloc_top_pad
                0x000019d4        0x4 ../../lib/gcc/libc.a(lib_a-mallocr.o)
                0x000019d4                __malloc_top_pad
 B_1            0x000019d8        0x0 ../../lib/gcc/libc.a(lib_a-memchr.o)
 B_1            0x000019d8        0x0 ../../lib/gcc/libc.a(lib_a-memcpy.o)
 B_1            0x000019d8        0x0 ../../lib/gcc/libc.a(lib_a-memmove.o)
 B_1            0x000019d8        0x0 ../../lib/gcc/libc.a(lib_a-memset.o)
 B_1            0x000019d8        0x0 ../../lib/gcc/libc.a(lib_a-mlock.o)
 B_1            0x000019d8        0x0 ../../lib/gcc/libc.a(lib_a-mprec.o)
 B_1            0x000019d8        0x0 ../../lib/gcc/libc.a(lib_a-putc.o)
 B_1            0x000019d8        0x0 ../../lib/gcc/libc.a(lib_a-reallocr.o)
 B_1            0x000019d8        0x0 ../../lib/gcc/libc.a(lib_a-sbrkr.o)
 B_1            0x000019d8        0x0 ../../lib/gcc/libc.a(lib_a-sf_fpclassify.o)
 B_1            0x000019d8        0x0 ../../lib/gcc/libc.a(lib_a-stdio.o)
 B_1            0x000019d8        0x0 ../../lib/gcc/libc.a(lib_a-strcmp.o)
 B_1            0x000019d8        0x0 ../../lib/gcc/libc.a(lib_a-vfiprintf.o)
 B_1            0x000019d8        0x0 ../../lib/gcc/libc.a(lib_a-wbuf.o)
 B_1            0x000019d8        0x0 ../../lib/gcc/libc.a(lib_a-writer.o)
 B_1            0x000019d8        0x0 ../../lib/gcc/libc.a(lib_a-callocr.o)
 B_1            0x000019d8        0x0 ../../lib/gcc/libc.a(lib_a-closer.o)
 B_1            0x000019d8        0x0 ../../lib/gcc/libc.a(lib_a-fclose.o)
 B_1            0x000019d8        0x0 ../../lib/gcc/libc.a(lib_a-fputwc.o)
 B_1            0x000019d8        0x0 ../../lib/gcc/libc.a(lib_a-fstatr.o)
 B_1            0x000019d8        0x0 ../../lib/gcc/libc.a(lib_a-isattyr.o)
 B_1            0x000019d8        0x0 ../../lib/gcc/libc.a(lib_a-lseekr.o)
 B_1            0x000019d8        0x0 ../../lib/gcc/libc.a(lib_a-readr.o)
 B_1            0x000019d8        0x0 ../../lib/gcc/libc.a(lib_a-reent.o)
 B_1            0x000019d8        0x0 ../../lib/gcc/libc.a(lib_a-wcrtomb.o)
 B_1            0x000019d8        0x0 ../../lib/gcc/libc.a(lib_a-wctomb_r.o)
 B_1            0x000019d8        0x0 ../../lib/gcc/libgcc.a(_udivdi3.o)
 B_1            0x000019d8        0x0 ../../lib/gcc/libgcc.a(_umoddi3.o)
 B_1            0x000019d8        0x0 ../../lib/gcc/libgcc.a(_clz.o)
 B_1            0x000019d8        0x0 ../../lib/libtkdnhal.a(hwsetup.o)
 B_1            0x000019d8        0x0 ../../lib/libtkdnhal.a(tkdn_sci.o)
 B_1            0x000019d8        0x0 ../../lib/libtkdnhal.a(tkdn_spi.o)
 B_1            0x000019d8        0x4 ../../lib/libtkdnhal.a(tkdn_ether.o)
 B_1            0x000019dc        0x1 ../../lib/libtkdnhal.a(tkdn_rtc.o)
 B_1            0x000019dd        0x0 ../../lib/libtkdnhal.a(tkdn_timer.o)
 *fill*         0x000019dd        0x3 00
 B              0x000019e0        0xc ../../lib/libtkdnhal.a(tkdn_timer.o)
                0x000019e0                disktimer
                0x000019e4                userfunc
                0x000019e8                tim_1ms
 B_1            0x000019ec        0x0 ../../lib/libtkdnhal.a(tkdn_gpio.o)
 B_1            0x000019ec       0x28 ../../lib/libtkdnhal.a(tkdn_pwm.o)
 B              0x00001a14        0x4 ../../lib/libtkdnhal.a(tkdn_pwm.o)
                0x00001a14                pwmpincount
 B_1            0x00001a18        0x4 ../../lib/libtkdnhal.a(tkdn_tone.o)
 B_1            0x00001a1c        0x0 ../../lib/libtkdnhal.a(phy.o)
 B_1            0x00001a1c        0x0 ../../lib/libtkdnhal.a(eidi.o)
 B_1            0x00001a1c       0x10 ../../lib/libtkdnhal.a(usb_cdc.o)
 B_1            0x00001a2c       0x14 ../../lib/libtkdnhal.a(usb_core.o)
 B_1            0x00001a40      0x44c ../../lib/libtkdnhal.a(usb_hal.o)
 B_1            0x00001e8c        0x0 ../../lib/libtkdnhal.a(usbdescriptors.o)
 B_1            0x00001e8c        0x0 ../../lib/libtkdnhal.a(tkusbhost.o)
 B_1            0x00001e8c        0x0 ../../lib/libtkdnhal.a(tkdn_interrupt.o)
                0x00001e8c                . = ALIGN (0x4)
 *(COMMON)
 COMMON         0x00001e8c      0x650 main.o
                0x00001e8c                hist_cmd
 COMMON         0x000024dc      0x238 fatfs-test.o
                0x000024dc                fatfs
                0x00002710                found_files
 COMMON         0x00002714        0x4 ../../lib/gcc/libc.a(lib_a-reent.o)
                0x00002714                errno
 COMMON         0x00002718      0x238 ../../lib/libtkdnhal.a(tkdn_sci.o)
                0x00002718                sci_default
                0x00002934                sci_handles
                0x0000294c                psci_default
 COMMON         0x00002950        0x4 ../../lib/libtkdnhal.a(tkdn_spi.o)
                0x00002950                port
 COMMON         0x00002954        0x4 ../../lib/libtkdnhal.a(tkdn_ether.o)
                0x00002954                user_rx_func
 COMMON         0x00002958       0x34 ../../lib/libtkdnhal.a(tkusbhost.o)
                0x00002958                USBHostInfo
 COMMON         0x0000298c       0x20 ../../lib/libtkdnhal.a(tkdn_interrupt.o)
                0x0000298c                ifunc
                0x000029c0                . = ALIGN (0x20)
 *fill*         0x000029ac       0x14 00
 *(.etherdesc)
 .etherdesc     0x000029c0     0x1100 ../../lib/libtkdnhal.a(tkdn_ether.o)
                0x00003ac0                . = ALIGN (0x4)
                0x00003ac0                PROVIDE (__bssend, .)
                0x00003ac0                _end = .
                0x00003ac0                PROVIDE (end, .)
                0x00000856                PROVIDE (__bsssize, (SIZEOF (.bss) / 0x4))

.stab
 *(.stab)

.stabstr
 *(.stabstr)

.stab.excl
 *(.stab.excl)

.stab.exclstr
 *(.stab.exclstr)

.stab.index
 *(.stab.index)

.stab.indexstr
 *(.stab.indexstr)

.comment        0x00000000       0x11
 *(.comment)
 .comment       0x00000000       0x11 main.o
                                 0x12 (size before relaxing)
 .comment       0x00000000       0x12 fatfs-test.o
 .comment       0x00000000       0x12 ../../common/intvect.o
 .comment       0x00000000       0x12 ../../common/lowlevel.o
 .comment       0x00000000       0x12 libmisc.o
 .comment       0x00000000       0x12 command.o
 .comment       0x00000000       0x12 usbshow.o
 .comment       0x00000000       0x12 ../../lib/libfatfs.a(mmc_rspi.o)
 .comment       0x00000000       0x12 ../../lib/libfatfs.a(ff.o)
 .comment       0x00000000       0x12 ../../lib/gcc/libc.a(lib_a-ctype_.o)
 .comment       0x00000000       0x12 ../../lib/gcc/libc.a(lib_a-errno.o)
 .comment       0x00000000       0x12 ../../lib/gcc/libc.a(lib_a-impure.o)
 .comment       0x00000000       0x12 ../../lib/gcc/libc.a(lib_a-printf.o)
 .comment       0x00000000       0x12 ../../lib/gcc/libc.a(lib_a-putchar.o)
 .comment       0x00000000       0x12 ../../lib/gcc/libc.a(lib_a-puts.o)
 .comment       0x00000000       0x12 ../../lib/gcc/libc.a(lib_a-rand.o)
 .comment       0x00000000       0x12 ../../lib/gcc/libc.a(lib_a-setbuf.o)
 .comment       0x00000000       0x12 ../../lib/gcc/libc.a(lib_a-setvbuf.o)
 .comment       0x00000000       0x12 ../../lib/gcc/libc.a(lib_a-strtok.o)
 .comment       0x00000000       0x12 ../../lib/gcc/libc.a(lib_a-strtok_r.o)
 .comment       0x00000000       0x12 ../../lib/gcc/libc.a(lib_a-vfprintf.o)
 .comment       0x00000000       0x12 ../../lib/gcc/libc.a(lib_a-wsetup.o)
 .comment       0x00000000       0x12 ../../lib/gcc/libc.a(lib_a-dtoa.o)
 .comment       0x00000000       0x12 ../../lib/gcc/libc.a(lib_a-fflush.o)
 .comment       0x00000000       0x12 ../../lib/gcc/libc.a(lib_a-findfp.o)
 .comment       0x00000000       0x12 ../../lib/gcc/libc.a(lib_a-freer.o)
 .comment       0x00000000       0x12 ../../lib/gcc/libc.a(lib_a-fvwrite.o)
 .comment       0x00000000       0x12 ../../lib/gcc/libc.a(lib_a-fwalk.o)
 .comment       0x00000000       0x12 ../../lib/gcc/libc.a(lib_a-locale.o)
 .comment       0x00000000       0x12 ../../lib/gcc/libc.a(lib_a-makebuf.o)
 .comment       0x00000000       0x12 ../../lib/gcc/libc.a(lib_a-malloc.o)
 .comment       0x00000000       0x12 ../../lib/gcc/libc.a(lib_a-mallocr.o)
 .comment       0x00000000       0x12 ../../lib/gcc/libc.a(lib_a-mlock.o)
 .comment       0x00000000       0x12 ../../lib/gcc/libc.a(lib_a-mprec.o)
 .comment       0x00000000       0x12 ../../lib/gcc/libc.a(lib_a-putc.o)
 .comment       0x00000000       0x12 ../../lib/gcc/libc.a(lib_a-reallocr.o)
 .comment       0x00000000       0x12 ../../lib/gcc/libc.a(lib_a-sbrkr.o)
 .comment       0x00000000       0x12 ../../lib/gcc/libc.a(lib_a-sf_fpclassify.o)
 .comment       0x00000000       0x12 ../../lib/gcc/libc.a(lib_a-stdio.o)
 .comment       0x00000000       0x12 ../../lib/gcc/libc.a(lib_a-vfiprintf.o)
 .comment       0x00000000       0x12 ../../lib/gcc/libc.a(lib_a-wbuf.o)
 .comment       0x00000000       0x12 ../../lib/gcc/libc.a(lib_a-writer.o)
 .comment       0x00000000       0x12 ../../lib/gcc/libc.a(lib_a-callocr.o)
 .comment       0x00000000       0x12 ../../lib/gcc/libc.a(lib_a-closer.o)
 .comment       0x00000000       0x12 ../../lib/gcc/libc.a(lib_a-fclose.o)
 .comment       0x00000000       0x12 ../../lib/gcc/libc.a(lib_a-fputwc.o)
 .comment       0x00000000       0x12 ../../lib/gcc/libc.a(lib_a-fstatr.o)
 .comment       0x00000000       0x12 ../../lib/gcc/libc.a(lib_a-isattyr.o)
 .comment       0x00000000       0x12 ../../lib/gcc/libc.a(lib_a-lseekr.o)
 .comment       0x00000000       0x12 ../../lib/gcc/libc.a(lib_a-readr.o)
 .comment       0x00000000       0x12 ../../lib/gcc/libc.a(lib_a-reent.o)
 .comment       0x00000000       0x12 ../../lib/gcc/libc.a(lib_a-wcrtomb.o)
 .comment       0x00000000       0x12 ../../lib/gcc/libc.a(lib_a-wctomb_r.o)
 .comment       0x00000000       0x12 ../../lib/gcc/libgcc.a(_udivdi3.o)
 .comment       0x00000000       0x12 ../../lib/gcc/libgcc.a(_umoddi3.o)
 .comment       0x00000000       0x12 ../../lib/gcc/libgcc.a(_clz.o)
 .comment       0x00000000       0x12 ../../lib/libtkdnhal.a(hwsetup.o)
 .comment       0x00000000       0x12 ../../lib/libtkdnhal.a(tkdn_sci.o)
 .comment       0x00000000       0x12 ../../lib/libtkdnhal.a(tkdn_spi.o)
 .comment       0x00000000       0x12 ../../lib/libtkdnhal.a(tkdn_ether.o)
 .comment       0x00000000       0x12 ../../lib/libtkdnhal.a(tkdn_rtc.o)
 .comment       0x00000000       0x12 ../../lib/libtkdnhal.a(tkdn_timer.o)
 .comment       0x00000000       0x12 ../../lib/libtkdnhal.a(tkdn_gpio.o)
 .comment       0x00000000       0x12 ../../lib/libtkdnhal.a(tkdn_pwm.o)
 .comment       0x00000000       0x12 ../../lib/libtkdnhal.a(tkdn_tone.o)
 .comment       0x00000000       0x12 ../../lib/libtkdnhal.a(phy.o)
 .comment       0x00000000       0x12 ../../lib/libtkdnhal.a(usb_cdc.o)
 .comment       0x00000000       0x12 ../../lib/libtkdnhal.a(usb_core.o)
 .comment       0x00000000       0x12 ../../lib/libtkdnhal.a(usb_hal.o)
 .comment       0x00000000       0x12 ../../lib/libtkdnhal.a(usbdescriptors.o)
 .comment       0x00000000       0x12 ../../lib/libtkdnhal.a(tkusbhost.o)
 .comment       0x00000000       0x12 ../../lib/libtkdnhal.a(tkdn_interrupt.o)

.debug
 *(.debug)

.line
 *(.line)

.debug_srcinfo
 *(.debug_srcinfo)

.debug_sfnames
 *(.debug_sfnames)

.debug_aranges  0x00000000      0x860
 *(.debug_aranges)
 .debug_aranges
                0x00000000       0x28 main.o
 .debug_aranges
                0x00000028       0x20 fatfs-test.o
 .debug_aranges
                0x00000048       0x20 ../../common/intvect.o
 .debug_aranges
                0x00000068       0x20 ../../common/lowlevel.o
 .debug_aranges
                0x00000088       0x20 libmisc.o
 .debug_aranges
                0x000000a8       0x20 command.o
 .debug_aranges
                0x000000c8       0x20 usbshow.o
 .debug_aranges
                0x000000e8       0x20 ../../lib/gcc/libc.a(lib_a-errno.o)
 .debug_aranges
                0x00000108       0x28 ../../lib/gcc/libc.a(lib_a-printf.o)
 .debug_aranges
                0x00000130       0x28 ../../lib/gcc/libc.a(lib_a-putchar.o)
 .debug_aranges
                0x00000158       0x28 ../../lib/gcc/libc.a(lib_a-puts.o)
 .debug_aranges
                0x00000180       0x28 ../../lib/gcc/libc.a(lib_a-rand.o)
 .debug_aranges
                0x000001a8       0x20 ../../lib/gcc/libc.a(lib_a-setbuf.o)
 .debug_aranges
                0x000001c8       0x20 ../../lib/gcc/libc.a(lib_a-setvbuf.o)
 .debug_aranges
                0x000001e8       0x20 ../../lib/gcc/libc.a(lib_a-strtok.o)
 .debug_aranges
                0x00000208       0x28 ../../lib/gcc/libc.a(lib_a-strtok_r.o)
 .debug_aranges
                0x00000230       0x28 ../../lib/gcc/libc.a(lib_a-vfprintf.o)
 .debug_aranges
                0x00000258       0x20 ../../lib/gcc/libc.a(lib_a-wsetup.o)
 .debug_aranges
                0x00000278       0x28 ../../lib/gcc/libc.a(lib_a-dtoa.o)
 .debug_aranges
                0x000002a0       0x28 ../../lib/gcc/libc.a(lib_a-fflush.o)
 .debug_aranges
                0x000002c8       0x88 ../../lib/gcc/libc.a(lib_a-findfp.o)
 .debug_aranges
                0x00000350       0x28 ../../lib/gcc/libc.a(lib_a-freer.o)
 .debug_aranges
                0x00000378       0x20 ../../lib/gcc/libc.a(lib_a-fvwrite.o)
 .debug_aranges
                0x00000398       0x28 ../../lib/gcc/libc.a(lib_a-fwalk.o)
 .debug_aranges
                0x000003c0       0x50 ../../lib/gcc/libc.a(lib_a-locale.o)
 .debug_aranges
                0x00000410       0x20 ../../lib/gcc/libc.a(lib_a-makebuf.o)
 .debug_aranges
                0x00000430       0x28 ../../lib/gcc/libc.a(lib_a-malloc.o)
 .debug_aranges
                0x00000458       0x20 ../../lib/gcc/libc.a(lib_a-mallocr.o)
 .debug_aranges
                0x00000478       0x28 ../../lib/gcc/libc.a(lib_a-mlock.o)
 .debug_aranges
                0x000004a0       0xb0 ../../lib/gcc/libc.a(lib_a-mprec.o)
 .debug_aranges
                0x00000550       0x28 ../../lib/gcc/libc.a(lib_a-putc.o)
 .debug_aranges
                0x00000578       0x20 ../../lib/gcc/libc.a(lib_a-reallocr.o)
 .debug_aranges
                0x00000598       0x20 ../../lib/gcc/libc.a(lib_a-sbrkr.o)
 .debug_aranges
                0x000005b8       0x20 ../../lib/gcc/libc.a(lib_a-sf_fpclassify.o)
 .debug_aranges
                0x000005d8       0x40 ../../lib/gcc/libc.a(lib_a-stdio.o)
 .debug_aranges
                0x00000618       0x30 ../../lib/gcc/libc.a(lib_a-vfiprintf.o)
 .debug_aranges
                0x00000648       0x28 ../../lib/gcc/libc.a(lib_a-wbuf.o)
 .debug_aranges
                0x00000670       0x20 ../../lib/gcc/libc.a(lib_a-writer.o)
 .debug_aranges
                0x00000690       0x20 ../../lib/gcc/libc.a(lib_a-callocr.o)
 .debug_aranges
                0x000006b0       0x20 ../../lib/gcc/libc.a(lib_a-closer.o)
 .debug_aranges
                0x000006d0       0x28 ../../lib/gcc/libc.a(lib_a-fclose.o)
 .debug_aranges
                0x000006f8       0x28 ../../lib/gcc/libc.a(lib_a-fputwc.o)
 .debug_aranges
                0x00000720       0x20 ../../lib/gcc/libc.a(lib_a-fstatr.o)
 .debug_aranges
                0x00000740       0x20 ../../lib/gcc/libc.a(lib_a-isattyr.o)
 .debug_aranges
                0x00000760       0x20 ../../lib/gcc/libc.a(lib_a-lseekr.o)
 .debug_aranges
                0x00000780       0x20 ../../lib/gcc/libc.a(lib_a-readr.o)
 .debug_aranges
                0x000007a0       0x30 ../../lib/gcc/libc.a(lib_a-reent.o)
 .debug_aranges
                0x000007d0       0x28 ../../lib/gcc/libc.a(lib_a-wcrtomb.o)
 .debug_aranges
                0x000007f8       0x28 ../../lib/gcc/libc.a(lib_a-wctomb_r.o)
 .debug_aranges
                0x00000820       0x20 ../../lib/gcc/libgcc.a(_udivdi3.o)
 .debug_aranges
                0x00000840       0x20 ../../lib/gcc/libgcc.a(_umoddi3.o)

.debug_pubnames
 *(.debug_pubnames)

.debug_info     0x00000000    0x20c25
 *(.debug_info .gnu.linkonce.wi.*)
 .debug_info    0x00000000      0xf08 main.o
 .debug_info    0x00000f08      0x64f fatfs-test.o
 .debug_info    0x00001557      0xc6d ../../common/intvect.o
 .debug_info    0x000021c4      0x4bf ../../common/lowlevel.o
 .debug_info    0x00002683      0x3c8 libmisc.o
 .debug_info    0x00002a4b      0x895 command.o
 .debug_info    0x000032e0      0x429 usbshow.o
 .debug_info    0x00003709       0x8b ../../lib/gcc/libc.a(lib_a-ctype_.o)
 .debug_info    0x00003794      0x967 ../../lib/gcc/libc.a(lib_a-errno.o)
 .debug_info    0x000040fb      0x965 ../../lib/gcc/libc.a(lib_a-impure.o)
 .debug_info    0x00004a60      0xa0e ../../lib/gcc/libc.a(lib_a-printf.o)
 .debug_info    0x0000546e      0x9ad ../../lib/gcc/libc.a(lib_a-putchar.o)
 .debug_info    0x00005e1b      0xa5f ../../lib/gcc/libc.a(lib_a-puts.o)
 .debug_info    0x0000687a      0x988 ../../lib/gcc/libc.a(lib_a-rand.o)
 .debug_info    0x00007202      0x974 ../../lib/gcc/libc.a(lib_a-setbuf.o)
 .debug_info    0x00007b76      0x9d8 ../../lib/gcc/libc.a(lib_a-setvbuf.o)
 .debug_info    0x0000854e      0x982 ../../lib/gcc/libc.a(lib_a-strtok.o)
 .debug_info    0x00008ed0      0x164 ../../lib/gcc/libc.a(lib_a-strtok_r.o)
 .debug_info    0x00009034     0x10f3 ../../lib/gcc/libc.a(lib_a-vfprintf.o)
 .debug_info    0x0000a127      0x995 ../../lib/gcc/libc.a(lib_a-wsetup.o)
 .debug_info    0x0000aabc      0xdcf ../../lib/gcc/libc.a(lib_a-dtoa.o)
 .debug_info    0x0000b88b      0xab1 ../../lib/gcc/libc.a(lib_a-fflush.o)
 .debug_info    0x0000c33c      0xbf9 ../../lib/gcc/libc.a(lib_a-findfp.o)
 .debug_info    0x0000cf35      0xc21 ../../lib/gcc/libc.a(lib_a-freer.o)
 .debug_info    0x0000db56      0xab6 ../../lib/gcc/libc.a(lib_a-fvwrite.o)
 .debug_info    0x0000e60c      0xb31 ../../lib/gcc/libc.a(lib_a-fwalk.o)
 .debug_info    0x0000f13d      0xc73 ../../lib/gcc/libc.a(lib_a-locale.o)
 .debug_info    0x0000fdb0      0xb47 ../../lib/gcc/libc.a(lib_a-makebuf.o)
 .debug_info    0x000108f7      0x9a8 ../../lib/gcc/libc.a(lib_a-malloc.o)
 .debug_info    0x0001129f      0xd6e ../../lib/gcc/libc.a(lib_a-mallocr.o)
 .debug_info    0x0001200d      0x983 ../../lib/gcc/libc.a(lib_a-mlock.o)
 .debug_info    0x00012990     0x14f6 ../../lib/gcc/libc.a(lib_a-mprec.o)
 .debug_info    0x00013e86      0x9ec ../../lib/gcc/libc.a(lib_a-putc.o)
 .debug_info    0x00014872      0xbc1 ../../lib/gcc/libc.a(lib_a-reallocr.o)
 .debug_info    0x00015433      0x9af ../../lib/gcc/libc.a(lib_a-sbrkr.o)
 .debug_info    0x00015de2       0xca ../../lib/gcc/libc.a(lib_a-sf_fpclassify.o)
 .debug_info    0x00015eac      0xb38 ../../lib/gcc/libc.a(lib_a-stdio.o)
 .debug_info    0x000169e4      0xf40 ../../lib/gcc/libc.a(lib_a-vfiprintf.o)
 .debug_info    0x00017924      0x9e8 ../../lib/gcc/libc.a(lib_a-wbuf.o)
 .debug_info    0x0001830c      0x9ca ../../lib/gcc/libc.a(lib_a-writer.o)
 .debug_info    0x00018cd6      0xa4b ../../lib/gcc/libc.a(lib_a-callocr.o)
 .debug_info    0x00019721      0x98f ../../lib/gcc/libc.a(lib_a-closer.o)
 .debug_info    0x0001a0b0      0x9ce ../../lib/gcc/libc.a(lib_a-fclose.o)
 .debug_info    0x0001aa7e      0xac4 ../../lib/gcc/libc.a(lib_a-fputwc.o)
 .debug_info    0x0001b542      0xb33 ../../lib/gcc/libc.a(lib_a-fstatr.o)
 .debug_info    0x0001c075      0x98f ../../lib/gcc/libc.a(lib_a-isattyr.o)
 .debug_info    0x0001ca04      0x9b8 ../../lib/gcc/libc.a(lib_a-lseekr.o)
 .debug_info    0x0001d3bc      0x9c3 ../../lib/gcc/libc.a(lib_a-readr.o)
 .debug_info    0x0001dd7f      0xa53 ../../lib/gcc/libc.a(lib_a-reent.o)
 .debug_info    0x0001e7d2      0xa9c ../../lib/gcc/libc.a(lib_a-wcrtomb.o)
 .debug_info    0x0001f26e      0xa5e ../../lib/gcc/libc.a(lib_a-wctomb_r.o)
 .debug_info    0x0001fccc      0x72a ../../lib/gcc/libgcc.a(_udivdi3.o)
 .debug_info    0x000203f6      0x77b ../../lib/gcc/libgcc.a(_umoddi3.o)
 .debug_info    0x00020b71       0xb4 ../../lib/gcc/libgcc.a(_clz.o)

.debug_abbrev   0x00000000     0x5c9d
 *(.debug_abbrev)
 .debug_abbrev  0x00000000      0x24d main.o
 .debug_abbrev  0x0000024d      0x1de fatfs-test.o
 .debug_abbrev  0x0000042b       0x97 ../../common/intvect.o
 .debug_abbrev  0x000004c2      0x140 ../../common/lowlevel.o
 .debug_abbrev  0x00000602      0x16e libmisc.o
 .debug_abbrev  0x00000770      0x2a6 command.o
 .debug_abbrev  0x00000a16       0xc3 usbshow.o
 .debug_abbrev  0x00000ad9       0x63 ../../lib/gcc/libc.a(lib_a-ctype_.o)
 .debug_abbrev  0x00000b3c      0x170 ../../lib/gcc/libc.a(lib_a-errno.o)
 .debug_abbrev  0x00000cac      0x166 ../../lib/gcc/libc.a(lib_a-impure.o)
 .debug_abbrev  0x00000e12      0x1d3 ../../lib/gcc/libc.a(lib_a-printf.o)
 .debug_abbrev  0x00000fe5      0x19a ../../lib/gcc/libc.a(lib_a-putchar.o)
 .debug_abbrev  0x0000117f      0x1bd ../../lib/gcc/libc.a(lib_a-puts.o)
 .debug_abbrev  0x0000133c      0x196 ../../lib/gcc/libc.a(lib_a-rand.o)
 .debug_abbrev  0x000014d2      0x16e ../../lib/gcc/libc.a(lib_a-setbuf.o)
 .debug_abbrev  0x00001640      0x1ac ../../lib/gcc/libc.a(lib_a-setvbuf.o)
 .debug_abbrev  0x000017ec      0x190 ../../lib/gcc/libc.a(lib_a-strtok.o)
 .debug_abbrev  0x0000197c       0xd1 ../../lib/gcc/libc.a(lib_a-strtok_r.o)
 .debug_abbrev  0x00001a4d      0x335 ../../lib/gcc/libc.a(lib_a-vfprintf.o)
 .debug_abbrev  0x00001d82      0x181 ../../lib/gcc/libc.a(lib_a-wsetup.o)
 .debug_abbrev  0x00001f03      0x229 ../../lib/gcc/libc.a(lib_a-dtoa.o)
 .debug_abbrev  0x0000212c      0x200 ../../lib/gcc/libc.a(lib_a-fflush.o)
 .debug_abbrev  0x0000232c      0x2a9 ../../lib/gcc/libc.a(lib_a-findfp.o)
 .debug_abbrev  0x000025d5      0x233 ../../lib/gcc/libc.a(lib_a-freer.o)
 .debug_abbrev  0x00002808      0x1a7 ../../lib/gcc/libc.a(lib_a-fvwrite.o)
 .debug_abbrev  0x000029af      0x210 ../../lib/gcc/libc.a(lib_a-fwalk.o)
 .debug_abbrev  0x00002bbf      0x24f ../../lib/gcc/libc.a(lib_a-locale.o)
 .debug_abbrev  0x00002e0e      0x19b ../../lib/gcc/libc.a(lib_a-makebuf.o)
 .debug_abbrev  0x00002fa9      0x198 ../../lib/gcc/libc.a(lib_a-malloc.o)
 .debug_abbrev  0x00003141      0x235 ../../lib/gcc/libc.a(lib_a-mallocr.o)
 .debug_abbrev  0x00003376      0x17b ../../lib/gcc/libc.a(lib_a-mlock.o)
 .debug_abbrev  0x000034f1      0x310 ../../lib/gcc/libc.a(lib_a-mprec.o)
 .debug_abbrev  0x00003801      0x1a9 ../../lib/gcc/libc.a(lib_a-putc.o)
 .debug_abbrev  0x000039aa      0x1ee ../../lib/gcc/libc.a(lib_a-reallocr.o)
 .debug_abbrev  0x00003b98      0x1b2 ../../lib/gcc/libc.a(lib_a-sbrkr.o)
 .debug_abbrev  0x00003d4a       0x6e ../../lib/gcc/libc.a(lib_a-sf_fpclassify.o)
 .debug_abbrev  0x00003db8      0x1f8 ../../lib/gcc/libc.a(lib_a-stdio.o)
 .debug_abbrev  0x00003fb0      0x32c ../../lib/gcc/libc.a(lib_a-vfiprintf.o)
 .debug_abbrev  0x000042dc      0x1a9 ../../lib/gcc/libc.a(lib_a-wbuf.o)
 .debug_abbrev  0x00004485      0x195 ../../lib/gcc/libc.a(lib_a-writer.o)
 .debug_abbrev  0x0000461a      0x1c2 ../../lib/gcc/libc.a(lib_a-callocr.o)
 .debug_abbrev  0x000047dc      0x190 ../../lib/gcc/libc.a(lib_a-closer.o)
 .debug_abbrev  0x0000496c      0x1b8 ../../lib/gcc/libc.a(lib_a-fclose.o)
 .debug_abbrev  0x00004b24      0x1ff ../../lib/gcc/libc.a(lib_a-fputwc.o)
 .debug_abbrev  0x00004d23      0x19f ../../lib/gcc/libc.a(lib_a-fstatr.o)
 .debug_abbrev  0x00004ec2      0x190 ../../lib/gcc/libc.a(lib_a-isattyr.o)
 .debug_abbrev  0x00005052      0x19f ../../lib/gcc/libc.a(lib_a-lseekr.o)
 .debug_abbrev  0x000051f1      0x190 ../../lib/gcc/libc.a(lib_a-readr.o)
 .debug_abbrev  0x00005381      0x211 ../../lib/gcc/libc.a(lib_a-reent.o)
 .debug_abbrev  0x00005592      0x1b0 ../../lib/gcc/libc.a(lib_a-wcrtomb.o)
 .debug_abbrev  0x00005742      0x1db ../../lib/gcc/libc.a(lib_a-wctomb_r.o)
 .debug_abbrev  0x0000591d      0x17e ../../lib/gcc/libgcc.a(_udivdi3.o)
 .debug_abbrev  0x00005a9b      0x1a1 ../../lib/gcc/libgcc.a(_umoddi3.o)
 .debug_abbrev  0x00005c3c       0x61 ../../lib/gcc/libgcc.a(_clz.o)

.debug_line     0x00000000     0xe555
 *(.debug_line)
 .debug_line    0x00000000      0x7ed main.o
 .debug_line    0x000007ed      0x3e7 fatfs-test.o
 .debug_line    0x00000bd4      0x8b1 ../../common/intvect.o
 .debug_line    0x00001485      0x38d ../../common/lowlevel.o
 .debug_line    0x00001812      0x6ea libmisc.o
 .debug_line    0x00001efc      0xd68 command.o
 .debug_line    0x00002c64      0x388 usbshow.o
 .debug_line    0x00002fec       0x6a ../../lib/gcc/libc.a(lib_a-ctype_.o)
 .debug_line    0x00003056      0x126 ../../lib/gcc/libc.a(lib_a-errno.o)
 .debug_line    0x0000317c       0xfa ../../lib/gcc/libc.a(lib_a-impure.o)
 .debug_line    0x00003276      0x1c4 ../../lib/gcc/libc.a(lib_a-printf.o)
 .debug_line    0x0000343a      0x191 ../../lib/gcc/libc.a(lib_a-putchar.o)
 .debug_line    0x000035cb      0x233 ../../lib/gcc/libc.a(lib_a-puts.o)
 .debug_line    0x000037fe      0x198 ../../lib/gcc/libc.a(lib_a-rand.o)
 .debug_line    0x00003996      0x166 ../../lib/gcc/libc.a(lib_a-setbuf.o)
 .debug_line    0x00003afc      0x305 ../../lib/gcc/libc.a(lib_a-setvbuf.o)
 .debug_line    0x00003e01      0x168 ../../lib/gcc/libc.a(lib_a-strtok.o)
 .debug_line    0x00003f69      0x1c7 ../../lib/gcc/libc.a(lib_a-strtok_r.o)
 .debug_line    0x00004130     0x163e ../../lib/gcc/libc.a(lib_a-vfprintf.o)
 .debug_line    0x0000576e      0x292 ../../lib/gcc/libc.a(lib_a-wsetup.o)
 .debug_line    0x00005a00     0x1405 ../../lib/gcc/libc.a(lib_a-dtoa.o)
 .debug_line    0x00006e05      0x411 ../../lib/gcc/libc.a(lib_a-fflush.o)
 .debug_line    0x00007216      0x544 ../../lib/gcc/libc.a(lib_a-findfp.o)
 .debug_line    0x0000775a      0x4a2 ../../lib/gcc/libc.a(lib_a-freer.o)
 .debug_line    0x00007bfc      0x657 ../../lib/gcc/libc.a(lib_a-fvwrite.o)
 .debug_line    0x00008253      0x2c3 ../../lib/gcc/libc.a(lib_a-fwalk.o)
 .debug_line    0x00008516      0x280 ../../lib/gcc/libc.a(lib_a-locale.o)
 .debug_line    0x00008796      0x2ec ../../lib/gcc/libc.a(lib_a-makebuf.o)
 .debug_line    0x00008a82      0x1a2 ../../lib/gcc/libc.a(lib_a-malloc.o)
 .debug_line    0x00008c24      0x87e ../../lib/gcc/libc.a(lib_a-mallocr.o)
 .debug_line    0x000094a2      0x12e ../../lib/gcc/libc.a(lib_a-mlock.o)
 .debug_line    0x000095d0     0x11bd ../../lib/gcc/libc.a(lib_a-mprec.o)
 .debug_line    0x0000a78d      0x27e ../../lib/gcc/libc.a(lib_a-putc.o)
 .debug_line    0x0000aa0b      0x5db ../../lib/gcc/libc.a(lib_a-reallocr.o)
 .debug_line    0x0000afe6      0x19d ../../lib/gcc/libc.a(lib_a-sbrkr.o)
 .debug_line    0x0000b183      0x1a9 ../../lib/gcc/libc.a(lib_a-sf_fpclassify.o)
 .debug_line    0x0000b32c      0x295 ../../lib/gcc/libc.a(lib_a-stdio.o)
 .debug_line    0x0000b5c1      0xf2b ../../lib/gcc/libc.a(lib_a-vfiprintf.o)
 .debug_line    0x0000c4ec      0x2e0 ../../lib/gcc/libc.a(lib_a-wbuf.o)
 .debug_line    0x0000c7cc      0x19e ../../lib/gcc/libc.a(lib_a-writer.o)
 .debug_line    0x0000c96a      0x189 ../../lib/gcc/libc.a(lib_a-callocr.o)
 .debug_line    0x0000caf3      0x19e ../../lib/gcc/libc.a(lib_a-closer.o)
 .debug_line    0x0000cc91      0x26c ../../lib/gcc/libc.a(lib_a-fclose.o)
 .debug_line    0x0000cefd      0x2a1 ../../lib/gcc/libc.a(lib_a-fputwc.o)
 .debug_line    0x0000d19e      0x1bb ../../lib/gcc/libc.a(lib_a-fstatr.o)
 .debug_line    0x0000d359      0x19f ../../lib/gcc/libc.a(lib_a-isattyr.o)
 .debug_line    0x0000d4f8      0x19e ../../lib/gcc/libc.a(lib_a-lseekr.o)
 .debug_line    0x0000d696      0x19d ../../lib/gcc/libc.a(lib_a-readr.o)
 .debug_line    0x0000d833      0x2b3 ../../lib/gcc/libc.a(lib_a-reent.o)
 .debug_line    0x0000dae6      0x245 ../../lib/gcc/libc.a(lib_a-wcrtomb.o)
 .debug_line    0x0000dd2b      0x20a ../../lib/gcc/libc.a(lib_a-wctomb_r.o)
 .debug_line    0x0000df35      0x2ea ../../lib/gcc/libgcc.a(_udivdi3.o)
 .debug_line    0x0000e21f      0x2e1 ../../lib/gcc/libgcc.a(_umoddi3.o)
 .debug_line    0x0000e500       0x55 ../../lib/gcc/libgcc.a(_clz.o)

.debug_frame    0x00000000     0x2154
 *(.debug_frame)
 .debug_frame   0x00000000       0xa8 main.o
 .debug_frame   0x000000a8       0xe8 fatfs-test.o
 .debug_frame   0x00000190      0xcdc ../../common/intvect.o
 .debug_frame   0x00000e6c       0xbc ../../common/lowlevel.o
 .debug_frame   0x00000f28      0x134 libmisc.o
 .debug_frame   0x0000105c      0x218 command.o
 .debug_frame   0x00001274       0xbc usbshow.o
 .debug_frame   0x00001330       0x24 ../../lib/gcc/libc.a(lib_a-errno.o)
 .debug_frame   0x00001354       0x3c ../../lib/gcc/libc.a(lib_a-printf.o)
 .debug_frame   0x00001390       0x34 ../../lib/gcc/libc.a(lib_a-putchar.o)
 .debug_frame   0x000013c4       0x44 ../../lib/gcc/libc.a(lib_a-puts.o)
 .debug_frame   0x00001408       0x3c ../../lib/gcc/libc.a(lib_a-rand.o)
 .debug_frame   0x00001444       0x24 ../../lib/gcc/libc.a(lib_a-setbuf.o)
 .debug_frame   0x00001468       0x38 ../../lib/gcc/libc.a(lib_a-setvbuf.o)
 .debug_frame   0x000014a0       0x24 ../../lib/gcc/libc.a(lib_a-strtok.o)
 .debug_frame   0x000014c4       0x44 ../../lib/gcc/libc.a(lib_a-strtok_r.o)
 .debug_frame   0x00001508       0x4c ../../lib/gcc/libc.a(lib_a-vfprintf.o)
 .debug_frame   0x00001554       0x30 ../../lib/gcc/libc.a(lib_a-wsetup.o)
 .debug_frame   0x00001584       0x64 ../../lib/gcc/libc.a(lib_a-dtoa.o)
 .debug_frame   0x000015e8       0x48 ../../lib/gcc/libc.a(lib_a-fflush.o)
 .debug_frame   0x00001630      0x128 ../../lib/gcc/libc.a(lib_a-findfp.o)
 .debug_frame   0x00001758       0x54 ../../lib/gcc/libc.a(lib_a-freer.o)
 .debug_frame   0x000017ac       0x3c ../../lib/gcc/libc.a(lib_a-fvwrite.o)
 .debug_frame   0x000017e8       0x5c ../../lib/gcc/libc.a(lib_a-fwalk.o)
 .debug_frame   0x00001844       0x90 ../../lib/gcc/libc.a(lib_a-locale.o)
 .debug_frame   0x000018d4       0x38 ../../lib/gcc/libc.a(lib_a-makebuf.o)
 .debug_frame   0x0000190c       0x34 ../../lib/gcc/libc.a(lib_a-malloc.o)
 .debug_frame   0x00001940       0x3c ../../lib/gcc/libc.a(lib_a-mallocr.o)
 .debug_frame   0x0000197c       0x34 ../../lib/gcc/libc.a(lib_a-mlock.o)
 .debug_frame   0x000019b0      0x220 ../../lib/gcc/libc.a(lib_a-mprec.o)
 .debug_frame   0x00001bd0       0x4c ../../lib/gcc/libc.a(lib_a-putc.o)
 .debug_frame   0x00001c1c       0x3c ../../lib/gcc/libc.a(lib_a-reallocr.o)
 .debug_frame   0x00001c58       0x30 ../../lib/gcc/libc.a(lib_a-sbrkr.o)
 .debug_frame   0x00001c88       0x24 ../../lib/gcc/libc.a(lib_a-sf_fpclassify.o)
 .debug_frame   0x00001cac       0x84 ../../lib/gcc/libc.a(lib_a-stdio.o)
 .debug_frame   0x00001d30       0x70 ../../lib/gcc/libc.a(lib_a-vfiprintf.o)
 .debug_frame   0x00001da0       0x44 ../../lib/gcc/libc.a(lib_a-wbuf.o)
 .debug_frame   0x00001de4       0x30 ../../lib/gcc/libc.a(lib_a-writer.o)
 .debug_frame   0x00001e14       0x2c ../../lib/gcc/libc.a(lib_a-callocr.o)
 .debug_frame   0x00001e40       0x30 ../../lib/gcc/libc.a(lib_a-closer.o)
 .debug_frame   0x00001e70       0x44 ../../lib/gcc/libc.a(lib_a-fclose.o)
 .debug_frame   0x00001eb4       0x5c ../../lib/gcc/libc.a(lib_a-fputwc.o)
 .debug_frame   0x00001f10       0x30 ../../lib/gcc/libc.a(lib_a-fstatr.o)
 .debug_frame   0x00001f40       0x30 ../../lib/gcc/libc.a(lib_a-isattyr.o)
 .debug_frame   0x00001f70       0x30 ../../lib/gcc/libc.a(lib_a-lseekr.o)
 .debug_frame   0x00001fa0       0x30 ../../lib/gcc/libc.a(lib_a-readr.o)
 .debug_frame   0x00001fd0       0x70 ../../lib/gcc/libc.a(lib_a-reent.o)
 .debug_frame   0x00002040       0x5c ../../lib/gcc/libc.a(lib_a-wcrtomb.o)
 .debug_frame   0x0000209c       0x48 ../../lib/gcc/libc.a(lib_a-wctomb_r.o)
 .debug_frame   0x000020e4       0x38 ../../lib/gcc/libgcc.a(_udivdi3.o)
 .debug_frame   0x0000211c       0x38 ../../lib/gcc/libgcc.a(_umoddi3.o)
