<html>
<body>
<pre>
<h1>µVision Build Log</h1>
<h2>Project:</h2>
Y:\Documents\Eclipse\Workspace\stm32f4-i2c\uVision\i2c.uvproj
Project File Date:  11/04/2012

<h2>Output:</h2>
Build target 'Target 1'
assembling startup_stm32f4xx.s...
compiling main.c...
..\main.c(49): error:  #5: cannot open source input file "stm32f4xx_gpio.h": No such file or directory
compiling stm32f4xx_it.c...
compiling system_stm32f4xx.c...
compiling misc.c...
..\..\STM32Library\STM32F4xx_StdPeriph_Driver\src\misc.c(76): error:  #5: cannot open source input file "misc.h": No such file or directory
compiling stm32f4xx_gpio.c...
..\..\STM32Library\STM32F4xx_StdPeriph_Driver\src\stm32f4xx_gpio.c(85): error:  #5: cannot open source input file "stm32f4xx_gpio.h": No such file or directory
compiling stm32f4xx_i2c.c...
..\..\STM32Library\STM32F4xx_StdPeriph_Driver\src\stm32f4xx_i2c.c(93): error:  #5: cannot open source input file "stm32f4xx_i2c.h": No such file or directory
compiling stm32f4xx_rcc.c...
..\..\STM32Library\STM32F4xx_StdPeriph_Driver\src\stm32f4xx_rcc.c(62): error:  #5: cannot open source input file "stm32f4xx_rcc.h": No such file or directory
compiling stm32f4xx_tim.c...
..\..\STM32Library\STM32F4xx_StdPeriph_Driver\src\stm32f4xx_tim.c(120): error:  #5: cannot open source input file "stm32f4xx_tim.h": No such file or directory
compiling stm32f4xx_usart.c...
..\..\STM32Library\STM32F4xx_StdPeriph_Driver\src\stm32f4xx_usart.c(91): error:  #5: cannot open source input file "stm32f4xx_usart.h": No such file or directory
compiling delay.c...
..\..\STM32Library\armcore\delay.c(35): error:  #5: cannot open source input file "stm32f4xx_rcc.h": No such file or directory
compiling gpio.c...
..\..\STM32Library\armcore\gpio.h(16): error:  #5: cannot open source input file "stm32f4xx_gpio.h": No such file or directory
compiling i2c.c...
..\..\STM32Library\armcore\i2c.c(8): error:  #5: cannot open source input file "stm32f4xx_gpio.h": No such file or directory
compiling systick.c...
..\..\STM32Library\armcore\systick.c(9): error:  #5: cannot open source input file "stm32f4xx_rcc.h": No such file or directory
compiling usart.c...
..\..\STM32Library\armcore\usart.c(8): error:  #5: cannot open source input file "stm32f4xx_gpio.h": No such file or directory
compiling util.c...
..\..\STM32Library\armcore\systick.h(15): error:  #5: cannot open source input file "misc.h": No such file or directory
Target not created
Rebuild target 'Target flash'
assembling startup_stm32f4xx.s...
compiling main.c...
..\main.c(109): error:  #18: expected a ")"
..\main.c(113): error:  #18: expected a ")"
..\main.c(118): error:  #18: expected a ")"
..\main.c(123): error:  #18: expected a ")"
..\main.c(128): error:  #18: expected a ")"
..\main.c(133): error:  #18: expected a ")"
..\main.c(138): error:  #18: expected a ")"
..\main.c(141): error:  #18: expected a ")"
..\main.c(146): error:  #18: expected a ")"
..\main.c(152): error:  #18: expected a ")"
..\main.c(158): error:  #268: declaration may not appear after executable statement in block
..\main.c(159): error:  #268: declaration may not appear after executable statement in block
..\main.c(162): error:  #18: expected a ")"
..\main.c(164): error:  #18: expected a ")"
..\main.c(187): error:  #165: too few arguments in function call
..\main.c(187): error:  #18: expected a ")"
..\main.c(184): warning:  #550-D: variable "t" was set but never used
..\main.c(197): error:  #65: expected a ";"
..\main.c(199): error:  #165: too few arguments in function call
..\main.c(199): error:  #18: expected a ")"
..\main.c(196): warning:  #550-D: variable "t" was set but never used
compiling stm32f4xx_it.c...
compiling system_stm32f4xx.c...
compiling misc.c...
compiling stm32f4xx_gpio.c...
compiling stm32f4xx_i2c.c...
compiling stm32f4xx_rcc.c...
compiling stm32f4xx_tim.c...
compiling stm32f4xx_usart.c...
compiling delay.c...
compiling gpio.c...
compiling i2c.c...
compiling systick.c...
compiling usart.c...
compiling util.c...
..\..\STM32Library\armcore\util.c(18): error:  #20: identifier "inline" is undefined
..\..\STM32Library\armcore\util.c(18): error:  #101: "uint32_t" has already been declared in the current scope
..\..\STM32Library\armcore\util.c(18): error:  #65: expected a ";"
..\..\STM32Library\armcore\util.c(22): warning: At end of source:  #12-D: parsing restarts here after previous syntax error
Target not created
Rebuild target 'Target flash'
assembling startup_stm32f4xx.s...
compiling main.c...
..\..\STM32Library\CMSIS\Include\core_cmInstr.h(114): error:  #667: "asm" function is nonstandard
..\..\STM32Library\CMSIS\Include\core_cmInstr.h(128): error:  #667: "asm" function is nonstandard
..\main.c(52): error:  #169: expected a declaration
..\main.c(52): error:  #10: "#" not expected here
..\main.c(53): error:  #10: "#" not expected here
..\..\STM32Library\armcore\delay.h(50): warning:  #12-D: parsing restarts here after previous syntax error
..\..\STM32Library\armcore\gpio.h(85): error:  #169: expected a declaration
..\..\STM32Library\armcore\gpio.h(85): error:  #10: "#" not expected here
..\..\STM32Library\armcore\gpio.h(88): error:  #10: "#" not expected here
..\..\STM32Library\armcore\gpio.h(89): error:  #10: "#" not expected here
..\..\STM32Library\armcore\gpio.h(100): warning:  #12-D: parsing restarts here after previous syntax error
..\..\STM32Library\armcore\gpio.h(107): error:  #169: expected a declaration
..\main.c(65): error:  #520: initialization with "{...}" expected for aggregate object
..\main.c(65): error:  #29: expected an expression
..\main.c(83): warning:  #223-D: function "pinMode" declared implicitly
..\main.c(85): error:  #29: expected an expression
..\main.c(87): error:  #29: expected an expression
..\main.c(90): error:  #29: expected an expression
..\main.c(106): warning:  #223-D: function "delay_us" declared implicitly
..\main.c(108): error:  #29: expected an expression
..\main.c(109): error:  #19: extra text after expected end of number
..\main.c(112): error:  #29: expected an expression
..\main.c(113): error:  #19: extra text after expected end of number
..\main.c(117): error:  #29: expected an expression
..\main.c(118): error:  #19: extra text after expected end of number
..\main.c(122): error:  #29: expected an expression
..\main.c(123): error:  #19: extra text after expected end of number
..\main.c(127): error:  #29: expected an expression
..\main.c(128): error:  #19: extra text after expected end of number
..\main.c(132): error:  #29: expected an expression
..\main.c(133): error:  #19: extra text after expected end of number
..\main.c(137): error:  #29: expected an expression
..\main.c(138): error:  #19: extra text after expected end of number
..\main.c(140): error:  #29: expected an expression
compiling stm32f4xx_it.c...
..\..\STM32Library\CMSIS\Include\core_cmInstr.h(114): error:  #667: "asm" function is nonstandard
..\..\STM32Library\CMSIS\Include\core_cmInstr.h(128): error:  #667: "asm" function is nonstandard
compiling system_stm32f4xx.c...
..\..\STM32Library\CMSIS\Include\core_cmInstr.h(114): error:  #667: "asm" function is nonstandard
..\..\STM32Library\CMSIS\Include\core_cmInstr.h(128): error:  #667: "asm" function is nonstandard
compiling misc.c...
..\..\STM32Library\CMSIS\Include\core_cmInstr.h(114): error:  #667: "asm" function is nonstandard
..\..\STM32Library\CMSIS\Include\core_cmInstr.h(128): error:  #667: "asm" function is nonstandard
compiling stm32f4xx_gpio.c...
..\..\STM32Library\CMSIS\Include\core_cmInstr.h(114): error:  #667: "asm" function is nonstandard
..\..\STM32Library\CMSIS\Include\core_cmInstr.h(128): error:  #667: "asm" function is nonstandard
compiling stm32f4xx_i2c.c...
..\..\STM32Library\CMSIS\Include\core_cmInstr.h(114): error:  #667: "asm" function is nonstandard
..\..\STM32Library\CMSIS\Include\core_cmInstr.h(128): error:  #667: "asm" function is nonstandard
compiling stm32f4xx_rcc.c...
..\..\STM32Library\CMSIS\Include\core_cmInstr.h(114): error:  #667: "asm" function is nonstandard
..\..\STM32Library\CMSIS\Include\core_cmInstr.h(128): error:  #667: "asm" function is nonstandard
compiling stm32f4xx_tim.c...
..\..\STM32Library\CMSIS\Include\core_cmInstr.h(114): error:  #667: "asm" function is nonstandard
..\..\STM32Library\CMSIS\Include\core_cmInstr.h(128): error:  #667: "asm" function is nonstandard
compiling stm32f4xx_usart.c...
..\..\STM32Library\CMSIS\Include\core_cmInstr.h(114): error:  #667: "asm" function is nonstandard
..\..\STM32Library\CMSIS\Include\core_cmInstr.h(128): error:  #667: "asm" function is nonstandard
compiling delay.c...
..\..\STM32Library\CMSIS\Include\core_cmInstr.h(114): error:  #667: "asm" function is nonstandard
..\..\STM32Library\CMSIS\Include\core_cmInstr.h(128): error:  #667: "asm" function is nonstandard
..\..\STM32Library\armcore\delay.c(38): error:  #169: expected a declaration
..\..\STM32Library\armcore\delay.c(38): error:  #10: "#" not expected here
..\..\STM32Library\armcore\delay.c(44): error:  #8: missing closing quote
..\..\STM32Library\armcore\delay.c(45): warning:  #12-D: parsing restarts here after previous syntax error
..\..\STM32Library\armcore\delay.c(56): error:  #29: expected an expression
..\..\STM32Library\armcore\delay.c(60): error:  #20: identifier "TIM_TimeBaseStructureMicro" is undefined
..\..\STM32Library\armcore\delay.c(84): error:  #29: expected an expression
compiling gpio.c...
..\..\STM32Library\CMSIS\Include\core_cmInstr.h(114): error:  #667: "asm" function is nonstandard
..\..\STM32Library\CMSIS\Include\core_cmInstr.h(128): error:  #667: "asm" function is nonstandard
..\..\STM32Library\armcore\gpio.h(85): error:  #169: expected a declaration
..\..\STM32Library\armcore\gpio.h(85): error:  #10: "#" not expected here
..\..\STM32Library\armcore\gpio.h(88): error:  #10: "#" not expected here
..\..\STM32Library\armcore\gpio.h(89): error:  #10: "#" not expected here
..\..\STM32Library\armcore\gpio.h(100): warning:  #12-D: parsing restarts here after previous syntax error
..\..\STM32Library\armcore\gpio.h(107): error:  #169: expected a declaration
..\..\STM32Library\armcore\gpio.c(11): error:  #29: expected an expression
..\..\STM32Library\armcore\gpio.c(60): error:  #29: expected an expression
..\..\STM32Library\armcore\gpio.c(51): warning:  #550-D: variable "GPIO_InitStructure" was set but never used
..\..\STM32Library\armcore\gpio.c(69): error:  #29: expected an expression
..\..\STM32Library\armcore\gpio.c(71): error:  #29: expected an expression
..\..\STM32Library\armcore\gpio.c(77): error:  #29: expected an expression
..\..\STM32Library\armcore\gpio.c(68): warning:  #550-D: variable "GPIO_InitStructure" was set but never used
..\..\STM32Library\armcore\gpio.c(87): error:  #29: expected an expression
compiling i2c.c...
..\..\STM32Library\CMSIS\Include\core_cmInstr.h(114): error:  #667: "asm" function is nonstandard
..\..\STM32Library\CMSIS\Include\core_cmInstr.h(128): error:  #667: "asm" function is nonstandard
..\..\STM32Library\armcore\gpio.h(85): error:  #169: expected a declaration
..\..\STM32Library\armcore\gpio.h(85): error:  #10: "#" not expected here
..\..\STM32Library\armcore\gpio.h(88): error:  #10: "#" not expected here
..\..\STM32Library\armcore\gpio.h(89): error:  #10: "#" not expected here
..\..\STM32Library\armcore\gpio.h(100): warning:  #12-D: parsing restarts here after previous syntax error
..\..\STM32Library\armcore\gpio.h(107): error:  #169: expected a declaration
..\..\STM32Library\armcore\i2c.c(16): error:  #228-D: trailing comma is nonstandard
..\..\STM32Library\armcore\i2c.c(36): error:  #169: expected a declaration
..\..\STM32Library\armcore\i2c.c(42): error:  #29: expected an expression
..\..\STM32Library\armcore\i2c.c(42): error:  #146: too many initializer values
..\..\STM32Library\armcore\i2c.c(46): error:  #29: expected an expression
..\..\STM32Library\armcore\i2c.c(46): error:  #146: too many initializer values
..\..\STM32Library\armcore\i2c.c(50): error:  #29: expected an expression
..\..\STM32Library\armcore\i2c.c(50): error:  #146: too many initializer values
..\..\STM32Library\armcore\i2c.c(60): error:  #29: expected an expression
..\..\STM32Library\armcore\i2c.c(61): error:  #268: declaration may not appear after executable statement in block
..\..\STM32Library\armcore\i2c.c(63): error:  #268: declaration may not appear after executable statement in block
..\..\STM32Library\armcore\i2c.c(69): error:  #29: expected an expression
..\..\STM32Library\armcore\i2c.c(73): error:  #29: expected an expression
..\..\STM32Library\armcore\i2c.c(74): error:  #29: expected an expression
..\..\STM32Library\armcore\i2c.c(74): error:  #140: too many arguments in function call
..\..\STM32Library\armcore\i2c.c(77): error:  #29: expected an expression
..\..\STM32Library\armcore\i2c.c(78): error:  #29: expected an expression
..\..\STM32Library\armcore\i2c.c(78): error:  #140: too many arguments in function call
..\..\STM32Library\armcore\i2c.c(84): error:  #29: expected an expression
compiling systick.c...
..\..\STM32Library\CMSIS\Include\core_cmInstr.h(114): error:  #667: "asm" function is nonstandard
..\..\STM32Library\CMSIS\Include\core_cmInstr.h(128): error:  #667: "asm" function is nonstandard
..\..\STM32Library\armcore\systick.c(10): error:  #169: expected a declaration
..\..\STM32Library\armcore\systick.c(10): error:  #10: "#" not expected here
..\..\STM32Library\armcore\systick.h(16): error:  #10: "#" not expected here
..\..\STM32Library\armcore\systick.h(18): warning:  #12-D: parsing restarts here after previous syntax error
compiling usart.c...
..\..\STM32Library\CMSIS\Include\core_cmInstr.h(114): error:  #667: "asm" function is nonstandard
..\..\STM32Library\CMSIS\Include\core_cmInstr.h(128): error:  #667: "asm" function is nonstandard
..\..\STM32Library\armcore\gpio.h(85): error:  #169: expected a declaration
..\..\STM32Library\armcore\gpio.h(85): error:  #10: "#" not expected here
..\..\STM32Library\armcore\gpio.h(88): error:  #10: "#" not expected here
..\..\STM32Library\armcore\gpio.h(89): error:  #10: "#" not expected here
..\..\STM32Library\armcore\gpio.h(100): warning:  #12-D: parsing restarts here after previous syntax error
..\..\STM32Library\armcore\gpio.h(107): error:  #169: expected a declaration
..\..\STM32Library\armcore\usart.c(88): error:  #169: expected a declaration
..\..\STM32Library\armcore\usart.c(115): error:  #29: expected an expression
..\..\STM32Library\armcore\usart.c(115): error:  #29: expected an expression
..\..\STM32Library\armcore\usart.c(116): error:  #29: expected an expression
..\..\STM32Library\armcore\usart.c(117): error:  #29: expected an expression
..\..\STM32Library\armcore\usart.c(120): error:  #20: identifier "portid" is undefined
..\..\STM32Library\armcore\usart.c(123): error:  #29: expected an expression
..\..\STM32Library\armcore\usart.c(129): error:  #29: expected an expression
..\..\STM32Library\armcore\usart.c(130): error:  #29: expected an expression
..\..\STM32Library\armcore\usart.c(132): error:  #29: expected an expression
..\..\STM32Library\armcore\usart.c(133): error:  #29: expected an expression
..\..\STM32Library\armcore\usart.c(134): error:  #29: expected an expression
..\..\STM32Library\armcore\usart.c(135): error:  #29: expected an expression
..\..\STM32Library\armcore\usart.c(135): error:  #8: missing closing quote
..\..\STM32Library\armcore\usart.c(136): error:  #29: expected an expression
..\..\STM32Library\armcore\usart.c(136): error:  #8: missing closing quote
..\..\STM32Library\armcore\usart.c(137): error:  #29: expected an expression
..\..\STM32Library\armcore\usart.c(139): error:  #29: expected an expression
..\..\STM32Library\armcore\usart.c(141): error:  #29: expected an expression
..\..\STM32Library\armcore\usart.c(144): error:  #20: identifier "NVIC_InitStructure" is undefined
..\..\STM32Library\armcore\usart.c(145): error:  #29: expected an expression
..\..\STM32Library\armcore\usart.c(146): error:  #29: expected an expression
..\..\STM32Library\armcore\usart.c(147): error:  #29: expected an expression
compiling util.c...
..\..\STM32Library\CMSIS\Include\core_cmInstr.h(114): error:  #667: "asm" function is nonstandard
..\..\STM32Library\CMSIS\Include\core_cmInstr.h(128): error:  #667: "asm" function is nonstandard
..\..\STM32Library\armcore\systick.h(16): error:  #169: expected a declaration
..\..\STM32Library\armcore\systick.h(16): error:  #10: "#" not expected here
..\..\STM32Library\armcore\util.c(18): error:  #20: identifier "inline" is undefined
..\..\STM32Library\armcore\util.c(18): error:  #101: "uint32_t" has already been declared in the current scope
..\..\STM32Library\armcore\util.c(18): error:  #65: expected a ";"
..\..\STM32Library\armcore\util.c(22): warning: At end of source:  #12-D: parsing restarts here after previous syntax error
Target not created
Rebuild target 'Target flash'
assembling startup_stm32f4xx.s...
compiling main.c...
..\main.c(109): error:  #18: expected a ")"
..\main.c(113): error:  #18: expected a ")"
..\main.c(118): error:  #18: expected a ")"
..\main.c(123): error:  #18: expected a ")"
..\main.c(128): error:  #18: expected a ")"
..\main.c(133): error:  #18: expected a ")"
..\main.c(138): error:  #18: expected a ")"
..\main.c(141): error:  #18: expected a ")"
..\main.c(146): error:  #18: expected a ")"
..\main.c(152): error:  #18: expected a ")"
..\main.c(158): error:  #268: declaration may not appear after executable statement in block
..\main.c(159): error:  #268: declaration may not appear after executable statement in block
..\main.c(162): error:  #18: expected a ")"
..\main.c(164): error:  #18: expected a ")"
..\main.c(187): error:  #165: too few arguments in function call
..\main.c(187): error:  #18: expected a ")"
..\main.c(184): warning:  #550-D: variable "t" was set but never used
..\main.c(197): error:  #65: expected a ";"
..\main.c(199): error:  #165: too few arguments in function call
..\main.c(199): error:  #18: expected a ")"
..\main.c(196): warning:  #550-D: variable "t" was set but never used
compiling stm32f4xx_it.c...
compiling system_stm32f4xx.c...
compiling misc.c...
compiling stm32f4xx_gpio.c...
compiling stm32f4xx_i2c.c...
compiling stm32f4xx_rcc.c...
compiling stm32f4xx_tim.c...
compiling stm32f4xx_usart.c...
compiling delay.c...
compiling gpio.c...
compiling i2c.c...
compiling systick.c...
compiling usart.c...
compiling util.c...
..\..\STM32Library\armcore\util.c(18): error:  #20: identifier "inline" is undefined
..\..\STM32Library\armcore\util.c(18): error:  #101: "uint32_t" has already been declared in the current scope
..\..\STM32Library\armcore\util.c(18): error:  #65: expected a ";"
..\..\STM32Library\armcore\util.c(22): warning: At end of source:  #12-D: parsing restarts here after previous syntax error
Target not created
Rebuild target 'Target flash'
assembling startup_stm32f4xx.s...
compiling main.c...
..\main.c(123): error:  #18: expected a ")"
..\main.c(128): error:  #18: expected a ")"
..\main.c(133): error:  #18: expected a ")"
..\main.c(138): error:  #18: expected a ")"
..\main.c(141): error:  #18: expected a ")"
..\main.c(146): error:  #18: expected a ")"
..\main.c(152): error:  #18: expected a ")"
..\main.c(158): error:  #268: declaration may not appear after executable statement in block
..\main.c(159): error:  #268: declaration may not appear after executable statement in block
..\main.c(162): error:  #18: expected a ")"
..\main.c(164): error:  #18: expected a ")"
..\main.c(187): error:  #165: too few arguments in function call
..\main.c(187): error:  #18: expected a ")"
..\main.c(184): warning:  #550-D: variable "t" was set but never used
..\main.c(197): error:  #65: expected a ";"
..\main.c(199): error:  #165: too few arguments in function call
..\main.c(199): error:  #18: expected a ")"
..\main.c(196): warning:  #550-D: variable "t" was set but never used
compiling stm32f4xx_it.c...
compiling system_stm32f4xx.c...
compiling misc.c...
compiling stm32f4xx_gpio.c...
compiling stm32f4xx_i2c.c...
compiling stm32f4xx_rcc.c...
compiling stm32f4xx_tim.c...
compiling stm32f4xx_usart.c...
compiling delay.c...
compiling gpio.c...
compiling i2c.c...
compiling systick.c...
compiling usart.c...
compiling util.c...
..\..\STM32Library\armcore\util.c(18): error:  #20: identifier "inline" is undefined
..\..\STM32Library\armcore\util.c(18): error:  #101: "uint32_t" has already been declared in the current scope
..\..\STM32Library\armcore\util.c(18): error:  #65: expected a ";"
..\..\STM32Library\armcore\util.c(22): warning: At end of source:  #12-D: parsing restarts here after previous syntax error
Target not created
Rebuild target 'Target flash'
assembling startup_stm32f4xx.s...
compiling main.c...
..\main.c(123): error:  #18: expected a ")"
..\main.c(128): error:  #18: expected a ")"
..\main.c(133): error:  #18: expected a ")"
..\main.c(138): error:  #18: expected a ")"
..\main.c(141): error:  #18: expected a ")"
..\main.c(146): error:  #18: expected a ")"
..\main.c(152): error:  #18: expected a ")"
..\main.c(158): error:  #268: declaration may not appear after executable statement in block
..\main.c(159): error:  #268: declaration may not appear after executable statement in block
..\main.c(162): error:  #18: expected a ")"
..\main.c(164): error:  #18: expected a ")"
..\main.c(187): error:  #165: too few arguments in function call
..\main.c(187): error:  #18: expected a ")"
..\main.c(184): warning:  #550-D: variable "t" was set but never used
..\main.c(199): error:  #165: too few arguments in function call
..\main.c(199): error:  #18: expected a ")"
..\main.c(196): warning:  #550-D: variable "t" was set but never used
compiling stm32f4xx_it.c...
compiling system_stm32f4xx.c...
compiling misc.c...
compiling stm32f4xx_gpio.c...
compiling stm32f4xx_i2c.c...
compiling stm32f4xx_rcc.c...
compiling stm32f4xx_tim.c...
compiling stm32f4xx_usart.c...
compiling delay.c...
compiling gpio.c...
compiling i2c.c...
compiling systick.c...
compiling usart.c...
compiling util.c...
..\..\STM32Library\armcore\util.c(18): error:  #20: identifier "inline" is undefined
..\..\STM32Library\armcore\util.c(18): error:  #101: "uint32_t" has already been declared in the current scope
..\..\STM32Library\armcore\util.c(18): error:  #65: expected a ";"
..\..\STM32Library\armcore\util.c(22): warning: At end of source:  #12-D: parsing restarts here after previous syntax error
Target not created
Rebuild target 'Target flash'
assembling startup_stm32f4xx.s...
compiling main.c...
..\main.c(123): error:  #18: expected a ")"
..\main.c(128): error:  #18: expected a ")"
..\main.c(133): error:  #18: expected a ")"
..\main.c(138): error:  #18: expected a ")"
..\main.c(141): error:  #18: expected a ")"
..\main.c(146): error:  #18: expected a ")"
..\main.c(158): error:  #268: declaration may not appear after executable statement in block
..\main.c(159): error:  #268: declaration may not appear after executable statement in block
..\main.c(187): error:  #165: too few arguments in function call
..\main.c(187): error:  #18: expected a ")"
..\main.c(184): warning:  #550-D: variable "t" was set but never used
..\main.c(199): error:  #165: too few arguments in function call
..\main.c(199): error:  #18: expected a ")"
..\main.c(196): warning:  #550-D: variable "t" was set but never used
compiling stm32f4xx_it.c...
compiling system_stm32f4xx.c...
compiling misc.c...
compiling stm32f4xx_gpio.c...
compiling stm32f4xx_i2c.c...
compiling stm32f4xx_rcc.c...
compiling stm32f4xx_tim.c...
compiling stm32f4xx_usart.c...
compiling delay.c...
compiling gpio.c...
compiling i2c.c...
compiling systick.c...
compiling usart.c...
compiling util.c...
..\..\STM32Library\armcore\util.c(18): error:  #20: identifier "inline" is undefined
..\..\STM32Library\armcore\util.c(18): error:  #101: "uint32_t" has already been declared in the current scope
..\..\STM32Library\armcore\util.c(18): error:  #65: expected a ";"
..\..\STM32Library\armcore\util.c(22): warning: At end of source:  #12-D: parsing restarts here after previous syntax error
Target not created
Build target 'Target flash'
compiling main.c...
..\main.c(158): error:  #268: declaration may not appear after executable statement in block
..\main.c(159): error:  #268: declaration may not appear after executable statement in block
..\main.c(187): error:  #165: too few arguments in function call
..\main.c(187): error:  #18: expected a ")"
..\main.c(184): warning:  #550-D: variable "t" was set but never used
..\main.c(199): error:  #165: too few arguments in function call
..\main.c(199): error:  #18: expected a ")"
..\main.c(196): warning:  #550-D: variable "t" was set but never used
compiling util.c...
..\..\STM32Library\armcore\util.c(18): error:  #20: identifier "inline" is undefined
..\..\STM32Library\armcore\util.c(18): error:  #101: "uint32_t" has already been declared in the current scope
..\..\STM32Library\armcore\util.c(18): error:  #65: expected a ";"
..\..\STM32Library\armcore\util.c(22): warning: At end of source:  #12-D: parsing restarts here after previous syntax error
Target not created
Build target 'Target flash'
compiling main.c...
..\main.c(187): error:  #165: too few arguments in function call
..\main.c(187): error:  #18: expected a ")"
..\main.c(184): warning:  #550-D: variable "t" was set but never used
..\main.c(199): error:  #165: too few arguments in function call
..\main.c(199): error:  #18: expected a ")"
..\main.c(196): warning:  #550-D: variable "t" was set but never used
compiling util.c...
..\..\STM32Library\armcore\util.c(18): error:  #20: identifier "inline" is undefined
..\..\STM32Library\armcore\util.c(18): error:  #101: "uint32_t" has already been declared in the current scope
..\..\STM32Library\armcore\util.c(18): error:  #65: expected a ";"
..\..\STM32Library\armcore\util.c(22): warning: At end of source:  #12-D: parsing restarts here after previous syntax error
Target not created
Build target 'Target flash'
compiling main.c...
..\main.c(187): warning:  #223-D: function "i2c_send" declared implicitly
..\main.c(187): error:  #18: expected a ")"
..\main.c(184): warning:  #550-D: variable "t" was set but never used
..\main.c(199): warning:  #223-D: function "i2c_send" declared implicitly
..\main.c(199): error:  #18: expected a ")"
..\main.c(196): warning:  #550-D: variable "t" was set but never used
compiling i2c.c...
compiling util.c...
..\..\STM32Library\armcore\util.c(18): error:  #20: identifier "inline" is undefined
..\..\STM32Library\armcore\util.c(18): error:  #101: "uint32_t" has already been declared in the current scope
..\..\STM32Library\armcore\util.c(18): error:  #65: expected a ";"
..\..\STM32Library\armcore\util.c(22): warning: At end of source:  #12-D: parsing restarts here after previous syntax error
Target not created
Build target 'Target flash'
compiling main.c...
..\main.c(187): error:  #165: too few arguments in function call
..\main.c(187): error:  #18: expected a ")"
..\main.c(184): warning:  #550-D: variable "t" was set but never used
..\main.c(199): error:  #165: too few arguments in function call
..\main.c(199): error:  #18: expected a ")"
..\main.c(196): warning:  #550-D: variable "t" was set but never used
compiling util.c...
..\..\STM32Library\armcore\util.c(18): error:  #20: identifier "inline" is undefined
..\..\STM32Library\armcore\util.c(18): error:  #101: "uint32_t" has already been declared in the current scope
..\..\STM32Library\armcore\util.c(18): error:  #65: expected a ";"
..\..\STM32Library\armcore\util.c(22): warning: At end of source:  #12-D: parsing restarts here after previous syntax error
Target not created
Build target 'Target flash'
compiling main.c...
..\main.c(187): error:  #165: too few arguments in function call
..\main.c(187): error:  #18: expected a ")"
..\main.c(184): warning:  #550-D: variable "t" was set but never used
..\main.c(199): error:  #165: too few arguments in function call
..\main.c(199): error:  #18: expected a ")"
..\main.c(196): warning:  #550-D: variable "t" was set but never used
compiling i2c.c...
compiling util.c...
..\..\STM32Library\armcore\util.c(18): error:  #20: identifier "inline" is undefined
..\..\STM32Library\armcore\util.c(18): error:  #101: "uint32_t" has already been declared in the current scope
..\..\STM32Library\armcore\util.c(18): error:  #65: expected a ";"
..\..\STM32Library\armcore\util.c(22): warning: At end of source:  #12-D: parsing restarts here after previous syntax error
Target not created
Build target 'Target flash'
compiling main.c...
..\main.c(187): error:  #165: too few arguments in function call
..\main.c(187): error:  #18: expected a ")"
..\main.c(184): warning:  #550-D: variable "data" was set but never used
..\main.c(199): error:  #165: too few arguments in function call
..\main.c(199): error:  #18: expected a ")"
..\main.c(196): warning:  #550-D: variable "t" was set but never used
compiling util.c...
..\..\STM32Library\armcore\util.c(18): error:  #20: identifier "inline" is undefined
..\..\STM32Library\armcore\util.c(18): error:  #101: "uint32_t" has already been declared in the current scope
..\..\STM32Library\armcore\util.c(18): error:  #65: expected a ";"
..\..\STM32Library\armcore\util.c(22): warning: At end of source:  #12-D: parsing restarts here after previous syntax error
Target not created
Build target 'Target flash'
compiling main.c...
compiling util.c...
..\..\STM32Library\armcore\util.c(18): error:  #20: identifier "inline" is undefined
..\..\STM32Library\armcore\util.c(18): error:  #101: "uint32_t" has already been declared in the current scope
..\..\STM32Library\armcore\util.c(18): error:  #65: expected a ";"
..\..\STM32Library\armcore\util.c(22): warning: At end of source:  #12-D: parsing restarts here after previous syntax error
Target not created
Build target 'Target flash'
compiling util.c...
linking...
Program Size: Code=9064 RO-data=424 RW-data=312 ZI-data=3208  
FromELF: creating hex file...
"i2c.axf" - 0 Error(s), 0 Warning(s).
Build target 'Target flash'
linking...
Program Size: Code=9064 RO-data=424 RW-data=312 ZI-data=3208  
FromELF: creating hex file...
"i2c.axf" - 0 Error(s), 0 Warning(s).
Load "Y:\\Documents\\Eclipse\\Workspace\\stm32f4-i2c\\uVision\\i2c.AXF" 
Erase Done.
Programming Done.
Verify OK.
Build target 'Target flash'
compiling main.c...
compiling i2c.c...
linking...
Program Size: Code=9064 RO-data=424 RW-data=312 ZI-data=3208  
FromELF: creating hex file...
"i2c.axf" - 0 Error(s), 0 Warning(s).
Load "Y:\\Documents\\Eclipse\\Workspace\\stm32f4-i2c\\uVision\\i2c.AXF" 
Erase Done.
Programming Done.
Verify OK.
Build target 'Target flash'
compiling main.c...
compiling i2c.c...
..\..\STM32Library\armcore\i2c.c(64): warning:  #167-D: argument of type "volatile I2C_TypeDef *" is incompatible with parameter of type "I2C_TypeDef *"
..\..\STM32Library\armcore\i2c.c(91): warning:  #167-D: argument of type "volatile I2C_TypeDef *" is incompatible with parameter of type "I2C_TypeDef *"
..\..\STM32Library\armcore\i2c.c(93): warning:  #167-D: argument of type "volatile I2C_TypeDef *" is incompatible with parameter of type "I2C_TypeDef *"
linking...
Program Size: Code=9064 RO-data=424 RW-data=312 ZI-data=3208  
FromELF: creating hex file...
"i2c.axf" - 0 Error(s), 3 Warning(s).
Load "Y:\\Documents\\Eclipse\\Workspace\\stm32f4-i2c\\uVision\\i2c.AXF" 
Erase Done.
Programming Done.
Verify OK.
Build target 'Target flash'
compiling main.c...
compiling i2c.c...
linking...
Program Size: Code=9064 RO-data=424 RW-data=312 ZI-data=3208  
FromELF: creating hex file...
"i2c.axf" - 0 Error(s), 0 Warning(s).
Load "Y:\\Documents\\Eclipse\\Workspace\\stm32f4-i2c\\uVision\\i2c.AXF" 
Erase Done.
Programming Done.
Verify OK.
