Archive member included because of file (symbol)

../../lib/libtkdnhal.a(hwsetup.o)
                              ../../lib/start.o (tkdn_hwsetup)
../../lib/libtkdnhal.a(tkdn_sci.o)
                              adc_sample.o (sci_convert_crlf)
../../lib/libtkdnhal.a(tkdn_ether.o)
                              ../../common/intvect.o (Excep_ETHER_EINT)
../../lib/libtkdnhal.a(tkdn_timer.o)
                              ../../common/intvect.o (Excep_CMTU0_CMT0)
../../lib/libtkdnhal.a(tkdn_gpio.o)
                              adc_sample.o (gpio_set_pinmode)
../../lib/libtkdnhal.a(tkdn_pwm.o)
                              ../../common/intvect.o (Excep_MTU1_TGIA1)
../../lib/libtkdnhal.a(tkdn_tone.o)
                              ../../common/intvect.o (Excep_MTU2_TGIA2)
../../lib/libtkdnhal.a(tkdn_adc.o)
                              adc_sample.o (adc_init)
../../lib/libtkdnhal.a(phy.o)
                              ../../lib/libtkdnhal.a(tkdn_ether.o) (_phy_read)
../../lib/libtkdnhal.a(eidi.o)
                              ../../lib/libtkdnhal.a(tkdn_ether.o) (enable_interrupt)
../../lib/libtkdnhal.a(usb_cdc.o)
                              ../../lib/libtkdnhal.a(tkdn_sci.o) (TKUSB_Init)
../../lib/libtkdnhal.a(usb_core.o)
                              ../../lib/libtkdnhal.a(usb_cdc.o) (USBCORE_Init)
../../lib/libtkdnhal.a(usb_hal.o)
                              ../../lib/libtkdnhal.a(tkdn_sci.o) (TKUSB_RecvByte)
../../lib/libtkdnhal.a(usbdescriptors.o)
                              ../../lib/libtkdnhal.a(usb_cdc.o) (gStringDescriptorSerialNum)
../../lib/libtkdnhal.a(tkdn_interrupt.o)
                              ../../common/intvect.o (Excep_IRQ0)
../../lib/gcc/libc.a(lib_a-sprintf.o)
                              adc_sample.o (sprintf)
../../lib/gcc/libc.a(lib_a-svfprintf.o)
                              ../../lib/gcc/libc.a(lib_a-sprintf.o) (_svfprintf_r)
../../lib/gcc/libc.a(lib_a-dtoa.o)
                              ../../lib/gcc/libc.a(lib_a-svfprintf.o) (_dtoa_r)
../../lib/gcc/libc.a(lib_a-impure.o)
                              ../../lib/gcc/libc.a(lib_a-sprintf.o) (_impure_ptr)
../../lib/gcc/libc.a(lib_a-locale.o)
                              ../../lib/gcc/libc.a(lib_a-svfprintf.o) (_localeconv_r)
../../lib/gcc/libc.a(lib_a-mallocr.o)
                              ../../lib/gcc/libc.a(lib_a-svfprintf.o) (_malloc_r)
../../lib/gcc/libc.a(lib_a-memchr.o)
                              ../../lib/gcc/libc.a(lib_a-svfprintf.o) (memchr)
../../lib/gcc/libc.a(lib_a-memcpy.o)
                              ../../lib/gcc/libc.a(lib_a-dtoa.o) (memcpy)
../../lib/gcc/libc.a(lib_a-mlock.o)
                              ../../lib/gcc/libc.a(lib_a-mallocr.o) (__malloc_lock)
../../lib/gcc/libc.a(lib_a-mprec.o)
                              ../../lib/gcc/libc.a(lib_a-dtoa.o) (_Balloc)
../../lib/gcc/libc.a(lib_a-sbrkr.o)
                              ../../lib/gcc/libc.a(lib_a-mallocr.o) (_sbrk_r)
../../lib/gcc/libc.a(lib_a-sf_fpclassify.o)
                              ../../lib/gcc/libc.a(lib_a-svfprintf.o) (__fpclassifyf)
../../lib/gcc/libc.a(lib_a-strcmp.o)
                              ../../lib/gcc/libc.a(lib_a-locale.o) (strcmp)
../../lib/gcc/libc.a(lib_a-strlen.o)
                              ../../lib/gcc/libc.a(lib_a-svfprintf.o) (strlen)
../../lib/gcc/libc.a(lib_a-svfiprintf.o)
                              ../../lib/gcc/libc.a(lib_a-svfprintf.o) (__ssprint_r)
../../lib/gcc/libc.a(lib_a-callocr.o)
                              ../../lib/gcc/libc.a(lib_a-mprec.o) (_calloc_r)
../../lib/gcc/libc.a(lib_a-freer.o)
                              ../../lib/gcc/libc.a(lib_a-mallocr.o) (_free_r)
../../lib/gcc/libc.a(lib_a-memmove.o)
                              ../../lib/gcc/libc.a(lib_a-svfiprintf.o) (memmove)
../../lib/gcc/libc.a(lib_a-memset.o)
                              ../../lib/gcc/libc.a(lib_a-callocr.o) (memset)
../../lib/gcc/libc.a(lib_a-reallocr.o)
                              ../../lib/gcc/libc.a(lib_a-svfiprintf.o) (_realloc_r)
../../lib/gcc/libc.a(lib_a-reent.o)
                              ../../lib/gcc/libc.a(lib_a-sbrkr.o) (errno)
../../lib/gcc/libsim.a(sbrk.o)
                              ../../lib/gcc/libc.a(lib_a-sbrkr.o) (sbrk)
../../lib/gcc/libsim.a(heaptop.o)
                              ../../lib/gcc/libsim.a(sbrk.o) (__set_heaptop)
../../lib/gcc/libgcc.a(_udivdi3.o)
                              ../../lib/gcc/libc.a(lib_a-svfprintf.o) (__udivdi3)
../../lib/gcc/libgcc.a(_umoddi3.o)
                              ../../lib/gcc/libc.a(lib_a-svfprintf.o) (__umoddi3)
../../lib/gcc/libgcc.a(_clz.o)
                              ../../lib/gcc/libgcc.a(_udivdi3.o) (__clz_tab)

Allocating common symbols
Common symbol       size              file

sci_default         0x21c             ../../lib/libtkdnhal.a(tkdn_sci.o)
user_rx_func        0x4               ../../lib/libtkdnhal.a(tkdn_ether.o)
sci_handles         0x18              ../../lib/libtkdnhal.a(tkdn_sci.o)
ifunc               0x20              ../../lib/libtkdnhal.a(tkdn_interrupt.o)
errno               0x4               ../../lib/gcc/libc.a(lib_a-reent.o)
psci_default        0x4               ../../lib/libtkdnhal.a(tkdn_sci.o)

Memory Configuration

Name             Origin             Length             Attributes
*default*        0x00000000         0xffffffff

Linker script and memory map

LOAD ../../lib/start.o
LOAD adc_sample.o
LOAD ../../common/intvect.o
                0x00017f00                _usp_init = 0x17f00
                0x00018000                _isp_init = 0x18000

.fvectors       0xffffffd0       0x30
 *.o(.fvectors)
 .fvectors      0xffffffd0       0x30 ../../common/intvect.o
                0xffffffd0                Fixed_Vectors

.rvectors       0xfff80000      0x400
 *.o(.rvectors)
 .rvectors      0xfff80000      0x400 ../../common/intvect.o
                0xfff80000                Relocatable_Vectors

.text           0xfff80400     0x8988
                0xfff80400                PROVIDE (_start, .)
 *(.text P .stub .text.* .gnu.linkonce.t.*)
 P              0xfff80400       0x8c ../../lib/start.o
                0xfff80400                start
                0xfff80400                PowerON_Reset_PC
                0xfff8048a                _rx_fini
                0xfff8048b                __cxa_atexit
 P              0xfff8048c       0x96 adc_sample.o
                0xfff8048c                main
 P              0xfff80522      0x444 ../../common/intvect.o
                0xfff80522                Excep_SuperVisorInst
                0xfff8052a                Excep_UndefinedInst
                0xfff80532                Excep_FloatingPoint
                0xfff8053a                NonMaskableInterrupt
                0xfff80542                Excep_BRK
                0xfff8054a                Excep_BUSERR
                0xfff80552                Excep_FCU_FCUERR
                0xfff8055a                Excep_FCU_FRDYI
                0xfff80562                Excep_ICU_SWINT
                0xfff8056a                Excep_CMTU0_CMT1
                0xfff80572                Excep_CMTU1_CMT3
                0xfff8057a                Excep_USB0_D0FIFO0
                0xfff80582                Excep_USB0_D1FIFO0
                0xfff8058a                Excep_USB0_USBI0
                0xfff8059c                Excep_USB1_D0FIFO1
                0xfff805a4                Excep_USB1_D1FIFO1
                0xfff805ac                Excep_USB1_USBI1
                0xfff805be                Excep_RSPI0_SPEI0
                0xfff805c6                Excep_RSPI0_SPRI0
                0xfff805ce                Excep_RSPI0_SPTI0
                0xfff805d6                Excep_RSPI0_SPII0
                0xfff805de                Excep_RSPI1_SPEI1
                0xfff805e6                Excep_RSPI1_SPRI1
                0xfff805ee                Excep_RSPI1_SPTI1
                0xfff805f6                Excep_RSPI1_SPII1
                0xfff805fe                Excep_CAN0_ERS0
                0xfff80606                Excep_CAN0_RXF0
                0xfff8060e                Excep_CAN0_TXF0
                0xfff80616                Excep_CAN0_RXM0
                0xfff8061e                Excep_CAN0_TXM0
                0xfff80626                Excep_RTC_PRD
                0xfff8062e                Excep_RTC_CUP
                0xfff80636                Excep_IRQ8
                0xfff8063e                Excep_IRQ9
                0xfff80646                Excep_IRQ10
                0xfff8064e                Excep_IRQ11
                0xfff80656                Excep_IRQ12
                0xfff8065e                Excep_IRQ13
                0xfff80666                Excep_IRQ14
                0xfff8066e                Excep_IRQ15
                0xfff80676                Excep_USB_USBR0
                0xfff8067e                Excep_USB_USBR1
                0xfff80686                Excep_RTC_ALM
                0xfff8068e                Excep_WDT_WOVI
                0xfff80696                Excep_AD0_ADI0
                0xfff8069e                Excep_AD1_ADI1
                0xfff806a6                Excep_S12AD_ADI12
                0xfff806ae                Excep_MTU0_TCIV0
                0xfff806b6                Excep_MTU1_TGIB1
                0xfff806be                Excep_MTU1_TCIV1
                0xfff806c6                Excep_MTU1_TCIU1
                0xfff806ce                Excep_MTU2_TGIB2
                0xfff806d6                Excep_MTU2_TCIV2
                0xfff806de                Excep_MTU2_TCIU2
                0xfff806e6                Excep_MTU3_TGIA3
                0xfff806ee                Excep_MTU3_TGIB3
                0xfff806f6                Excep_MTU3_TGIC3
                0xfff806fe                Excep_MTU3_TGID3
                0xfff80706                Excep_MTU3_TCIV3
                0xfff8070e                Excep_MTU4_TGIA4
                0xfff80716                Excep_MTU4_TGIB4
                0xfff8071e                Excep_MTU4_TGIC4
                0xfff80726                Excep_MTU4_TGID4
                0xfff8072e                Excep_MTU4_TCIV4
                0xfff80736                Excep_MTU5_TCIU5
                0xfff8073e                Excep_MTU5_TCIV5
                0xfff80746                Excep_MTU5_TCIW5
                0xfff8074e                Excep_MTU6_TGIA6
                0xfff80756                Excep_MTU6_TGIB6
                0xfff8075e                Excep_MTU6_TGIC6
                0xfff80766                Excep_MTU6_TGID6
                0xfff8076e                Excep_MTU6_TCIV6
                0xfff80776                Excep_MTU6_TGIE6
                0xfff8077e                Excep_MTU6_TGIF6
                0xfff80786                Excep_MTU7_TGIA7
                0xfff8078e                Excep_MTU7_TGIB7
                0xfff80796                Excep_MTU7_TCIV7
                0xfff8079e                Excep_MTU7_TCIU7
                0xfff807a6                Excep_MTU8_TGIA8
                0xfff807ae                Excep_MTU8_TGIB8
                0xfff807b6                Excep_MTU8_TCIV8
                0xfff807be                Excep_MTU8_TCIU8
                0xfff807c6                Excep_MTU9_TGIA9
                0xfff807ce                Excep_MTU9_TGIB9
                0xfff807d6                Excep_MTU9_TGIC9
                0xfff807de                Excep_MTU9_TGID9
                0xfff807e6                Excep_MTU9_TCIV9
                0xfff807ee                Excep_MTU10_TGIA10
                0xfff807f6                Excep_MTU10_TGIB10
                0xfff807fe                Excep_MTU10_TGIC10
                0xfff80806                Excep_MTU10_TGID10
                0xfff8080e                Excep_MTU10_TCIV10
                0xfff80816                Excep_MTU11_TCIU11
                0xfff8081e                Excep_MTU11_TCIV11
                0xfff80826                Excep_MTU11_TCIW11
                0xfff8082e                Excep_POE_OEI1
                0xfff80836                Excep_POE_OEI2
                0xfff8083e                Excep_POE_OEI3
                0xfff80846                Excep_POE_OEI4
                0xfff8084e                Excep_TMR0_CMI0A
                0xfff80856                Excep_TMR0_CMI0B
                0xfff8085e                Excep_TMR0_OV0I
                0xfff80866                Excep_TMR1_CMI1A
                0xfff8086e                Excep_TMR1_CMI1B
                0xfff80876                Excep_TMR1_OV1I
                0xfff8087e                Excep_TMR2_CMI2A
                0xfff80886                Excep_TMR2_CMI2B
                0xfff8088e                Excep_TMR2_OV2I
                0xfff80896                Excep_TMR3_CMI3A
                0xfff8089e                Excep_TMR3_CMI3B
                0xfff808a6                Excep_TMR3_OV3I
                0xfff808ae                Excep_DMACA_DMAC0
                0xfff808b6                Excep_DMACA_DMAC1
                0xfff808be                Excep_DMACA_DMAC2
                0xfff808c6                Excep_DMACA_DMAC3
                0xfff808ce                Excep_EXDMAC_DMAC0
                0xfff808d6                Excep_EXDMAC_DMAC1
                0xfff808de                Excep_SCI3_ERI3
                0xfff808e6                Excep_SCI3_RXI3
                0xfff808ee                Excep_SCI3_TXI3
                0xfff808f6                Excep_SCI3_TEI3
                0xfff808fe                Excep_SCI5_ERI5
                0xfff80906                Excep_SCI5_RXI5
                0xfff8090e                Excep_SCI5_TXI5
                0xfff80916                Excep_SCI5_TEI5
                0xfff8091e                Excep_RIIC0_EEI0
                0xfff80926                Excep_RIIC0_RXI0
                0xfff8092e                Excep_RIIC0_TXI0
                0xfff80936                Excep_RIIC0_TEI0
                0xfff8093e                Excep_RIIC1_EEI1
                0xfff80946                Excep_RIIC1_RXI1
                0xfff8094e                Excep_RIIC1_TXI1
                0xfff80956                Excep_RIIC1_TEI1
                0xfff8095e                Dummy
 P              0xfff80966       0x45 ../../lib/libtkdnhal.a(hwsetup.o)
                0xfff80966                tkdn_hwsetup
                0xfff809aa                sdram_init
 *fill*         0xfff809ab        0x5 00
 P              0xfff809b0      0xe70 ../../lib/libtkdnhal.a(tkdn_sci.o)
                0xfff80d21                sci_getport
                0xfff80d2d                sci_readdata
                0xfff80d2e                sci_convert_crlf
                0xfff80d3d                Excep_SCI0_ERI0
                0xfff80d66                Excep_SCI0_RXI0
                0xfff80d8f                Excep_SCI0_TXI0
                0xfff80ddb                Excep_SCI0_TEI0
                0xfff80df3                Excep_SCI1_ERI1
                0xfff80e1d                Excep_SCI1_RXI1
                0xfff80e47                Excep_SCI1_TXI1
                0xfff80e94                Excep_SCI1_TEI1
                0xfff80eac                Excep_SCI2_ERI2
                0xfff80ed6                Excep_SCI2_RXI2
                0xfff80f00                Excep_SCI2_TXI2
                0xfff80f4d                Excep_SCI2_TEI2
                0xfff80f65                Excep_SCI6_ERI6
                0xfff80f8f                Excep_SCI6_RXI6
                0xfff80fb9                Excep_SCI6_TXI6
                0xfff81006                Excep_SCI6_TEI6
                0xfff8101e                sci_putc_ex
                0xfff810d4                sci_putc
                0xfff810e2                sci_puts_ex
                0xfff81113                sci_puts
                0xfff81121                sci_getc_ex
                0xfff81175                sci_getc
                0xfff81181                sci_writedata_ex
                0xfff81279                sci_writedata
                0xfff8128b                sci_readdata_ex
                0xfff8128c                sci_rxcount_ex
                0xfff812a7                sci_gets_ex
                0xfff8131a                sci_gets
                0xfff8132c                sci_rxcount
                0xfff81338                sci_init_ex
                0xfff817be                sci_init
                0xfff817e0                sci_getport_ex
                0xfff817e4                sci_convert_crlf_ex
                0xfff817eb                sci_peek_ex
                0xfff8180b                sci_flush_ex
                0xfff81817                sci_regist_default
 P              0xfff81820      0x5b0 ../../lib/libtkdnhal.a(tkdn_ether.o)
                0xfff81820                ether_close
                0xfff81837                ether_write
                0xfff818f5                _eth_fifoInit
                0xfff81966                _eth_fifoWrite
                0xfff819a4                _eth_fifoRead
                0xfff819f8                ether_read
                0xfff81ab7                ether_regist_user_rx_procedure
                0xfff81ac0                ether_is_linkup
                0xfff81acc                ether_autonegotiate
                0xfff81b41                ether_open
                0xfff81d31                Excep_ETHER_EINT
                0xfff81db0                ether_is_100M
                0xfff81db9                ether_is_fullduplex
                0xfff81dc2                ether_link_changed
 P              0xfff81dd0      0x140 ../../lib/libtkdnhal.a(tkdn_timer.o)
                0xfff81dd0                timer_init
                0xfff81de3                timer_wait_ms
                0xfff81df4                timer_wait_us
                0xfff81e6e                timer_get_ms
                0xfff81e77                timer_get_us
                0xfff81eae                timer_regist_userfunc
                0xfff81eb9                timer_regist_disktimer
                0xfff81ec4                Excep_CMTU0_CMT0
                0xfff81f0d                Excep_CMTU1_CMT2
 P              0xfff81f10      0x118 ../../lib/libtkdnhal.a(tkdn_gpio.o)
                0xfff81f59                gpio_set_pinmode
                0xfff81fb7                gpio_write_port
                0xfff81ff5                gpio_read_port
 P              0xfff82028      0x490 ../../lib/libtkdnhal.a(tkdn_pwm.o)
                0xfff82028                pwm_init
                0xfff821ba                pwm_output
                0xfff822e9                pwm_stop
                0xfff82376                Excep_MTU1_TGIA1
                0xfff823aa                Excep_MTU0_TGIA0
                0xfff823d6                Excep_MTU0_TGIB0
                0xfff82403                Excep_MTU0_TGIC0
                0xfff82430                Excep_MTU0_TGID0
                0xfff8245d                Excep_MTU0_TGIE0
                0xfff8248a                Excep_MTU0_TGIF0
 P              0xfff824b8      0x180 ../../lib/libtkdnhal.a(tkdn_tone.o)
                0xfff824b8                tone_start
                0xfff825f9                tone_stop
                0xfff82613                Excep_MTU2_TGIA2
 P              0xfff82638      0x120 ../../lib/libtkdnhal.a(tkdn_adc.o)
                0xfff82638                adc_init
                0xfff8265e                adc_terminate
                0xfff8267a                adc_sample
 P              0xfff82758      0x240 ../../lib/libtkdnhal.a(phy.o)
                0xfff82758                _phy_reg_read
                0xfff82796                _phy_ta_z0
                0xfff827bc                _phy_mii_write_1
                0xfff827e2                _phy_preamble
                0xfff827fa                _phy_mii_write_0
                0xfff82820                _phy_ta_10
                0xfff82828                _phy_reg_write
                0xfff82863                _phy_reg_set
                0xfff828b1                _phy_write
                0xfff828d7                phy_set_10half
                0xfff828df                phy_set_100full
                0xfff828e9                _phy_read
                0xfff82910                phy_set_autonegotiate
                0xfff82960                phy_init
 P              0xfff82998       0x18 ../../lib/libtkdnhal.a(eidi.o)
                0xfff82998                enable_interrupt
                0xfff829a4                disable_interrupt
 P              0xfff829b0      0x118 ../../lib/libtkdnhal.a(usb_cdc.o)
                0xfff82a4c                TKUSB_Init
                0xfff82ab9                TKUSB_IsConnected
 P              0xfff82ac8      0x338 ../../lib/libtkdnhal.a(usb_core.o)
                0xfff82d86                USBCORE_Init
 P              0xfff82e00      0xfe0 ../../lib/libtkdnhal.a(usb_hal.o)
                0xfff82ed1                TKUSB_RecvByte
                0xfff82f30                TKUSB_PeekByte
                0xfff82f56                TKUSB_RecvDataCount
                0xfff82f70                TKUSB_SendByte
                0xfff82fd2                TKUSB_SendDataCount
                0xfff82fec                USBHAL_Init
                0xfff83246                USBHAL_Disable
                0xfff83256                USBHAL_Control_Status
                0xfff83282                USBHAL_Control_IN
                0xfff832a7                USBHAL_Control_OUT
                0xfff832f1                USBHAL_Bulk_OUT
                0xfff83329                ClearOUTBusy
                0xfff83334                USBHAL_Bulk_IN
                0xfff83374                USBHAL_Interrupt_IN
                0xfff833b4                USBHAL_Control_Stall
                0xfff833de                USBHAL_Bulk_IN_Stall
                0xfff833fd                USBHAL_Bulk_OUT_Stall
                0xfff8341c                USBHAL_Interrupt_IN_Stall
                0xfff8343b                USBHAL_Bulk_IN_Stall_Clear
                0xfff8347a                USBHAL_Bulk_OUT_Stall_Clear
                0xfff834d8                USBHAL_Interrupt_IN_Stall_Clear
                0xfff83512                USBHAL_Bulk_IN_Is_Stalled
                0xfff83532                USBHAL_Bulk_OUT_Is_Stalled
                0xfff83552                USBHAL_Interrupt_IN_Is_Stalled
                0xfff83572                USBHAL_Config_Get
                0xfff83579                USBHAL_Config_Set
                0xfff8358f                USBHAL_Reset
                0xfff8370a                USBHAL_Cancel
                0xfff83758                USBHAL_ResetEndpoints
                0xfff8382a                USBHALInterruptHandler
 P              0xfff83de0        0x0 ../../lib/libtkdnhal.a(usbdescriptors.o)
 P              0xfff83de0      0x2c8 ../../lib/libtkdnhal.a(tkdn_interrupt.o)
                0xfff83de2                attach_interrupt
                0xfff83f49                detach_interrupt
                0xfff83f61                Excep_IRQ0
                0xfff83f89                Excep_IRQ1
                0xfff83fb2                Excep_IRQ2
                0xfff83fdb                Excep_IRQ3
                0xfff84004                Excep_IRQ4
                0xfff8402d                Excep_IRQ5
                0xfff84056                Excep_IRQ6
                0xfff8407f                Excep_IRQ7
 P              0xfff840a8        0x0 ../../lib/gcc/libc.a(lib_a-sprintf.o)
 .text._sprintf_r
                0xfff840a8       0x36 ../../lib/gcc/libc.a(lib_a-sprintf.o)
                0xfff840a8                _sprintf_r
 .text.sprintf  0xfff840de       0x3e ../../lib/gcc/libc.a(lib_a-sprintf.o)
                0xfff840de                sprintf
 P              0xfff8411c        0x0 ../../lib/gcc/libc.a(lib_a-svfprintf.o)
 *fill*         0xfff8411c        0x4 00
 .text._svfprintf_r
                0xfff84120     0x1440 ../../lib/gcc/libc.a(lib_a-svfprintf.o)
                0xfff84120                _svfprintf_r
 P              0xfff85560        0x0 ../../lib/gcc/libc.a(lib_a-dtoa.o)
 .text.quorem   0xfff85560      0x160 ../../lib/gcc/libc.a(lib_a-dtoa.o)
 .text._dtoa_r  0xfff856c0      0xcd8 ../../lib/gcc/libc.a(lib_a-dtoa.o)
                0xfff856c0                _dtoa_r
 P              0xfff86398        0x0 ../../lib/gcc/libc.a(lib_a-impure.o)
 P              0xfff86398        0x0 ../../lib/gcc/libc.a(lib_a-locale.o)
 .text._setlocale_r
                0xfff86398       0x50 ../../lib/gcc/libc.a(lib_a-locale.o)
                0xfff86398                _setlocale_r
 .text.__locale_charset
                0xfff863e8        0x7 ../../lib/gcc/libc.a(lib_a-locale.o)
                0xfff863e8                __locale_charset
 .text.__locale_msgcharset
                0xfff863ef        0x7 ../../lib/gcc/libc.a(lib_a-locale.o)
                0xfff863ef                __locale_msgcharset
 .text.__locale_cjk_lang
                0xfff863f6        0x3 ../../lib/gcc/libc.a(lib_a-locale.o)
                0xfff863f6                __locale_cjk_lang
 .text._localeconv_r
                0xfff863f9        0x7 ../../lib/gcc/libc.a(lib_a-locale.o)
                0xfff863f9                _localeconv_r
 .text.setlocale
                0xfff86400       0x12 ../../lib/gcc/libc.a(lib_a-locale.o)
                0xfff86400                setlocale
 .text.localeconv
                0xfff86412        0x7 ../../lib/gcc/libc.a(lib_a-locale.o)
                0xfff86412                localeconv
 P              0xfff86419        0x0 ../../lib/gcc/libc.a(lib_a-mallocr.o)
 *fill*         0xfff86419        0x7 00
 .text._malloc_r
                0xfff86420      0x550 ../../lib/gcc/libc.a(lib_a-mallocr.o)
                0xfff86420                _malloc_r
 P              0xfff86970        0x0 ../../lib/gcc/libc.a(lib_a-memchr.o)
 .text          0xfff86970        0xf ../../lib/gcc/libc.a(lib_a-memchr.o)
                0xfff86970                memchr
 P              0xfff8697f        0x0 ../../lib/gcc/libc.a(lib_a-memcpy.o)
 .text          0xfff8697f        0x7 ../../lib/gcc/libc.a(lib_a-memcpy.o)
                0xfff8697f                memcpy
 P              0xfff86986        0x0 ../../lib/gcc/libc.a(lib_a-mlock.o)
 .text.__malloc_lock
                0xfff86986        0x1 ../../lib/gcc/libc.a(lib_a-mlock.o)
                0xfff86986                __malloc_lock
 .text.__malloc_unlock
                0xfff86987        0x1 ../../lib/gcc/libc.a(lib_a-mlock.o)
                0xfff86987                __malloc_unlock
 P              0xfff86988        0x0 ../../lib/gcc/libc.a(lib_a-mprec.o)
 .text._Balloc  0xfff86988       0x60 ../../lib/gcc/libc.a(lib_a-mprec.o)
                0xfff86988                _Balloc
 .text._Bfree   0xfff869e8       0x18 ../../lib/gcc/libc.a(lib_a-mprec.o)
                0xfff869e8                _Bfree
 .text.__multadd
                0xfff86a00       0x88 ../../lib/gcc/libc.a(lib_a-mprec.o)
                0xfff86a00                __multadd
 .text.__s2b    0xfff86a88       0x90 ../../lib/gcc/libc.a(lib_a-mprec.o)
                0xfff86a88                __s2b
 .text.__hi0bits
                0xfff86b18       0x58 ../../lib/gcc/libc.a(lib_a-mprec.o)
                0xfff86b18                __hi0bits
 .text.__lo0bits
                0xfff86b70       0x70 ../../lib/gcc/libc.a(lib_a-mprec.o)
                0xfff86b70                __lo0bits
 .text.__i2b    0xfff86be0       0x12 ../../lib/gcc/libc.a(lib_a-mprec.o)
                0xfff86be0                __i2b
 *fill*         0xfff86bf2        0x6 00
 .text.__multiply
                0xfff86bf8      0x150 ../../lib/gcc/libc.a(lib_a-mprec.o)
                0xfff86bf8                __multiply
 .text.__pow5mult
                0xfff86d48       0xa0 ../../lib/gcc/libc.a(lib_a-mprec.o)
                0xfff86d48                __pow5mult
 .text.__lshift
                0xfff86de8       0xb8 ../../lib/gcc/libc.a(lib_a-mprec.o)
                0xfff86de8                __lshift
 .text.__mcmp   0xfff86ea0       0x38 ../../lib/gcc/libc.a(lib_a-mprec.o)
                0xfff86ea0                __mcmp
 .text.__mdiff  0xfff86ed8       0xf0 ../../lib/gcc/libc.a(lib_a-mprec.o)
                0xfff86ed8                __mdiff
 .text.__ulp    0xfff86fc8       0x28 ../../lib/gcc/libc.a(lib_a-mprec.o)
                0xfff86fc8                __ulp
 .text.__b2d    0xfff86ff0       0x80 ../../lib/gcc/libc.a(lib_a-mprec.o)
                0xfff86ff0                __b2d
 .text.__d2b    0xfff87070       0x78 ../../lib/gcc/libc.a(lib_a-mprec.o)
                0xfff87070                __d2b
 .text.__ratio  0xfff870e8       0x48 ../../lib/gcc/libc.a(lib_a-mprec.o)
                0xfff870e8                __ratio
 .text._mprec_log10
                0xfff87130       0x28 ../../lib/gcc/libc.a(lib_a-mprec.o)
                0xfff87130                _mprec_log10
 .text.__copybits
                0xfff87158       0x48 ../../lib/gcc/libc.a(lib_a-mprec.o)
                0xfff87158                __copybits
 .text.__any_on
                0xfff871a0       0x60 ../../lib/gcc/libc.a(lib_a-mprec.o)
                0xfff871a0                __any_on
 P              0xfff87200        0x0 ../../lib/gcc/libc.a(lib_a-sbrkr.o)
 .text._sbrk_r  0xfff87200       0x28 ../../lib/gcc/libc.a(lib_a-sbrkr.o)
                0xfff87200                _sbrk_r
 P              0xfff87228        0x0 ../../lib/gcc/libc.a(lib_a-sf_fpclassify.o)
 .text.__fpclassifyf
                0xfff87228       0x60 ../../lib/gcc/libc.a(lib_a-sf_fpclassify.o)
                0xfff87228                __fpclassifyf
 P              0xfff87288        0x0 ../../lib/gcc/libc.a(lib_a-strcmp.o)
 .text          0xfff87288        0xf ../../lib/gcc/libc.a(lib_a-strcmp.o)
                0xfff87288                strcmp
 P              0xfff87297        0x0 ../../lib/gcc/libc.a(lib_a-strlen.o)
 .text          0xfff87297       0x10 ../../lib/gcc/libc.a(lib_a-strlen.o)
                0xfff87297                strlen
 P              0xfff872a7        0x0 ../../lib/gcc/libc.a(lib_a-svfiprintf.o)
 *fill*         0xfff872a7        0x1 00
 .text.__ssprint_r
                0xfff872a8      0x118 ../../lib/gcc/libc.a(lib_a-svfiprintf.o)
                0xfff872a8                __ssprint_r
 .text._svfiprintf_r
                0xfff873c0      0xa00 ../../lib/gcc/libc.a(lib_a-svfiprintf.o)
                0xfff873c0                _svfiprintf_r
 P              0xfff87dc0        0x0 ../../lib/gcc/libc.a(lib_a-callocr.o)
 .text._calloc_r
                0xfff87dc0       0x78 ../../lib/gcc/libc.a(lib_a-callocr.o)
                0xfff87dc0                _calloc_r
 P              0xfff87e38        0x0 ../../lib/gcc/libc.a(lib_a-freer.o)
 .text._malloc_trim_r
                0xfff87e38       0xb0 ../../lib/gcc/libc.a(lib_a-freer.o)
                0xfff87e38                _malloc_trim_r
 .text._free_r  0xfff87ee8      0x1d8 ../../lib/gcc/libc.a(lib_a-freer.o)
                0xfff87ee8                _free_r
 P              0xfff880c0        0x0 ../../lib/gcc/libc.a(lib_a-memmove.o)
 .text          0xfff880c0       0x17 ../../lib/gcc/libc.a(lib_a-memmove.o)
                0xfff880c0                memmove
 P              0xfff880d7        0x0 ../../lib/gcc/libc.a(lib_a-memset.o)
 .text          0xfff880d7        0x7 ../../lib/gcc/libc.a(lib_a-memset.o)
                0xfff880d7                memset
 P              0xfff880de        0x0 ../../lib/gcc/libc.a(lib_a-reallocr.o)
 *fill*         0xfff880de        0x2 00
 .text._realloc_r
                0xfff880e0      0x410 ../../lib/gcc/libc.a(lib_a-reallocr.o)
                0xfff880e0                _realloc_r
 P              0xfff884f0        0x0 ../../lib/gcc/libc.a(lib_a-reent.o)
 .text.cleanup_glue
                0xfff884f0       0x20 ../../lib/gcc/libc.a(lib_a-reent.o)
                0xfff884f0                cleanup_glue
 .text._reclaim_reent
                0xfff88510       0xa8 ../../lib/gcc/libc.a(lib_a-reent.o)
                0xfff88510                _reclaim_reent
 .text._wrapup_reent
                0xfff885b8       0x50 ../../lib/gcc/libc.a(lib_a-reent.o)
                0xfff885b8                _wrapup_reent
 P              0xfff88608       0x1a ../../lib/gcc/libsim.a(sbrk.o)
                0xfff88608                sbrk
                0xfff88608                _sbrk
 P              0xfff88622        0x6 ../../lib/gcc/libsim.a(heaptop.o)
                0xfff88622                __set_heaptop
                0xfff88622                _set_heaptop
 P              0xfff88628      0x3c8 ../../lib/gcc/libgcc.a(_udivdi3.o)
                0xfff88628                __udivdi3
                0xfff88628                _COM_DIV64u
 P              0xfff889f0      0x398 ../../lib/gcc/libgcc.a(_umoddi3.o)
                0xfff889f0                _COM_MOD64u
                0xfff889f0                __umoddi3
 P              0xfff88d88        0x0 ../../lib/gcc/libgcc.a(_clz.o)
 *(.text.*personality*)
 *(.gnu.warning)
 *(.interp .hash .dynsym .dynstr .gnu.version*)
                0xfff88d88                PROVIDE (__etext, .)
                0xfff88d88                PROVIDE (_etext, .)
                0xfff88d88                PROVIDE (etext, .)
                0xfff88d88                . = ALIGN (0x4)
 *(.init)
 *(.fini)

.rodata         0xfff88d88      0x730
                0xfff88d88                . = ALIGN (0x4)
 *(.plt)
 *(.rodata C C_2 C_1 .rodata.* .gnu.linkonce.r.*)
 C              0xfff88d88       0x1c adc_sample.o
 .rodata.str1.1
                0xfff88da4        0x5 ../../lib/libtkdnhal.a(tkdn_ether.o)
 *fill*         0xfff88da9        0x3 00
 .rodata.cst4   0xfff88dac        0x4 ../../lib/libtkdnhal.a(tkdn_ether.o)
 C              0xfff88db0       0x84 ../../lib/libtkdnhal.a(tkdn_gpio.o)
                0xfff88db0                SFP_PINMAP
                0xfff88dc4                GPIO_PINMAP
 C              0xfff88e34       0x30 ../../lib/libtkdnhal.a(tkdn_pwm.o)
 C              0xfff88e64       0x20 ../../lib/libtkdnhal.a(tkdn_adc.o)
 C              0xfff88e84        0x8 ../../lib/libtkdnhal.a(usb_cdc.o)
 C              0xfff88e8c       0x2c ../../lib/libtkdnhal.a(usb_core.o)
                0xfff88eb4                gStringDescriptorLanguageIDsData
 C              0xfff88eb8       0xc4 ../../lib/libtkdnhal.a(usbdescriptors.o)
                0xfff88eb8                gStringDescriptorSerialNum
                0xfff88ec0                gStringDescriptorProduct
                0xfff88ec8                gStringDescriptorManufacturer
                0xfff88ed0                gConfigurationDescriptor
                0xfff88ed8                gDeviceDescriptor
 C              0xfff88f7c       0x20 ../../lib/libtkdnhal.a(tkdn_interrupt.o)
 .rodata.str1.1
                0xfff88f9c       0x39 ../../lib/gcc/libc.a(lib_a-svfprintf.o)
                                 0x3b (size before relaxing)
 *fill*         0xfff88fd5        0x3 00
 .rodata._svfprintf_r
                0xfff88fd8      0x164 ../../lib/gcc/libc.a(lib_a-svfprintf.o)
 .rodata.blanks.3859
                0xfff8913c       0x10 ../../lib/gcc/libc.a(lib_a-svfprintf.o)
 .rodata.zeroes.3860
                0xfff8914c       0x10 ../../lib/gcc/libc.a(lib_a-svfprintf.o)
 .rodata.str1.1
                0xfff8915c        0xd ../../lib/gcc/libc.a(lib_a-dtoa.o)
                                  0xf (size before relaxing)
 *fill*         0xfff89169        0x3 00
 .rodata._global_impure_ptr
                0xfff8916c        0x4 ../../lib/gcc/libc.a(lib_a-impure.o)
                0xfff8916c                _global_impure_ptr
 .rodata.str1.1
                0xfff89170        0x2 ../../lib/gcc/libc.a(lib_a-impure.o)
 .rodata.str1.1
                0xfff89172        0x8 ../../lib/gcc/libc.a(lib_a-locale.o)
                                  0xb (size before relaxing)
 *fill*         0xfff8917a        0x2 00
 .rodata.lconv  0xfff8917c       0x38 ../../lib/gcc/libc.a(lib_a-locale.o)
 .rodata.__mprec_tinytens
                0xfff891b4        0x8 ../../lib/gcc/libc.a(lib_a-mprec.o)
                0xfff891b4                __mprec_tinytens
 .rodata.__mprec_bigtens
                0xfff891bc        0x8 ../../lib/gcc/libc.a(lib_a-mprec.o)
                0xfff891bc                __mprec_bigtens
 .rodata.__mprec_tens
                0xfff891c4       0x64 ../../lib/gcc/libc.a(lib_a-mprec.o)
                0xfff891c4                __mprec_tens
 .rodata.p05.2377
                0xfff89228        0xc ../../lib/gcc/libc.a(lib_a-mprec.o)
 .rodata.str1.1
                0x00000000       0x29 ../../lib/gcc/libc.a(lib_a-svfiprintf.o)
 .rodata._svfiprintf_r
                0xfff89234      0x164 ../../lib/gcc/libc.a(lib_a-svfiprintf.o)
 .rodata.blanks.3804
                0xfff89398       0x10 ../../lib/gcc/libc.a(lib_a-svfiprintf.o)
 .rodata.zeroes.3805
                0xfff893a8       0x10 ../../lib/gcc/libc.a(lib_a-svfiprintf.o)
 C              0xfff893b8      0x100 ../../lib/gcc/libgcc.a(_clz.o)
                0xfff893b8                __clz_tab
 *(.rodata1)
 *(.eh_frame_hdr)
 *(.eh_frame)
 *(.gcc_except_table)
 *(.gcc_except_table.*)
                0xfff894b8                . = ALIGN (0x4)
                0xfff894b8                __rodataend = .

.data           0x00001000      0x958 load address 0xfff894b8
                0x00001000                . = ALIGN (0x4)
                0xfff894b8                PROVIDE (__romdatastart, __rodataend)
                0x00001000                PROVIDE (__datastart, .)
                0x00001000                PROVIDE (__preinit_array_start, .)
 *(.preinit_array)
                0x00001000                PROVIDE (__preinit_array_end, .)
                0x00001000                PROVIDE (__init_array_start, .)
 *(SORT(.init_array.*))
 *(.init_array)
                0x00001000                PROVIDE (__init_array_end, .)
                0x00001000                PROVIDE (__fini_array_start, .)
 *(.fini_array)
 *(SORT(.fini_array.*))
                0x00001000                PROVIDE (__fini_array_end, .)
                0x00001000        0x4 LONG 0x0
 *crtbegin*.o(.ctors)
 *(EXCLUDE_FILE(*crtend*.o) .ctors)
 *(SORT(.ctors.*))
 *(.ctors)
 *crtbegin*.o(.dtors)
 *(EXCLUDE_FILE(*crtend*.o) .dtors)
 *(SORT(.dtors.*))
 *(.dtors)
 *(.jcr)
 *(.data.rel.ro.local)
 *(.data.rel.ro*)
 *(.dynamic)
 *(.data D .data.* .gnu.linkonce.d.*)
 .data          0x00001004        0x4 ../../lib/start.o
                0x00001004                __dso_handle
 D              0x00001008       0x6c ../../lib/libtkdnhal.a(tkdn_ether.o)
                0x00001008                le0
 D              0x00001074        0x4 ../../lib/libtkdnhal.a(tkdn_pwm.o)
 D              0x00001078        0x4 ../../lib/libtkdnhal.a(tkdn_tone.o)
 D              0x0000107c       0x30 ../../lib/libtkdnhal.a(usb_core.o)
 D              0x000010ac       0x24 ../../lib/libtkdnhal.a(usb_hal.o)
 D              0x000010d0        0x8 ../../lib/libtkdnhal.a(tkdn_interrupt.o)
                0x000010d0                USBI1_handler
                0x000010d4                USBI0_handler
 .data._impure_ptr
                0x000010d8        0x4 ../../lib/gcc/libc.a(lib_a-impure.o)
                0x000010d8                _impure_ptr
 .data.impure_data
                0x000010dc      0x424 ../../lib/gcc/libc.a(lib_a-impure.o)
 .data.__mb_cur_max
                0x00001500        0x4 ../../lib/gcc/libc.a(lib_a-locale.o)
                0x00001500                __mb_cur_max
 .data.lc_ctype_charset
                0x00001504       0x20 ../../lib/gcc/libc.a(lib_a-locale.o)
 .data.lc_message_charset
                0x00001524       0x20 ../../lib/gcc/libc.a(lib_a-locale.o)
 .data.__malloc_sbrk_base
                0x00001544        0x4 ../../lib/gcc/libc.a(lib_a-mallocr.o)
                0x00001544                __malloc_sbrk_base
 .data.__malloc_trim_threshold
                0x00001548        0x4 ../../lib/gcc/libc.a(lib_a-mallocr.o)
                0x00001548                __malloc_trim_threshold
 .data.__malloc_av_
                0x0000154c      0x408 ../../lib/gcc/libc.a(lib_a-mallocr.o)
                0x0000154c                __malloc_av_
 D              0x00001954        0x4 ../../lib/gcc/libsim.a(sbrk.o)
 *(.gnu.linkonce.d.*personality*)
 *(.data1)
 *(.got.plt)
 *(.got)
                0x00001958                . = ALIGN (0x4)
 *(.sdata .sdata.* .gnu.linkonce.s.* D_2 D_1)
 D_1            0x00001958        0x0 ../../lib/start.o
 D_1            0x00001958        0x0 adc_sample.o
 D_1            0x00001958        0x0 ../../common/intvect.o
 D_1            0x00001958        0x0 ../../lib/libtkdnhal.a(hwsetup.o)
 D_1            0x00001958        0x0 ../../lib/libtkdnhal.a(tkdn_sci.o)
 D_1            0x00001958        0x0 ../../lib/libtkdnhal.a(tkdn_ether.o)
 D_1            0x00001958        0x0 ../../lib/libtkdnhal.a(tkdn_timer.o)
 D_1            0x00001958        0x0 ../../lib/libtkdnhal.a(tkdn_gpio.o)
 D_1            0x00001958        0x0 ../../lib/libtkdnhal.a(tkdn_pwm.o)
 D_1            0x00001958        0x0 ../../lib/libtkdnhal.a(tkdn_tone.o)
 D_1            0x00001958        0x0 ../../lib/libtkdnhal.a(tkdn_adc.o)
 D_1            0x00001958        0x0 ../../lib/libtkdnhal.a(phy.o)
 D_1            0x00001958        0x0 ../../lib/libtkdnhal.a(eidi.o)
 D_1            0x00001958        0x0 ../../lib/libtkdnhal.a(usb_cdc.o)
 D_1            0x00001958        0x0 ../../lib/libtkdnhal.a(usb_core.o)
 D_1            0x00001958        0x0 ../../lib/libtkdnhal.a(usb_hal.o)
 D_1            0x00001958        0x0 ../../lib/libtkdnhal.a(usbdescriptors.o)
 D_1            0x00001958        0x0 ../../lib/libtkdnhal.a(tkdn_interrupt.o)
 D_1            0x00001958        0x0 ../../lib/gcc/libc.a(lib_a-sprintf.o)
 D_1            0x00001958        0x0 ../../lib/gcc/libc.a(lib_a-svfprintf.o)
 D_1            0x00001958        0x0 ../../lib/gcc/libc.a(lib_a-dtoa.o)
 D_1            0x00001958        0x0 ../../lib/gcc/libc.a(lib_a-impure.o)
 D_1            0x00001958        0x0 ../../lib/gcc/libc.a(lib_a-locale.o)
 D_1            0x00001958        0x0 ../../lib/gcc/libc.a(lib_a-mallocr.o)
 D_1            0x00001958        0x0 ../../lib/gcc/libc.a(lib_a-memchr.o)
 D_1            0x00001958        0x0 ../../lib/gcc/libc.a(lib_a-memcpy.o)
 D_1            0x00001958        0x0 ../../lib/gcc/libc.a(lib_a-mlock.o)
 D_1            0x00001958        0x0 ../../lib/gcc/libc.a(lib_a-mprec.o)
 D_1            0x00001958        0x0 ../../lib/gcc/libc.a(lib_a-sbrkr.o)
 D_1            0x00001958        0x0 ../../lib/gcc/libc.a(lib_a-sf_fpclassify.o)
 D_1            0x00001958        0x0 ../../lib/gcc/libc.a(lib_a-strcmp.o)
 D_1            0x00001958        0x0 ../../lib/gcc/libc.a(lib_a-strlen.o)
 D_1            0x00001958        0x0 ../../lib/gcc/libc.a(lib_a-svfiprintf.o)
 D_1            0x00001958        0x0 ../../lib/gcc/libc.a(lib_a-callocr.o)
 D_1            0x00001958        0x0 ../../lib/gcc/libc.a(lib_a-freer.o)
 D_1            0x00001958        0x0 ../../lib/gcc/libc.a(lib_a-memmove.o)
 D_1            0x00001958        0x0 ../../lib/gcc/libc.a(lib_a-memset.o)
 D_1            0x00001958        0x0 ../../lib/gcc/libc.a(lib_a-reallocr.o)
 D_1            0x00001958        0x0 ../../lib/gcc/libc.a(lib_a-reent.o)
 D_1            0x00001958        0x0 ../../lib/gcc/libsim.a(sbrk.o)
 D_1            0x00001958        0x0 ../../lib/gcc/libsim.a(heaptop.o)
 D_1            0x00001958        0x0 ../../lib/gcc/libgcc.a(_udivdi3.o)
 D_1            0x00001958        0x0 ../../lib/gcc/libgcc.a(_umoddi3.o)
 D_1            0x00001958        0x0 ../../lib/gcc/libgcc.a(_clz.o)
                0x00001958                . = ALIGN (0x4)
                0x00001958                _edata = .
                0x00001958                PROVIDE (edata, .)
                0x00001958                PROVIDE (__dataend, .)
                0x00000958                PROVIDE (__romdatacopysize, SIZEOF (.data))

.bss            0x00001958     0x1868 load address 0xfff89e10
                0x00001958                . = ALIGN (0x4)
                0x00001958                PROVIDE (__bssstart, .)
 *(.dynbss)
 *(.sbss .sbss.*)
 *(.bss B B_2 B_1 .bss.* .gnu.linkonce.b.*)
 B_1            0x00001958        0x0 ../../lib/start.o
 B_1            0x00001958        0x0 adc_sample.o
 B_1            0x00001958        0x0 ../../common/intvect.o
 B_1            0x00001958        0x0 ../../lib/libtkdnhal.a(hwsetup.o)
 B_1            0x00001958        0x0 ../../lib/libtkdnhal.a(tkdn_sci.o)
 B_1            0x00001958        0x4 ../../lib/libtkdnhal.a(tkdn_ether.o)
 B_1            0x0000195c        0x0 ../../lib/libtkdnhal.a(tkdn_timer.o)
 B              0x0000195c        0xc ../../lib/libtkdnhal.a(tkdn_timer.o)
                0x0000195c                disktimer
                0x00001960                userfunc
                0x00001964                tim_1ms
 B_1            0x00001968        0x0 ../../lib/libtkdnhal.a(tkdn_gpio.o)
 B_1            0x00001968       0x28 ../../lib/libtkdnhal.a(tkdn_pwm.o)
 B              0x00001990        0x4 ../../lib/libtkdnhal.a(tkdn_pwm.o)
                0x00001990                pwmpincount
 B_1            0x00001994        0x4 ../../lib/libtkdnhal.a(tkdn_tone.o)
 B_1            0x00001998        0x1 ../../lib/libtkdnhal.a(tkdn_adc.o)
 B_1            0x00001999        0x0 ../../lib/libtkdnhal.a(phy.o)
 B_1            0x00001999        0x0 ../../lib/libtkdnhal.a(eidi.o)
 *fill*         0x00001999        0x3 00
 B_1            0x0000199c       0x10 ../../lib/libtkdnhal.a(usb_cdc.o)
 B_1            0x000019ac       0x14 ../../lib/libtkdnhal.a(usb_core.o)
 B_1            0x000019c0      0x44c ../../lib/libtkdnhal.a(usb_hal.o)
 B_1            0x00001e0c        0x0 ../../lib/libtkdnhal.a(usbdescriptors.o)
 B_1            0x00001e0c        0x0 ../../lib/libtkdnhal.a(tkdn_interrupt.o)
 B_1            0x00001e0c        0x0 ../../lib/gcc/libc.a(lib_a-sprintf.o)
 B_1            0x00001e0c        0x0 ../../lib/gcc/libc.a(lib_a-svfprintf.o)
 B_1            0x00001e0c        0x0 ../../lib/gcc/libc.a(lib_a-dtoa.o)
 B_1            0x00001e0c        0x0 ../../lib/gcc/libc.a(lib_a-impure.o)
 B_1            0x00001e0c        0x0 ../../lib/gcc/libc.a(lib_a-locale.o)
 .bss._PathLocale
                0x00001e0c        0x4 ../../lib/gcc/libc.a(lib_a-locale.o)
                0x00001e0c                _PathLocale
 .bss.__mlocale_changed
                0x00001e10        0x4 ../../lib/gcc/libc.a(lib_a-locale.o)
                0x00001e10                __mlocale_changed
 .bss.__nlocale_changed
                0x00001e14        0x4 ../../lib/gcc/libc.a(lib_a-locale.o)
                0x00001e14                __nlocale_changed
 B_1            0x00001e18        0x0 ../../lib/gcc/libc.a(lib_a-mallocr.o)
 .bss.__malloc_current_mallinfo
                0x00001e18       0x28 ../../lib/gcc/libc.a(lib_a-mallocr.o)
                0x00001e18                __malloc_current_mallinfo
 .bss.__malloc_max_total_mem
                0x00001e40        0x4 ../../lib/gcc/libc.a(lib_a-mallocr.o)
                0x00001e40                __malloc_max_total_mem
 .bss.__malloc_max_sbrked_mem
                0x00001e44        0x4 ../../lib/gcc/libc.a(lib_a-mallocr.o)
                0x00001e44                __malloc_max_sbrked_mem
 .bss.__malloc_top_pad
                0x00001e48        0x4 ../../lib/gcc/libc.a(lib_a-mallocr.o)
                0x00001e48                __malloc_top_pad
 B_1            0x00001e4c        0x0 ../../lib/gcc/libc.a(lib_a-memchr.o)
 B_1            0x00001e4c        0x0 ../../lib/gcc/libc.a(lib_a-memcpy.o)
 B_1            0x00001e4c        0x0 ../../lib/gcc/libc.a(lib_a-mlock.o)
 B_1            0x00001e4c        0x0 ../../lib/gcc/libc.a(lib_a-mprec.o)
 B_1            0x00001e4c        0x0 ../../lib/gcc/libc.a(lib_a-sbrkr.o)
 B_1            0x00001e4c        0x0 ../../lib/gcc/libc.a(lib_a-sf_fpclassify.o)
 B_1            0x00001e4c        0x0 ../../lib/gcc/libc.a(lib_a-strcmp.o)
 B_1            0x00001e4c        0x0 ../../lib/gcc/libc.a(lib_a-strlen.o)
 B_1            0x00001e4c        0x0 ../../lib/gcc/libc.a(lib_a-svfiprintf.o)
 B_1            0x00001e4c        0x0 ../../lib/gcc/libc.a(lib_a-callocr.o)
 B_1            0x00001e4c        0x0 ../../lib/gcc/libc.a(lib_a-freer.o)
 B_1            0x00001e4c        0x0 ../../lib/gcc/libc.a(lib_a-memmove.o)
 B_1            0x00001e4c        0x0 ../../lib/gcc/libc.a(lib_a-memset.o)
 B_1            0x00001e4c        0x0 ../../lib/gcc/libc.a(lib_a-reallocr.o)
 B_1            0x00001e4c        0x0 ../../lib/gcc/libc.a(lib_a-reent.o)
 B_1            0x00001e4c        0x0 ../../lib/gcc/libsim.a(sbrk.o)
 B_1            0x00001e4c        0x0 ../../lib/gcc/libsim.a(heaptop.o)
 B_1            0x00001e4c        0x0 ../../lib/gcc/libgcc.a(_udivdi3.o)
 B_1            0x00001e4c        0x0 ../../lib/gcc/libgcc.a(_umoddi3.o)
 B_1            0x00001e4c        0x0 ../../lib/gcc/libgcc.a(_clz.o)
                0x00001e4c                . = ALIGN (0x4)
 *(COMMON)
 COMMON         0x00001e4c      0x238 ../../lib/libtkdnhal.a(tkdn_sci.o)
                0x00001e4c                sci_default
                0x00002068                sci_handles
                0x00002080                psci_default
 COMMON         0x00002084        0x4 ../../lib/libtkdnhal.a(tkdn_ether.o)
                0x00002084                user_rx_func
 COMMON         0x00002088       0x20 ../../lib/libtkdnhal.a(tkdn_interrupt.o)
                0x00002088                ifunc
 COMMON         0x000020a8        0x4 ../../lib/gcc/libc.a(lib_a-reent.o)
                0x000020a8                errno
                0x000020c0                . = ALIGN (0x20)
 *fill*         0x000020ac       0x14 00
 *(.etherdesc)
 .etherdesc     0x000020c0     0x1100 ../../lib/libtkdnhal.a(tkdn_ether.o)
                0x000031c0                . = ALIGN (0x4)
                0x000031c0                PROVIDE (__bssend, .)
                0x000031c0                _end = .
                0x000031c0                PROVIDE (end, .)
                0x0000061a                PROVIDE (__bsssize, (SIZEOF (.bss) / 0x4))

.stab
 *(.stab)

.stabstr
 *(.stabstr)

.stab.excl
 *(.stab.excl)

.stab.exclstr
 *(.stab.exclstr)

.stab.index
 *(.stab.index)

.stab.indexstr
 *(.stab.indexstr)

.comment        0x00000000       0x11
 *(.comment)
 .comment       0x00000000       0x11 adc_sample.o
                                 0x12 (size before relaxing)
 .comment       0x00000000       0x12 ../../common/intvect.o
 .comment       0x00000000       0x12 ../../lib/libtkdnhal.a(hwsetup.o)
 .comment       0x00000000       0x12 ../../lib/libtkdnhal.a(tkdn_sci.o)
 .comment       0x00000000       0x12 ../../lib/libtkdnhal.a(tkdn_ether.o)
 .comment       0x00000000       0x12 ../../lib/libtkdnhal.a(tkdn_timer.o)
 .comment       0x00000000       0x12 ../../lib/libtkdnhal.a(tkdn_gpio.o)
 .comment       0x00000000       0x12 ../../lib/libtkdnhal.a(tkdn_pwm.o)
 .comment       0x00000000       0x12 ../../lib/libtkdnhal.a(tkdn_tone.o)
 .comment       0x00000000       0x12 ../../lib/libtkdnhal.a(tkdn_adc.o)
 .comment       0x00000000       0x12 ../../lib/libtkdnhal.a(phy.o)
 .comment       0x00000000       0x12 ../../lib/libtkdnhal.a(usb_cdc.o)
 .comment       0x00000000       0x12 ../../lib/libtkdnhal.a(usb_core.o)
 .comment       0x00000000       0x12 ../../lib/libtkdnhal.a(usb_hal.o)
 .comment       0x00000000       0x12 ../../lib/libtkdnhal.a(usbdescriptors.o)
 .comment       0x00000000       0x12 ../../lib/libtkdnhal.a(tkdn_interrupt.o)
 .comment       0x00000000       0x12 ../../lib/gcc/libc.a(lib_a-sprintf.o)
 .comment       0x00000000       0x12 ../../lib/gcc/libc.a(lib_a-svfprintf.o)
 .comment       0x00000000       0x12 ../../lib/gcc/libc.a(lib_a-dtoa.o)
 .comment       0x00000000       0x12 ../../lib/gcc/libc.a(lib_a-impure.o)
 .comment       0x00000000       0x12 ../../lib/gcc/libc.a(lib_a-locale.o)
 .comment       0x00000000       0x12 ../../lib/gcc/libc.a(lib_a-mallocr.o)
 .comment       0x00000000       0x12 ../../lib/gcc/libc.a(lib_a-mlock.o)
 .comment       0x00000000       0x12 ../../lib/gcc/libc.a(lib_a-mprec.o)
 .comment       0x00000000       0x12 ../../lib/gcc/libc.a(lib_a-sbrkr.o)
 .comment       0x00000000       0x12 ../../lib/gcc/libc.a(lib_a-sf_fpclassify.o)
 .comment       0x00000000       0x12 ../../lib/gcc/libc.a(lib_a-svfiprintf.o)
 .comment       0x00000000       0x12 ../../lib/gcc/libc.a(lib_a-callocr.o)
 .comment       0x00000000       0x12 ../../lib/gcc/libc.a(lib_a-freer.o)
 .comment       0x00000000       0x12 ../../lib/gcc/libc.a(lib_a-reallocr.o)
 .comment       0x00000000       0x12 ../../lib/gcc/libc.a(lib_a-reent.o)
 .comment       0x00000000       0x12 ../../lib/gcc/libsim.a(sbrk.o)
 .comment       0x00000000       0x12 ../../lib/gcc/libgcc.a(_udivdi3.o)
 .comment       0x00000000       0x12 ../../lib/gcc/libgcc.a(_umoddi3.o)
 .comment       0x00000000       0x12 ../../lib/gcc/libgcc.a(_clz.o)

.debug
 *(.debug)

.line
 *(.line)

.debug_srcinfo
 *(.debug_srcinfo)

.debug_sfnames
 *(.debug_sfnames)

.debug_aranges  0x00000000      0x378
 *(.debug_aranges)
 .debug_aranges
                0x00000000       0x20 adc_sample.o
 .debug_aranges
                0x00000020       0x20 ../../common/intvect.o
 .debug_aranges
                0x00000040       0x28 ../../lib/gcc/libc.a(lib_a-sprintf.o)
 .debug_aranges
                0x00000068       0x20 ../../lib/gcc/libc.a(lib_a-svfprintf.o)
 .debug_aranges
                0x00000088       0x28 ../../lib/gcc/libc.a(lib_a-dtoa.o)
 .debug_aranges
                0x000000b0       0x50 ../../lib/gcc/libc.a(lib_a-locale.o)
 .debug_aranges
                0x00000100       0x20 ../../lib/gcc/libc.a(lib_a-mallocr.o)
 .debug_aranges
                0x00000120       0x28 ../../lib/gcc/libc.a(lib_a-mlock.o)
 .debug_aranges
                0x00000148       0xb0 ../../lib/gcc/libc.a(lib_a-mprec.o)
 .debug_aranges
                0x000001f8       0x20 ../../lib/gcc/libc.a(lib_a-sbrkr.o)
 .debug_aranges
                0x00000218       0x20 ../../lib/gcc/libc.a(lib_a-sf_fpclassify.o)
 .debug_aranges
                0x00000238       0x28 ../../lib/gcc/libc.a(lib_a-svfiprintf.o)
 .debug_aranges
                0x00000260       0x20 ../../lib/gcc/libc.a(lib_a-callocr.o)
 .debug_aranges
                0x00000280       0x28 ../../lib/gcc/libc.a(lib_a-freer.o)
 .debug_aranges
                0x000002a8       0x20 ../../lib/gcc/libc.a(lib_a-reallocr.o)
 .debug_aranges
                0x000002c8       0x30 ../../lib/gcc/libc.a(lib_a-reent.o)
 .debug_aranges
                0x000002f8       0x20 ../../lib/gcc/libsim.a(sbrk.o)
 .debug_aranges
                0x00000318       0x20 ../../lib/gcc/libsim.a(heaptop.o)
 .debug_aranges
                0x00000338       0x20 ../../lib/gcc/libgcc.a(_udivdi3.o)
 .debug_aranges
                0x00000358       0x20 ../../lib/gcc/libgcc.a(_umoddi3.o)

.debug_pubnames
 *(.debug_pubnames)

.debug_info     0x00000000     0xcc25
 *(.debug_info .gnu.linkonce.wi.*)
 .debug_info    0x00000000      0x136 adc_sample.o
 .debug_info    0x00000136      0xc6d ../../common/intvect.o
 .debug_info    0x00000da3      0xa4b ../../lib/gcc/libc.a(lib_a-sprintf.o)
 .debug_info    0x000017ee      0xfab ../../lib/gcc/libc.a(lib_a-svfprintf.o)
 .debug_info    0x00002799      0xdcf ../../lib/gcc/libc.a(lib_a-dtoa.o)
 .debug_info    0x00003568      0x965 ../../lib/gcc/libc.a(lib_a-impure.o)
 .debug_info    0x00003ecd      0xc73 ../../lib/gcc/libc.a(lib_a-locale.o)
 .debug_info    0x00004b40      0xd6e ../../lib/gcc/libc.a(lib_a-mallocr.o)
 .debug_info    0x000058ae      0x983 ../../lib/gcc/libc.a(lib_a-mlock.o)
 .debug_info    0x00006231     0x14f6 ../../lib/gcc/libc.a(lib_a-mprec.o)
 .debug_info    0x00007727      0x9af ../../lib/gcc/libc.a(lib_a-sbrkr.o)
 .debug_info    0x000080d6       0xca ../../lib/gcc/libc.a(lib_a-sf_fpclassify.o)
 .debug_info    0x000081a0      0xd84 ../../lib/gcc/libc.a(lib_a-svfiprintf.o)
 .debug_info    0x00008f24      0xa4b ../../lib/gcc/libc.a(lib_a-callocr.o)
 .debug_info    0x0000996f      0xc21 ../../lib/gcc/libc.a(lib_a-freer.o)
 .debug_info    0x0000a590      0xbc1 ../../lib/gcc/libc.a(lib_a-reallocr.o)
 .debug_info    0x0000b151      0xa53 ../../lib/gcc/libc.a(lib_a-reent.o)
 .debug_info    0x0000bba4       0xa0 ../../lib/gcc/libsim.a(sbrk.o)
 .debug_info    0x0000bc44       0x88 ../../lib/gcc/libsim.a(heaptop.o)
 .debug_info    0x0000bccc      0x72a ../../lib/gcc/libgcc.a(_udivdi3.o)
 .debug_info    0x0000c3f6      0x77b ../../lib/gcc/libgcc.a(_umoddi3.o)
 .debug_info    0x0000cb71       0xb4 ../../lib/gcc/libgcc.a(_clz.o)

.debug_abbrev   0x00000000     0x2301
 *(.debug_abbrev)
 .debug_abbrev  0x00000000       0x7f adc_sample.o
 .debug_abbrev  0x0000007f       0x97 ../../common/intvect.o
 .debug_abbrev  0x00000116      0x1d3 ../../lib/gcc/libc.a(lib_a-sprintf.o)
 .debug_abbrev  0x000002e9      0x2e8 ../../lib/gcc/libc.a(lib_a-svfprintf.o)
 .debug_abbrev  0x000005d1      0x229 ../../lib/gcc/libc.a(lib_a-dtoa.o)
 .debug_abbrev  0x000007fa      0x166 ../../lib/gcc/libc.a(lib_a-impure.o)
 .debug_abbrev  0x00000960      0x24f ../../lib/gcc/libc.a(lib_a-locale.o)
 .debug_abbrev  0x00000baf      0x235 ../../lib/gcc/libc.a(lib_a-mallocr.o)
 .debug_abbrev  0x00000de4      0x17b ../../lib/gcc/libc.a(lib_a-mlock.o)
 .debug_abbrev  0x00000f5f      0x310 ../../lib/gcc/libc.a(lib_a-mprec.o)
 .debug_abbrev  0x0000126f      0x1b2 ../../lib/gcc/libc.a(lib_a-sbrkr.o)
 .debug_abbrev  0x00001421       0x6e ../../lib/gcc/libc.a(lib_a-sf_fpclassify.o)
 .debug_abbrev  0x0000148f      0x260 ../../lib/gcc/libc.a(lib_a-svfiprintf.o)
 .debug_abbrev  0x000016ef      0x1c2 ../../lib/gcc/libc.a(lib_a-callocr.o)
 .debug_abbrev  0x000018b1      0x233 ../../lib/gcc/libc.a(lib_a-freer.o)
 .debug_abbrev  0x00001ae4      0x1ee ../../lib/gcc/libc.a(lib_a-reallocr.o)
 .debug_abbrev  0x00001cd2      0x211 ../../lib/gcc/libc.a(lib_a-reent.o)
 .debug_abbrev  0x00001ee3       0x8a ../../lib/gcc/libsim.a(sbrk.o)
 .debug_abbrev  0x00001f6d       0x14 ../../lib/gcc/libsim.a(heaptop.o)
 .debug_abbrev  0x00001f81      0x17e ../../lib/gcc/libgcc.a(_udivdi3.o)
 .debug_abbrev  0x000020ff      0x1a1 ../../lib/gcc/libgcc.a(_umoddi3.o)
 .debug_abbrev  0x000022a0       0x61 ../../lib/gcc/libgcc.a(_clz.o)

.debug_line     0x00000000     0x7c7e
 *(.debug_line)
 .debug_line    0x00000000       0xe0 adc_sample.o
 .debug_line    0x000000e0      0x8b1 ../../common/intvect.o
 .debug_line    0x00000991      0x225 ../../lib/gcc/libc.a(lib_a-sprintf.o)
 .debug_line    0x00000bb6     0x1596 ../../lib/gcc/libc.a(lib_a-svfprintf.o)
 .debug_line    0x0000214c     0x1405 ../../lib/gcc/libc.a(lib_a-dtoa.o)
 .debug_line    0x00003551       0xfa ../../lib/gcc/libc.a(lib_a-impure.o)
 .debug_line    0x0000364b      0x280 ../../lib/gcc/libc.a(lib_a-locale.o)
 .debug_line    0x000038cb      0x87e ../../lib/gcc/libc.a(lib_a-mallocr.o)
 .debug_line    0x00004149      0x12e ../../lib/gcc/libc.a(lib_a-mlock.o)
 .debug_line    0x00004277     0x11bd ../../lib/gcc/libc.a(lib_a-mprec.o)
 .debug_line    0x00005434      0x19d ../../lib/gcc/libc.a(lib_a-sbrkr.o)
 .debug_line    0x000055d1      0x1a9 ../../lib/gcc/libc.a(lib_a-sf_fpclassify.o)
 .debug_line    0x0000577a      0xf4c ../../lib/gcc/libc.a(lib_a-svfiprintf.o)
 .debug_line    0x000066c6      0x189 ../../lib/gcc/libc.a(lib_a-callocr.o)
 .debug_line    0x0000684f      0x4a2 ../../lib/gcc/libc.a(lib_a-freer.o)
 .debug_line    0x00006cf1      0x5db ../../lib/gcc/libc.a(lib_a-reallocr.o)
 .debug_line    0x000072cc      0x2b3 ../../lib/gcc/libc.a(lib_a-reent.o)
 .debug_line    0x0000757f       0x8e ../../lib/gcc/libsim.a(sbrk.o)
 .debug_line    0x0000760d       0x51 ../../lib/gcc/libsim.a(heaptop.o)
 .debug_line    0x0000765e      0x2ea ../../lib/gcc/libgcc.a(_udivdi3.o)
 .debug_line    0x00007948      0x2e1 ../../lib/gcc/libgcc.a(_umoddi3.o)
 .debug_line    0x00007c29       0x55 ../../lib/gcc/libgcc.a(_clz.o)

.debug_frame    0x00000000     0x1398
 *(.debug_frame)
 .debug_frame   0x00000000       0x40 adc_sample.o
 .debug_frame   0x00000040      0xcdc ../../common/intvect.o
 .debug_frame   0x00000d1c       0x3c ../../lib/gcc/libc.a(lib_a-sprintf.o)
 .debug_frame   0x00000d58       0x3c ../../lib/gcc/libc.a(lib_a-svfprintf.o)
 .debug_frame   0x00000d94       0x64 ../../lib/gcc/libc.a(lib_a-dtoa.o)
 .debug_frame   0x00000df8       0x90 ../../lib/gcc/libc.a(lib_a-locale.o)
 .debug_frame   0x00000e88       0x3c ../../lib/gcc/libc.a(lib_a-mallocr.o)
 .debug_frame   0x00000ec4       0x34 ../../lib/gcc/libc.a(lib_a-mlock.o)
 .debug_frame   0x00000ef8      0x220 ../../lib/gcc/libc.a(lib_a-mprec.o)
 .debug_frame   0x00001118       0x30 ../../lib/gcc/libc.a(lib_a-sbrkr.o)
 .debug_frame   0x00001148       0x24 ../../lib/gcc/libc.a(lib_a-sf_fpclassify.o)
 .debug_frame   0x0000116c       0x64 ../../lib/gcc/libc.a(lib_a-svfiprintf.o)
 .debug_frame   0x000011d0       0x2c ../../lib/gcc/libc.a(lib_a-callocr.o)
 .debug_frame   0x000011fc       0x54 ../../lib/gcc/libc.a(lib_a-freer.o)
 .debug_frame   0x00001250       0x3c ../../lib/gcc/libc.a(lib_a-reallocr.o)
 .debug_frame   0x0000128c       0x70 ../../lib/gcc/libc.a(lib_a-reent.o)
 .debug_frame   0x000012fc       0x2c ../../lib/gcc/libsim.a(sbrk.o)
 .debug_frame   0x00001328       0x38 ../../lib/gcc/libgcc.a(_udivdi3.o)
 .debug_frame   0x00001360       0x38 ../../lib/gcc/libgcc.a(_umoddi3.o)

.debug_str      0x00000000     0x1aa3
 *(.debug_str)
 .debug_str     0x00000000      0x115 adc_sample.o
                                0x14e (size before relaxing)
 .debug_str     0x00000115      0x926 ../../common/intvect.o
                                0x990 (size before relaxing)
 .debug_str     0x00000a3b      0x41c ../../lib/gcc/libc.a(lib_a-sprintf.o)
                                0x502 (size before relaxing)
 .debug_str     0x00000e57      0x1a1 ../../lib/gcc/libc.a(lib_a-svfprintf.o)
                                0x6a0 (size before relaxing)
 .debug_str     0x00000ff8      0x139 ../../lib/gcc/libc.a(lib_a-dtoa.o)
                                0x5c6 (size before relaxing)
 .debug_str     0x00001131       0x8f ../../lib/gcc/libc.a(lib_a-impure.o)
                                0x4df (size before relaxing)
 .debug_str     0x000011c0      0x239 ../../lib/gcc/libc.a(lib_a-locale.o)
                                0x721 (size before relaxing)
 .debug_str     0x000013f9      0x1fe ../../lib/gcc/libc.a(lib_a-mallocr.o)
                                0x6b6 (size before relaxing)
 .debug_str     0x000015f7       0x5d ../../lib/gcc/libc.a(lib_a-mlock.o)
                                0x4e8 (size before relaxing)
 .debug_str     0x00001654       0xe8 ../../lib/gcc/libc.a(lib_a-mprec.o)
                                0x5d3 (size before relaxing)
 .debug_str     0x0000173c       0x40 ../../lib/gcc/libc.a(lib_a-sbrkr.o)
                                0x4d5 (size before relaxing)
 .debug_str     0x0000177c       0x87 ../../lib/gcc/libc.a(lib_a-sf_fpclassify.o)
                                0x140 (size before relaxing)
 .debug_str     0x00001803       0x29 ../../lib/gcc/libc.a(lib_a-svfiprintf.o)
                                0x620 (size before relaxing)
 .debug_str     0x0000182c       0x19 ../../lib/gcc/libc.a(lib_a-callocr.o)
                                0x507 (size before relaxing)
 .debug_str     0x00001845       0x3c ../../lib/gcc/libc.a(lib_a-freer.o)
                                0x608 (size before relaxing)
 .debug_str     0x00001881       0x59 ../../lib/gcc/libc.a(lib_a-reallocr.o)
                                0x588 (size before relaxing)
 .debug_str     0x000018da       0x63 ../../lib/gcc/libc.a(lib_a-reent.o)
                                0x504 (size before relaxing)
 .debug_str     0x0000193d       0x6a ../../lib/gcc/libsim.a(sbrk.o)
                                 0x7b (size before relaxing)
 .debug_str     0x000019a7       0xf2 ../../lib/gcc/libgcc.a(_udivdi3.o)
                                0x19b (size before relaxing)
 .debug_str     0x00001a99        0xa ../../lib/gcc/libgcc.a(_umoddi3.o)
                                0x19b (size before relaxing)
 .debug_str     0x00000000      0x105 ../../lib/gcc/libgcc.a(_clz.o)

.debug_loc      0x00000000     0xb421
 *(.debug_loc)
 .debug_loc     0x00000000       0x3a adc_sample.o
 .debug_loc     0x0000003a     0x170c ../../common/intvect.o
 .debug_loc     0x00001746       0xb7 ../../lib/gcc/libc.a(lib_a-sprintf.o)
 .debug_loc     0x000017fd     0x2181 ../../lib/gcc/libc.a(lib_a-svfprintf.o)
 .debug_loc     0x0000397e     0x2361 ../../lib/gcc/libc.a(lib_a-dtoa.o)
 .debug_loc     0x00005cdf       0xb3 ../../lib/gcc/libc.a(lib_a-locale.o)
 .debug_loc     0x00005d92      0xae2 ../../lib/gcc/libc.a(lib_a-mallocr.o)
 .debug_loc     0x00006874     0x185f ../../lib/gcc/libc.a(lib_a-mprec.o)
 .debug_loc     0x000080d3       0x51 ../../lib/gcc/libc.a(lib_a-sbrkr.o)
 .debug_loc     0x00008124       0x84 ../../lib/gcc/libc.a(lib_a-sf_fpclassify.o)
 .debug_loc     0x000081a8     0x1385 ../../lib/gcc/libc.a(lib_a-svfiprintf.o)
 .debug_loc     0x0000952d      0x1d0 ../../lib/gcc/libc.a(lib_a-callocr.o)
 .debug_loc     0x000096fd      0x115 ../../lib/gcc/libc.a(lib_a-freer.o)
 .debug_loc     0x00009812       0x2c ../../lib/gcc/libc.a(lib_a-reallocr.o)
 .debug_loc     0x0000983e      0x13e ../../lib/gcc/libc.a(lib_a-reent.o)
 .debug_loc     0x0000997c       0x55 ../../lib/gcc/libsim.a(sbrk.o)
 .debug_loc     0x000099d1      0xdc1 ../../lib/gcc/libgcc.a(_udivdi3.o)
 .debug_loc     0x0000a792      0xc8f ../../lib/gcc/libgcc.a(_umoddi3.o)

.debug_macinfo
 *(.debug_macinfo)

.debug_weaknames
 *(.debug_weaknames)

.debug_funcnames
 *(.debug_funcnames)

.debug_typenames
 *(.debug_typenames)

.debug_varnames
 *(.debug_varnames)

/DISCARD/
 *(.note.GNU-stack)
LOAD ../../lib/libtkdnhal.a
LOAD ../../lib/gcc/libstdc++.a
LOAD ../../lib/gcc/libsupc++.a
LOAD ../../lib/gcc/libc.a
LOAD ../../lib/gcc/libsim.a
LOAD ../../lib/gcc/libgcc.a
LOAD ../../lib/gcc/libm.a
OUTPUT(adc_sample.elf elf32-rx-le)

.debug_ranges   0x00000000      0x8e0
 .debug_ranges  0x00000000       0x18 ../../lib/gcc/libc.a(lib_a-sprintf.o)
 .debug_ranges  0x00000018      0x110 ../../lib/gcc/libc.a(lib_a-svfprintf.o)
 .debug_ranges  0x00000128       0x18 ../../lib/gcc/libc.a(lib_a-dtoa.o)
 .debug_ranges  0x00000140       0x40 ../../lib/gcc/libc.a(lib_a-locale.o)
 .debug_ranges  0x00000180       0x90 ../../lib/gcc/libc.a(lib_a-mallocr.o)
 .debug_ranges  0x00000210       0x18 ../../lib/gcc/libc.a(lib_a-mlock.o)
 .debug_ranges  0x00000228       0xe0 ../../lib/gcc/libc.a(lib_a-mprec.o)
 .debug_ranges  0x00000308       0x10 ../../lib/gcc/libc.a(lib_a-sbrkr.o)
 .debug_ranges  0x00000318       0x10 ../../lib/gcc/libc.a(lib_a-sf_fpclassify.o)
 .debug_ranges  0x00000328       0x58 ../../lib/gcc/libc.a(lib_a-svfiprintf.o)
 .debug_ranges  0x00000380       0x58 ../../lib/gcc/libc.a(lib_a-callocr.o)
 .debug_ranges  0x000003d8       0x18 ../../lib/gcc/libc.a(lib_a-freer.o)
 .debug_ranges  0x000003f0      0x168 ../../lib/gcc/libc.a(lib_a-reallocr.o)
 .debug_ranges  0x00000558       0x20 ../../lib/gcc/libc.a(lib_a-reent.o)
 .debug_ranges  0x00000578      0x1d8 ../../lib/gcc/libgcc.a(_udivdi3.o)
 .debug_ranges  0x00000750      0x190 ../../lib/gcc/libgcc.a(_umoddi3.o)
