Archive member included because of file (symbol)

../../lib/libtkdnhal.a(hwsetup.o)
                              ../../lib/start.o (tkdn_hwsetup)
../../lib/libtkdnhal.a(tkdn_sci.o)
                              rtc-sample.o (sci_convert_crlf)
../../lib/libtkdnhal.a(tkdn_ether.o)
                              ../../common/intvect.o (Excep_ETHER_EINT)
../../lib/libtkdnhal.a(tkdn_rtc.o)
                              rtc-sample.o (rtc_set_time)
../../lib/libtkdnhal.a(tkdn_timer.o)
                              rtc-sample.o (timer_wait_ms)
../../lib/libtkdnhal.a(tkdn_gpio.o)
                              rtc-sample.o (gpio_set_pinmode)
../../lib/libtkdnhal.a(tkdn_pwm.o)
                              ../../common/intvect.o (Excep_MTU1_TGIA1)
../../lib/libtkdnhal.a(tkdn_tone.o)
                              ../../common/intvect.o (Excep_MTU2_TGIA2)
../../lib/libtkdnhal.a(phy.o)
                              ../../lib/libtkdnhal.a(tkdn_ether.o) (_phy_read)
../../lib/libtkdnhal.a(eidi.o)
                              ../../lib/libtkdnhal.a(tkdn_ether.o) (enable_interrupt)
../../lib/libtkdnhal.a(usb_cdc.o)
                              ../../lib/libtkdnhal.a(tkdn_sci.o) (TKUSB_Init)
../../lib/libtkdnhal.a(usb_core.o)
                              ../../lib/libtkdnhal.a(usb_cdc.o) (USBCORE_Init)
../../lib/libtkdnhal.a(usb_hal.o)
                              ../../lib/libtkdnhal.a(tkdn_sci.o) (TKUSB_RecvByte)
../../lib/libtkdnhal.a(usbdescriptors.o)
                              ../../lib/libtkdnhal.a(usb_cdc.o) (gStringDescriptorSerialNum)
../../lib/libtkdnhal.a(tkdn_interrupt.o)
                              ../../common/intvect.o (Excep_IRQ0)
../../lib/gcc/libc.a(lib_a-sprintf.o)
                              rtc-sample.o (sprintf)
../../lib/gcc/libc.a(lib_a-svfprintf.o)
                              ../../lib/gcc/libc.a(lib_a-sprintf.o) (_svfprintf_r)
../../lib/gcc/libc.a(lib_a-dtoa.o)
                              ../../lib/gcc/libc.a(lib_a-svfprintf.o) (_dtoa_r)
../../lib/gcc/libc.a(lib_a-impure.o)
                              ../../lib/gcc/libc.a(lib_a-sprintf.o) (_impure_ptr)
../../lib/gcc/libc.a(lib_a-locale.o)
                              ../../lib/gcc/libc.a(lib_a-svfprintf.o) (_localeconv_r)
../../lib/gcc/libc.a(lib_a-mallocr.o)
                              ../../lib/gcc/libc.a(lib_a-svfprintf.o) (_malloc_r)
../../lib/gcc/libc.a(lib_a-memchr.o)
                              ../../lib/gcc/libc.a(lib_a-svfprintf.o) (memchr)
../../lib/gcc/libc.a(lib_a-memcpy.o)
                              ../../lib/gcc/libc.a(lib_a-dtoa.o) (memcpy)
../../lib/gcc/libc.a(lib_a-mlock.o)
                              ../../lib/gcc/libc.a(lib_a-mallocr.o) (__malloc_lock)
../../lib/gcc/libc.a(lib_a-mprec.o)
                              ../../lib/gcc/libc.a(lib_a-dtoa.o) (_Balloc)
../../lib/gcc/libc.a(lib_a-sbrkr.o)
                              ../../lib/gcc/libc.a(lib_a-mallocr.o) (_sbrk_r)
../../lib/gcc/libc.a(lib_a-sf_fpclassify.o)
                              ../../lib/gcc/libc.a(lib_a-svfprintf.o) (__fpclassifyf)
../../lib/gcc/libc.a(lib_a-strcmp.o)
                              ../../lib/gcc/libc.a(lib_a-locale.o) (strcmp)
../../lib/gcc/libc.a(lib_a-strlen.o)
                              ../../lib/gcc/libc.a(lib_a-svfprintf.o) (strlen)
../../lib/gcc/libc.a(lib_a-svfiprintf.o)
                              ../../lib/gcc/libc.a(lib_a-svfprintf.o) (__ssprint_r)
../../lib/gcc/libc.a(lib_a-callocr.o)
                              ../../lib/gcc/libc.a(lib_a-mprec.o) (_calloc_r)
../../lib/gcc/libc.a(lib_a-freer.o)
                              ../../lib/gcc/libc.a(lib_a-mallocr.o) (_free_r)
../../lib/gcc/libc.a(lib_a-memmove.o)
                              ../../lib/gcc/libc.a(lib_a-svfiprintf.o) (memmove)
../../lib/gcc/libc.a(lib_a-memset.o)
                              ../../lib/gcc/libc.a(lib_a-callocr.o) (memset)
../../lib/gcc/libc.a(lib_a-reallocr.o)
                              ../../lib/gcc/libc.a(lib_a-svfiprintf.o) (_realloc_r)
../../lib/gcc/libc.a(lib_a-reent.o)
                              ../../lib/gcc/libc.a(lib_a-sbrkr.o) (errno)
../../lib/gcc/libsim.a(sbrk.o)
                              ../../lib/gcc/libc.a(lib_a-sbrkr.o) (sbrk)
../../lib/gcc/libsim.a(heaptop.o)
                              ../../lib/gcc/libsim.a(sbrk.o) (__set_heaptop)
../../lib/gcc/libgcc.a(_udivdi3.o)
                              ../../lib/gcc/libc.a(lib_a-svfprintf.o) (__udivdi3)
../../lib/gcc/libgcc.a(_umoddi3.o)
                              ../../lib/gcc/libc.a(lib_a-svfprintf.o) (__umoddi3)
../../lib/gcc/libgcc.a(_clz.o)
                              ../../lib/gcc/libgcc.a(_udivdi3.o) (__clz_tab)

Allocating common symbols
Common symbol       size              file

sci_default         0x21c             ../../lib/libtkdnhal.a(tkdn_sci.o)
user_rx_func        0x4               ../../lib/libtkdnhal.a(tkdn_ether.o)
sci_handles         0x18              ../../lib/libtkdnhal.a(tkdn_sci.o)
ifunc               0x20              ../../lib/libtkdnhal.a(tkdn_interrupt.o)
errno               0x4               ../../lib/gcc/libc.a(lib_a-reent.o)
psci_default        0x4               ../../lib/libtkdnhal.a(tkdn_sci.o)

Memory Configuration

Name             Origin             Length             Attributes
*default*        0x00000000         0xffffffff

Linker script and memory map

LOAD ../../lib/start.o
LOAD rtc-sample.o
LOAD ../../common/intvect.o
                0x00017f00                _usp_init = 0x17f00
                0x00018000                _isp_init = 0x18000

.fvectors       0xffffffd0       0x30
 *.o(.fvectors)
 .fvectors      0xffffffd0       0x30 ../../common/intvect.o
                0xffffffd0                Fixed_Vectors

.rvectors       0xfff80000      0x400
 *.o(.rvectors)
 .rvectors      0xfff80000      0x400 ../../common/intvect.o
                0xfff80000                Relocatable_Vectors

.text           0xfff80400     0x89a8
                0xfff80400                PROVIDE (_start, .)
 *(.text P .stub .text.* .gnu.linkonce.t.*)
 P              0xfff80400       0x8c ../../lib/start.o
                0xfff80400                start
                0xfff80400                PowerON_Reset_PC
                0xfff8048a                _rx_fini
                0xfff8048b                __cxa_atexit
 P              0xfff8048c       0xe4 rtc-sample.o
                0xfff8048c                main
 P              0xfff80570      0x444 ../../common/intvect.o
                0xfff80570                Excep_SuperVisorInst
                0xfff80578                Excep_UndefinedInst
                0xfff80580                Excep_FloatingPoint
                0xfff80588                NonMaskableInterrupt
                0xfff80590                Excep_BRK
                0xfff80598                Excep_BUSERR
                0xfff805a0                Excep_FCU_FCUERR
                0xfff805a8                Excep_FCU_FRDYI
                0xfff805b0                Excep_ICU_SWINT
                0xfff805b8                Excep_CMTU0_CMT1
                0xfff805c0                Excep_CMTU1_CMT3
                0xfff805c8                Excep_USB0_D0FIFO0
                0xfff805d0                Excep_USB0_D1FIFO0
                0xfff805d8                Excep_USB0_USBI0
                0xfff805ea                Excep_USB1_D0FIFO1
                0xfff805f2                Excep_USB1_D1FIFO1
                0xfff805fa                Excep_USB1_USBI1
                0xfff8060c                Excep_RSPI0_SPEI0
                0xfff80614                Excep_RSPI0_SPRI0
                0xfff8061c                Excep_RSPI0_SPTI0
                0xfff80624                Excep_RSPI0_SPII0
                0xfff8062c                Excep_RSPI1_SPEI1
                0xfff80634                Excep_RSPI1_SPRI1
                0xfff8063c                Excep_RSPI1_SPTI1
                0xfff80644                Excep_RSPI1_SPII1
                0xfff8064c                Excep_CAN0_ERS0
                0xfff80654                Excep_CAN0_RXF0
                0xfff8065c                Excep_CAN0_TXF0
                0xfff80664                Excep_CAN0_RXM0
                0xfff8066c                Excep_CAN0_TXM0
                0xfff80674                Excep_RTC_PRD
                0xfff8067c                Excep_RTC_CUP
                0xfff80684                Excep_IRQ8
                0xfff8068c                Excep_IRQ9
                0xfff80694                Excep_IRQ10
                0xfff8069c                Excep_IRQ11
                0xfff806a4                Excep_IRQ12
                0xfff806ac                Excep_IRQ13
                0xfff806b4                Excep_IRQ14
                0xfff806bc                Excep_IRQ15
                0xfff806c4                Excep_USB_USBR0
                0xfff806cc                Excep_USB_USBR1
                0xfff806d4                Excep_RTC_ALM
                0xfff806dc                Excep_WDT_WOVI
                0xfff806e4                Excep_AD0_ADI0
                0xfff806ec                Excep_AD1_ADI1
                0xfff806f4                Excep_S12AD_ADI12
                0xfff806fc                Excep_MTU0_TCIV0
                0xfff80704                Excep_MTU1_TGIB1
                0xfff8070c                Excep_MTU1_TCIV1
                0xfff80714                Excep_MTU1_TCIU1
                0xfff8071c                Excep_MTU2_TGIB2
                0xfff80724                Excep_MTU2_TCIV2
                0xfff8072c                Excep_MTU2_TCIU2
                0xfff80734                Excep_MTU3_TGIA3
                0xfff8073c                Excep_MTU3_TGIB3
                0xfff80744                Excep_MTU3_TGIC3
                0xfff8074c                Excep_MTU3_TGID3
                0xfff80754                Excep_MTU3_TCIV3
                0xfff8075c                Excep_MTU4_TGIA4
                0xfff80764                Excep_MTU4_TGIB4
                0xfff8076c                Excep_MTU4_TGIC4
                0xfff80774                Excep_MTU4_TGID4
                0xfff8077c                Excep_MTU4_TCIV4
                0xfff80784                Excep_MTU5_TCIU5
                0xfff8078c                Excep_MTU5_TCIV5
                0xfff80794                Excep_MTU5_TCIW5
                0xfff8079c                Excep_MTU6_TGIA6
                0xfff807a4                Excep_MTU6_TGIB6
                0xfff807ac                Excep_MTU6_TGIC6
                0xfff807b4                Excep_MTU6_TGID6
                0xfff807bc                Excep_MTU6_TCIV6
                0xfff807c4                Excep_MTU6_TGIE6
                0xfff807cc                Excep_MTU6_TGIF6
                0xfff807d4                Excep_MTU7_TGIA7
                0xfff807dc                Excep_MTU7_TGIB7
                0xfff807e4                Excep_MTU7_TCIV7
                0xfff807ec                Excep_MTU7_TCIU7
                0xfff807f4                Excep_MTU8_TGIA8
                0xfff807fc                Excep_MTU8_TGIB8
                0xfff80804                Excep_MTU8_TCIV8
                0xfff8080c                Excep_MTU8_TCIU8
                0xfff80814                Excep_MTU9_TGIA9
                0xfff8081c                Excep_MTU9_TGIB9
                0xfff80824                Excep_MTU9_TGIC9
                0xfff8082c                Excep_MTU9_TGID9
                0xfff80834                Excep_MTU9_TCIV9
                0xfff8083c                Excep_MTU10_TGIA10
                0xfff80844                Excep_MTU10_TGIB10
                0xfff8084c                Excep_MTU10_TGIC10
                0xfff80854                Excep_MTU10_TGID10
                0xfff8085c                Excep_MTU10_TCIV10
                0xfff80864                Excep_MTU11_TCIU11
                0xfff8086c                Excep_MTU11_TCIV11
                0xfff80874                Excep_MTU11_TCIW11
                0xfff8087c                Excep_POE_OEI1
                0xfff80884                Excep_POE_OEI2
                0xfff8088c                Excep_POE_OEI3
                0xfff80894                Excep_POE_OEI4
                0xfff8089c                Excep_TMR0_CMI0A
                0xfff808a4                Excep_TMR0_CMI0B
                0xfff808ac                Excep_TMR0_OV0I
                0xfff808b4                Excep_TMR1_CMI1A
                0xfff808bc                Excep_TMR1_CMI1B
                0xfff808c4                Excep_TMR1_OV1I
                0xfff808cc                Excep_TMR2_CMI2A
                0xfff808d4                Excep_TMR2_CMI2B
                0xfff808dc                Excep_TMR2_OV2I
                0xfff808e4                Excep_TMR3_CMI3A
                0xfff808ec                Excep_TMR3_CMI3B
                0xfff808f4                Excep_TMR3_OV3I
                0xfff808fc                Excep_DMACA_DMAC0
                0xfff80904                Excep_DMACA_DMAC1
                0xfff8090c                Excep_DMACA_DMAC2
                0xfff80914                Excep_DMACA_DMAC3
                0xfff8091c                Excep_EXDMAC_DMAC0
                0xfff80924                Excep_EXDMAC_DMAC1
                0xfff8092c                Excep_SCI3_ERI3
                0xfff80934                Excep_SCI3_RXI3
                0xfff8093c                Excep_SCI3_TXI3
                0xfff80944                Excep_SCI3_TEI3
                0xfff8094c                Excep_SCI5_ERI5
                0xfff80954                Excep_SCI5_RXI5
                0xfff8095c                Excep_SCI5_TXI5
                0xfff80964                Excep_SCI5_TEI5
                0xfff8096c                Excep_RIIC0_EEI0
                0xfff80974                Excep_RIIC0_RXI0
                0xfff8097c                Excep_RIIC0_TXI0
                0xfff80984                Excep_RIIC0_TEI0
                0xfff8098c                Excep_RIIC1_EEI1
                0xfff80994                Excep_RIIC1_RXI1
                0xfff8099c                Excep_RIIC1_TXI1
                0xfff809a4                Excep_RIIC1_TEI1
                0xfff809ac                Dummy
 P              0xfff809b4       0x45 ../../lib/libtkdnhal.a(hwsetup.o)
                0xfff809b4                tkdn_hwsetup
                0xfff809f8                sdram_init
 *fill*         0xfff809f9        0x7 00
 P              0xfff80a00      0xe70 ../../lib/libtkdnhal.a(tkdn_sci.o)
                0xfff80d71                sci_getport
                0xfff80d7d                sci_readdata
                0xfff80d7e                sci_convert_crlf
                0xfff80d8d                Excep_SCI0_ERI0
                0xfff80db6                Excep_SCI0_RXI0
                0xfff80ddf                Excep_SCI0_TXI0
                0xfff80e2b                Excep_SCI0_TEI0
                0xfff80e43                Excep_SCI1_ERI1
                0xfff80e6d                Excep_SCI1_RXI1
                0xfff80e97                Excep_SCI1_TXI1
                0xfff80ee4                Excep_SCI1_TEI1
                0xfff80efc                Excep_SCI2_ERI2
                0xfff80f26                Excep_SCI2_RXI2
                0xfff80f50                Excep_SCI2_TXI2
                0xfff80f9d                Excep_SCI2_TEI2
                0xfff80fb5                Excep_SCI6_ERI6
                0xfff80fdf                Excep_SCI6_RXI6
                0xfff81009                Excep_SCI6_TXI6
                0xfff81056                Excep_SCI6_TEI6
                0xfff8106e                sci_putc_ex
                0xfff81124                sci_putc
                0xfff81132                sci_puts_ex
                0xfff81163                sci_puts
                0xfff81171                sci_getc_ex
                0xfff811c5                sci_getc
                0xfff811d1                sci_writedata_ex
                0xfff812c9                sci_writedata
                0xfff812db                sci_readdata_ex
                0xfff812dc                sci_rxcount_ex
                0xfff812f7                sci_gets_ex
                0xfff8136a                sci_gets
                0xfff8137c                sci_rxcount
                0xfff81388                sci_init_ex
                0xfff8180e                sci_init
                0xfff81830                sci_getport_ex
                0xfff81834                sci_convert_crlf_ex
                0xfff8183b                sci_peek_ex
                0xfff8185b                sci_flush_ex
                0xfff81867                sci_regist_default
 P              0xfff81870      0x5b0 ../../lib/libtkdnhal.a(tkdn_ether.o)
                0xfff81870                ether_close
                0xfff81887                ether_write
                0xfff81945                _eth_fifoInit
                0xfff819b6                _eth_fifoWrite
                0xfff819f4                _eth_fifoRead
                0xfff81a48                ether_read
                0xfff81b07                ether_regist_user_rx_procedure
                0xfff81b10                ether_is_linkup
                0xfff81b1c                ether_autonegotiate
                0xfff81b91                ether_open
                0xfff81d81                Excep_ETHER_EINT
                0xfff81e00                ether_is_100M
                0xfff81e09                ether_is_fullduplex
                0xfff81e12                ether_link_changed
 P              0xfff81e20       0xf0 ../../lib/libtkdnhal.a(tkdn_rtc.o)
                0xfff81e20                rtc_set_time
                0xfff81ec7                rtc_get_time
 P              0xfff81f10      0x140 ../../lib/libtkdnhal.a(tkdn_timer.o)
                0xfff81f10                timer_init
                0xfff81f23                timer_wait_ms
                0xfff81f34                timer_wait_us
                0xfff81fae                timer_get_ms
                0xfff81fb7                timer_get_us
                0xfff81fee                timer_regist_userfunc
                0xfff81ff9                timer_regist_disktimer
                0xfff82004                Excep_CMTU0_CMT0
                0xfff8204d                Excep_CMTU1_CMT2
 P              0xfff82050      0x118 ../../lib/libtkdnhal.a(tkdn_gpio.o)
                0xfff82099                gpio_set_pinmode
                0xfff820f7                gpio_write_port
                0xfff82135                gpio_read_port
 P              0xfff82168      0x490 ../../lib/libtkdnhal.a(tkdn_pwm.o)
                0xfff82168                pwm_init
                0xfff822fa                pwm_output
                0xfff82429                pwm_stop
                0xfff824b6                Excep_MTU1_TGIA1
                0xfff824ea                Excep_MTU0_TGIA0
                0xfff82516                Excep_MTU0_TGIB0
                0xfff82543                Excep_MTU0_TGIC0
                0xfff82570                Excep_MTU0_TGID0
                0xfff8259d                Excep_MTU0_TGIE0
                0xfff825ca                Excep_MTU0_TGIF0
 P              0xfff825f8      0x180 ../../lib/libtkdnhal.a(tkdn_tone.o)
                0xfff825f8                tone_start
                0xfff82739                tone_stop
                0xfff82753                Excep_MTU2_TGIA2
 P              0xfff82778      0x240 ../../lib/libtkdnhal.a(phy.o)
                0xfff82778                _phy_reg_read
                0xfff827b6                _phy_ta_z0
                0xfff827dc                _phy_mii_write_1
                0xfff82802                _phy_preamble
                0xfff8281a                _phy_mii_write_0
                0xfff82840                _phy_ta_10
                0xfff82848                _phy_reg_write
                0xfff82883                _phy_reg_set
                0xfff828d1                _phy_write
                0xfff828f7                phy_set_10half
                0xfff828ff                phy_set_100full
                0xfff82909                _phy_read
                0xfff82930                phy_set_autonegotiate
                0xfff82980                phy_init
 P              0xfff829b8       0x18 ../../lib/libtkdnhal.a(eidi.o)
                0xfff829b8                enable_interrupt
                0xfff829c4                disable_interrupt
 P              0xfff829d0      0x118 ../../lib/libtkdnhal.a(usb_cdc.o)
                0xfff82a6c                TKUSB_Init
                0xfff82ad9                TKUSB_IsConnected
 P              0xfff82ae8      0x338 ../../lib/libtkdnhal.a(usb_core.o)
                0xfff82da6                USBCORE_Init
 P              0xfff82e20      0xfe0 ../../lib/libtkdnhal.a(usb_hal.o)
                0xfff82ef1                TKUSB_RecvByte
                0xfff82f50                TKUSB_PeekByte
                0xfff82f76                TKUSB_RecvDataCount
                0xfff82f90                TKUSB_SendByte
                0xfff82ff2                TKUSB_SendDataCount
                0xfff8300c                USBHAL_Init
                0xfff83266                USBHAL_Disable
                0xfff83276                USBHAL_Control_Status
                0xfff832a2                USBHAL_Control_IN
                0xfff832c7                USBHAL_Control_OUT
                0xfff83311                USBHAL_Bulk_OUT
                0xfff83349                ClearOUTBusy
                0xfff83354                USBHAL_Bulk_IN
                0xfff83394                USBHAL_Interrupt_IN
                0xfff833d4                USBHAL_Control_Stall
                0xfff833fe                USBHAL_Bulk_IN_Stall
                0xfff8341d                USBHAL_Bulk_OUT_Stall
                0xfff8343c                USBHAL_Interrupt_IN_Stall
                0xfff8345b                USBHAL_Bulk_IN_Stall_Clear
                0xfff8349a                USBHAL_Bulk_OUT_Stall_Clear
                0xfff834f8                USBHAL_Interrupt_IN_Stall_Clear
                0xfff83532                USBHAL_Bulk_IN_Is_Stalled
                0xfff83552                USBHAL_Bulk_OUT_Is_Stalled
                0xfff83572                USBHAL_Interrupt_IN_Is_Stalled
                0xfff83592                USBHAL_Config_Get
                0xfff83599                USBHAL_Config_Set
                0xfff835af                USBHAL_Reset
                0xfff8372a                USBHAL_Cancel
                0xfff83778                USBHAL_ResetEndpoints
                0xfff8384a                USBHALInterruptHandler
 P              0xfff83e00        0x0 ../../lib/libtkdnhal.a(usbdescriptors.o)
 P              0xfff83e00      0x2c8 ../../lib/libtkdnhal.a(tkdn_interrupt.o)
                0xfff83e02                attach_interrupt
                0xfff83f69                detach_interrupt
                0xfff83f81                Excep_IRQ0
                0xfff83fa9                Excep_IRQ1
                0xfff83fd2                Excep_IRQ2
                0xfff83ffb                Excep_IRQ3
                0xfff84024                Excep_IRQ4
                0xfff8404d                Excep_IRQ5
                0xfff84076                Excep_IRQ6
                0xfff8409f                Excep_IRQ7
 P              0xfff840c8        0x0 ../../lib/gcc/libc.a(lib_a-sprintf.o)
 .text._sprintf_r
                0xfff840c8       0x36 ../../lib/gcc/libc.a(lib_a-sprintf.o)
                0xfff840c8                _sprintf_r
 .text.sprintf  0xfff840fe       0x3e ../../lib/gcc/libc.a(lib_a-sprintf.o)
                0xfff840fe                sprintf
 P              0xfff8413c        0x0 ../../lib/gcc/libc.a(lib_a-svfprintf.o)
 *fill*         0xfff8413c        0x4 00
 .text._svfprintf_r
                0xfff84140     0x1440 ../../lib/gcc/libc.a(lib_a-svfprintf.o)
                0xfff84140                _svfprintf_r
 P              0xfff85580        0x0 ../../lib/gcc/libc.a(lib_a-dtoa.o)
 .text.quorem   0xfff85580      0x160 ../../lib/gcc/libc.a(lib_a-dtoa.o)
 .text._dtoa_r  0xfff856e0      0xcd8 ../../lib/gcc/libc.a(lib_a-dtoa.o)
                0xfff856e0                _dtoa_r
 P              0xfff863b8        0x0 ../../lib/gcc/libc.a(lib_a-impure.o)
 P              0xfff863b8        0x0 ../../lib/gcc/libc.a(lib_a-locale.o)
 .text._setlocale_r
                0xfff863b8       0x50 ../../lib/gcc/libc.a(lib_a-locale.o)
                0xfff863b8                _setlocale_r
 .text.__locale_charset
                0xfff86408        0x7 ../../lib/gcc/libc.a(lib_a-locale.o)
                0xfff86408                __locale_charset
 .text.__locale_msgcharset
                0xfff8640f        0x7 ../../lib/gcc/libc.a(lib_a-locale.o)
                0xfff8640f                __locale_msgcharset
 .text.__locale_cjk_lang
                0xfff86416        0x3 ../../lib/gcc/libc.a(lib_a-locale.o)
                0xfff86416                __locale_cjk_lang
 .text._localeconv_r
                0xfff86419        0x7 ../../lib/gcc/libc.a(lib_a-locale.o)
                0xfff86419                _localeconv_r
 .text.setlocale
                0xfff86420       0x12 ../../lib/gcc/libc.a(lib_a-locale.o)
                0xfff86420                setlocale
 .text.localeconv
                0xfff86432        0x7 ../../lib/gcc/libc.a(lib_a-locale.o)
                0xfff86432                localeconv
 P              0xfff86439        0x0 ../../lib/gcc/libc.a(lib_a-mallocr.o)
 *fill*         0xfff86439        0x7 00
 .text._malloc_r
                0xfff86440      0x550 ../../lib/gcc/libc.a(lib_a-mallocr.o)
                0xfff86440                _malloc_r
 P              0xfff86990        0x0 ../../lib/gcc/libc.a(lib_a-memchr.o)
 .text          0xfff86990        0xf ../../lib/gcc/libc.a(lib_a-memchr.o)
                0xfff86990                memchr
 P              0xfff8699f        0x0 ../../lib/gcc/libc.a(lib_a-memcpy.o)
 .text          0xfff8699f        0x7 ../../lib/gcc/libc.a(lib_a-memcpy.o)
                0xfff8699f                memcpy
 P              0xfff869a6        0x0 ../../lib/gcc/libc.a(lib_a-mlock.o)
 .text.__malloc_lock
                0xfff869a6        0x1 ../../lib/gcc/libc.a(lib_a-mlock.o)
                0xfff869a6                __malloc_lock
 .text.__malloc_unlock
                0xfff869a7        0x1 ../../lib/gcc/libc.a(lib_a-mlock.o)
                0xfff869a7                __malloc_unlock
 P              0xfff869a8        0x0 ../../lib/gcc/libc.a(lib_a-mprec.o)
 .text._Balloc  0xfff869a8       0x60 ../../lib/gcc/libc.a(lib_a-mprec.o)
                0xfff869a8                _Balloc
 .text._Bfree   0xfff86a08       0x18 ../../lib/gcc/libc.a(lib_a-mprec.o)
                0xfff86a08                _Bfree
 .text.__multadd
                0xfff86a20       0x88 ../../lib/gcc/libc.a(lib_a-mprec.o)
                0xfff86a20                __multadd
 .text.__s2b    0xfff86aa8       0x90 ../../lib/gcc/libc.a(lib_a-mprec.o)
                0xfff86aa8                __s2b
 .text.__hi0bits
                0xfff86b38       0x58 ../../lib/gcc/libc.a(lib_a-mprec.o)
                0xfff86b38                __hi0bits
 .text.__lo0bits
                0xfff86b90       0x70 ../../lib/gcc/libc.a(lib_a-mprec.o)
                0xfff86b90                __lo0bits
 .text.__i2b    0xfff86c00       0x12 ../../lib/gcc/libc.a(lib_a-mprec.o)
                0xfff86c00                __i2b
 *fill*         0xfff86c12        0x6 00
 .text.__multiply
                0xfff86c18      0x150 ../../lib/gcc/libc.a(lib_a-mprec.o)
                0xfff86c18                __multiply
 .text.__pow5mult
                0xfff86d68       0xa0 ../../lib/gcc/libc.a(lib_a-mprec.o)
                0xfff86d68                __pow5mult
 .text.__lshift
                0xfff86e08       0xb8 ../../lib/gcc/libc.a(lib_a-mprec.o)
                0xfff86e08                __lshift
 .text.__mcmp   0xfff86ec0       0x38 ../../lib/gcc/libc.a(lib_a-mprec.o)
                0xfff86ec0                __mcmp
 .text.__mdiff  0xfff86ef8       0xf0 ../../lib/gcc/libc.a(lib_a-mprec.o)
                0xfff86ef8                __mdiff
 .text.__ulp    0xfff86fe8       0x28 ../../lib/gcc/libc.a(lib_a-mprec.o)
                0xfff86fe8                __ulp
 .text.__b2d    0xfff87010       0x80 ../../lib/gcc/libc.a(lib_a-mprec.o)
                0xfff87010                __b2d
 .text.__d2b    0xfff87090       0x78 ../../lib/gcc/libc.a(lib_a-mprec.o)
                0xfff87090                __d2b
 .text.__ratio  0xfff87108       0x48 ../../lib/gcc/libc.a(lib_a-mprec.o)
                0xfff87108                __ratio
 .text._mprec_log10
                0xfff87150       0x28 ../../lib/gcc/libc.a(lib_a-mprec.o)
                0xfff87150                _mprec_log10
 .text.__copybits
                0xfff87178       0x48 ../../lib/gcc/libc.a(lib_a-mprec.o)
                0xfff87178                __copybits
 .text.__any_on
                0xfff871c0       0x60 ../../lib/gcc/libc.a(lib_a-mprec.o)
                0xfff871c0                __any_on
 P              0xfff87220        0x0 ../../lib/gcc/libc.a(lib_a-sbrkr.o)
 .text._sbrk_r  0xfff87220       0x28 ../../lib/gcc/libc.a(lib_a-sbrkr.o)
                0xfff87220                _sbrk_r
 P              0xfff87248        0x0 ../../lib/gcc/libc.a(lib_a-sf_fpclassify.o)
 .text.__fpclassifyf
                0xfff87248       0x60 ../../lib/gcc/libc.a(lib_a-sf_fpclassify.o)
                0xfff87248                __fpclassifyf
 P              0xfff872a8        0x0 ../../lib/gcc/libc.a(lib_a-strcmp.o)
 .text          0xfff872a8        0xf ../../lib/gcc/libc.a(lib_a-strcmp.o)
                0xfff872a8                strcmp
 P              0xfff872b7        0x0 ../../lib/gcc/libc.a(lib_a-strlen.o)
 .text          0xfff872b7       0x10 ../../lib/gcc/libc.a(lib_a-strlen.o)
                0xfff872b7                strlen
 P              0xfff872c7        0x0 ../../lib/gcc/libc.a(lib_a-svfiprintf.o)
 *fill*         0xfff872c7        0x1 00
 .text.__ssprint_r
                0xfff872c8      0x118 ../../lib/gcc/libc.a(lib_a-svfiprintf.o)
                0xfff872c8                __ssprint_r
 .text._svfiprintf_r
                0xfff873e0      0xa00 ../../lib/gcc/libc.a(lib_a-svfiprintf.o)
                0xfff873e0                _svfiprintf_r
 P              0xfff87de0        0x0 ../../lib/gcc/libc.a(lib_a-callocr.o)
 .text._calloc_r
                0xfff87de0       0x78 ../../lib/gcc/libc.a(lib_a-callocr.o)
                0xfff87de0                _calloc_r
 P              0xfff87e58        0x0 ../../lib/gcc/libc.a(lib_a-freer.o)
 .text._malloc_trim_r
                0xfff87e58       0xb0 ../../lib/gcc/libc.a(lib_a-freer.o)
                0xfff87e58                _malloc_trim_r
 .text._free_r  0xfff87f08      0x1d8 ../../lib/gcc/libc.a(lib_a-freer.o)
                0xfff87f08                _free_r
 P              0xfff880e0        0x0 ../../lib/gcc/libc.a(lib_a-memmove.o)
 .text          0xfff880e0       0x17 ../../lib/gcc/libc.a(lib_a-memmove.o)
                0xfff880e0                memmove
 P              0xfff880f7        0x0 ../../lib/gcc/libc.a(lib_a-memset.o)
 .text          0xfff880f7        0x7 ../../lib/gcc/libc.a(lib_a-memset.o)
                0xfff880f7                memset
 P              0xfff880fe        0x0 ../../lib/gcc/libc.a(lib_a-reallocr.o)
 *fill*         0xfff880fe        0x2 00
 .text._realloc_r
                0xfff88100      0x410 ../../lib/gcc/libc.a(lib_a-reallocr.o)
                0xfff88100                _realloc_r
 P              0xfff88510        0x0 ../../lib/gcc/libc.a(lib_a-reent.o)
 .text.cleanup_glue
                0xfff88510       0x20 ../../lib/gcc/libc.a(lib_a-reent.o)
                0xfff88510                cleanup_glue
 .text._reclaim_reent
                0xfff88530       0xa8 ../../lib/gcc/libc.a(lib_a-reent.o)
                0xfff88530                _reclaim_reent
 .text._wrapup_reent
                0xfff885d8       0x50 ../../lib/gcc/libc.a(lib_a-reent.o)
                0xfff885d8                _wrapup_reent
 P              0xfff88628       0x1a ../../lib/gcc/libsim.a(sbrk.o)
                0xfff88628                sbrk
                0xfff88628                _sbrk
 P              0xfff88642        0x6 ../../lib/gcc/libsim.a(heaptop.o)
                0xfff88642                __set_heaptop
                0xfff88642                _set_heaptop
 P              0xfff88648      0x3c8 ../../lib/gcc/libgcc.a(_udivdi3.o)
                0xfff88648                __udivdi3
                0xfff88648                _COM_DIV64u
 P              0xfff88a10      0x398 ../../lib/gcc/libgcc.a(_umoddi3.o)
                0xfff88a10                _COM_MOD64u
                0xfff88a10                __umoddi3
 P              0xfff88da8        0x0 ../../lib/gcc/libgcc.a(_clz.o)
 *(.text.*personality*)
 *(.gnu.warning)
 *(.interp .hash .dynsym .dynstr .gnu.version*)
                0xfff88da8                PROVIDE (__etext, .)
                0xfff88da8                PROVIDE (_etext, .)
                0xfff88da8                PROVIDE (etext, .)
                0xfff88da8                . = ALIGN (0x4)
 *(.init)
 *(.fini)

.rodata         0xfff88da8      0x740
                0xfff88da8                . = ALIGN (0x4)
 *(.plt)
 *(.rodata C C_2 C_1 .rodata.* .gnu.linkonce.r.*)
 C              0xfff88da8       0x4c rtc-sample.o
 .rodata.str1.1
                0xfff88df4        0x5 ../../lib/libtkdnhal.a(tkdn_ether.o)
 *fill*         0xfff88df9        0x3 00
 .rodata.cst4   0xfff88dfc        0x4 ../../lib/libtkdnhal.a(tkdn_ether.o)
 C              0xfff88e00       0x84 ../../lib/libtkdnhal.a(tkdn_gpio.o)
                0xfff88e00                SFP_PINMAP
                0xfff88e14                GPIO_PINMAP
 C              0xfff88e84       0x30 ../../lib/libtkdnhal.a(tkdn_pwm.o)
 C              0xfff88eb4        0x8 ../../lib/libtkdnhal.a(usb_cdc.o)
 C              0xfff88ebc       0x2c ../../lib/libtkdnhal.a(usb_core.o)
                0xfff88ee4                gStringDescriptorLanguageIDsData
 C              0xfff88ee8       0xc4 ../../lib/libtkdnhal.a(usbdescriptors.o)
                0xfff88ee8                gStringDescriptorSerialNum
                0xfff88ef0                gStringDescriptorProduct
                0xfff88ef8                gStringDescriptorManufacturer
                0xfff88f00                gConfigurationDescriptor
                0xfff88f08                gDeviceDescriptor
 C              0xfff88fac       0x20 ../../lib/libtkdnhal.a(tkdn_interrupt.o)
 .rodata.str1.1
                0xfff88fcc       0x39 ../../lib/gcc/libc.a(lib_a-svfprintf.o)
                                 0x3b (size before relaxing)
 *fill*         0xfff89005        0x3 00
 .rodata._svfprintf_r
                0xfff89008      0x164 ../../lib/gcc/libc.a(lib_a-svfprintf.o)
 .rodata.blanks.3859
                0xfff8916c       0x10 ../../lib/gcc/libc.a(lib_a-svfprintf.o)
 .rodata.zeroes.3860
                0xfff8917c       0x10 ../../lib/gcc/libc.a(lib_a-svfprintf.o)
 .rodata.str1.1
                0xfff8918c        0xd ../../lib/gcc/libc.a(lib_a-dtoa.o)
                                  0xf (size before relaxing)
 *fill*         0xfff89199        0x3 00
 .rodata._global_impure_ptr
                0xfff8919c        0x4 ../../lib/gcc/libc.a(lib_a-impure.o)
                0xfff8919c                _global_impure_ptr
 .rodata.str1.1
                0xfff891a0        0x2 ../../lib/gcc/libc.a(lib_a-impure.o)
 .rodata.str1.1
                0xfff891a2        0x8 ../../lib/gcc/libc.a(lib_a-locale.o)
                                  0xb (size before relaxing)
 *fill*         0xfff891aa        0x2 00
 .rodata.lconv  0xfff891ac       0x38 ../../lib/gcc/libc.a(lib_a-locale.o)
 .rodata.__mprec_tinytens
                0xfff891e4        0x8 ../../lib/gcc/libc.a(lib_a-mprec.o)
                0xfff891e4                __mprec_tinytens
 .rodata.__mprec_bigtens
                0xfff891ec        0x8 ../../lib/gcc/libc.a(lib_a-mprec.o)
                0xfff891ec                __mprec_bigtens
 .rodata.__mprec_tens
                0xfff891f4       0x64 ../../lib/gcc/libc.a(lib_a-mprec.o)
                0xfff891f4                __mprec_tens
 .rodata.p05.2377
                0xfff89258        0xc ../../lib/gcc/libc.a(lib_a-mprec.o)
 .rodata.str1.1
                0x00000000       0x29 ../../lib/gcc/libc.a(lib_a-svfiprintf.o)
 .rodata._svfiprintf_r
                0xfff89264      0x164 ../../lib/gcc/libc.a(lib_a-svfiprintf.o)
 .rodata.blanks.3804
                0xfff893c8       0x10 ../../lib/gcc/libc.a(lib_a-svfiprintf.o)
 .rodata.zeroes.3805
                0xfff893d8       0x10 ../../lib/gcc/libc.a(lib_a-svfiprintf.o)
 C              0xfff893e8      0x100 ../../lib/gcc/libgcc.a(_clz.o)
                0xfff893e8                __clz_tab
 *(.rodata1)
 *(.eh_frame_hdr)
 *(.eh_frame)
 *(.gcc_except_table)
 *(.gcc_except_table.*)
                0xfff894e8                . = ALIGN (0x4)
                0xfff894e8                __rodataend = .

.data           0x00001000      0x958 load address 0xfff894e8
                0x00001000                . = ALIGN (0x4)
                0xfff894e8                PROVIDE (__romdatastart, __rodataend)
                0x00001000                PROVIDE (__datastart, .)
                0x00001000                PROVIDE (__preinit_array_start, .)
 *(.preinit_array)
                0x00001000                PROVIDE (__preinit_array_end, .)
                0x00001000                PROVIDE (__init_array_start, .)
 *(SORT(.init_array.*))
 *(.init_array)
                0x00001000                PROVIDE (__init_array_end, .)
                0x00001000                PROVIDE (__fini_array_start, .)
 *(.fini_array)
 *(SORT(.fini_array.*))
                0x00001000                PROVIDE (__fini_array_end, .)
                0x00001000        0x4 LONG 0x0
 *crtbegin*.o(.ctors)
 *(EXCLUDE_FILE(*crtend*.o) .ctors)
 *(SORT(.ctors.*))
 *(.ctors)
 *crtbegin*.o(.dtors)
 *(EXCLUDE_FILE(*crtend*.o) .dtors)
 *(SORT(.dtors.*))
 *(.dtors)
 *(.jcr)
 *(.data.rel.ro.local)
 *(.data.rel.ro*)
 *(.dynamic)
 *(.data D .data.* .gnu.linkonce.d.*)
 .data          0x00001004        0x4 ../../lib/start.o
                0x00001004                __dso_handle
 D              0x00001008       0x6c ../../lib/libtkdnhal.a(tkdn_ether.o)
                0x00001008                le0
 D              0x00001074        0x4 ../../lib/libtkdnhal.a(tkdn_pwm.o)
 D              0x00001078        0x4 ../../lib/libtkdnhal.a(tkdn_tone.o)
 D              0x0000107c       0x30 ../../lib/libtkdnhal.a(usb_core.o)
 D              0x000010ac       0x24 ../../lib/libtkdnhal.a(usb_hal.o)
 D              0x000010d0        0x8 ../../lib/libtkdnhal.a(tkdn_interrupt.o)
                0x000010d0                USBI1_handler
                0x000010d4                USBI0_handler
 .data._impure_ptr
                0x000010d8        0x4 ../../lib/gcc/libc.a(lib_a-impure.o)
                0x000010d8                _impure_ptr
 .data.impure_data
                0x000010dc      0x424 ../../lib/gcc/libc.a(lib_a-impure.o)
 .data.__mb_cur_max
                0x00001500        0x4 ../../lib/gcc/libc.a(lib_a-locale.o)
                0x00001500                __mb_cur_max
 .data.lc_ctype_charset
                0x00001504       0x20 ../../lib/gcc/libc.a(lib_a-locale.o)
 .data.lc_message_charset
                0x00001524       0x20 ../../lib/gcc/libc.a(lib_a-locale.o)
 .data.__malloc_sbrk_base
                0x00001544        0x4 ../../lib/gcc/libc.a(lib_a-mallocr.o)
                0x00001544                __malloc_sbrk_base
 .data.__malloc_trim_threshold
                0x00001548        0x4 ../../lib/gcc/libc.a(lib_a-mallocr.o)
                0x00001548                __malloc_trim_threshold
 .data.__malloc_av_
                0x0000154c      0x408 ../../lib/gcc/libc.a(lib_a-mallocr.o)
                0x0000154c                __malloc_av_
 D              0x00001954        0x4 ../../lib/gcc/libsim.a(sbrk.o)
 *(.gnu.linkonce.d.*personality*)
 *(.data1)
 *(.got.plt)
 *(.got)
                0x00001958                . = ALIGN (0x4)
 *(.sdata .sdata.* .gnu.linkonce.s.* D_2 D_1)
 D_1            0x00001958        0x0 ../../lib/start.o
 D_1            0x00001958        0x0 rtc-sample.o
 D_1            0x00001958        0x0 ../../common/intvect.o
 D_1            0x00001958        0x0 ../../lib/libtkdnhal.a(hwsetup.o)
 D_1            0x00001958        0x0 ../../lib/libtkdnhal.a(tkdn_sci.o)
 D_1            0x00001958        0x0 ../../lib/libtkdnhal.a(tkdn_ether.o)
 D_1            0x00001958        0x0 ../../lib/libtkdnhal.a(tkdn_rtc.o)
 D_1            0x00001958        0x0 ../../lib/libtkdnhal.a(tkdn_timer.o)
 D_1            0x00001958        0x0 ../../lib/libtkdnhal.a(tkdn_gpio.o)
 D_1            0x00001958        0x0 ../../lib/libtkdnhal.a(tkdn_pwm.o)
 D_1            0x00001958        0x0 ../../lib/libtkdnhal.a(tkdn_tone.o)
 D_1            0x00001958        0x0 ../../lib/libtkdnhal.a(phy.o)
 D_1            0x00001958        0x0 ../../lib/libtkdnhal.a(eidi.o)
 D_1            0x00001958        0x0 ../../lib/libtkdnhal.a(usb_cdc.o)
 D_1            0x00001958        0x0 ../../lib/libtkdnhal.a(usb_core.o)
 D_1            0x00001958        0x0 ../../lib/libtkdnhal.a(usb_hal.o)
 D_1            0x00001958        0x0 ../../lib/libtkdnhal.a(usbdescriptors.o)
 D_1            0x00001958        0x0 ../../lib/libtkdnhal.a(tkdn_interrupt.o)
 D_1            0x00001958        0x0 ../../lib/gcc/libc.a(lib_a-sprintf.o)
 D_1            0x00001958        0x0 ../../lib/gcc/libc.a(lib_a-svfprintf.o)
 D_1            0x00001958        0x0 ../../lib/gcc/libc.a(lib_a-dtoa.o)
 D_1            0x00001958        0x0 ../../lib/gcc/libc.a(lib_a-impure.o)
 D_1            0x00001958        0x0 ../../lib/gcc/libc.a(lib_a-locale.o)
 D_1            0x00001958        0x0 ../../lib/gcc/libc.a(lib_a-mallocr.o)
 D_1            0x00001958        0x0 ../../lib/gcc/libc.a(lib_a-memchr.o)
 D_1            0x00001958        0x0 ../../lib/gcc/libc.a(lib_a-memcpy.o)
 D_1            0x00001958        0x0 ../../lib/gcc/libc.a(lib_a-mlock.o)
 D_1            0x00001958        0x0 ../../lib/gcc/libc.a(lib_a-mprec.o)
 D_1            0x00001958        0x0 ../../lib/gcc/libc.a(lib_a-sbrkr.o)
 D_1            0x00001958        0x0 ../../lib/gcc/libc.a(lib_a-sf_fpclassify.o)
 D_1            0x00001958        0x0 ../../lib/gcc/libc.a(lib_a-strcmp.o)
 D_1            0x00001958        0x0 ../../lib/gcc/libc.a(lib_a-strlen.o)
 D_1            0x00001958        0x0 ../../lib/gcc/libc.a(lib_a-svfiprintf.o)
 D_1            0x00001958        0x0 ../../lib/gcc/libc.a(lib_a-callocr.o)
 D_1            0x00001958        0x0 ../../lib/gcc/libc.a(lib_a-freer.o)
 D_1            0x00001958        0x0 ../../lib/gcc/libc.a(lib_a-memmove.o)
 D_1            0x00001958        0x0 ../../lib/gcc/libc.a(lib_a-memset.o)
 D_1            0x00001958        0x0 ../../lib/gcc/libc.a(lib_a-reallocr.o)
 D_1            0x00001958        0x0 ../../lib/gcc/libc.a(lib_a-reent.o)
 D_1            0x00001958        0x0 ../../lib/gcc/libsim.a(sbrk.o)
 D_1            0x00001958        0x0 ../../lib/gcc/libsim.a(heaptop.o)
 D_1            0x00001958        0x0 ../../lib/gcc/libgcc.a(_udivdi3.o)
 D_1            0x00001958        0x0 ../../lib/gcc/libgcc.a(_umoddi3.o)
 D_1            0x00001958        0x0 ../../lib/gcc/libgcc.a(_clz.o)
                0x00001958                . = ALIGN (0x4)
                0x00001958                _edata = .
                0x00001958                PROVIDE (edata, .)
                0x00001958                PROVIDE (__dataend, .)
                0x00000958                PROVIDE (__romdatacopysize, SIZEOF (.data))

.bss            0x00001958     0x1868 load address 0xfff89e40
                0x00001958                . = ALIGN (0x4)
                0x00001958                PROVIDE (__bssstart, .)
 *(.dynbss)
 *(.sbss .sbss.*)
 *(.bss B B_2 B_1 .bss.* .gnu.linkonce.b.*)
 B_1            0x00001958        0x0 ../../lib/start.o
 B_1            0x00001958        0x0 rtc-sample.o
 B_1            0x00001958        0x0 ../../common/intvect.o
 B_1            0x00001958        0x0 ../../lib/libtkdnhal.a(hwsetup.o)
 B_1            0x00001958        0x0 ../../lib/libtkdnhal.a(tkdn_sci.o)
 B_1            0x00001958        0x4 ../../lib/libtkdnhal.a(tkdn_ether.o)
 B_1            0x0000195c        0x1 ../../lib/libtkdnhal.a(tkdn_rtc.o)
 B_1            0x0000195d        0x0 ../../lib/libtkdnhal.a(tkdn_timer.o)
 *fill*         0x0000195d        0x3 00
 B              0x00001960        0xc ../../lib/libtkdnhal.a(tkdn_timer.o)
                0x00001960                disktimer
                0x00001964                userfunc
                0x00001968                tim_1ms
 B_1            0x0000196c        0x0 ../../lib/libtkdnhal.a(tkdn_gpio.o)
 B_1            0x0000196c       0x28 ../../lib/libtkdnhal.a(tkdn_pwm.o)
 B              0x00001994        0x4 ../../lib/libtkdnhal.a(tkdn_pwm.o)
                0x00001994                pwmpincount
 B_1            0x00001998        0x4 ../../lib/libtkdnhal.a(tkdn_tone.o)
 B_1            0x0000199c        0x0 ../../lib/libtkdnhal.a(phy.o)
 B_1            0x0000199c        0x0 ../../lib/libtkdnhal.a(eidi.o)
 B_1            0x0000199c       0x10 ../../lib/libtkdnhal.a(usb_cdc.o)
 B_1            0x000019ac       0x14 ../../lib/libtkdnhal.a(usb_core.o)
 B_1            0x000019c0      0x44c ../../lib/libtkdnhal.a(usb_hal.o)
 B_1            0x00001e0c        0x0 ../../lib/libtkdnhal.a(usbdescriptors.o)
 B_1            0x00001e0c        0x0 ../../lib/libtkdnhal.a(tkdn_interrupt.o)
 B_1            0x00001e0c        0x0 ../../lib/gcc/libc.a(lib_a-sprintf.o)
 B_1            0x00001e0c        0x0 ../../lib/gcc/libc.a(lib_a-svfprintf.o)
 B_1            0x00001e0c        0x0 ../../lib/gcc/libc.a(lib_a-dtoa.o)
 B_1            0x00001e0c        0x0 ../../lib/gcc/libc.a(lib_a-impure.o)
 B_1            0x00001e0c        0x0 ../../lib/gcc/libc.a(lib_a-locale.o)
 .bss._PathLocale
                0x00001e0c        0x4 ../../lib/gcc/libc.a(lib_a-locale.o)
                0x00001e0c                _PathLocale
 .bss.__mlocale_changed
                0x00001e10        0x4 ../../lib/gcc/libc.a(lib_a-locale.o)
                0x00001e10                __mlocale_changed
 .bss.__nlocale_changed
                0x00001e14        0x4 ../../lib/gcc/libc.a(lib_a-locale.o)
                0x00001e14                __nlocale_changed
 B_1            0x00001e18        0x0 ../../lib/gcc/libc.a(lib_a-mallocr.o)
 .bss.__malloc_current_mallinfo
                0x00001e18       0x28 ../../lib/gcc/libc.a(lib_a-mallocr.o)
                0x00001e18                __malloc_current_mallinfo
 .bss.__malloc_max_total_mem
                0x00001e40        0x4 ../../lib/gcc/libc.a(lib_a-mallocr.o)
                0x00001e40                __malloc_max_total_mem
 .bss.__malloc_max_sbrked_mem
                0x00001e44        0x4 ../../lib/gcc/libc.a(lib_a-mallocr.o)
                0x00001e44                __malloc_max_sbrked_mem
 .bss.__malloc_top_pad
                0x00001e48        0x4 ../../lib/gcc/libc.a(lib_a-mallocr.o)
                0x00001e48                __malloc_top_pad
 B_1            0x00001e4c        0x0 ../../lib/gcc/libc.a(lib_a-memchr.o)
 B_1            0x00001e4c        0x0 ../../lib/gcc/libc.a(lib_a-memcpy.o)
 B_1            0x00001e4c        0x0 ../../lib/gcc/libc.a(lib_a-mlock.o)
 B_1            0x00001e4c        0x0 ../../lib/gcc/libc.a(lib_a-mprec.o)
 B_1            0x00001e4c        0x0 ../../lib/gcc/libc.a(lib_a-sbrkr.o)
 B_1            0x00001e4c        0x0 ../../lib/gcc/libc.a(lib_a-sf_fpclassify.o)
 B_1            0x00001e4c        0x0 ../../lib/gcc/libc.a(lib_a-strcmp.o)
 B_1            0x00001e4c        0x0 ../../lib/gcc/libc.a(lib_a-strlen.o)
 B_1            0x00001e4c        0x0 ../../lib/gcc/libc.a(lib_a-svfiprintf.o)
 B_1            0x00001e4c        0x0 ../../lib/gcc/libc.a(lib_a-callocr.o)
 B_1            0x00001e4c        0x0 ../../lib/gcc/libc.a(lib_a-freer.o)
 B_1            0x00001e4c        0x0 ../../lib/gcc/libc.a(lib_a-memmove.o)
 B_1            0x00001e4c        0x0 ../../lib/gcc/libc.a(lib_a-memset.o)
 B_1            0x00001e4c        0x0 ../../lib/gcc/libc.a(lib_a-reallocr.o)
 B_1            0x00001e4c        0x0 ../../lib/gcc/libc.a(lib_a-reent.o)
 B_1            0x00001e4c        0x0 ../../lib/gcc/libsim.a(sbrk.o)
 B_1            0x00001e4c        0x0 ../../lib/gcc/libsim.a(heaptop.o)
 B_1            0x00001e4c        0x0 ../../lib/gcc/libgcc.a(_udivdi3.o)
 B_1            0x00001e4c        0x0 ../../lib/gcc/libgcc.a(_umoddi3.o)
 B_1            0x00001e4c        0x0 ../../lib/gcc/libgcc.a(_clz.o)
                0x00001e4c                . = ALIGN (0x4)
 *(COMMON)
 COMMON         0x00001e4c      0x238 ../../lib/libtkdnhal.a(tkdn_sci.o)
                0x00001e4c                sci_default
                0x00002068                sci_handles
                0x00002080                psci_default
 COMMON         0x00002084        0x4 ../../lib/libtkdnhal.a(tkdn_ether.o)
                0x00002084                user_rx_func
 COMMON         0x00002088       0x20 ../../lib/libtkdnhal.a(tkdn_interrupt.o)
                0x00002088                ifunc
 COMMON         0x000020a8        0x4 ../../lib/gcc/libc.a(lib_a-reent.o)
                0x000020a8                errno
                0x000020c0                . = ALIGN (0x20)
 *fill*         0x000020ac       0x14 00
 *(.etherdesc)
 .etherdesc     0x000020c0     0x1100 ../../lib/libtkdnhal.a(tkdn_ether.o)
                0x000031c0                . = ALIGN (0x4)
                0x000031c0                PROVIDE (__bssend, .)
                0x000031c0                _end = .
                0x000031c0                PROVIDE (end, .)
                0x0000061a                PROVIDE (__bsssize, (SIZEOF (.bss) / 0x4))

.stab
 *(.stab)

.stabstr
 *(.stabstr)

.stab.excl
 *(.stab.excl)

.stab.exclstr
 *(.stab.exclstr)

.stab.index
 *(.stab.index)

.stab.indexstr
 *(.stab.indexstr)

.comment        0x00000000       0x11
 *(.comment)
 .comment       0x00000000       0x11 rtc-sample.o
                                 0x12 (size before relaxing)
 .comment       0x00000000       0x12 ../../common/intvect.o
 .comment       0x00000000       0x12 ../../lib/libtkdnhal.a(hwsetup.o)
 .comment       0x00000000       0x12 ../../lib/libtkdnhal.a(tkdn_sci.o)
 .comment       0x00000000       0x12 ../../lib/libtkdnhal.a(tkdn_ether.o)
 .comment       0x00000000       0x12 ../../lib/libtkdnhal.a(tkdn_rtc.o)
 .comment       0x00000000       0x12 ../../lib/libtkdnhal.a(tkdn_timer.o)
 .comment       0x00000000       0x12 ../../lib/libtkdnhal.a(tkdn_gpio.o)
 .comment       0x00000000       0x12 ../../lib/libtkdnhal.a(tkdn_pwm.o)
 .comment       0x00000000       0x12 ../../lib/libtkdnhal.a(tkdn_tone.o)
 .comment       0x00000000       0x12 ../../lib/libtkdnhal.a(phy.o)
 .comment       0x00000000       0x12 ../../lib/libtkdnhal.a(usb_cdc.o)
 .comment       0x00000000       0x12 ../../lib/libtkdnhal.a(usb_core.o)
 .comment       0x00000000       0x12 ../../lib/libtkdnhal.a(usb_hal.o)
 .comment       0x00000000       0x12 ../../lib/libtkdnhal.a(usbdescriptors.o)
 .comment       0x00000000       0x12 ../../lib/libtkdnhal.a(tkdn_interrupt.o)
 .comment       0x00000000       0x12 ../../lib/gcc/libc.a(lib_a-sprintf.o)
 .comment       0x00000000       0x12 ../../lib/gcc/libc.a(lib_a-svfprintf.o)
 .comment       0x00000000       0x12 ../../lib/gcc/libc.a(lib_a-dtoa.o)
 .comment       0x00000000       0x12 ../../lib/gcc/libc.a(lib_a-impure.o)
 .comment       0x00000000       0x12 ../../lib/gcc/libc.a(lib_a-locale.o)
 .comment       0x00000000       0x12 ../../lib/gcc/libc.a(lib_a-mallocr.o)
 .comment       0x00000000       0x12 ../../lib/gcc/libc.a(lib_a-mlock.o)
 .comment       0x00000000       0x12 ../../lib/gcc/libc.a(lib_a-mprec.o)
 .comment       0x00000000       0x12 ../../lib/gcc/libc.a(lib_a-sbrkr.o)
 .comment       0x00000000       0x12 ../../lib/gcc/libc.a(lib_a-sf_fpclassify.o)
 .comment       0x00000000       0x12 ../../lib/gcc/libc.a(lib_a-svfiprintf.o)
 .comment       0x00000000       0x12 ../../lib/gcc/libc.a(lib_a-callocr.o)
 .comment       0x00000000       0x12 ../../lib/gcc/libc.a(lib_a-freer.o)
 .comment       0x00000000       0x12 ../../lib/gcc/libc.a(lib_a-reallocr.o)
 .comment       0x00000000       0x12 ../../lib/gcc/libc.a(lib_a-reent.o)
 .comment       0x00000000       0x12 ../../lib/gcc/libsim.a(sbrk.o)
 .comment       0x00000000       0x12 ../../lib/gcc/libgcc.a(_udivdi3.o)
 .comment       0x00000000       0x12 ../../lib/gcc/libgcc.a(_umoddi3.o)
 .comment       0x00000000       0x12 ../../lib/gcc/libgcc.a(_clz.o)

.debug
 *(.debug)

.line
 *(.line)

.debug_srcinfo
 *(.debug_srcinfo)

.debug_sfnames
 *(.debug_sfnames)

.debug_aranges  0x00000000      0x378
 *(.debug_aranges)
 .debug_aranges
                0x00000000       0x20 rtc-sample.o
 .debug_aranges
                0x00000020       0x20 ../../common/intvect.o
 .debug_aranges
                0x00000040       0x28 ../../lib/gcc/libc.a(lib_a-sprintf.o)
 .debug_aranges
                0x00000068       0x20 ../../lib/gcc/libc.a(lib_a-svfprintf.o)
 .debug_aranges
                0x00000088       0x28 ../../lib/gcc/libc.a(lib_a-dtoa.o)
 .debug_aranges
                0x000000b0       0x50 ../../lib/gcc/libc.a(lib_a-locale.o)
 .debug_aranges
                0x00000100       0x20 ../../lib/gcc/libc.a(lib_a-mallocr.o)
 .debug_aranges
                0x00000120       0x28 ../../lib/gcc/libc.a(lib_a-mlock.o)
 .debug_aranges
                0x00000148       0xb0 ../../lib/gcc/libc.a(lib_a-mprec.o)
 .debug_aranges
                0x000001f8       0x20 ../../lib/gcc/libc.a(lib_a-sbrkr.o)
 .debug_aranges
                0x00000218       0x20 ../../lib/gcc/libc.a(lib_a-sf_fpclassify.o)
 .debug_aranges
                0x00000238       0x28 ../../lib/gcc/libc.a(lib_a-svfiprintf.o)
 .debug_aranges
                0x00000260       0x20 ../../lib/gcc/libc.a(lib_a-callocr.o)
 .debug_aranges
                0x00000280       0x28 ../../lib/gcc/libc.a(lib_a-freer.o)
 .debug_aranges
                0x000002a8       0x20 ../../lib/gcc/libc.a(lib_a-reallocr.o)
 .debug_aranges
                0x000002c8       0x30 ../../lib/gcc/libc.a(lib_a-reent.o)
 .debug_aranges
                0x000002f8       0x20 ../../lib/gcc/libsim.a(sbrk.o)
 .debug_aranges
                0x00000318       0x20 ../../lib/gcc/libsim.a(heaptop.o)
 .debug_aranges
                0x00000338       0x20 ../../lib/gcc/libgcc.a(_udivdi3.o)
 .debug_aranges
                0x00000358       0x20 ../../lib/gcc/libgcc.a(_umoddi3.o)

.debug_pubnames
 *(.debug_pubnames)

.debug_info     0x00000000     0xcc99
 *(.debug_info .gnu.linkonce.wi.*)
 .debug_info    0x00000000      0x1aa rtc-sample.o
 .debug_info    0x000001aa      0xc6d ../../common/intvect.o
 .debug_info    0x00000e17      0xa4b ../../lib/gcc/libc.a(lib_a-sprintf.o)
 .debug_info    0x00001862      0xfab ../../lib/gcc/libc.a(lib_a-svfprintf.o)
 .debug_info    0x0000280d      0xdcf ../../lib/gcc/libc.a(lib_a-dtoa.o)
 .debug_info    0x000035dc      0x965 ../../lib/gcc/libc.a(lib_a-impure.o)
 .debug_info    0x00003f41      0xc73 ../../lib/gcc/libc.a(lib_a-locale.o)
 .debug_info    0x00004bb4      0xd6e ../../lib/gcc/libc.a(lib_a-mallocr.o)
 .debug_info    0x00005922      0x983 ../../lib/gcc/libc.a(lib_a-mlock.o)
 .debug_info    0x000062a5     0x14f6 ../../lib/gcc/libc.a(lib_a-mprec.o)
 .debug_info    0x0000779b      0x9af ../../lib/gcc/libc.a(lib_a-sbrkr.o)
 .debug_info    0x0000814a       0xca ../../lib/gcc/libc.a(lib_a-sf_fpclassify.o)
 .debug_info    0x00008214      0xd84 ../../lib/gcc/libc.a(lib_a-svfiprintf.o)
 .debug_info    0x00008f98      0xa4b ../../lib/gcc/libc.a(lib_a-callocr.o)
 .debug_info    0x000099e3      0xc21 ../../lib/gcc/libc.a(lib_a-freer.o)
 .debug_info    0x0000a604      0xbc1 ../../lib/gcc/libc.a(lib_a-reallocr.o)
 .debug_info    0x0000b1c5      0xa53 ../../lib/gcc/libc.a(lib_a-reent.o)
 .debug_info    0x0000bc18       0xa0 ../../lib/gcc/libsim.a(sbrk.o)
 .debug_info    0x0000bcb8       0x88 ../../lib/gcc/libsim.a(heaptop.o)
 .debug_info    0x0000bd40      0x72a ../../lib/gcc/libgcc.a(_udivdi3.o)
 .debug_info    0x0000c46a      0x77b ../../lib/gcc/libgcc.a(_umoddi3.o)
 .debug_info    0x0000cbe5       0xb4 ../../lib/gcc/libgcc.a(_clz.o)

.debug_abbrev   0x00000000     0x234a
 *(.debug_abbrev)
 .debug_abbrev  0x00000000       0xc8 rtc-sample.o
 .debug_abbrev  0x000000c8       0x97 ../../common/intvect.o
 .debug_abbrev  0x0000015f      0x1d3 ../../lib/gcc/libc.a(lib_a-sprintf.o)
 .debug_abbrev  0x00000332      0x2e8 ../../lib/gcc/libc.a(lib_a-svfprintf.o)
 .debug_abbrev  0x0000061a      0x229 ../../lib/gcc/libc.a(lib_a-dtoa.o)
 .debug_abbrev  0x00000843      0x166 ../../lib/gcc/libc.a(lib_a-impure.o)
 .debug_abbrev  0x000009a9      0x24f ../../lib/gcc/libc.a(lib_a-locale.o)
 .debug_abbrev  0x00000bf8      0x235 ../../lib/gcc/libc.a(lib_a-mallocr.o)
 .debug_abbrev  0x00000e2d      0x17b ../../lib/gcc/libc.a(lib_a-mlock.o)
 .debug_abbrev  0x00000fa8      0x310 ../../lib/gcc/libc.a(lib_a-mprec.o)
 .debug_abbrev  0x000012b8      0x1b2 ../../lib/gcc/libc.a(lib_a-sbrkr.o)
 .debug_abbrev  0x0000146a       0x6e ../../lib/gcc/libc.a(lib_a-sf_fpclassify.o)
 .debug_abbrev  0x000014d8      0x260 ../../lib/gcc/libc.a(lib_a-svfiprintf.o)
 .debug_abbrev  0x00001738      0x1c2 ../../lib/gcc/libc.a(lib_a-callocr.o)
 .debug_abbrev  0x000018fa      0x233 ../../lib/gcc/libc.a(lib_a-freer.o)
 .debug_abbrev  0x00001b2d      0x1ee ../../lib/gcc/libc.a(lib_a-reallocr.o)
 .debug_abbrev  0x00001d1b      0x211 ../../lib/gcc/libc.a(lib_a-reent.o)
 .debug_abbrev  0x00001f2c       0x8a ../../lib/gcc/libsim.a(sbrk.o)
 .debug_abbrev  0x00001fb6       0x14 ../../lib/gcc/libsim.a(heaptop.o)
 .debug_abbrev  0x00001fca      0x17e ../../lib/gcc/libgcc.a(_udivdi3.o)
 .debug_abbrev  0x00002148      0x1a1 ../../lib/gcc/libgcc.a(_umoddi3.o)
 .debug_abbrev  0x000022e9       0x61 ../../lib/gcc/libgcc.a(_clz.o)

.debug_line     0x00000000     0x7d04
 *(.debug_line)
 .debug_line    0x00000000      0x166 rtc-sample.o
 .debug_line    0x00000166      0x8b1 ../../common/intvect.o
 .debug_line    0x00000a17      0x225 ../../lib/gcc/libc.a(lib_a-sprintf.o)
 .debug_line    0x00000c3c     0x1596 ../../lib/gcc/libc.a(lib_a-svfprintf.o)
 .debug_line    0x000021d2     0x1405 ../../lib/gcc/libc.a(lib_a-dtoa.o)
 .debug_line    0x000035d7       0xfa ../../lib/gcc/libc.a(lib_a-impure.o)
 .debug_line    0x000036d1      0x280 ../../lib/gcc/libc.a(lib_a-locale.o)
 .debug_line    0x00003951      0x87e ../../lib/gcc/libc.a(lib_a-mallocr.o)
 .debug_line    0x000041cf      0x12e ../../lib/gcc/libc.a(lib_a-mlock.o)
 .debug_line    0x000042fd     0x11bd ../../lib/gcc/libc.a(lib_a-mprec.o)
 .debug_line    0x000054ba      0x19d ../../lib/gcc/libc.a(lib_a-sbrkr.o)
 .debug_line    0x00005657      0x1a9 ../../lib/gcc/libc.a(lib_a-sf_fpclassify.o)
 .debug_line    0x00005800      0xf4c ../../lib/gcc/libc.a(lib_a-svfiprintf.o)
 .debug_line    0x0000674c      0x189 ../../lib/gcc/libc.a(lib_a-callocr.o)
 .debug_line    0x000068d5      0x4a2 ../../lib/gcc/libc.a(lib_a-freer.o)
 .debug_line    0x00006d77      0x5db ../../lib/gcc/libc.a(lib_a-reallocr.o)
 .debug_line    0x00007352      0x2b3 ../../lib/gcc/libc.a(lib_a-reent.o)
 .debug_line    0x00007605       0x8e ../../lib/gcc/libsim.a(sbrk.o)
 .debug_line    0x00007693       0x51 ../../lib/gcc/libsim.a(heaptop.o)
 .debug_line    0x000076e4      0x2ea ../../lib/gcc/libgcc.a(_udivdi3.o)
 .debug_line    0x000079ce      0x2e1 ../../lib/gcc/libgcc.a(_umoddi3.o)
 .debug_line    0x00007caf       0x55 ../../lib/gcc/libgcc.a(_clz.o)

.debug_frame    0x00000000     0x139c
 *(.debug_frame)
 .debug_frame   0x00000000       0x44 rtc-sample.o
 .debug_frame   0x00000044      0xcdc ../../common/intvect.o
 .debug_frame   0x00000d20       0x3c ../../lib/gcc/libc.a(lib_a-sprintf.o)
 .debug_frame   0x00000d5c       0x3c ../../lib/gcc/libc.a(lib_a-svfprintf.o)
 .debug_frame   0x00000d98       0x64 ../../lib/gcc/libc.a(lib_a-dtoa.o)
 .debug_frame   0x00000dfc       0x90 ../../lib/gcc/libc.a(lib_a-locale.o)
 .debug_frame   0x00000e8c       0x3c ../../lib/gcc/libc.a(lib_a-mallocr.o)
 .debug_frame   0x00000ec8       0x34 ../../lib/gcc/libc.a(lib_a-mlock.o)
 .debug_frame   0x00000efc      0x220 ../../lib/gcc/libc.a(lib_a-mprec.o)
 .debug_frame   0x0000111c       0x30 ../../lib/gcc/libc.a(lib_a-sbrkr.o)
 .debug_frame   0x0000114c       0x24 ../../lib/gcc/libc.a(lib_a-sf_fpclassify.o)
 .debug_frame   0x00001170       0x64 ../../lib/gcc/libc.a(lib_a-svfiprintf.o)
 .debug_frame   0x000011d4       0x2c ../../lib/gcc/libc.a(lib_a-callocr.o)
 .debug_frame   0x00001200       0x54 ../../lib/gcc/libc.a(lib_a-freer.o)
 .debug_frame   0x00001254       0x3c ../../lib/gcc/libc.a(lib_a-reallocr.o)
 .debug_frame   0x00001290       0x70 ../../lib/gcc/libc.a(lib_a-reent.o)
 .debug_frame   0x00001300       0x2c ../../lib/gcc/libsim.a(sbrk.o)
 .debug_frame   0x0000132c       0x38 ../../lib/gcc/libgcc.a(_udivdi3.o)
 .debug_frame   0x00001364       0x38 ../../lib/gcc/libgcc.a(_umoddi3.o)

.debug_str      0x00000000     0x1aef
 *(.debug_str)
 .debug_str     0x00000000      0x13b rtc-sample.o
                                0x184 (size before relaxing)
 .debug_str     0x0000013b      0x94c ../../common/intvect.o
                                0x990 (size before relaxing)
 .debug_str     0x00000a87      0x41c ../../lib/gcc/libc.a(lib_a-sprintf.o)
                                0x502 (size before relaxing)
 .debug_str     0x00000ea3      0x1a1 ../../lib/gcc/libc.a(lib_a-svfprintf.o)
                                0x6a0 (size before relaxing)
 .debug_str     0x00001044      0x139 ../../lib/gcc/libc.a(lib_a-dtoa.o)
                                0x5c6 (size before relaxing)
 .debug_str     0x0000117d       0x8f ../../lib/gcc/libc.a(lib_a-impure.o)
                                0x4df (size before relaxing)
 .debug_str     0x0000120c      0x239 ../../lib/gcc/libc.a(lib_a-locale.o)
                                0x721 (size before relaxing)
 .debug_str     0x00001445      0x1fe ../../lib/gcc/libc.a(lib_a-mallocr.o)
                                0x6b6 (size before relaxing)
 .debug_str     0x00001643       0x5d ../../lib/gcc/libc.a(lib_a-mlock.o)
                                0x4e8 (size before relaxing)
 .debug_str     0x000016a0       0xe8 ../../lib/gcc/libc.a(lib_a-mprec.o)
                                0x5d3 (size before relaxing)
 .debug_str     0x00001788       0x40 ../../lib/gcc/libc.a(lib_a-sbrkr.o)
                                0x4d5 (size before relaxing)
 .debug_str     0x000017c8       0x87 ../../lib/gcc/libc.a(lib_a-sf_fpclassify.o)
                                0x140 (size before relaxing)
 .debug_str     0x0000184f       0x29 ../../lib/gcc/libc.a(lib_a-svfiprintf.o)
                                0x620 (size before relaxing)
 .debug_str     0x00001878       0x19 ../../lib/gcc/libc.a(lib_a-callocr.o)
                                0x507 (size before relaxing)
 .debug_str     0x00001891       0x3c ../../lib/gcc/libc.a(lib_a-freer.o)
                                0x608 (size before relaxing)
 .debug_str     0x000018cd       0x59 ../../lib/gcc/libc.a(lib_a-reallocr.o)
                                0x588 (size before relaxing)
 .debug_str     0x00001926       0x63 ../../lib/gcc/libc.a(lib_a-reent.o)
                                0x504 (size before relaxing)
 .debug_str     0x00001989       0x6a ../../lib/gcc/libsim.a(sbrk.o)
                                 0x7b (size before relaxing)
 .debug_str     0x000019f3       0xf2 ../../lib/gcc/libgcc.a(_udivdi3.o)
                                0x19b (size before relaxing)
 .debug_str     0x00001ae5        0xa ../../lib/gcc/libgcc.a(_umoddi3.o)
                                0x19b (size before relaxing)
 .debug_str     0x00000000      0x105 ../../lib/gcc/libgcc.a(_clz.o)

.debug_loc      0x00000000     0xb421
 *(.debug_loc)
 .debug_loc     0x00000000       0x3a rtc-sample.o
 .debug_loc     0x0000003a     0x170c ../../common/intvect.o
 .debug_loc     0x00001746       0xb7 ../../lib/gcc/libc.a(lib_a-sprintf.o)
 .debug_loc     0x000017fd     0x2181 ../../lib/gcc/libc.a(lib_a-svfprintf.o)
 .debug_loc     0x0000397e     0x2361 ../../lib/gcc/libc.a(lib_a-dtoa.o)
 .debug_loc     0x00005cdf       0xb3 ../../lib/gcc/libc.a(lib_a-locale.o)
 .debug_loc     0x00005d92      0xae2 ../../lib/gcc/libc.a(lib_a-mallocr.o)
 .debug_loc     0x00006874     0x185f ../../lib/gcc/libc.a(lib_a-mprec.o)
 .debug_loc     0x000080d3       0x51 ../../lib/gcc/libc.a(lib_a-sbrkr.o)
 .debug_loc     0x00008124       0x84 ../../lib/gcc/libc.a(lib_a-sf_fpclassify.o)
 .debug_loc     0x000081a8     0x1385 ../../lib/gcc/libc.a(lib_a-svfiprintf.o)
 .debug_loc     0x0000952d      0x1d0 ../../lib/gcc/libc.a(lib_a-callocr.o)
 .debug_loc     0x000096fd      0x115 ../../lib/gcc/libc.a(lib_a-freer.o)
 .debug_loc     0x00009812       0x2c ../../lib/gcc/libc.a(lib_a-reallocr.o)
 .debug_loc     0x0000983e      0x13e ../../lib/gcc/libc.a(lib_a-reent.o)
 .debug_loc     0x0000997c       0x55 ../../lib/gcc/libsim.a(sbrk.o)
 .debug_loc     0x000099d1      0xdc1 ../../lib/gcc/libgcc.a(_udivdi3.o)
 .debug_loc     0x0000a792      0xc8f ../../lib/gcc/libgcc.a(_umoddi3.o)

.debug_macinfo
 *(.debug_macinfo)

.debug_weaknames
 *(.debug_weaknames)

.debug_funcnames
 *(.debug_funcnames)

.debug_typenames
 *(.debug_typenames)

.debug_varnames
 *(.debug_varnames)

/DISCARD/
 *(.note.GNU-stack)
LOAD ../../lib/librxduino.a
LOAD ../../lib/libtkdnhal.a
LOAD ../../lib/gcc/libstdc++.a
LOAD ../../lib/gcc/libsupc++.a
LOAD ../../lib/gcc/libc.a
LOAD ../../lib/gcc/libsim.a
LOAD ../../lib/gcc/libgcc.a
LOAD ../../lib/gcc/libm.a
OUTPUT(rtc-sample.elf elf32-rx-le)

.debug_ranges   0x00000000      0x8e0
 .debug_ranges  0x00000000       0x18 ../../lib/gcc/libc.a(lib_a-sprintf.o)
 .debug_ranges  0x00000018      0x110 ../../lib/gcc/libc.a(lib_a-svfprintf.o)
 .debug_ranges  0x00000128       0x18 ../../lib/gcc/libc.a(lib_a-dtoa.o)
 .debug_ranges  0x00000140       0x40 ../../lib/gcc/libc.a(lib_a-locale.o)
 .debug_ranges  0x00000180       0x90 ../../lib/gcc/libc.a(lib_a-mallocr.o)
 .debug_ranges  0x00000210       0x18 ../../lib/gcc/libc.a(lib_a-mlock.o)
 .debug_ranges  0x00000228       0xe0 ../../lib/gcc/libc.a(lib_a-mprec.o)
 .debug_ranges  0x00000308       0x10 ../../lib/gcc/libc.a(lib_a-sbrkr.o)
 .debug_ranges  0x00000318       0x10 ../../lib/gcc/libc.a(lib_a-sf_fpclassify.o)
 .debug_ranges  0x00000328       0x58 ../../lib/gcc/libc.a(lib_a-svfiprintf.o)
 .debug_ranges  0x00000380       0x58 ../../lib/gcc/libc.a(lib_a-callocr.o)
 .debug_ranges  0x000003d8       0x18 ../../lib/gcc/libc.a(lib_a-freer.o)
 .debug_ranges  0x000003f0      0x168 ../../lib/gcc/libc.a(lib_a-reallocr.o)
 .debug_ranges  0x00000558       0x20 ../../lib/gcc/libc.a(lib_a-reent.o)
 .debug_ranges  0x00000578      0x1d8 ../../lib/gcc/libgcc.a(_udivdi3.o)
 .debug_ranges  0x00000750      0x190 ../../lib/gcc/libgcc.a(_umoddi3.o)
