Archive member included because of file (symbol)

/usr/local/cross/lib/gcc/avr/4.7.2/../../../../avr/lib/avr5/libprintf_min.a(vfprintf_min.o)
                              (vfprintf)
/usr/local/cross/lib/gcc/avr/4.7.2/../../../../avr/lib/avr5/libscanf_min.a(vfscanf_min.o)
                              (vfscanf)
/usr/local/cross/lib/gcc/avr/4.7.2/avr5/libgcc.a(_umulhisi3.o)
                              ../../os/hal/platforms/AVR/atmega_timers.o (__umulhisi3)
/usr/local/cross/lib/gcc/avr/4.7.2/avr5/libgcc.a(_mulsi3.o)
                              ../../os/hal/platforms/AVR/atmega_timers.o (__mulsi3)
/usr/local/cross/lib/gcc/avr/4.7.2/avr5/libgcc.a(_udivmodhi4.o)
                              ../../os/hal/platforms/AVR/adc_lld.o (__udivmodhi4)
/usr/local/cross/lib/gcc/avr/4.7.2/avr5/libgcc.a(_udivmodsi4.o)
                              ../../os/hal/platforms/AVR/hal_lld.o (__udivmodsi4)
/usr/local/cross/lib/gcc/avr/4.7.2/avr5/libgcc.a(_divmodsi4.o)
                              ../../os/various/chprintf.o (__divmodsi4)
/usr/local/cross/lib/gcc/avr/4.7.2/avr5/libgcc.a(_prologue.o)
                              /usr/local/cross/lib/gcc/avr/4.7.2/../../../../avr/lib/avr5/libprintf_min.a(vfprintf_min.o) (__prologue_saves__)
/usr/local/cross/lib/gcc/avr/4.7.2/avr5/libgcc.a(_epilogue.o)
                              /usr/local/cross/lib/gcc/avr/4.7.2/../../../../avr/lib/avr5/libprintf_min.a(vfprintf_min.o) (__epilogue_restores__)
/usr/local/cross/lib/gcc/avr/4.7.2/avr5/libgcc.a(_exit.o)
                              /usr/local/cross/lib/gcc/avr/4.7.2/../../../../avr/lib/avr5/crtm328p.o (exit)
/usr/local/cross/lib/gcc/avr/4.7.2/avr5/libgcc.a(_copy_data.o)
                              ../../os/kernel/src/chsys.o (__do_copy_data)
/usr/local/cross/lib/gcc/avr/4.7.2/avr5/libgcc.a(_clear_bss.o)
                              ../../os/kernel/src/chsys.o (__do_clear_bss)
/usr/local/cross/lib/gcc/avr/4.7.2/avr5/libgcc.a(_muluhisi3.o)
                              /usr/local/cross/lib/gcc/avr/4.7.2/avr5/libgcc.a(_mulsi3.o) (__muluhisi3)
/usr/local/cross/lib/gcc/avr/4.7.2/../../../../avr/lib/avr5/libc.a(isspace.o)
                              /usr/local/cross/lib/gcc/avr/4.7.2/../../../../avr/lib/avr5/libscanf_min.a(vfscanf_min.o) (isspace)
/usr/local/cross/lib/gcc/avr/4.7.2/../../../../avr/lib/avr5/libc.a(strchr_P.o)
                              /usr/local/cross/lib/gcc/avr/4.7.2/../../../../avr/lib/avr5/libprintf_min.a(vfprintf_min.o) (strchr_P)
/usr/local/cross/lib/gcc/avr/4.7.2/../../../../avr/lib/avr5/libc.a(fgetc.o)
                              /usr/local/cross/lib/gcc/avr/4.7.2/../../../../avr/lib/avr5/libscanf_min.a(vfscanf_min.o) (fgetc)
/usr/local/cross/lib/gcc/avr/4.7.2/../../../../avr/lib/avr5/libc.a(fputc.o)
                              /usr/local/cross/lib/gcc/avr/4.7.2/../../../../avr/lib/avr5/libprintf_min.a(vfprintf_min.o) (fputc)
/usr/local/cross/lib/gcc/avr/4.7.2/../../../../avr/lib/avr5/libc.a(ungetc.o)
                              /usr/local/cross/lib/gcc/avr/4.7.2/../../../../avr/lib/avr5/libscanf_min.a(vfscanf_min.o) (ungetc)
/usr/local/cross/lib/gcc/avr/4.7.2/../../../../avr/lib/avr5/libc.a(ultoa_invert.o)
                              /usr/local/cross/lib/gcc/avr/4.7.2/../../../../avr/lib/avr5/libprintf_min.a(vfprintf_min.o) (__ultoa_invert)
/usr/local/cross/lib/gcc/avr/4.7.2/../../../../avr/lib/avr5/libc.a(cty_isfalse.o)
                              /usr/local/cross/lib/gcc/avr/4.7.2/../../../../avr/lib/avr5/libc.a(isspace.o) (__ctype_isfalse)

Allocating common symbols
Common symbol       size              file

ADCD1               0x15              ../../os/hal/platforms/AVR/adc_lld.o
SPID1               0x13              ../../os/hal/platforms/AVR/spi_lld.o
PWMD2               0x5               ../../os/hal/platforms/AVR/pwm_lld.o
vtlist              0x8               ../../os/kernel/src/chvt.o
rlist               0xd               ../../os/kernel/src/chschd.o
PWMD1               0x5               ../../os/hal/platforms/AVR/pwm_lld.o
_idle_thread_wa     0x6d              ../../os/kernel/src/chsys.o
SD1                 0x49              ../../os/hal/platforms/AVR/serial_lld.o

Memory Configuration

Name             Origin             Length             Attributes
text             0x0000000000000000 0x0000000000020000 xr
data             0x0000000000800060 0x000000000000ffa0 rw !x
eeprom           0x0000000000810000 0x0000000000010000 rw !x
fuse             0x0000000000820000 0x0000000000000400 rw !x
lock             0x0000000000830000 0x0000000000000400 rw !x
signature        0x0000000000840000 0x0000000000000400 rw !x
*default*        0x0000000000000000 0xffffffffffffffff

Linker script and memory map

Address of section .data set to 0x800100
LOAD /usr/local/cross/lib/gcc/avr/4.7.2/../../../../avr/lib/avr5/crtm328p.o
LOAD ../../os/ports/GCC/AVR/chcore.o
LOAD ../../os/kernel/src/chsys.o
LOAD ../../os/kernel/src/chdebug.o
LOAD ../../os/kernel/src/chlists.o
LOAD ../../os/kernel/src/chvt.o
LOAD ../../os/kernel/src/chschd.o
LOAD ../../os/kernel/src/chthreads.o
LOAD ../../os/kernel/src/chdynamic.o
LOAD ../../os/kernel/src/chregistry.o
LOAD ../../os/kernel/src/chsem.o
LOAD ../../os/kernel/src/chmtx.o
LOAD ../../os/kernel/src/chcond.o
LOAD ../../os/kernel/src/chevents.o
LOAD ../../os/kernel/src/chmsg.o
LOAD ../../os/kernel/src/chmboxes.o
LOAD ../../os/kernel/src/chqueues.o
LOAD ../../os/kernel/src/chmemcore.o
LOAD ../../os/kernel/src/chheap.o
LOAD ../../os/kernel/src/chmempools.o
LOAD ../../os/hal/src/hal.o
LOAD ../../os/hal/src/adc.o
LOAD ../../os/hal/src/can.o
LOAD ../../os/hal/src/ext.o
LOAD ../../os/hal/src/gpt.o
LOAD ../../os/hal/src/i2c.o
LOAD ../../os/hal/src/icu.o
LOAD ../../os/hal/src/mac.o
LOAD ../../os/hal/src/mmc_spi.o
LOAD ../../os/hal/src/mmcsd.o
LOAD ../../os/hal/src/pal.o
LOAD ../../os/hal/src/pwm.o
LOAD ../../os/hal/src/rtc.o
LOAD ../../os/hal/src/sdc.o
LOAD ../../os/hal/src/serial.o
LOAD ../../os/hal/src/serial_usb.o
LOAD ../../os/hal/src/spi.o
LOAD ../../os/hal/src/tm.o
LOAD ../../os/hal/src/uart.o
LOAD ../../os/hal/src/usb.o
LOAD ../../os/hal/platforms/AVR/hal_lld.o
LOAD ../../os/hal/platforms/AVR/pal_lld.o
LOAD ../../os/hal/platforms/AVR/serial_lld.o
LOAD ../../os/hal/platforms/AVR/adc_lld.o
LOAD ../../os/hal/platforms/AVR/i2c_lld.o
LOAD ../../os/hal/platforms/AVR/pwm_lld.o
LOAD ../../os/hal/platforms/AVR/spi_lld.o
LOAD ../../os/hal/platforms/AVR/gpt_lld.o
LOAD ../../os/hal/platforms/AVR/atmega_timers.o
LOAD ../../boards/ARDUINO_GENERIC/board.o
LOAD ../../os/various/evtimer.o
LOAD ../../os/various/chprintf.o
LOAD main.o
LOAD /usr/local/cross/lib/gcc/avr/4.7.2/../../../../avr/lib/avr5/libprintf_min.a
LOAD /usr/local/cross/lib/gcc/avr/4.7.2/../../../../avr/lib/avr5/libscanf_min.a
LOAD /usr/local/cross/lib/gcc/avr/4.7.2/../../../../avr/lib/avr5/libm.a
LOAD /usr/local/cross/lib/gcc/avr/4.7.2/avr5/libgcc.a
LOAD /usr/local/cross/lib/gcc/avr/4.7.2/../../../../avr/lib/avr5/libc.a
LOAD /usr/local/cross/lib/gcc/avr/4.7.2/avr5/libgcc.a

.hash
 *(.hash)

.dynsym
 *(.dynsym)

.dynstr
 *(.dynstr)

.gnu.version
 *(.gnu.version)

.gnu.version_d
 *(.gnu.version_d)

.gnu.version_r
 *(.gnu.version_r)

.rel.init
 *(.rel.init)

.rela.init
 *(.rela.init)

.rel.text
 *(.rel.text)
 *(.rel.text.*)
 *(.rel.gnu.linkonce.t*)

.rela.text
 *(.rela.text)
 *(.rela.text.*)
 *(.rela.gnu.linkonce.t*)

.rel.fini
 *(.rel.fini)

.rela.fini
 *(.rela.fini)

.rel.rodata
 *(.rel.rodata)
 *(.rel.rodata.*)
 *(.rel.gnu.linkonce.r*)

.rela.rodata
 *(.rela.rodata)
 *(.rela.rodata.*)
 *(.rela.gnu.linkonce.r*)

.rel.data
 *(.rel.data)
 *(.rel.data.*)
 *(.rel.gnu.linkonce.d*)

.rela.data
 *(.rela.data)
 *(.rela.data.*)
 *(.rela.gnu.linkonce.d*)

.rel.ctors
 *(.rel.ctors)

.rela.ctors
 *(.rela.ctors)

.rel.dtors
 *(.rel.dtors)

.rela.dtors
 *(.rela.dtors)

.rel.got
 *(.rel.got)

.rela.got
 *(.rela.got)

.rel.bss
 *(.rel.bss)

.rela.bss
 *(.rela.bss)

.rel.plt
 *(.rel.plt)

.rela.plt
 *(.rela.plt)

.text           0x0000000000000000     0x3fba
 *(.vectors)
 .vectors       0x0000000000000000       0x68 /usr/local/cross/lib/gcc/avr/4.7.2/../../../../avr/lib/avr5/crtm328p.o
                0x0000000000000000                __vectors
                0x0000000000000000                __vector_default
 *(.vectors)
 *(.progmem.gcc*)
 *(.progmem*)
 .progmem.data  0x0000000000000068       0x17 /usr/local/cross/lib/gcc/avr/4.7.2/../../../../avr/lib/avr5/libprintf_min.a(vfprintf_min.o)
 .progmem.data  0x000000000000007f        0xb /usr/local/cross/lib/gcc/avr/4.7.2/../../../../avr/lib/avr5/libscanf_min.a(vfscanf_min.o)
                0x000000000000008a                . = ALIGN (0x2)
                0x000000000000008a                __trampolines_start = .
 *(.trampolines)
 .trampolines   0x000000000000008a        0x0 linker stubs
 *(.trampolines*)
                0x000000000000008a                __trampolines_end = .
 *(.jumptables)
 *(.jumptables*)
 *(.lowtext)
 *(.lowtext*)
                0x000000000000008a                __ctors_start = .
 *(.ctors)
                0x000000000000008a                __ctors_end = .
                0x000000000000008a                __dtors_start = .
 *(.dtors)
                0x000000000000008a                __dtors_end = .
 SORT(*)(.ctors)
 SORT(*)(.dtors)
 *(.init0)
 .init0         0x000000000000008a        0x0 /usr/local/cross/lib/gcc/avr/4.7.2/../../../../avr/lib/avr5/crtm328p.o
                0x000000000000008a                __init
 *(.init0)
 *(.init1)
 *(.init1)
 *(.init2)
 .init2         0x000000000000008a        0xc /usr/local/cross/lib/gcc/avr/4.7.2/../../../../avr/lib/avr5/crtm328p.o
 *(.init2)
 *(.init3)
 *(.init3)
 *(.init4)
 .init4         0x0000000000000096       0x16 /usr/local/cross/lib/gcc/avr/4.7.2/avr5/libgcc.a(_copy_data.o)
                0x0000000000000096                __do_copy_data
 .init4         0x00000000000000ac       0x10 /usr/local/cross/lib/gcc/avr/4.7.2/avr5/libgcc.a(_clear_bss.o)
                0x00000000000000ac                __do_clear_bss
 *(.init4)
 *(.init5)
 *(.init5)
 *(.init6)
 *(.init6)
 *(.init7)
 *(.init7)
 *(.init8)
 *(.init8)
 *(.init9)
 .init9         0x00000000000000bc        0x8 /usr/local/cross/lib/gcc/avr/4.7.2/../../../../avr/lib/avr5/crtm328p.o
 *(.init9)
 *(.text)
 .text          0x00000000000000c4        0x4 /usr/local/cross/lib/gcc/avr/4.7.2/../../../../avr/lib/avr5/crtm328p.o
                0x00000000000000c4                __vector_20
                0x00000000000000c4                __vector_1
                0x00000000000000c4                __vector_24
                0x00000000000000c4                __bad_interrupt
                0x00000000000000c4                __vector_6
                0x00000000000000c4                __vector_3
                0x00000000000000c4                __vector_23
                0x00000000000000c4                __vector_25
                0x00000000000000c4                __vector_5
                0x00000000000000c4                __vector_4
                0x00000000000000c4                __vector_2
                0x00000000000000c4                __vector_15
                0x00000000000000c4                __vector_10
                0x00000000000000c4                __vector_16
                0x00000000000000c4                __vector_22
 .text          0x00000000000000c8       0xc2 ../../os/ports/GCC/AVR/chcore.o
                0x00000000000000c8                __vector_14
                0x000000000000011a                port_switch
                0x0000000000000178                port_halt
                0x000000000000017c                _port_thread_start
 .text          0x000000000000018a      0x10e ../../os/kernel/src/chsys.o
                0x000000000000018a                _idle_thread
                0x000000000000019c                chSysInit
                0x00000000000001ee                chSysTimerHandlerI
 .text          0x0000000000000298        0x0 ../../os/kernel/src/chdebug.o
 .text          0x0000000000000298        0x0 ../../os/kernel/src/chlists.o
 .text          0x0000000000000298      0x112 ../../os/kernel/src/chvt.o
                0x0000000000000298                _vt_init
                0x00000000000002be                chVTSetI
                0x0000000000000336                chVTResetI
                0x000000000000037e                chTimeIsWithin
 .text          0x00000000000003aa      0x3a6 ../../os/kernel/src/chschd.o
                0x0000000000000442                _scheduler_init
                0x0000000000000468                chSchReadyI
                0x00000000000004ac                chSchGoSleepS
                0x00000000000004ee                chSchGoSleepTimeoutS
                0x0000000000000560                chSchWakeupS
                0x00000000000005fc                chSchIsPreemptionRequired
                0x0000000000000628                chSchDoRescheduleBehind
                0x00000000000006a6                chSchDoRescheduleAhead
                0x000000000000071c                chSchRescheduleS
                0x000000000000073c                chSchDoReschedule
 .text          0x0000000000000750      0x264 ../../os/kernel/src/chthreads.o
                0x0000000000000750                _thread_init
                0x00000000000007ae                chThdCreateI
                0x0000000000000852                chThdCreateStatic
                0x0000000000000870                chThdSetPriority
                0x0000000000000898                chThdResume
                0x00000000000008b6                chThdTerminate
                0x00000000000008c4                chThdSleep
                0x00000000000008d2                chThdSleepUntil
                0x00000000000008ee                chThdYield
                0x0000000000000912                chThdExitS
                0x000000000000097a                chThdExit
                0x0000000000000980                chThdWait
 .text          0x00000000000009b4        0x0 ../../os/kernel/src/chdynamic.o
 .text          0x00000000000009b4       0x2a ../../os/kernel/src/chregistry.o
                0x00000000000009b4                chRegFirstThread
                0x00000000000009c2                chRegNextThread
 .text          0x00000000000009de      0x29e ../../os/kernel/src/chsem.o
                0x00000000000009de                chSemInit
                0x00000000000009ec                chSemResetI
                0x0000000000000a3a                chSemReset
                0x0000000000000a48                chSemWaitS
                0x0000000000000aa8                chSemWait
                0x0000000000000ab2                chSemWaitTimeoutS
                0x0000000000000b12                chSemWaitTimeout
                0x0000000000000b1c                chSemSignal
                0x0000000000000b5c                chSemSignalI
                0x0000000000000b94                chSemAddCounterI
                0x0000000000000bda                chSemSignalWait
 .text          0x0000000000000c7c      0x3dc ../../os/kernel/src/chmtx.o
                0x0000000000000c7c                chMtxInit
                0x0000000000000c8c                chMtxLockS
                0x0000000000000e0c                chMtxLock
                0x0000000000000e16                chMtxTryLock
                0x0000000000000e52                chMtxTryLockS
                0x0000000000000e88                chMtxUnlock
                0x0000000000000f26                chMtxUnlockS
                0x0000000000000fba                chMtxUnlockAll
 .text          0x0000000000001058      0x1ee ../../os/kernel/src/chcond.o
                0x0000000000001058                chCondInit
                0x0000000000001064                chCondSignal
                0x0000000000001098                chCondSignalI
                0x00000000000010ca                chCondBroadcastI
                0x000000000000110e                chCondBroadcast
                0x000000000000111c                chCondWaitS
                0x0000000000001198                chCondWait
                0x00000000000011a2                chCondWaitTimeoutS
                0x000000000000123c                chCondWaitTimeout
 .text          0x0000000000001246      0x33a ../../os/kernel/src/chevents.o
                0x0000000000001246                chEvtRegisterMask
                0x000000000000126e                chEvtUnregister
                0x0000000000001294                chEvtGetAndClearEvents
                0x00000000000012ae                chEvtAddEvents
                0x00000000000012c2                chEvtGetAndClearFlags
                0x00000000000012ce                chEvtSignalI
                0x0000000000001300                chEvtSignal
                0x000000000000130e                chEvtBroadcastFlagsI
                0x0000000000001350                chEvtBroadcastFlags
                0x000000000000135e                chEvtGetAndClearFlagsI
                0x0000000000001366                chEvtDispatch
                0x00000000000013c8                chEvtWaitOne
                0x0000000000001408                chEvtWaitAny
                0x0000000000001440                chEvtWaitAll
                0x0000000000001478                chEvtWaitOneTimeout
                0x00000000000014d6                chEvtWaitAnyTimeout
                0x000000000000152e                chEvtWaitAllTimeout
 .text          0x0000000000001580       0xb2 ../../os/kernel/src/chmsg.o
                0x0000000000001580                chMsgSend
                0x00000000000015ce                chMsgWait
                0x0000000000001628                chMsgRelease
 .text          0x0000000000001632      0x282 ../../os/kernel/src/chmboxes.o
                0x0000000000001632                chMBInit
                0x0000000000001668                chMBReset
                0x00000000000016a6                chMBPostS
                0x0000000000001700                chMBPost
                0x000000000000170a                chMBPostI
                0x000000000000174c                chMBPostAheadS
                0x00000000000017aa                chMBPostAhead
                0x00000000000017b4                chMBPostAheadI
                0x00000000000017fa                chMBFetchS
                0x000000000000185a                chMBFetch
                0x0000000000001864                chMBFetchI
 .text          0x00000000000018b4      0x4a0 ../../os/kernel/src/chqueues.o
                0x00000000000018f4                chIQInit
                0x0000000000001928                chIQResetI
                0x000000000000197c                chIQPutI
                0x0000000000001a0e                chIQGetTimeout
                0x0000000000001a7c                chIQReadTimeout
                0x0000000000001b20                chOQInit
                0x0000000000001b54                chOQResetI
                0x0000000000001bb0                chOQPutTimeout
                0x0000000000001c2a                chOQGetI
                0x0000000000001cac                chOQWriteTimeout
 .text          0x0000000000001d54        0x0 ../../os/kernel/src/chmemcore.o
 .text          0x0000000000001d54        0x0 ../../os/kernel/src/chheap.o
 .text          0x0000000000001d54        0x0 ../../os/kernel/src/chmempools.o
 .text          0x0000000000001d54       0x20 ../../os/hal/src/hal.o
                0x0000000000001d54                halInit
 .text          0x0000000000001d74      0x150 ../../os/hal/src/adc.o
                0x0000000000001d74                adcInit
                0x0000000000001d78                adcObjectInit
                0x0000000000001d9a                adcStart
                0x0000000000001db6                adcStop
                0x0000000000001dce                adcStartConversion
                0x0000000000001dea                adcStartConversionI
                0x0000000000001e00                adcStopConversion
                0x0000000000001e38                adcStopConversionI
                0x0000000000001e76                adcConvert
                0x0000000000001eba                adcAcquireBus
                0x0000000000001ec0                adcReleaseBus
 .text          0x0000000000001ec4        0x0 ../../os/hal/src/can.o
 .text          0x0000000000001ec4        0x0 ../../os/hal/src/ext.o
 .text          0x0000000000001ec4        0x0 ../../os/hal/src/gpt.o
 .text          0x0000000000001ec4        0x0 ../../os/hal/src/i2c.o
 .text          0x0000000000001ec4        0x0 ../../os/hal/src/icu.o
 .text          0x0000000000001ec4        0x0 ../../os/hal/src/mac.o
 .text          0x0000000000001ec4        0x0 ../../os/hal/src/mmc_spi.o
 .text          0x0000000000001ec4        0x0 ../../os/hal/src/mmcsd.o
 .text          0x0000000000001ec4       0x6c ../../os/hal/src/pal.o
                0x0000000000001ec4                palReadBus
                0x0000000000001ee0                palWriteBus
                0x0000000000001f12                palSetBusMode
 .text          0x0000000000001f30       0x74 ../../os/hal/src/pwm.o
                0x0000000000001f30                pwmInit
                0x0000000000001f34                pwmObjectInit
                0x0000000000001f40                pwmStart
                0x0000000000001f68                pwmStop
                0x0000000000001f80                pwmChangePeriod
                0x0000000000001f90                pwmEnableChannel
                0x0000000000001f9a                pwmDisableChannel
 .text          0x0000000000001fa4        0x0 ../../os/hal/src/rtc.o
 .text          0x0000000000001fa4        0x0 ../../os/hal/src/sdc.o
 .text          0x0000000000001fa4      0x16a ../../os/hal/src/serial.o
                0x0000000000001fe4                sdInit
                0x0000000000001fe8                sdObjectInit
                0x0000000000002042                sdStart
                0x000000000000205a                sdStop
                0x0000000000002086                sdIncomingDataI
                0x00000000000020d6                sdRequestDataI
 .text          0x000000000000210e        0x0 ../../os/hal/src/serial_usb.o
 .text          0x000000000000210e      0x18c ../../os/hal/src/spi.o
                0x000000000000210e                spiInit
                0x0000000000002112                spiObjectInit
                0x0000000000002126                spiStart
                0x000000000000214c                spiStop
                0x0000000000002174                spiSelect
                0x0000000000002182                spiUnselect
                0x0000000000002190                spiStartIgnore
                0x00000000000021a2                spiStartExchange
                0x00000000000021b4                spiStartSend
                0x00000000000021c6                spiStartReceive
                0x00000000000021d8                spiIgnore
                0x0000000000002206                spiExchange
                0x0000000000002234                spiSend
                0x0000000000002262                spiReceive
                0x0000000000002290                spiAcquireBus
                0x0000000000002296                spiReleaseBus
 .text          0x000000000000229a        0x0 ../../os/hal/src/tm.o
 .text          0x000000000000229a        0x0 ../../os/hal/src/uart.o
 .text          0x000000000000229a        0x0 ../../os/hal/src/usb.o
 .text          0x000000000000229a       0x66 ../../os/hal/platforms/AVR/hal_lld.o
                0x000000000000229a                hal_lld_init
 .text          0x0000000000002300       0x64 ../../os/hal/platforms/AVR/pal_lld.o
                0x0000000000002300                _pal_lld_init
                0x000000000000231c                _pal_lld_setgroupmode
 .text          0x0000000000002364      0x188 ../../os/hal/platforms/AVR/serial_lld.o
                0x0000000000002370                __vector_18
                0x00000000000023f0                __vector_19
                0x000000000000245a                sd_lld_init
                0x000000000000246a                sd_lld_start
                0x00000000000024d6                sd_lld_stop
 .text          0x00000000000024ec      0x320 ../../os/hal/platforms/AVR/adc_lld.o
                0x00000000000024ec                __vector_21
                0x000000000000274a                adc_lld_init
                0x0000000000002762                adc_lld_start
                0x0000000000002794                adc_lld_stop
                0x00000000000027aa                adc_lld_start_conversion
                0x0000000000002800                adc_lld_stop_conversion
 .text          0x000000000000280c        0x0 ../../os/hal/platforms/AVR/i2c_lld.o
 .text          0x000000000000280c      0x596 ../../os/hal/platforms/AVR/pwm_lld.o
                0x000000000000280c                getTimerIndex
                0x0000000000002818                __vector_13
                0x000000000000287a                __vector_11
                0x00000000000028dc                __vector_12
                0x000000000000293e                __vector_9
                0x00000000000029a0                __vector_7
                0x0000000000002a02                __vector_8
                0x0000000000002a64                pwm_lld_init
                0x0000000000002a8c                pwm_lld_start
                0x0000000000002ad6                pwm_lld_stop
                0x0000000000002af0                pwm_lld_change_period
                0x0000000000002af2                pwm_lld_enable_channel
                0x0000000000002d36                pwm_lld_disable_channel
 .text          0x0000000000002da2      0x22e ../../os/hal/platforms/AVR/spi_lld.o
                0x0000000000002dea                __vector_17
                0x0000000000002ee4                spi_lld_init
                0x0000000000002eec                spi_lld_start
                0x0000000000002f2e                spi_lld_stop
                0x0000000000002f44                spi_lld_select
                0x0000000000002f52                spi_lld_unselect
                0x0000000000002f60                spi_lld_ignore
                0x0000000000002f72                spi_lld_exchange
                0x0000000000002f84                spi_lld_send
                0x0000000000002f96                spi_lld_receive
                0x0000000000002fa8                spi_lld_polled_exchange
 .text          0x0000000000002fd0        0x0 ../../os/hal/platforms/AVR/gpt_lld.o
 .text          0x0000000000002fd0      0x11c ../../os/hal/platforms/AVR/atmega_timers.o
                0x0000000000002fd0                findBestPrescaler
 .text          0x00000000000030ec        0x2 ../../boards/ARDUINO_GENERIC/board.o
                0x00000000000030ec                boardInit
 .text          0x00000000000030ee       0x58 ../../os/various/evtimer.o
                0x0000000000003110                evtStart
                0x0000000000003132                evtStop
 .text          0x0000000000003146      0x4be ../../os/various/chprintf.o
                0x000000000000322e                chprintf
 .text          0x0000000000003604        0x0 main.o
 .text          0x0000000000003604        0x0 /usr/local/cross/lib/gcc/avr/4.7.2/../../../../avr/lib/avr5/libprintf_min.a(vfprintf_min.o)
 .text          0x0000000000003604        0x0 /usr/local/cross/lib/gcc/avr/4.7.2/../../../../avr/lib/avr5/libscanf_min.a(vfscanf_min.o)
 .text          0x0000000000003604        0x0 /usr/local/cross/lib/gcc/avr/4.7.2/avr5/libgcc.a(_umulhisi3.o)
 .text          0x0000000000003604        0x0 /usr/local/cross/lib/gcc/avr/4.7.2/avr5/libgcc.a(_mulsi3.o)
 .text          0x0000000000003604        0x0 /usr/local/cross/lib/gcc/avr/4.7.2/avr5/libgcc.a(_udivmodhi4.o)
 .text          0x0000000000003604        0x0 /usr/local/cross/lib/gcc/avr/4.7.2/avr5/libgcc.a(_udivmodsi4.o)
 .text          0x0000000000003604        0x0 /usr/local/cross/lib/gcc/avr/4.7.2/avr5/libgcc.a(_divmodsi4.o)
 .text          0x0000000000003604        0x0 /usr/local/cross/lib/gcc/avr/4.7.2/avr5/libgcc.a(_prologue.o)
 .text          0x0000000000003604        0x0 /usr/local/cross/lib/gcc/avr/4.7.2/avr5/libgcc.a(_epilogue.o)
 .text          0x0000000000003604        0x0 /usr/local/cross/lib/gcc/avr/4.7.2/avr5/libgcc.a(_exit.o)
 .text          0x0000000000003604        0x0 /usr/local/cross/lib/gcc/avr/4.7.2/avr5/libgcc.a(_copy_data.o)
 .text          0x0000000000003604        0x0 /usr/local/cross/lib/gcc/avr/4.7.2/avr5/libgcc.a(_clear_bss.o)
 .text          0x0000000000003604        0x0 /usr/local/cross/lib/gcc/avr/4.7.2/avr5/libgcc.a(_muluhisi3.o)
 .text          0x0000000000003604        0x0 /usr/local/cross/lib/gcc/avr/4.7.2/../../../../avr/lib/avr5/libc.a(isspace.o)
 .text          0x0000000000003604        0x0 /usr/local/cross/lib/gcc/avr/4.7.2/../../../../avr/lib/avr5/libc.a(strchr_P.o)
 .text          0x0000000000003604        0x0 /usr/local/cross/lib/gcc/avr/4.7.2/../../../../avr/lib/avr5/libc.a(fgetc.o)
 .text          0x0000000000003604        0x0 /usr/local/cross/lib/gcc/avr/4.7.2/../../../../avr/lib/avr5/libc.a(fputc.o)
 .text          0x0000000000003604        0x0 /usr/local/cross/lib/gcc/avr/4.7.2/../../../../avr/lib/avr5/libc.a(ungetc.o)
 .text          0x0000000000003604        0x0 /usr/local/cross/lib/gcc/avr/4.7.2/../../../../avr/lib/avr5/libc.a(ultoa_invert.o)
 .text          0x0000000000003604        0x0 /usr/local/cross/lib/gcc/avr/4.7.2/../../../../avr/lib/avr5/libc.a(cty_isfalse.o)
                0x0000000000003604                . = ALIGN (0x2)
 *(.text.*)
 .text.startup  0x0000000000003604       0x46 main.o
                0x0000000000003604                main
 .text.avr-libc
                0x000000000000364a      0x26a /usr/local/cross/lib/gcc/avr/4.7.2/../../../../avr/lib/avr5/libprintf_min.a(vfprintf_min.o)
                0x000000000000364a                vfprintf
 .text.avr-libc
                0x00000000000038b4      0x3a8 /usr/local/cross/lib/gcc/avr/4.7.2/../../../../avr/lib/avr5/libscanf_min.a(vfscanf_min.o)
                0x0000000000003a4c                vfscanf
 .text.libgcc.mul
                0x0000000000003c5c       0x18 /usr/local/cross/lib/gcc/avr/4.7.2/avr5/libgcc.a(_umulhisi3.o)
                0x0000000000003c5c                __umulhisi3
 .text.libgcc.div
                0x0000000000003c74        0x0 /usr/local/cross/lib/gcc/avr/4.7.2/avr5/libgcc.a(_umulhisi3.o)
 .text.libgcc   0x0000000000003c74        0x0 /usr/local/cross/lib/gcc/avr/4.7.2/avr5/libgcc.a(_umulhisi3.o)
 .text.libgcc.prologue
                0x0000000000003c74        0x0 /usr/local/cross/lib/gcc/avr/4.7.2/avr5/libgcc.a(_umulhisi3.o)
 .text.libgcc.builtins
                0x0000000000003c74        0x0 /usr/local/cross/lib/gcc/avr/4.7.2/avr5/libgcc.a(_umulhisi3.o)
 .text.libgcc.fmul
                0x0000000000003c74        0x0 /usr/local/cross/lib/gcc/avr/4.7.2/avr5/libgcc.a(_umulhisi3.o)
 .text.libgcc.mul
                0x0000000000003c74       0x20 /usr/local/cross/lib/gcc/avr/4.7.2/avr5/libgcc.a(_mulsi3.o)
                0x0000000000003c74                __mulsi3
 .text.libgcc.div
                0x0000000000003c94        0x0 /usr/local/cross/lib/gcc/avr/4.7.2/avr5/libgcc.a(_mulsi3.o)
 .text.libgcc   0x0000000000003c94        0x0 /usr/local/cross/lib/gcc/avr/4.7.2/avr5/libgcc.a(_mulsi3.o)
 .text.libgcc.prologue
                0x0000000000003c94        0x0 /usr/local/cross/lib/gcc/avr/4.7.2/avr5/libgcc.a(_mulsi3.o)
 .text.libgcc.builtins
                0x0000000000003c94        0x0 /usr/local/cross/lib/gcc/avr/4.7.2/avr5/libgcc.a(_mulsi3.o)
 .text.libgcc.fmul
                0x0000000000003c94        0x0 /usr/local/cross/lib/gcc/avr/4.7.2/avr5/libgcc.a(_mulsi3.o)
 .text.libgcc.mul
                0x0000000000003c94        0x0 /usr/local/cross/lib/gcc/avr/4.7.2/avr5/libgcc.a(_udivmodhi4.o)
 .text.libgcc.div
                0x0000000000003c94       0x28 /usr/local/cross/lib/gcc/avr/4.7.2/avr5/libgcc.a(_udivmodhi4.o)
                0x0000000000003c94                __udivmodhi4
 .text.libgcc   0x0000000000003cbc        0x0 /usr/local/cross/lib/gcc/avr/4.7.2/avr5/libgcc.a(_udivmodhi4.o)
 .text.libgcc.prologue
                0x0000000000003cbc        0x0 /usr/local/cross/lib/gcc/avr/4.7.2/avr5/libgcc.a(_udivmodhi4.o)
 .text.libgcc.builtins
                0x0000000000003cbc        0x0 /usr/local/cross/lib/gcc/avr/4.7.2/avr5/libgcc.a(_udivmodhi4.o)
 .text.libgcc.fmul
                0x0000000000003cbc        0x0 /usr/local/cross/lib/gcc/avr/4.7.2/avr5/libgcc.a(_udivmodhi4.o)
 .text.libgcc.mul
                0x0000000000003cbc        0x0 /usr/local/cross/lib/gcc/avr/4.7.2/avr5/libgcc.a(_udivmodsi4.o)
 .text.libgcc.div
                0x0000000000003cbc       0x44 /usr/local/cross/lib/gcc/avr/4.7.2/avr5/libgcc.a(_udivmodsi4.o)
                0x0000000000003cbc                __udivmodsi4
 .text.libgcc   0x0000000000003d00        0x0 /usr/local/cross/lib/gcc/avr/4.7.2/avr5/libgcc.a(_udivmodsi4.o)
 .text.libgcc.prologue
                0x0000000000003d00        0x0 /usr/local/cross/lib/gcc/avr/4.7.2/avr5/libgcc.a(_udivmodsi4.o)
 .text.libgcc.builtins
                0x0000000000003d00        0x0 /usr/local/cross/lib/gcc/avr/4.7.2/avr5/libgcc.a(_udivmodsi4.o)
 .text.libgcc.fmul
                0x0000000000003d00        0x0 /usr/local/cross/lib/gcc/avr/4.7.2/avr5/libgcc.a(_udivmodsi4.o)
 .text.libgcc.mul
                0x0000000000003d00        0x0 /usr/local/cross/lib/gcc/avr/4.7.2/avr5/libgcc.a(_divmodsi4.o)
 .text.libgcc.div
                0x0000000000003d00       0x38 /usr/local/cross/lib/gcc/avr/4.7.2/avr5/libgcc.a(_divmodsi4.o)
                0x0000000000003d00                __divmodsi4
 .text.libgcc   0x0000000000003d38        0x0 /usr/local/cross/lib/gcc/avr/4.7.2/avr5/libgcc.a(_divmodsi4.o)
 .text.libgcc.prologue
                0x0000000000003d38        0x0 /usr/local/cross/lib/gcc/avr/4.7.2/avr5/libgcc.a(_divmodsi4.o)
 .text.libgcc.builtins
                0x0000000000003d38        0x0 /usr/local/cross/lib/gcc/avr/4.7.2/avr5/libgcc.a(_divmodsi4.o)
 .text.libgcc.fmul
                0x0000000000003d38        0x0 /usr/local/cross/lib/gcc/avr/4.7.2/avr5/libgcc.a(_divmodsi4.o)
 .text.libgcc.mul
                0x0000000000003d38        0x0 /usr/local/cross/lib/gcc/avr/4.7.2/avr5/libgcc.a(_prologue.o)
 .text.libgcc.div
                0x0000000000003d38        0x0 /usr/local/cross/lib/gcc/avr/4.7.2/avr5/libgcc.a(_prologue.o)
 .text.libgcc   0x0000000000003d38        0x0 /usr/local/cross/lib/gcc/avr/4.7.2/avr5/libgcc.a(_prologue.o)
 .text.libgcc.prologue
                0x0000000000003d38       0x38 /usr/local/cross/lib/gcc/avr/4.7.2/avr5/libgcc.a(_prologue.o)
                0x0000000000003d38                __prologue_saves__
 .text.libgcc.builtins
                0x0000000000003d70        0x0 /usr/local/cross/lib/gcc/avr/4.7.2/avr5/libgcc.a(_prologue.o)
 .text.libgcc.fmul
                0x0000000000003d70        0x0 /usr/local/cross/lib/gcc/avr/4.7.2/avr5/libgcc.a(_prologue.o)
 .text.libgcc.mul
                0x0000000000003d70        0x0 /usr/local/cross/lib/gcc/avr/4.7.2/avr5/libgcc.a(_epilogue.o)
 .text.libgcc.div
                0x0000000000003d70        0x0 /usr/local/cross/lib/gcc/avr/4.7.2/avr5/libgcc.a(_epilogue.o)
 .text.libgcc   0x0000000000003d70        0x0 /usr/local/cross/lib/gcc/avr/4.7.2/avr5/libgcc.a(_epilogue.o)
 .text.libgcc.prologue
                0x0000000000003d70       0x36 /usr/local/cross/lib/gcc/avr/4.7.2/avr5/libgcc.a(_epilogue.o)
                0x0000000000003d70                __epilogue_restores__
 .text.libgcc.builtins
                0x0000000000003da6        0x0 /usr/local/cross/lib/gcc/avr/4.7.2/avr5/libgcc.a(_epilogue.o)
 .text.libgcc.fmul
                0x0000000000003da6        0x0 /usr/local/cross/lib/gcc/avr/4.7.2/avr5/libgcc.a(_epilogue.o)
 .text.libgcc.mul
                0x0000000000003da6        0x0 /usr/local/cross/lib/gcc/avr/4.7.2/avr5/libgcc.a(_exit.o)
 .text.libgcc.div
                0x0000000000003da6        0x0 /usr/local/cross/lib/gcc/avr/4.7.2/avr5/libgcc.a(_exit.o)
 .text.libgcc   0x0000000000003da6        0x0 /usr/local/cross/lib/gcc/avr/4.7.2/avr5/libgcc.a(_exit.o)
 .text.libgcc.prologue
                0x0000000000003da6        0x0 /usr/local/cross/lib/gcc/avr/4.7.2/avr5/libgcc.a(_exit.o)
 .text.libgcc.builtins
                0x0000000000003da6        0x0 /usr/local/cross/lib/gcc/avr/4.7.2/avr5/libgcc.a(_exit.o)
 .text.libgcc.fmul
                0x0000000000003da6        0x0 /usr/local/cross/lib/gcc/avr/4.7.2/avr5/libgcc.a(_exit.o)
 .text.libgcc.mul
                0x0000000000003da6        0x0 /usr/local/cross/lib/gcc/avr/4.7.2/avr5/libgcc.a(_copy_data.o)
 .text.libgcc.div
                0x0000000000003da6        0x0 /usr/local/cross/lib/gcc/avr/4.7.2/avr5/libgcc.a(_copy_data.o)
 .text.libgcc   0x0000000000003da6        0x0 /usr/local/cross/lib/gcc/avr/4.7.2/avr5/libgcc.a(_copy_data.o)
 .text.libgcc.prologue
                0x0000000000003da6        0x0 /usr/local/cross/lib/gcc/avr/4.7.2/avr5/libgcc.a(_copy_data.o)
 .text.libgcc.builtins
                0x0000000000003da6        0x0 /usr/local/cross/lib/gcc/avr/4.7.2/avr5/libgcc.a(_copy_data.o)
 .text.libgcc.fmul
                0x0000000000003da6        0x0 /usr/local/cross/lib/gcc/avr/4.7.2/avr5/libgcc.a(_copy_data.o)
 .text.libgcc.mul
                0x0000000000003da6        0x0 /usr/local/cross/lib/gcc/avr/4.7.2/avr5/libgcc.a(_clear_bss.o)
 .text.libgcc.div
                0x0000000000003da6        0x0 /usr/local/cross/lib/gcc/avr/4.7.2/avr5/libgcc.a(_clear_bss.o)
 .text.libgcc   0x0000000000003da6        0x0 /usr/local/cross/lib/gcc/avr/4.7.2/avr5/libgcc.a(_clear_bss.o)
 .text.libgcc.prologue
                0x0000000000003da6        0x0 /usr/local/cross/lib/gcc/avr/4.7.2/avr5/libgcc.a(_clear_bss.o)
 .text.libgcc.builtins
                0x0000000000003da6        0x0 /usr/local/cross/lib/gcc/avr/4.7.2/avr5/libgcc.a(_clear_bss.o)
 .text.libgcc.fmul
                0x0000000000003da6        0x0 /usr/local/cross/lib/gcc/avr/4.7.2/avr5/libgcc.a(_clear_bss.o)
 .text.libgcc.mul
                0x0000000000003da6       0x16 /usr/local/cross/lib/gcc/avr/4.7.2/avr5/libgcc.a(_muluhisi3.o)
                0x0000000000003da6                __muluhisi3
 .text.libgcc.div
                0x0000000000003dbc        0x0 /usr/local/cross/lib/gcc/avr/4.7.2/avr5/libgcc.a(_muluhisi3.o)
 .text.libgcc   0x0000000000003dbc        0x0 /usr/local/cross/lib/gcc/avr/4.7.2/avr5/libgcc.a(_muluhisi3.o)
 .text.libgcc.prologue
                0x0000000000003dbc        0x0 /usr/local/cross/lib/gcc/avr/4.7.2/avr5/libgcc.a(_muluhisi3.o)
 .text.libgcc.builtins
                0x0000000000003dbc        0x0 /usr/local/cross/lib/gcc/avr/4.7.2/avr5/libgcc.a(_muluhisi3.o)
 .text.libgcc.fmul
                0x0000000000003dbc        0x0 /usr/local/cross/lib/gcc/avr/4.7.2/avr5/libgcc.a(_muluhisi3.o)
 .text.avr-libc
                0x0000000000003dbc       0x10 /usr/local/cross/lib/gcc/avr/4.7.2/../../../../avr/lib/avr5/libc.a(isspace.o)
                0x0000000000003dbc                isspace
 .text.avr-libc
                0x0000000000003dcc       0x16 /usr/local/cross/lib/gcc/avr/4.7.2/../../../../avr/lib/avr5/libc.a(strchr_P.o)
                0x0000000000003dcc                strchr_P
 .text.avr-libc
                0x0000000000003de2       0x80 /usr/local/cross/lib/gcc/avr/4.7.2/../../../../avr/lib/avr5/libc.a(fgetc.o)
                0x0000000000003de2                fgetc
 .text.avr-libc
                0x0000000000003e62       0x58 /usr/local/cross/lib/gcc/avr/4.7.2/../../../../avr/lib/avr5/libc.a(fputc.o)
                0x0000000000003e62                fputc
 .text.avr-libc
                0x0000000000003eba       0x3a /usr/local/cross/lib/gcc/avr/4.7.2/../../../../avr/lib/avr5/libc.a(ungetc.o)
                0x0000000000003eba                ungetc
 .text.avr-libc
                0x0000000000003ef4       0xbc /usr/local/cross/lib/gcc/avr/4.7.2/../../../../avr/lib/avr5/libc.a(ultoa_invert.o)
                0x0000000000003ef4                __ultoa_invert
 .text.avr-libc
                0x0000000000003fb0        0x6 /usr/local/cross/lib/gcc/avr/4.7.2/../../../../avr/lib/avr5/libc.a(cty_isfalse.o)
                0x0000000000003fb0                __ctype_isfalse
                0x0000000000003fb4                __ctype_istrue
                0x0000000000003fb6                . = ALIGN (0x2)
 *(.fini9)
 .fini9         0x0000000000003fb6        0x0 /usr/local/cross/lib/gcc/avr/4.7.2/avr5/libgcc.a(_exit.o)
                0x0000000000003fb6                exit
                0x0000000000003fb6                _exit
 *(.fini9)
 *(.fini8)
 *(.fini8)
 *(.fini7)
 *(.fini7)
 *(.fini6)
 *(.fini6)
 *(.fini5)
 *(.fini5)
 *(.fini4)
 *(.fini4)
 *(.fini3)
 *(.fini3)
 *(.fini2)
 *(.fini2)
 *(.fini1)
 *(.fini1)
 *(.fini0)
 .fini0         0x0000000000003fb6        0x4 /usr/local/cross/lib/gcc/avr/4.7.2/avr5/libgcc.a(_exit.o)
 *(.fini0)
                0x0000000000003fba                _etext = .

.data           0x0000000000800100       0x9a load address 0x0000000000003fba
                0x0000000000800100                PROVIDE (__data_start, .)
 *(.data)
 .data          0x0000000000800100        0x0 /usr/local/cross/lib/gcc/avr/4.7.2/../../../../avr/lib/avr5/crtm328p.o
 .data          0x0000000000800100        0x0 ../../os/ports/GCC/AVR/chcore.o
 .data          0x0000000000800100        0x0 ../../os/kernel/src/chsys.o
 .data          0x0000000000800100        0x0 ../../os/kernel/src/chdebug.o
 .data          0x0000000000800100        0x0 ../../os/kernel/src/chlists.o
 .data          0x0000000000800100        0x0 ../../os/kernel/src/chvt.o
 .data          0x0000000000800100        0x0 ../../os/kernel/src/chschd.o
 .data          0x0000000000800100        0x0 ../../os/kernel/src/chthreads.o
 .data          0x0000000000800100        0x0 ../../os/kernel/src/chdynamic.o
 .data          0x0000000000800100        0x0 ../../os/kernel/src/chregistry.o
 .data          0x0000000000800100        0x0 ../../os/kernel/src/chsem.o
 .data          0x0000000000800100        0x0 ../../os/kernel/src/chmtx.o
 .data          0x0000000000800100        0x0 ../../os/kernel/src/chcond.o
 .data          0x0000000000800100        0x0 ../../os/kernel/src/chevents.o
 .data          0x0000000000800100        0x0 ../../os/kernel/src/chmsg.o
 .data          0x0000000000800100        0x0 ../../os/kernel/src/chmboxes.o
 .data          0x0000000000800100        0x0 ../../os/kernel/src/chqueues.o
 .data          0x0000000000800100        0x0 ../../os/kernel/src/chmemcore.o
 .data          0x0000000000800100        0x0 ../../os/kernel/src/chheap.o
 .data          0x0000000000800100        0x0 ../../os/kernel/src/chmempools.o
 .data          0x0000000000800100        0x0 ../../os/hal/src/hal.o
 .data          0x0000000000800100        0x0 ../../os/hal/src/adc.o
 .data          0x0000000000800100        0x0 ../../os/hal/src/can.o
 .data          0x0000000000800100        0x0 ../../os/hal/src/ext.o
 .data          0x0000000000800100        0x0 ../../os/hal/src/gpt.o
 .data          0x0000000000800100        0x0 ../../os/hal/src/i2c.o
 .data          0x0000000000800100        0x0 ../../os/hal/src/icu.o
 .data          0x0000000000800100        0x0 ../../os/hal/src/mac.o
 .data          0x0000000000800100        0x0 ../../os/hal/src/mmc_spi.o
 .data          0x0000000000800100        0x0 ../../os/hal/src/mmcsd.o
 .data          0x0000000000800100        0x0 ../../os/hal/src/pal.o
 .data          0x0000000000800100        0x0 ../../os/hal/src/pwm.o
 .data          0x0000000000800100        0x0 ../../os/hal/src/rtc.o
 .data          0x0000000000800100        0x0 ../../os/hal/src/sdc.o
 .data          0x0000000000800100        0x0 ../../os/hal/src/serial.o
 .data          0x0000000000800100        0x0 ../../os/hal/src/serial_usb.o
 .data          0x0000000000800100        0x0 ../../os/hal/src/spi.o
 .data          0x0000000000800100        0x0 ../../os/hal/src/tm.o
 .data          0x0000000000800100        0x0 ../../os/hal/src/uart.o
 .data          0x0000000000800100        0x0 ../../os/hal/src/usb.o
 .data          0x0000000000800100        0x0 ../../os/hal/platforms/AVR/hal_lld.o
 .data          0x0000000000800100        0x0 ../../os/hal/platforms/AVR/pal_lld.o
 .data          0x0000000000800100        0x0 ../../os/hal/platforms/AVR/serial_lld.o
 .data          0x0000000000800100        0x0 ../../os/hal/platforms/AVR/adc_lld.o
 .data          0x0000000000800100        0x0 ../../os/hal/platforms/AVR/i2c_lld.o
 .data          0x0000000000800100       0x30 ../../os/hal/platforms/AVR/pwm_lld.o
                0x0000000000800100                timer_registers_table
 .data          0x0000000000800130        0x0 ../../os/hal/platforms/AVR/spi_lld.o
 .data          0x0000000000800130        0x0 ../../os/hal/platforms/AVR/gpt_lld.o
 .data          0x0000000000800130       0x24 ../../os/hal/platforms/AVR/atmega_timers.o
                0x0000000000800130                clock_source_extended
                0x0000000000800137                ratio_extended
                0x0000000000800145                clock_source_base
                0x000000000080014a                ratio_base
 .data          0x0000000000800154        0x0 ../../boards/ARDUINO_GENERIC/board.o
 .data          0x0000000000800154        0x0 ../../os/various/evtimer.o
 .data          0x0000000000800154        0x0 ../../os/various/chprintf.o
 .data          0x0000000000800154        0x0 main.o
 .data          0x0000000000800154        0x0 /usr/local/cross/lib/gcc/avr/4.7.2/../../../../avr/lib/avr5/libprintf_min.a(vfprintf_min.o)
 .data          0x0000000000800154        0x0 /usr/local/cross/lib/gcc/avr/4.7.2/../../../../avr/lib/avr5/libscanf_min.a(vfscanf_min.o)
 .data          0x0000000000800154        0x0 /usr/local/cross/lib/gcc/avr/4.7.2/avr5/libgcc.a(_umulhisi3.o)
 .data          0x0000000000800154        0x0 /usr/local/cross/lib/gcc/avr/4.7.2/avr5/libgcc.a(_mulsi3.o)
 .data          0x0000000000800154        0x0 /usr/local/cross/lib/gcc/avr/4.7.2/avr5/libgcc.a(_udivmodhi4.o)
 .data          0x0000000000800154        0x0 /usr/local/cross/lib/gcc/avr/4.7.2/avr5/libgcc.a(_udivmodsi4.o)
 .data          0x0000000000800154        0x0 /usr/local/cross/lib/gcc/avr/4.7.2/avr5/libgcc.a(_divmodsi4.o)
 .data          0x0000000000800154        0x0 /usr/local/cross/lib/gcc/avr/4.7.2/avr5/libgcc.a(_prologue.o)
 .data          0x0000000000800154        0x0 /usr/local/cross/lib/gcc/avr/4.7.2/avr5/libgcc.a(_epilogue.o)
 .data          0x0000000000800154        0x0 /usr/local/cross/lib/gcc/avr/4.7.2/avr5/libgcc.a(_exit.o)
 .data          0x0000000000800154        0x0 /usr/local/cross/lib/gcc/avr/4.7.2/avr5/libgcc.a(_copy_data.o)
 .data          0x0000000000800154        0x0 /usr/local/cross/lib/gcc/avr/4.7.2/avr5/libgcc.a(_clear_bss.o)
 .data          0x0000000000800154        0x0 /usr/local/cross/lib/gcc/avr/4.7.2/avr5/libgcc.a(_muluhisi3.o)
 .data          0x0000000000800154        0x0 /usr/local/cross/lib/gcc/avr/4.7.2/../../../../avr/lib/avr5/libc.a(isspace.o)
 .data          0x0000000000800154        0x0 /usr/local/cross/lib/gcc/avr/4.7.2/../../../../avr/lib/avr5/libc.a(strchr_P.o)
 .data          0x0000000000800154        0x0 /usr/local/cross/lib/gcc/avr/4.7.2/../../../../avr/lib/avr5/libc.a(fgetc.o)
 .data          0x0000000000800154        0x0 /usr/local/cross/lib/gcc/avr/4.7.2/../../../../avr/lib/avr5/libc.a(fputc.o)
 .data          0x0000000000800154        0x0 /usr/local/cross/lib/gcc/avr/4.7.2/../../../../avr/lib/avr5/libc.a(ungetc.o)
 .data          0x0000000000800154        0x0 /usr/local/cross/lib/gcc/avr/4.7.2/../../../../avr/lib/avr5/libc.a(ultoa_invert.o)
 .data          0x0000000000800154        0x0 /usr/local/cross/lib/gcc/avr/4.7.2/../../../../avr/lib/avr5/libc.a(cty_isfalse.o)
 *(.data*)
 *(.rodata)
 .rodata        0x0000000000800154       0x16 ../../os/kernel/src/chregistry.o
                0x0000000000800154                ch_debug
 .rodata        0x000000000080016a       0x10 ../../os/hal/src/serial.o
 .rodata        0x000000000080017a        0x3 ../../os/hal/platforms/AVR/serial_lld.o
 .rodata        0x000000000080017d        0x6 ../../boards/ARDUINO_GENERIC/board.o
                0x000000000080017d                pal_default_config
 *(.rodata*)
 .rodata.str1.1
                0x0000000000800183        0x5 ../../os/kernel/src/chsys.o
 .rodata.str1.1
                0x0000000000800188        0x7 ../../os/various/chprintf.o
 .rodata.str1.1
                0x000000000080018f        0xa main.o
 *(.gnu.linkonce.d*)
                0x000000000080019a                . = ALIGN (0x2)
 *fill*         0x0000000000800199        0x1 00
                0x000000000080019a                _edata = .
                0x000000000080019a                PROVIDE (__data_end, .)

.bss            0x000000000080019a      0x11d
                0x000000000080019a                PROVIDE (__bss_start, .)
 *(.bss)
 .bss           0x000000000080019a        0x0 /usr/local/cross/lib/gcc/avr/4.7.2/../../../../avr/lib/avr5/crtm328p.o
 .bss           0x000000000080019a        0x0 ../../os/ports/GCC/AVR/chcore.o
 .bss           0x000000000080019a       0x20 ../../os/kernel/src/chsys.o
 .bss           0x00000000008001ba        0x0 ../../os/kernel/src/chdebug.o
 .bss           0x00000000008001ba        0x0 ../../os/kernel/src/chlists.o
 .bss           0x00000000008001ba        0x0 ../../os/kernel/src/chvt.o
 .bss           0x00000000008001ba        0x0 ../../os/kernel/src/chschd.o
 .bss           0x00000000008001ba        0x0 ../../os/kernel/src/chthreads.o
 .bss           0x00000000008001ba        0x0 ../../os/kernel/src/chdynamic.o
 .bss           0x00000000008001ba        0x0 ../../os/kernel/src/chregistry.o
 .bss           0x00000000008001ba        0x0 ../../os/kernel/src/chsem.o
 .bss           0x00000000008001ba        0x0 ../../os/kernel/src/chmtx.o
 .bss           0x00000000008001ba        0x0 ../../os/kernel/src/chcond.o
 .bss           0x00000000008001ba        0x0 ../../os/kernel/src/chevents.o
 .bss           0x00000000008001ba        0x0 ../../os/kernel/src/chmsg.o
 .bss           0x00000000008001ba        0x0 ../../os/kernel/src/chmboxes.o
 .bss           0x00000000008001ba        0x0 ../../os/kernel/src/chqueues.o
 .bss           0x00000000008001ba        0x0 ../../os/kernel/src/chmemcore.o
 .bss           0x00000000008001ba        0x0 ../../os/kernel/src/chheap.o
 .bss           0x00000000008001ba        0x0 ../../os/kernel/src/chmempools.o
 .bss           0x00000000008001ba        0x0 ../../os/hal/src/hal.o
 .bss           0x00000000008001ba        0x0 ../../os/hal/src/adc.o
 .bss           0x00000000008001ba        0x0 ../../os/hal/src/can.o
 .bss           0x00000000008001ba        0x0 ../../os/hal/src/ext.o
 .bss           0x00000000008001ba        0x0 ../../os/hal/src/gpt.o
 .bss           0x00000000008001ba        0x0 ../../os/hal/src/i2c.o
 .bss           0x00000000008001ba        0x0 ../../os/hal/src/icu.o
 .bss           0x00000000008001ba        0x0 ../../os/hal/src/mac.o
 .bss           0x00000000008001ba        0x0 ../../os/hal/src/mmc_spi.o
 .bss           0x00000000008001ba        0x0 ../../os/hal/src/mmcsd.o
 .bss           0x00000000008001ba        0x0 ../../os/hal/src/pal.o
 .bss           0x00000000008001ba        0x0 ../../os/hal/src/pwm.o
 .bss           0x00000000008001ba        0x0 ../../os/hal/src/rtc.o
 .bss           0x00000000008001ba        0x0 ../../os/hal/src/sdc.o
 .bss           0x00000000008001ba        0x0 ../../os/hal/src/serial.o
 .bss           0x00000000008001ba        0x0 ../../os/hal/src/serial_usb.o
 .bss           0x00000000008001ba        0x0 ../../os/hal/src/spi.o
 .bss           0x00000000008001ba        0x0 ../../os/hal/src/tm.o
 .bss           0x00000000008001ba        0x0 ../../os/hal/src/uart.o
 .bss           0x00000000008001ba        0x0 ../../os/hal/src/usb.o
 .bss           0x00000000008001ba        0x0 ../../os/hal/platforms/AVR/hal_lld.o
 .bss           0x00000000008001ba        0x0 ../../os/hal/platforms/AVR/pal_lld.o
 .bss           0x00000000008001ba        0x0 ../../os/hal/platforms/AVR/serial_lld.o
 .bss           0x00000000008001ba        0x0 ../../os/hal/platforms/AVR/adc_lld.o
 .bss           0x00000000008001ba        0x0 ../../os/hal/platforms/AVR/i2c_lld.o
 .bss           0x00000000008001ba        0x0 ../../os/hal/platforms/AVR/pwm_lld.o
 .bss           0x00000000008001ba        0x0 ../../os/hal/platforms/AVR/spi_lld.o
 .bss           0x00000000008001ba        0x0 ../../os/hal/platforms/AVR/gpt_lld.o
 .bss           0x00000000008001ba        0x0 ../../os/hal/platforms/AVR/atmega_timers.o
 .bss           0x00000000008001ba        0x0 ../../boards/ARDUINO_GENERIC/board.o
 .bss           0x00000000008001ba        0x0 ../../os/various/evtimer.o
 .bss           0x00000000008001ba        0x0 ../../os/various/chprintf.o
 .bss           0x00000000008001ba        0x0 main.o
 .bss           0x00000000008001ba        0x0 /usr/local/cross/lib/gcc/avr/4.7.2/../../../../avr/lib/avr5/libprintf_min.a(vfprintf_min.o)
 .bss           0x00000000008001ba        0x0 /usr/local/cross/lib/gcc/avr/4.7.2/../../../../avr/lib/avr5/libscanf_min.a(vfscanf_min.o)
 .bss           0x00000000008001ba        0x0 /usr/local/cross/lib/gcc/avr/4.7.2/avr5/libgcc.a(_umulhisi3.o)
 .bss           0x00000000008001ba        0x0 /usr/local/cross/lib/gcc/avr/4.7.2/avr5/libgcc.a(_mulsi3.o)
 .bss           0x00000000008001ba        0x0 /usr/local/cross/lib/gcc/avr/4.7.2/avr5/libgcc.a(_udivmodhi4.o)
 .bss           0x00000000008001ba        0x0 /usr/local/cross/lib/gcc/avr/4.7.2/avr5/libgcc.a(_udivmodsi4.o)
 .bss           0x00000000008001ba        0x0 /usr/local/cross/lib/gcc/avr/4.7.2/avr5/libgcc.a(_divmodsi4.o)
 .bss           0x00000000008001ba        0x0 /usr/local/cross/lib/gcc/avr/4.7.2/avr5/libgcc.a(_prologue.o)
 .bss           0x00000000008001ba        0x0 /usr/local/cross/lib/gcc/avr/4.7.2/avr5/libgcc.a(_epilogue.o)
 .bss           0x00000000008001ba        0x0 /usr/local/cross/lib/gcc/avr/4.7.2/avr5/libgcc.a(_exit.o)
 .bss           0x00000000008001ba        0x0 /usr/local/cross/lib/gcc/avr/4.7.2/avr5/libgcc.a(_copy_data.o)
 .bss           0x00000000008001ba        0x0 /usr/local/cross/lib/gcc/avr/4.7.2/avr5/libgcc.a(_clear_bss.o)
 .bss           0x00000000008001ba        0x0 /usr/local/cross/lib/gcc/avr/4.7.2/avr5/libgcc.a(_muluhisi3.o)
 .bss           0x00000000008001ba        0x0 /usr/local/cross/lib/gcc/avr/4.7.2/../../../../avr/lib/avr5/libc.a(isspace.o)
 .bss           0x00000000008001ba        0x0 /usr/local/cross/lib/gcc/avr/4.7.2/../../../../avr/lib/avr5/libc.a(strchr_P.o)
 .bss           0x00000000008001ba        0x0 /usr/local/cross/lib/gcc/avr/4.7.2/../../../../avr/lib/avr5/libc.a(fgetc.o)
 .bss           0x00000000008001ba        0x0 /usr/local/cross/lib/gcc/avr/4.7.2/../../../../avr/lib/avr5/libc.a(fputc.o)
 .bss           0x00000000008001ba        0x0 /usr/local/cross/lib/gcc/avr/4.7.2/../../../../avr/lib/avr5/libc.a(ungetc.o)
 .bss           0x00000000008001ba        0x0 /usr/local/cross/lib/gcc/avr/4.7.2/../../../../avr/lib/avr5/libc.a(ultoa_invert.o)
 .bss           0x00000000008001ba        0x0 /usr/local/cross/lib/gcc/avr/4.7.2/../../../../avr/lib/avr5/libc.a(cty_isfalse.o)
 *(.bss*)
 *(COMMON)
 COMMON         0x00000000008001ba       0x6d ../../os/kernel/src/chsys.o
                0x00000000008001ba                _idle_thread_wa
 COMMON         0x0000000000800227        0x8 ../../os/kernel/src/chvt.o
                0x0000000000800227                vtlist
 COMMON         0x000000000080022f        0xd ../../os/kernel/src/chschd.o
                0x000000000080022f                rlist
 COMMON         0x000000000080023c       0x49 ../../os/hal/platforms/AVR/serial_lld.o
                0x000000000080023c                SD1
 COMMON         0x0000000000800285       0x15 ../../os/hal/platforms/AVR/adc_lld.o
                0x0000000000800285                ADCD1
 COMMON         0x000000000080029a        0xa ../../os/hal/platforms/AVR/pwm_lld.o
                0x000000000080029a                PWMD2
                0x000000000080029f                PWMD1
 COMMON         0x00000000008002a4       0x13 ../../os/hal/platforms/AVR/spi_lld.o
                0x00000000008002a4                SPID1
                0x00000000008002b7                PROVIDE (__bss_end, .)
                0x0000000000003fba                __data_load_start = LOADADDR (.data)
                0x0000000000004054                __data_load_end = (__data_load_start + SIZEOF (.data))

.noinit         0x00000000008002b7        0x0
                0x00000000008002b7                PROVIDE (__noinit_start, .)
 *(.noinit*)
                0x00000000008002b7                PROVIDE (__noinit_end, .)
                0x00000000008002b7                _end = .
                0x00000000008002b7                PROVIDE (__heap_start, .)

.eeprom         0x0000000000810000        0x0
 *(.eeprom*)
                0x0000000000810000                __eeprom_end = .

.fuse
 *(.fuse)
 *(.lfuse)
 *(.hfuse)
 *(.efuse)

.lock
 *(.lock*)

.signature
 *(.signature*)

.stab           0x0000000000000000     0x31bc
 *(.stab)
 .stab          0x0000000000000000      0x6cc /usr/local/cross/lib/gcc/avr/4.7.2/../../../../avr/lib/avr5/crtm328p.o
 .stab          0x00000000000006cc      0x7ec /usr/local/cross/lib/gcc/avr/4.7.2/../../../../avr/lib/avr5/libprintf_min.a(vfprintf_min.o)
                                        0x7f8 (size before relaxing)
 .stab          0x0000000000000eb8      0x9a8 /usr/local/cross/lib/gcc/avr/4.7.2/../../../../avr/lib/avr5/libscanf_min.a(vfscanf_min.o)
                                        0xbc4 (size before relaxing)
 .stab          0x0000000000001860       0xe4 /usr/local/cross/lib/gcc/avr/4.7.2/avr5/libgcc.a(_umulhisi3.o)
                                         0xf0 (size before relaxing)
 .stab          0x0000000000001944      0x108 /usr/local/cross/lib/gcc/avr/4.7.2/avr5/libgcc.a(_mulsi3.o)
                                        0x114 (size before relaxing)
 .stab          0x0000000000001a4c      0x15c /usr/local/cross/lib/gcc/avr/4.7.2/avr5/libgcc.a(_udivmodhi4.o)
                                        0x168 (size before relaxing)
 .stab          0x0000000000001ba8      0x228 /usr/local/cross/lib/gcc/avr/4.7.2/avr5/libgcc.a(_udivmodsi4.o)
                                        0x234 (size before relaxing)
 .stab          0x0000000000001dd0      0x198 /usr/local/cross/lib/gcc/avr/4.7.2/avr5/libgcc.a(_divmodsi4.o)
                                        0x1a4 (size before relaxing)
 .stab          0x0000000000001f68      0x1a4 /usr/local/cross/lib/gcc/avr/4.7.2/avr5/libgcc.a(_prologue.o)
                                        0x1b0 (size before relaxing)
 .stab          0x000000000000210c      0x1a4 /usr/local/cross/lib/gcc/avr/4.7.2/avr5/libgcc.a(_epilogue.o)
                                        0x1b0 (size before relaxing)
 .stab          0x00000000000022b0       0x6c /usr/local/cross/lib/gcc/avr/4.7.2/avr5/libgcc.a(_exit.o)
                                         0x78 (size before relaxing)
 .stab          0x000000000000231c       0xd8 /usr/local/cross/lib/gcc/avr/4.7.2/avr5/libgcc.a(_copy_data.o)
                                         0xe4 (size before relaxing)
 .stab          0x00000000000023f4       0xb4 /usr/local/cross/lib/gcc/avr/4.7.2/avr5/libgcc.a(_clear_bss.o)
                                         0xc0 (size before relaxing)
 .stab          0x00000000000024a8       0xcc /usr/local/cross/lib/gcc/avr/4.7.2/avr5/libgcc.a(_muluhisi3.o)
                                         0xd8 (size before relaxing)
 .stab          0x0000000000002574       0x9c /usr/local/cross/lib/gcc/avr/4.7.2/../../../../avr/lib/avr5/libc.a(isspace.o)
                                         0xa8 (size before relaxing)
 .stab          0x0000000000002610       0x9c /usr/local/cross/lib/gcc/avr/4.7.2/../../../../avr/lib/avr5/libc.a(strchr_P.o)
                                         0xa8 (size before relaxing)
 .stab          0x00000000000026ac      0x264 /usr/local/cross/lib/gcc/avr/4.7.2/../../../../avr/lib/avr5/libc.a(fgetc.o)
                                        0x444 (size before relaxing)
 .stab          0x0000000000002910      0x1e0 /usr/local/cross/lib/gcc/avr/4.7.2/../../../../avr/lib/avr5/libc.a(fputc.o)
                                        0x3c0 (size before relaxing)
 .stab          0x0000000000002af0      0x1ec /usr/local/cross/lib/gcc/avr/4.7.2/../../../../avr/lib/avr5/libc.a(ungetc.o)
                                        0x3cc (size before relaxing)
 .stab          0x0000000000002cdc      0x480 /usr/local/cross/lib/gcc/avr/4.7.2/../../../../avr/lib/avr5/libc.a(ultoa_invert.o)
                                        0x48c (size before relaxing)
 .stab          0x000000000000315c       0x60 /usr/local/cross/lib/gcc/avr/4.7.2/../../../../avr/lib/avr5/libc.a(cty_isfalse.o)
                                         0x6c (size before relaxing)

.stabstr        0x0000000000000000     0x103b
 *(.stabstr)
 .stabstr       0x0000000000000000     0x103b /usr/local/cross/lib/gcc/avr/4.7.2/../../../../avr/lib/avr5/crtm328p.o

.stab.excl
 *(.stab.excl)

.stab.exclstr
 *(.stab.exclstr)

.stab.index
 *(.stab.index)

.stab.indexstr
 *(.stab.indexstr)

.comment        0x0000000000000000       0x11
 *(.comment)
 .comment       0x0000000000000000       0x11 ../../os/ports/GCC/AVR/chcore.o
                                         0x12 (size before relaxing)
 .comment       0x0000000000000000       0x12 ../../os/kernel/src/chsys.o
 .comment       0x0000000000000000       0x12 ../../os/kernel/src/chdebug.o
 .comment       0x0000000000000000       0x12 ../../os/kernel/src/chlists.o
 .comment       0x0000000000000000       0x12 ../../os/kernel/src/chvt.o
 .comment       0x0000000000000000       0x12 ../../os/kernel/src/chschd.o
 .comment       0x0000000000000000       0x12 ../../os/kernel/src/chthreads.o
 .comment       0x0000000000000000       0x12 ../../os/kernel/src/chdynamic.o
 .comment       0x0000000000000000       0x12 ../../os/kernel/src/chregistry.o
 .comment       0x0000000000000000       0x12 ../../os/kernel/src/chsem.o
 .comment       0x0000000000000000       0x12 ../../os/kernel/src/chmtx.o
 .comment       0x0000000000000000       0x12 ../../os/kernel/src/chcond.o
 .comment       0x0000000000000000       0x12 ../../os/kernel/src/chevents.o
 .comment       0x0000000000000000       0x12 ../../os/kernel/src/chmsg.o
 .comment       0x0000000000000000       0x12 ../../os/kernel/src/chmboxes.o
 .comment       0x0000000000000000       0x12 ../../os/kernel/src/chqueues.o
 .comment       0x0000000000000000       0x12 ../../os/kernel/src/chmemcore.o
 .comment       0x0000000000000000       0x12 ../../os/kernel/src/chheap.o
 .comment       0x0000000000000000       0x12 ../../os/kernel/src/chmempools.o
 .comment       0x0000000000000000       0x12 ../../os/hal/src/hal.o
 .comment       0x0000000000000000       0x12 ../../os/hal/src/adc.o
 .comment       0x0000000000000000       0x12 ../../os/hal/src/can.o
 .comment       0x0000000000000000       0x12 ../../os/hal/src/ext.o
 .comment       0x0000000000000000       0x12 ../../os/hal/src/gpt.o
 .comment       0x0000000000000000       0x12 ../../os/hal/src/i2c.o
 .comment       0x0000000000000000       0x12 ../../os/hal/src/icu.o
 .comment       0x0000000000000000       0x12 ../../os/hal/src/mac.o
 .comment       0x0000000000000000       0x12 ../../os/hal/src/mmc_spi.o
 .comment       0x0000000000000000       0x12 ../../os/hal/src/mmcsd.o
 .comment       0x0000000000000000       0x12 ../../os/hal/src/pal.o
 .comment       0x0000000000000000       0x12 ../../os/hal/src/pwm.o
 .comment       0x0000000000000000       0x12 ../../os/hal/src/rtc.o
 .comment       0x0000000000000000       0x12 ../../os/hal/src/sdc.o
 .comment       0x0000000000000000       0x12 ../../os/hal/src/serial.o
 .comment       0x0000000000000000       0x12 ../../os/hal/src/serial_usb.o
 .comment       0x0000000000000000       0x12 ../../os/hal/src/spi.o
 .comment       0x0000000000000000       0x12 ../../os/hal/src/tm.o
 .comment       0x0000000000000000       0x12 ../../os/hal/src/uart.o
 .comment       0x0000000000000000       0x12 ../../os/hal/src/usb.o
 .comment       0x0000000000000000       0x12 ../../os/hal/platforms/AVR/hal_lld.o
 .comment       0x0000000000000000       0x12 ../../os/hal/platforms/AVR/pal_lld.o
 .comment       0x0000000000000000       0x12 ../../os/hal/platforms/AVR/serial_lld.o
 .comment       0x0000000000000000       0x12 ../../os/hal/platforms/AVR/adc_lld.o
 .comment       0x0000000000000000       0x12 ../../os/hal/platforms/AVR/i2c_lld.o
 .comment       0x0000000000000000       0x12 ../../os/hal/platforms/AVR/pwm_lld.o
 .comment       0x0000000000000000       0x12 ../../os/hal/platforms/AVR/spi_lld.o
 .comment       0x0000000000000000       0x12 ../../os/hal/platforms/AVR/gpt_lld.o
 .comment       0x0000000000000000       0x12 ../../os/hal/platforms/AVR/atmega_timers.o
 .comment       0x0000000000000000       0x12 ../../boards/ARDUINO_GENERIC/board.o
 .comment       0x0000000000000000       0x12 ../../os/various/evtimer.o
 .comment       0x0000000000000000       0x12 ../../os/various/chprintf.o
 .comment       0x0000000000000000       0x12 main.o

.debug
 *(.debug)

.line
 *(.line)

.debug_srcinfo
 *(.debug_srcinfo)

.debug_sfnames
 *(.debug_sfnames)

.debug_aranges  0x0000000000000000      0x5d0
 *(.debug_aranges)
 .debug_aranges
                0x0000000000000000       0x20 ../../os/ports/GCC/AVR/chcore.o
 .debug_aranges
                0x0000000000000020       0x20 ../../os/kernel/src/chsys.o
 .debug_aranges
                0x0000000000000040       0x18 ../../os/kernel/src/chdebug.o
 .debug_aranges
                0x0000000000000058       0x18 ../../os/kernel/src/chlists.o
 .debug_aranges
                0x0000000000000070       0x20 ../../os/kernel/src/chvt.o
 .debug_aranges
                0x0000000000000090       0x20 ../../os/kernel/src/chschd.o
 .debug_aranges
                0x00000000000000b0       0x20 ../../os/kernel/src/chthreads.o
 .debug_aranges
                0x00000000000000d0       0x18 ../../os/kernel/src/chdynamic.o
 .debug_aranges
                0x00000000000000e8       0x20 ../../os/kernel/src/chregistry.o
 .debug_aranges
                0x0000000000000108       0x20 ../../os/kernel/src/chsem.o
 .debug_aranges
                0x0000000000000128       0x20 ../../os/kernel/src/chmtx.o
 .debug_aranges
                0x0000000000000148       0x20 ../../os/kernel/src/chcond.o
 .debug_aranges
                0x0000000000000168       0x20 ../../os/kernel/src/chevents.o
 .debug_aranges
                0x0000000000000188       0x20 ../../os/kernel/src/chmsg.o
 .debug_aranges
                0x00000000000001a8       0x20 ../../os/kernel/src/chmboxes.o
 .debug_aranges
                0x00000000000001c8       0x20 ../../os/kernel/src/chqueues.o
 .debug_aranges
                0x00000000000001e8       0x18 ../../os/kernel/src/chmemcore.o
 .debug_aranges
                0x0000000000000200       0x18 ../../os/kernel/src/chheap.o
 .debug_aranges
                0x0000000000000218       0x18 ../../os/kernel/src/chmempools.o
 .debug_aranges
                0x0000000000000230       0x20 ../../os/hal/src/hal.o
 .debug_aranges
                0x0000000000000250       0x20 ../../os/hal/src/adc.o
 .debug_aranges
                0x0000000000000270       0x18 ../../os/hal/src/can.o
 .debug_aranges
                0x0000000000000288       0x18 ../../os/hal/src/ext.o
 .debug_aranges
                0x00000000000002a0       0x18 ../../os/hal/src/gpt.o
 .debug_aranges
                0x00000000000002b8       0x18 ../../os/hal/src/i2c.o
 .debug_aranges
                0x00000000000002d0       0x18 ../../os/hal/src/icu.o
 .debug_aranges
                0x00000000000002e8       0x18 ../../os/hal/src/mac.o
 .debug_aranges
                0x0000000000000300       0x18 ../../os/hal/src/mmc_spi.o
 .debug_aranges
                0x0000000000000318       0x18 ../../os/hal/src/mmcsd.o
 .debug_aranges
                0x0000000000000330       0x20 ../../os/hal/src/pal.o
 .debug_aranges
                0x0000000000000350       0x20 ../../os/hal/src/pwm.o
 .debug_aranges
                0x0000000000000370       0x18 ../../os/hal/src/rtc.o
 .debug_aranges
                0x0000000000000388       0x18 ../../os/hal/src/sdc.o
 .debug_aranges
                0x00000000000003a0       0x20 ../../os/hal/src/serial.o
 .debug_aranges
                0x00000000000003c0       0x18 ../../os/hal/src/serial_usb.o
 .debug_aranges
                0x00000000000003d8       0x20 ../../os/hal/src/spi.o
 .debug_aranges
                0x00000000000003f8       0x18 ../../os/hal/src/tm.o
 .debug_aranges
                0x0000000000000410       0x18 ../../os/hal/src/uart.o
 .debug_aranges
                0x0000000000000428       0x18 ../../os/hal/src/usb.o
 .debug_aranges
                0x0000000000000440       0x20 ../../os/hal/platforms/AVR/hal_lld.o
 .debug_aranges
                0x0000000000000460       0x20 ../../os/hal/platforms/AVR/pal_lld.o
 .debug_aranges
                0x0000000000000480       0x20 ../../os/hal/platforms/AVR/serial_lld.o
 .debug_aranges
                0x00000000000004a0       0x20 ../../os/hal/platforms/AVR/adc_lld.o
 .debug_aranges
                0x00000000000004c0       0x18 ../../os/hal/platforms/AVR/i2c_lld.o
 .debug_aranges
                0x00000000000004d8       0x20 ../../os/hal/platforms/AVR/pwm_lld.o
 .debug_aranges
                0x00000000000004f8       0x20 ../../os/hal/platforms/AVR/spi_lld.o
 .debug_aranges
                0x0000000000000518       0x18 ../../os/hal/platforms/AVR/gpt_lld.o
 .debug_aranges
                0x0000000000000530       0x20 ../../os/hal/platforms/AVR/atmega_timers.o
 .debug_aranges
                0x0000000000000550       0x20 ../../boards/ARDUINO_GENERIC/board.o
 .debug_aranges
                0x0000000000000570       0x20 ../../os/various/evtimer.o
 .debug_aranges
                0x0000000000000590       0x20 ../../os/various/chprintf.o
 .debug_aranges
                0x00000000000005b0       0x20 main.o

.debug_pubnames
 *(.debug_pubnames)

.debug_info     0x0000000000000000     0xed16
 *(.debug_info)
 .debug_info    0x0000000000000000      0x4ff ../../os/ports/GCC/AVR/chcore.o
 .debug_info    0x00000000000004ff      0x870 ../../os/kernel/src/chsys.o
 .debug_info    0x0000000000000d6f       0x64 ../../os/kernel/src/chdebug.o
 .debug_info    0x0000000000000dd3       0x64 ../../os/kernel/src/chlists.o
 .debug_info    0x0000000000000e37      0x27a ../../os/kernel/src/chvt.o
 .debug_info    0x00000000000010b1      0xa91 ../../os/kernel/src/chschd.o
 .debug_info    0x0000000000001b42      0xacf ../../os/kernel/src/chthreads.o
 .debug_info    0x0000000000002611       0x64 ../../os/kernel/src/chdynamic.o
 .debug_info    0x0000000000002675      0x649 ../../os/kernel/src/chregistry.o
 .debug_info    0x0000000000002cbe      0xacc ../../os/kernel/src/chsem.o
 .debug_info    0x000000000000378a      0x9e5 ../../os/kernel/src/chmtx.o
 .debug_info    0x000000000000416f      0x9b8 ../../os/kernel/src/chcond.o
 .debug_info    0x0000000000004b27      0xb5c ../../os/kernel/src/chevents.o
 .debug_info    0x0000000000005683      0x688 ../../os/kernel/src/chmsg.o
 .debug_info    0x0000000000005d0b      0xada ../../os/kernel/src/chmboxes.o
 .debug_info    0x00000000000067e5      0xbd9 ../../os/kernel/src/chqueues.o
 .debug_info    0x00000000000073be       0x64 ../../os/kernel/src/chmemcore.o
 .debug_info    0x0000000000007422       0x64 ../../os/kernel/src/chheap.o
 .debug_info    0x0000000000007486       0x64 ../../os/kernel/src/chmempools.o
 .debug_info    0x00000000000074ea      0x1ad ../../os/hal/src/hal.o
 .debug_info    0x0000000000007697      0xb5d ../../os/hal/src/adc.o
 .debug_info    0x00000000000081f4       0x64 ../../os/hal/src/can.o
 .debug_info    0x0000000000008258       0x64 ../../os/hal/src/ext.o
 .debug_info    0x00000000000082bc       0x64 ../../os/hal/src/gpt.o
 .debug_info    0x0000000000008320       0x64 ../../os/hal/src/i2c.o
 .debug_info    0x0000000000008384       0x64 ../../os/hal/src/icu.o
 .debug_info    0x00000000000083e8       0x64 ../../os/hal/src/mac.o
 .debug_info    0x000000000000844c       0x64 ../../os/hal/src/mmc_spi.o
 .debug_info    0x00000000000084b0       0x64 ../../os/hal/src/mmcsd.o
 .debug_info    0x0000000000008514      0x1fc ../../os/hal/src/pal.o
 .debug_info    0x0000000000008710      0x44f ../../os/hal/src/pwm.o
 .debug_info    0x0000000000008b5f       0x64 ../../os/hal/src/rtc.o
 .debug_info    0x0000000000008bc3       0x64 ../../os/hal/src/sdc.o
 .debug_info    0x0000000000008c27     0x1068 ../../os/hal/src/serial.o
 .debug_info    0x0000000000009c8f       0x64 ../../os/hal/src/serial_usb.o
 .debug_info    0x0000000000009cf3      0xd17 ../../os/hal/src/spi.o
 .debug_info    0x000000000000aa0a       0x64 ../../os/hal/src/tm.o
 .debug_info    0x000000000000aa6e       0x64 ../../os/hal/src/uart.o
 .debug_info    0x000000000000aad2       0x64 ../../os/hal/src/usb.o
 .debug_info    0x000000000000ab36      0x152 ../../os/hal/platforms/AVR/hal_lld.o
 .debug_info    0x000000000000ac88      0x1c5 ../../os/hal/platforms/AVR/pal_lld.o
 .debug_info    0x000000000000ae4d      0xb44 ../../os/hal/platforms/AVR/serial_lld.o
 .debug_info    0x000000000000b991      0x98f ../../os/hal/platforms/AVR/adc_lld.o
 .debug_info    0x000000000000c320       0x64 ../../os/hal/platforms/AVR/i2c_lld.o
 .debug_info    0x000000000000c384      0x6f1 ../../os/hal/platforms/AVR/pwm_lld.o
 .debug_info    0x000000000000ca75      0xa9e ../../os/hal/platforms/AVR/spi_lld.o
 .debug_info    0x000000000000d513       0x64 ../../os/hal/platforms/AVR/gpt_lld.o
 .debug_info    0x000000000000d577      0x19c ../../os/hal/platforms/AVR/atmega_timers.o
 .debug_info    0x000000000000d713      0x112 ../../boards/ARDUINO_GENERIC/board.o
 .debug_info    0x000000000000d825      0x6e3 ../../os/various/evtimer.o
 .debug_info    0x000000000000df08      0x4c2 ../../os/various/chprintf.o
 .debug_info    0x000000000000e3ca      0x94c main.o
 *(.gnu.linkonce.wi.*)

.debug_abbrev   0x0000000000000000     0x3ed7
 *(.debug_abbrev)
 .debug_abbrev  0x0000000000000000      0x133 ../../os/ports/GCC/AVR/chcore.o
 .debug_abbrev  0x0000000000000133      0x1e4 ../../os/kernel/src/chsys.o
 .debug_abbrev  0x0000000000000317       0x26 ../../os/kernel/src/chdebug.o
 .debug_abbrev  0x000000000000033d       0x26 ../../os/kernel/src/chlists.o
 .debug_abbrev  0x0000000000000363      0x142 ../../os/kernel/src/chvt.o
 .debug_abbrev  0x00000000000004a5      0x326 ../../os/kernel/src/chschd.o
 .debug_abbrev  0x00000000000007cb      0x323 ../../os/kernel/src/chthreads.o
 .debug_abbrev  0x0000000000000aee       0x26 ../../os/kernel/src/chdynamic.o
 .debug_abbrev  0x0000000000000b14      0x126 ../../os/kernel/src/chregistry.o
 .debug_abbrev  0x0000000000000c3a      0x2fd ../../os/kernel/src/chsem.o
 .debug_abbrev  0x0000000000000f37      0x316 ../../os/kernel/src/chmtx.o
 .debug_abbrev  0x000000000000124d      0x2e2 ../../os/kernel/src/chcond.o
 .debug_abbrev  0x000000000000152f      0x307 ../../os/kernel/src/chevents.o
 .debug_abbrev  0x0000000000001836      0x1dc ../../os/kernel/src/chmsg.o
 .debug_abbrev  0x0000000000001a12      0x239 ../../os/kernel/src/chmboxes.o
 .debug_abbrev  0x0000000000001c4b      0x2ea ../../os/kernel/src/chqueues.o
 .debug_abbrev  0x0000000000001f35       0x26 ../../os/kernel/src/chmemcore.o
 .debug_abbrev  0x0000000000001f5b       0x26 ../../os/kernel/src/chheap.o
 .debug_abbrev  0x0000000000001f81       0x26 ../../os/kernel/src/chmempools.o
 .debug_abbrev  0x0000000000001fa7       0xf2 ../../os/hal/src/hal.o
 .debug_abbrev  0x0000000000002099      0x274 ../../os/hal/src/adc.o
 .debug_abbrev  0x000000000000230d       0x26 ../../os/hal/src/can.o
 .debug_abbrev  0x0000000000002333       0x26 ../../os/hal/src/ext.o
 .debug_abbrev  0x0000000000002359       0x26 ../../os/hal/src/gpt.o
 .debug_abbrev  0x000000000000237f       0x26 ../../os/hal/src/i2c.o
 .debug_abbrev  0x00000000000023a5       0x26 ../../os/hal/src/icu.o
 .debug_abbrev  0x00000000000023cb       0x26 ../../os/hal/src/mac.o
 .debug_abbrev  0x00000000000023f1       0x26 ../../os/hal/src/mmc_spi.o
 .debug_abbrev  0x0000000000002417       0x26 ../../os/hal/src/mmcsd.o
 .debug_abbrev  0x000000000000243d       0xf8 ../../os/hal/src/pal.o
 .debug_abbrev  0x0000000000002535      0x156 ../../os/hal/src/pwm.o
 .debug_abbrev  0x000000000000268b       0x26 ../../os/hal/src/rtc.o
 .debug_abbrev  0x00000000000026b1       0x26 ../../os/hal/src/sdc.o
 .debug_abbrev  0x00000000000026d7      0x256 ../../os/hal/src/serial.o
 .debug_abbrev  0x000000000000292d       0x26 ../../os/hal/src/serial_usb.o
 .debug_abbrev  0x0000000000002953      0x20b ../../os/hal/src/spi.o
 .debug_abbrev  0x0000000000002b5e       0x26 ../../os/hal/src/tm.o
 .debug_abbrev  0x0000000000002b84       0x26 ../../os/hal/src/uart.o
 .debug_abbrev  0x0000000000002baa       0x26 ../../os/hal/src/usb.o
 .debug_abbrev  0x0000000000002bd0       0xe7 ../../os/hal/platforms/AVR/hal_lld.o
 .debug_abbrev  0x0000000000002cb7       0xc9 ../../os/hal/platforms/AVR/pal_lld.o
 .debug_abbrev  0x0000000000002d80      0x2f3 ../../os/hal/platforms/AVR/serial_lld.o
 .debug_abbrev  0x0000000000003073      0x28e ../../os/hal/platforms/AVR/adc_lld.o
 .debug_abbrev  0x0000000000003301       0x26 ../../os/hal/platforms/AVR/i2c_lld.o
 .debug_abbrev  0x0000000000003327      0x258 ../../os/hal/platforms/AVR/pwm_lld.o
 .debug_abbrev  0x000000000000357f      0x2fc ../../os/hal/platforms/AVR/spi_lld.o
 .debug_abbrev  0x000000000000387b       0x26 ../../os/hal/platforms/AVR/gpt_lld.o
 .debug_abbrev  0x00000000000038a1       0xc2 ../../os/hal/platforms/AVR/atmega_timers.o
 .debug_abbrev  0x0000000000003963       0x92 ../../boards/ARDUINO_GENERIC/board.o
 .debug_abbrev  0x00000000000039f5      0x15f ../../os/various/evtimer.o
 .debug_abbrev  0x0000000000003b54      0x1dd ../../os/various/chprintf.o
 .debug_abbrev  0x0000000000003d31      0x1a6 main.o

.debug_line     0x0000000000000000     0x32d1
 *(.debug_line)
 .debug_line    0x0000000000000000      0x151 ../../os/ports/GCC/AVR/chcore.o
 .debug_line    0x0000000000000151      0x182 ../../os/kernel/src/chsys.o
 .debug_line    0x00000000000002d3       0x1d ../../os/kernel/src/chdebug.o
 .debug_line    0x00000000000002f0       0x1d ../../os/kernel/src/chlists.o
 .debug_line    0x000000000000030d      0x112 ../../os/kernel/src/chvt.o
 .debug_line    0x000000000000041f      0x226 ../../os/kernel/src/chschd.o
 .debug_line    0x0000000000000645      0x200 ../../os/kernel/src/chthreads.o
 .debug_line    0x0000000000000845       0x1d ../../os/kernel/src/chdynamic.o
 .debug_line    0x0000000000000862      0x16b ../../os/kernel/src/chregistry.o
 .debug_line    0x00000000000009cd      0x203 ../../os/kernel/src/chsem.o
 .debug_line    0x0000000000000bd0      0x238 ../../os/kernel/src/chmtx.o
 .debug_line    0x0000000000000e08      0x1b6 ../../os/kernel/src/chcond.o
 .debug_line    0x0000000000000fbe      0x1ed ../../os/kernel/src/chevents.o
 .debug_line    0x00000000000011ab      0x149 ../../os/kernel/src/chmsg.o
 .debug_line    0x00000000000012f4      0x196 ../../os/kernel/src/chmboxes.o
 .debug_line    0x000000000000148a      0x269 ../../os/kernel/src/chqueues.o
 .debug_line    0x00000000000016f3       0x1d ../../os/kernel/src/chmemcore.o
 .debug_line    0x0000000000001710       0x1d ../../os/kernel/src/chheap.o
 .debug_line    0x000000000000172d       0x1d ../../os/kernel/src/chmempools.o
 .debug_line    0x000000000000174a      0x131 ../../os/hal/src/hal.o
[...]
                                                  ../../os/hal/src/serial.o
chOQInit                                          ../../os/kernel/src/chqueues.o
                                                  ../../os/hal/src/serial.o
chOQPutTimeout                                    ../../os/kernel/src/chqueues.o
                                                  ../../os/hal/src/serial.o
chOQResetI                                        ../../os/kernel/src/chqueues.o
                                                  ../../os/hal/src/serial.o
chOQWriteTimeout                                  ../../os/kernel/src/chqueues.o
                                                  ../../os/hal/src/serial.o
chRegFirstThread                                  ../../os/kernel/src/chregistry.o
chRegNextThread                                   ../../os/kernel/src/chregistry.o
chSchDoReschedule                                 ../../os/kernel/src/chschd.o
                                                  ../../os/hal/platforms/AVR/spi_lld.o
                                                  ../../os/hal/platforms/AVR/pwm_lld.o
                                                  ../../os/hal/platforms/AVR/adc_lld.o
                                                  ../../os/hal/platforms/AVR/serial_lld.o
                                                  ../../os/ports/GCC/AVR/chcore.o
chSchDoRescheduleAhead                            ../../os/kernel/src/chschd.o
chSchDoRescheduleBehind                           ../../os/kernel/src/chschd.o
                                                  ../../os/kernel/src/chthreads.o
chSchGoSleepS                                     ../../os/kernel/src/chschd.o
                                                  ../../os/hal/src/spi.o
                                                  ../../os/hal/src/adc.o
                                                  ../../os/kernel/src/chmsg.o
                                                  ../../os/kernel/src/chevents.o
                                                  ../../os/kernel/src/chcond.o
                                                  ../../os/kernel/src/chmtx.o
                                                  ../../os/kernel/src/chsem.o
                                                  ../../os/kernel/src/chthreads.o
chSchGoSleepTimeoutS                              ../../os/kernel/src/chschd.o
                                                  ../../os/kernel/src/chqueues.o
                                                  ../../os/kernel/src/chevents.o
                                                  ../../os/kernel/src/chcond.o
                                                  ../../os/kernel/src/chsem.o
                                                  ../../os/kernel/src/chthreads.o
chSchIsPreemptionRequired                         ../../os/kernel/src/chschd.o
                                                  ../../os/hal/platforms/AVR/spi_lld.o
                                                  ../../os/hal/platforms/AVR/pwm_lld.o
                                                  ../../os/hal/platforms/AVR/adc_lld.o
                                                  ../../os/hal/platforms/AVR/serial_lld.o
                                                  ../../os/ports/GCC/AVR/chcore.o
chSchReadyI                                       ../../os/kernel/src/chschd.o
                                                  ../../os/hal/platforms/AVR/spi_lld.o
                                                  ../../os/hal/platforms/AVR/adc_lld.o
                                                  ../../os/hal/src/adc.o
                                                  ../../os/kernel/src/chqueues.o
                                                  ../../os/kernel/src/chmsg.o
                                                  ../../os/kernel/src/chevents.o
                                                  ../../os/kernel/src/chcond.o
                                                  ../../os/kernel/src/chmtx.o
                                                  ../../os/kernel/src/chsem.o
                                                  ../../os/kernel/src/chthreads.o
chSchRescheduleS                                  ../../os/kernel/src/chschd.o
                                                  ../../os/hal/src/serial.o
                                                  ../../os/kernel/src/chmboxes.o
                                                  ../../os/kernel/src/chevents.o
                                                  ../../os/kernel/src/chcond.o
                                                  ../../os/kernel/src/chmtx.o
                                                  ../../os/kernel/src/chsem.o
                                                  ../../os/kernel/src/chthreads.o
chSchWakeupS                                      ../../os/kernel/src/chschd.o
                                                  ../../os/hal/src/adc.o
                                                  ../../os/kernel/src/chmsg.o
                                                  ../../os/kernel/src/chcond.o
                                                  ../../os/kernel/src/chmtx.o
                                                  ../../os/kernel/src/chsem.o
                                                  ../../os/kernel/src/chthreads.o
chSemAddCounterI                                  ../../os/kernel/src/chsem.o
chSemInit                                         ../../os/kernel/src/chsem.o
                                                  ../../os/kernel/src/chmboxes.o
chSemReset                                        ../../os/kernel/src/chsem.o
chSemResetI                                       ../../os/kernel/src/chsem.o
                                                  ../../os/kernel/src/chmboxes.o
chSemSignal                                       ../../os/kernel/src/chsem.o
chSemSignalI                                      ../../os/kernel/src/chsem.o
                                                  ../../os/kernel/src/chmboxes.o
chSemSignalWait                                   ../../os/kernel/src/chsem.o
chSemWait                                         ../../os/kernel/src/chsem.o
chSemWaitS                                        ../../os/kernel/src/chsem.o
chSemWaitTimeout                                  ../../os/kernel/src/chsem.o
chSemWaitTimeoutS                                 ../../os/kernel/src/chsem.o
                                                  ../../os/kernel/src/chmboxes.o
chSysInit                                         ../../os/kernel/src/chsys.o
                                                  main.o
chSysTimerHandlerI                                ../../os/kernel/src/chsys.o
                                                  ../../os/ports/GCC/AVR/chcore.o
chThdCreateI                                      ../../os/kernel/src/chthreads.o
chThdCreateStatic                                 ../../os/kernel/src/chthreads.o
                                                  ../../os/kernel/src/chsys.o
chThdExit                                         ../../os/kernel/src/chthreads.o
                                                  ../../os/ports/GCC/AVR/chcore.o
chThdExitS                                        ../../os/kernel/src/chthreads.o
chThdResume                                       ../../os/kernel/src/chthreads.o
chThdSetPriority                                  ../../os/kernel/src/chthreads.o
chThdSleep                                        ../../os/kernel/src/chthreads.o
                                                  main.o
chThdSleepUntil                                   ../../os/kernel/src/chthreads.o
chThdTerminate                                    ../../os/kernel/src/chthreads.o
chThdWait                                         ../../os/kernel/src/chthreads.o
chThdYield                                        ../../os/kernel/src/chthreads.o
chTimeIsWithin                                    ../../os/kernel/src/chvt.o
chVTResetI                                        ../../os/kernel/src/chvt.o
                                                  ../../os/various/evtimer.o
                                                  ../../os/kernel/src/chschd.o
chVTSetI                                          ../../os/kernel/src/chvt.o
                                                  ../../os/various/evtimer.o
                                                  ../../os/kernel/src/chschd.o
ch_debug                                          ../../os/kernel/src/chregistry.o
                                                  ../../os/kernel/src/chsys.o
chprintf                                          ../../os/various/chprintf.o
                                                  main.o
clock_source_base                                 ../../os/hal/platforms/AVR/atmega_timers.o
                                                  ../../os/hal/platforms/AVR/hal_lld.o
clock_source_extended                             ../../os/hal/platforms/AVR/atmega_timers.o
evtStart                                          ../../os/various/evtimer.o
evtStop                                           ../../os/various/evtimer.o
exit                                              /usr/local/cross/lib/gcc/avr/4.7.2/avr5/libgcc.a(_exit.o)
                                                  /usr/local/cross/lib/gcc/avr/4.7.2/../../../../avr/lib/avr5/crtm328p.o
fgetc                                             /usr/local/cross/lib/gcc/avr/4.7.2/../../../../avr/lib/avr5/libc.a(fgetc.o)
                                                  /usr/local/cross/lib/gcc/avr/4.7.2/../../../../avr/lib/avr5/libscanf_min.a(vfscanf_min.o)
findBestPrescaler                                 ../../os/hal/platforms/AVR/atmega_timers.o
                                                  ../../os/hal/platforms/AVR/hal_lld.o
fputc                                             /usr/local/cross/lib/gcc/avr/4.7.2/../../../../avr/lib/avr5/libc.a(fputc.o)
                                                  /usr/local/cross/lib/gcc/avr/4.7.2/../../../../avr/lib/avr5/libprintf_min.a(vfprintf_min.o)
getTimerIndex                                     ../../os/hal/platforms/AVR/pwm_lld.o
halInit                                           ../../os/hal/src/hal.o
                                                  main.o
hal_lld_init                                      ../../os/hal/platforms/AVR/hal_lld.o
                                                  ../../os/hal/src/hal.o
isspace                                           /usr/local/cross/lib/gcc/avr/4.7.2/../../../../avr/lib/avr5/libc.a(isspace.o)
                                                  /usr/local/cross/lib/gcc/avr/4.7.2/../../../../avr/lib/avr5/libscanf_min.a(vfscanf_min.o)
main                                              main.o
                                                  /usr/local/cross/lib/gcc/avr/4.7.2/../../../../avr/lib/avr5/crtm328p.o
palReadBus                                        ../../os/hal/src/pal.o
palSetBusMode                                     ../../os/hal/src/pal.o
palWriteBus                                       ../../os/hal/src/pal.o
pal_default_config                                ../../boards/ARDUINO_GENERIC/board.o
                                                  ../../os/hal/src/hal.o
port_halt                                         ../../os/ports/GCC/AVR/chcore.o
port_switch                                       ../../os/ports/GCC/AVR/chcore.o
                                                  ../../os/kernel/src/chschd.o
pwmChangePeriod                                   ../../os/hal/src/pwm.o
pwmDisableChannel                                 ../../os/hal/src/pwm.o
pwmEnableChannel                                  ../../os/hal/src/pwm.o
pwmInit                                           ../../os/hal/src/pwm.o
                                                  ../../os/hal/src/hal.o
pwmObjectInit                                     ../../os/hal/src/pwm.o
                                                  ../../os/hal/platforms/AVR/pwm_lld.o
pwmStart                                          ../../os/hal/src/pwm.o
pwmStop                                           ../../os/hal/src/pwm.o
pwm_lld_change_period                             ../../os/hal/platforms/AVR/pwm_lld.o
                                                  ../../os/hal/src/pwm.o
pwm_lld_disable_channel                           ../../os/hal/platforms/AVR/pwm_lld.o
                                                  ../../os/hal/src/pwm.o
pwm_lld_enable_channel                            ../../os/hal/platforms/AVR/pwm_lld.o
                                                  ../../os/hal/src/pwm.o
pwm_lld_init                                      ../../os/hal/platforms/AVR/pwm_lld.o
                                                  ../../os/hal/src/pwm.o
pwm_lld_start                                     ../../os/hal/platforms/AVR/pwm_lld.o
                                                  ../../os/hal/src/pwm.o
pwm_lld_stop                                      ../../os/hal/platforms/AVR/pwm_lld.o
                                                  ../../os/hal/src/pwm.o
ratio_base                                        ../../os/hal/platforms/AVR/atmega_timers.o
                                                  ../../os/hal/platforms/AVR/hal_lld.o
ratio_extended                                    ../../os/hal/platforms/AVR/atmega_timers.o
rlist                                             ../../os/hal/src/spi.o
                                                  ../../os/hal/src/adc.o
                                                  ../../os/kernel/src/chqueues.o
                                                  ../../os/kernel/src/chmsg.o
                                                  ../../os/kernel/src/chevents.o
                                                  ../../os/kernel/src/chcond.o
                                                  ../../os/kernel/src/chmtx.o
                                                  ../../os/kernel/src/chsem.o
                                                  ../../os/kernel/src/chregistry.o
                                                  ../../os/kernel/src/chthreads.o
                                                  ../../os/kernel/src/chschd.o
                                                  ../../os/kernel/src/chsys.o
sdIncomingDataI                                   ../../os/hal/src/serial.o
                                                  ../../os/hal/platforms/AVR/serial_lld.o
sdInit                                            ../../os/hal/src/serial.o
                                                  ../../os/hal/src/hal.o
sdObjectInit                                      ../../os/hal/src/serial.o
                                                  ../../os/hal/platforms/AVR/serial_lld.o
sdRequestDataI                                    ../../os/hal/src/serial.o
                                                  ../../os/hal/platforms/AVR/serial_lld.o
sdStart                                           ../../os/hal/src/serial.o
                                                  main.o
sdStop                                            ../../os/hal/src/serial.o
sd_lld_init                                       ../../os/hal/platforms/AVR/serial_lld.o
                                                  ../../os/hal/src/serial.o
sd_lld_start                                      ../../os/hal/platforms/AVR/serial_lld.o
                                                  ../../os/hal/src/serial.o
sd_lld_stop                                       ../../os/hal/platforms/AVR/serial_lld.o
                                                  ../../os/hal/src/serial.o
spiAcquireBus                                     ../../os/hal/src/spi.o
spiExchange                                       ../../os/hal/src/spi.o
spiIgnore                                         ../../os/hal/src/spi.o
spiInit                                           ../../os/hal/src/spi.o
                                                  ../../os/hal/src/hal.o
spiObjectInit                                     ../../os/hal/src/spi.o
                                                  ../../os/hal/platforms/AVR/spi_lld.o
spiReceive                                        ../../os/hal/src/spi.o
spiReleaseBus                                     ../../os/hal/src/spi.o
spiSelect                                         ../../os/hal/src/spi.o
spiSend                                           ../../os/hal/src/spi.o
spiStart                                          ../../os/hal/src/spi.o
spiStartExchange                                  ../../os/hal/src/spi.o
spiStartIgnore                                    ../../os/hal/src/spi.o
spiStartReceive                                   ../../os/hal/src/spi.o
spiStartSend                                      ../../os/hal/src/spi.o
spiStop                                           ../../os/hal/src/spi.o
spiUnselect                                       ../../os/hal/src/spi.o
spi_lld_exchange                                  ../../os/hal/platforms/AVR/spi_lld.o
                                                  ../../os/hal/src/spi.o
spi_lld_ignore                                    ../../os/hal/platforms/AVR/spi_lld.o
                                                  ../../os/hal/src/spi.o
spi_lld_init                                      ../../os/hal/platforms/AVR/spi_lld.o
                                                  ../../os/hal/src/spi.o
spi_lld_polled_exchange                           ../../os/hal/platforms/AVR/spi_lld.o
spi_lld_receive                                   ../../os/hal/platforms/AVR/spi_lld.o
                                                  ../../os/hal/src/spi.o
spi_lld_select                                    ../../os/hal/platforms/AVR/spi_lld.o
                                                  ../../os/hal/src/spi.o
spi_lld_send                                      ../../os/hal/platforms/AVR/spi_lld.o
                                                  ../../os/hal/src/spi.o
spi_lld_start                                     ../../os/hal/platforms/AVR/spi_lld.o
                                                  ../../os/hal/src/spi.o
spi_lld_stop                                      ../../os/hal/platforms/AVR/spi_lld.o
                                                  ../../os/hal/src/spi.o
spi_lld_unselect                                  ../../os/hal/platforms/AVR/spi_lld.o
                                                  ../../os/hal/src/spi.o
strchr_P                                          /usr/local/cross/lib/gcc/avr/4.7.2/../../../../avr/lib/avr5/libc.a(strchr_P.o)
                                                  /usr/local/cross/lib/gcc/avr/4.7.2/../../../../avr/lib/avr5/libscanf_min.a(vfscanf_min.o)
                                                  /usr/local/cross/lib/gcc/avr/4.7.2/../../../../avr/lib/avr5/libprintf_min.a(vfprintf_min.o)
timer_registers_table                             ../../os/hal/platforms/AVR/pwm_lld.o
ungetc                                            /usr/local/cross/lib/gcc/avr/4.7.2/../../../../avr/lib/avr5/libc.a(ungetc.o)
                                                  /usr/local/cross/lib/gcc/avr/4.7.2/../../../../avr/lib/avr5/libscanf_min.a(vfscanf_min.o)
vfprintf                                          /usr/local/cross/lib/gcc/avr/4.7.2/../../../../avr/lib/avr5/libprintf_min.a(vfprintf_min.o)
vfscanf                                           /usr/local/cross/lib/gcc/avr/4.7.2/../../../../avr/lib/avr5/libscanf_min.a(vfscanf_min.o)
vtlist                                            ../../os/kernel/src/chthreads.o
                                                  ../../os/kernel/src/chvt.o
                                                  ../../os/kernel/src/chsys.o
