Archive member included because of file (symbol)

/usr/local/cross/lib/gcc/avr/4.7.2/../../../../avr/lib/avr51/libprintf_min.a(vfprintf_min.o)
                              (vfprintf)
/usr/local/cross/lib/gcc/avr/4.7.2/../../../../avr/lib/avr51/libscanf_min.a(vfscanf_min.o)
                              (vfscanf)
/usr/local/cross/lib/gcc/avr/4.7.2/avr51/libgcc.a(_umulhisi3.o)
                              ../../os/hal/platforms/AVR/atmega_timers.o (__umulhisi3)
/usr/local/cross/lib/gcc/avr/4.7.2/avr51/libgcc.a(_mulsi3.o)
                              ../../os/hal/platforms/AVR/atmega_timers.o (__mulsi3)
/usr/local/cross/lib/gcc/avr/4.7.2/avr51/libgcc.a(_udivmodsi4.o)
                              ../../test/test.o (__udivmodsi4)
/usr/local/cross/lib/gcc/avr/4.7.2/avr51/libgcc.a(_exit.o)
                              /usr/local/cross/lib/gcc/avr/4.7.2/../../../../avr/lib/avr51/crtm1280.o (exit)
/usr/local/cross/lib/gcc/avr/4.7.2/avr51/libgcc.a(_copy_data.o)
                              ../../os/kernel/src/chsys.o (__do_copy_data)
/usr/local/cross/lib/gcc/avr/4.7.2/avr51/libgcc.a(_clear_bss.o)
                              ../../os/kernel/src/chsys.o (__do_clear_bss)
/usr/local/cross/lib/gcc/avr/4.7.2/avr51/libgcc.a(_muluhisi3.o)
                              /usr/local/cross/lib/gcc/avr/4.7.2/avr51/libgcc.a(_mulsi3.o) (__muluhisi3)
/usr/local/cross/lib/gcc/avr/4.7.2/../../../../avr/lib/avr51/libc.a(isspace.o)
                              /usr/local/cross/lib/gcc/avr/4.7.2/../../../../avr/lib/avr51/libscanf_min.a(vfscanf_min.o) (isspace)
/usr/local/cross/lib/gcc/avr/4.7.2/../../../../avr/lib/avr51/libc.a(strchr_P.o)
                              /usr/local/cross/lib/gcc/avr/4.7.2/../../../../avr/lib/avr51/libprintf_min.a(vfprintf_min.o) (strchr_P)
/usr/local/cross/lib/gcc/avr/4.7.2/../../../../avr/lib/avr51/libc.a(fgetc.o)
                              /usr/local/cross/lib/gcc/avr/4.7.2/../../../../avr/lib/avr51/libscanf_min.a(vfscanf_min.o) (fgetc)
/usr/local/cross/lib/gcc/avr/4.7.2/../../../../avr/lib/avr51/libc.a(fputc.o)
                              /usr/local/cross/lib/gcc/avr/4.7.2/../../../../avr/lib/avr51/libprintf_min.a(vfprintf_min.o) (fputc)
/usr/local/cross/lib/gcc/avr/4.7.2/../../../../avr/lib/avr51/libc.a(ungetc.o)
                              /usr/local/cross/lib/gcc/avr/4.7.2/../../../../avr/lib/avr51/libscanf_min.a(vfscanf_min.o) (ungetc)
/usr/local/cross/lib/gcc/avr/4.7.2/../../../../avr/lib/avr51/libc.a(ultoa_invert.o)
                              /usr/local/cross/lib/gcc/avr/4.7.2/../../../../avr/lib/avr51/libprintf_min.a(vfprintf_min.o) (__ultoa_invert)
/usr/local/cross/lib/gcc/avr/4.7.2/../../../../avr/lib/avr51/libc.a(cty_isfalse.o)
                              /usr/local/cross/lib/gcc/avr/4.7.2/../../../../avr/lib/avr51/libc.a(isspace.o) (__ctype_isfalse)

Allocating common symbols
Common symbol       size              file

test_timer_done     0x1               ../../test/test.o
threads             0xa               ../../test/test.o
test                0x2f3             ../../test/test.o
vtlist              0x8               ../../os/kernel/src/chvt.o
rlist               0xd               ../../os/kernel/src/chschd.o
_idle_thread_wa     0x6f              ../../os/kernel/src/chsys.o
SD1                 0x49              ../../os/hal/platforms/AVR/serial_lld.o

Memory Configuration

Name             Origin             Length             Attributes
text             0x0000000000000000 0x0000000000020000 xr
data             0x0000000000800100 0x000000000000ff00 rw !x
eeprom           0x0000000000810000 0x0000000000010000 rw !x
fuse             0x0000000000820000 0x0000000000000400 rw !x
lock             0x0000000000830000 0x0000000000000400 rw !x
signature        0x0000000000840000 0x0000000000000400 rw !x
*default*        0x0000000000000000 0xffffffffffffffff

Linker script and memory map

Address of section .data set to 0x800200
LOAD /usr/local/cross/lib/gcc/avr/4.7.2/../../../../avr/lib/avr51/crtm1280.o
LOAD ../../os/ports/GCC/AVR/chcore.o
LOAD ../../os/kernel/src/chsys.o
LOAD ../../os/kernel/src/chdebug.o
LOAD ../../os/kernel/src/chlists.o
LOAD ../../os/kernel/src/chvt.o
LOAD ../../os/kernel/src/chschd.o
LOAD ../../os/kernel/src/chthreads.o
LOAD ../../os/kernel/src/chdynamic.o
LOAD ../../os/kernel/src/chregistry.o
LOAD ../../os/kernel/src/chsem.o
LOAD ../../os/kernel/src/chmtx.o
LOAD ../../os/kernel/src/chcond.o
LOAD ../../os/kernel/src/chevents.o
LOAD ../../os/kernel/src/chmsg.o
LOAD ../../os/kernel/src/chmboxes.o
LOAD ../../os/kernel/src/chqueues.o
LOAD ../../os/kernel/src/chmemcore.o
LOAD ../../os/kernel/src/chheap.o
LOAD ../../os/kernel/src/chmempools.o
LOAD ../../test/test.o
LOAD ../../test/testthd.o
LOAD ../../test/testsem.o
LOAD ../../test/testmtx.o
LOAD ../../test/testmsg.o
LOAD ../../test/testmbox.o
LOAD ../../test/testevt.o
LOAD ../../test/testheap.o
LOAD ../../test/testpools.o
LOAD ../../test/testdyn.o
LOAD ../../test/testqueues.o
LOAD ../../test/testbmk.o
LOAD ../../os/hal/src/hal.o
LOAD ../../os/hal/src/adc.o
LOAD ../../os/hal/src/can.o
LOAD ../../os/hal/src/ext.o
LOAD ../../os/hal/src/gpt.o
LOAD ../../os/hal/src/i2c.o
LOAD ../../os/hal/src/icu.o
LOAD ../../os/hal/src/mac.o
LOAD ../../os/hal/src/mmc_spi.o
LOAD ../../os/hal/src/mmcsd.o
LOAD ../../os/hal/src/pal.o
LOAD ../../os/hal/src/pwm.o
LOAD ../../os/hal/src/rtc.o
LOAD ../../os/hal/src/sdc.o
LOAD ../../os/hal/src/serial.o
LOAD ../../os/hal/src/serial_usb.o
LOAD ../../os/hal/src/spi.o
LOAD ../../os/hal/src/tm.o
LOAD ../../os/hal/src/uart.o
LOAD ../../os/hal/src/usb.o
LOAD ../../os/hal/platforms/AVR/hal_lld.o
LOAD ../../os/hal/platforms/AVR/pal_lld.o
LOAD ../../os/hal/platforms/AVR/serial_lld.o
LOAD ../../os/hal/platforms/AVR/adc_lld.o
LOAD ../../os/hal/platforms/AVR/i2c_lld.o
LOAD ../../os/hal/platforms/AVR/pwm_lld.o
LOAD ../../os/hal/platforms/AVR/spi_lld.o
LOAD ../../os/hal/platforms/AVR/gpt_lld.o
LOAD ../../os/hal/platforms/AVR/atmega_timers.o
LOAD ../../boards/ARDUINO_MEGA/board.o
LOAD ../../os/various/evtimer.o
LOAD main.o
LOAD /usr/local/cross/lib/gcc/avr/4.7.2/../../../../avr/lib/avr51/libprintf_min.a
LOAD /usr/local/cross/lib/gcc/avr/4.7.2/../../../../avr/lib/avr51/libscanf_min.a
LOAD /usr/local/cross/lib/gcc/avr/4.7.2/../../../../avr/lib/avr51/libm.a
LOAD /usr/local/cross/lib/gcc/avr/4.7.2/avr51/libgcc.a
LOAD /usr/local/cross/lib/gcc/avr/4.7.2/../../../../avr/lib/avr51/libc.a
LOAD /usr/local/cross/lib/gcc/avr/4.7.2/avr51/libgcc.a

.hash
 *(.hash)

.dynsym
 *(.dynsym)

.dynstr
 *(.dynstr)

.gnu.version
 *(.gnu.version)

.gnu.version_d
 *(.gnu.version_d)

.gnu.version_r
 *(.gnu.version_r)

.rel.init
 *(.rel.init)

.rela.init
 *(.rela.init)

.rel.text
 *(.rel.text)
 *(.rel.text.*)
 *(.rel.gnu.linkonce.t*)

.rela.text
 *(.rela.text)
 *(.rela.text.*)
 *(.rela.gnu.linkonce.t*)

.rel.fini
 *(.rel.fini)

.rela.fini
 *(.rela.fini)

.rel.rodata
 *(.rel.rodata)
 *(.rel.rodata.*)
 *(.rel.gnu.linkonce.r*)

.rela.rodata
 *(.rela.rodata)
 *(.rela.rodata.*)
 *(.rela.gnu.linkonce.r*)

.rel.data
 *(.rel.data)
 *(.rel.data.*)
 *(.rel.gnu.linkonce.d*)

.rela.data
 *(.rela.data)
 *(.rela.data.*)
 *(.rela.gnu.linkonce.d*)

.rel.ctors
 *(.rel.ctors)

.rela.ctors
 *(.rela.ctors)

.rel.dtors
 *(.rel.dtors)

.rela.dtors
 *(.rela.dtors)

.rel.got
 *(.rel.got)

.rela.got
 *(.rela.got)

.rel.bss
 *(.rel.bss)

.rela.bss
 *(.rela.bss)

.rel.plt
 *(.rel.plt)

.rela.plt
 *(.rela.plt)

.text           0x0000000000000000     0x682c
 *(.vectors)
 .vectors       0x0000000000000000       0xe4 /usr/local/cross/lib/gcc/avr/4.7.2/../../../../avr/lib/avr51/crtm1280.o
                0x0000000000000000                __vectors
                0x0000000000000000                __vector_default
 *(.vectors)
 *(.progmem.gcc*)
 *(.progmem*)
 .progmem.data  0x00000000000000e4       0x17 /usr/local/cross/lib/gcc/avr/4.7.2/../../../../avr/lib/avr51/libprintf_min.a(vfprintf_min.o)
 .progmem.data  0x00000000000000fb        0xb /usr/local/cross/lib/gcc/avr/4.7.2/../../../../avr/lib/avr51/libscanf_min.a(vfscanf_min.o)
                0x0000000000000106                . = ALIGN (0x2)
                0x0000000000000106                __trampolines_start = .
 *(.trampolines)
 .trampolines   0x0000000000000106        0x0 linker stubs
 *(.trampolines*)
                0x0000000000000106                __trampolines_end = .
 *(.jumptables)
 *(.jumptables*)
 *(.lowtext)
 *(.lowtext*)
                0x0000000000000106                __ctors_start = .
 *(.ctors)
                0x0000000000000106                __ctors_end = .
                0x0000000000000106                __dtors_start = .
 *(.dtors)
                0x0000000000000106                __dtors_end = .
 SORT(*)(.ctors)
 SORT(*)(.dtors)
 *(.init0)
 .init0         0x0000000000000106        0x0 /usr/local/cross/lib/gcc/avr/4.7.2/../../../../avr/lib/avr51/crtm1280.o
                0x0000000000000106                __init
 *(.init0)
 *(.init1)
 *(.init1)
 *(.init2)
 .init2         0x0000000000000106        0xc /usr/local/cross/lib/gcc/avr/4.7.2/../../../../avr/lib/avr51/crtm1280.o
 *(.init2)
 *(.init3)
 *(.init3)
 *(.init4)
 .init4         0x0000000000000112       0x1a /usr/local/cross/lib/gcc/avr/4.7.2/avr51/libgcc.a(_copy_data.o)
                0x0000000000000112                __do_copy_data
 .init4         0x000000000000012c       0x10 /usr/local/cross/lib/gcc/avr/4.7.2/avr51/libgcc.a(_clear_bss.o)
                0x000000000000012c                __do_clear_bss
 *(.init4)
 *(.init5)
 *(.init5)
 *(.init6)
 *(.init6)
 *(.init7)
 *(.init7)
 *(.init8)
 *(.init8)
 *(.init9)
 .init9         0x000000000000013c        0x8 /usr/local/cross/lib/gcc/avr/4.7.2/../../../../avr/lib/avr51/crtm1280.o
 *(.init9)
 *(.text)
 .text          0x0000000000000144        0x4 /usr/local/cross/lib/gcc/avr/4.7.2/../../../../avr/lib/avr51/crtm1280.o
                0x0000000000000144                __vector_42
                0x0000000000000144                __vector_22
                0x0000000000000144                __vector_28
                0x0000000000000144                __vector_1
                0x0000000000000144                __vector_32
                0x0000000000000144                __vector_34
                0x0000000000000144                __vector_24
                0x0000000000000144                __vector_12
                0x0000000000000144                __vector_55
                0x0000000000000144                __vector_46
                0x0000000000000144                __bad_interrupt
                0x0000000000000144                __vector_6
                0x0000000000000144                __vector_31
                0x0000000000000144                __vector_35
                0x0000000000000144                __vector_39
                0x0000000000000144                __vector_3
                0x0000000000000144                __vector_23
                0x0000000000000144                __vector_30
                0x0000000000000144                __vector_45
                0x0000000000000144                __vector_11
                0x0000000000000144                __vector_54
                0x0000000000000144                __vector_13
                0x0000000000000144                __vector_17
                0x0000000000000144                __vector_19
                0x0000000000000144                __vector_56
                0x0000000000000144                __vector_7
                0x0000000000000144                __vector_49
                0x0000000000000144                __vector_41
                0x0000000000000144                __vector_43
                0x0000000000000144                __vector_27
                0x0000000000000144                __vector_5
                0x0000000000000144                __vector_33
                0x0000000000000144                __vector_47
                0x0000000000000144                __vector_52
                0x0000000000000144                __vector_37
                0x0000000000000144                __vector_4
                0x0000000000000144                __vector_44
                0x0000000000000144                __vector_51
                0x0000000000000144                __vector_9
                0x0000000000000144                __vector_2
                0x0000000000000144                __vector_15
                0x0000000000000144                __vector_36
                0x0000000000000144                __vector_29
                0x0000000000000144                __vector_40
                0x0000000000000144                __vector_8
                0x0000000000000144                __vector_48
                0x0000000000000144                __vector_14
                0x0000000000000144                __vector_53
                0x0000000000000144                __vector_10
                0x0000000000000144                __vector_50
                0x0000000000000144                __vector_16
                0x0000000000000144                __vector_18
                0x0000000000000144                __vector_20
                0x0000000000000144                __vector_38
 .text          0x0000000000000148       0xca ../../os/ports/GCC/AVR/chcore.o
                0x0000000000000148                __vector_21
                0x00000000000001a2                port_switch
                0x0000000000000200                port_halt
                0x0000000000000204                _port_thread_start
 .text          0x0000000000000212      0x10e ../../os/kernel/src/chsys.o
                0x0000000000000212                _idle_thread
                0x0000000000000224                chSysInit
                0x0000000000000276                chSysTimerHandlerI
 .text          0x0000000000000320        0x0 ../../os/kernel/src/chdebug.o
 .text          0x0000000000000320        0x0 ../../os/kernel/src/chlists.o
 .text          0x0000000000000320      0x112 ../../os/kernel/src/chvt.o
                0x0000000000000320                _vt_init
                0x0000000000000346                chVTSetI
                0x00000000000003be                chVTResetI
                0x0000000000000406                chTimeIsWithin
 .text          0x0000000000000432      0x3a6 ../../os/kernel/src/chschd.o
                0x00000000000004ca                _scheduler_init
                0x00000000000004f0                chSchReadyI
                0x0000000000000534                chSchGoSleepS
                0x0000000000000576                chSchGoSleepTimeoutS
                0x00000000000005e8                chSchWakeupS
                0x0000000000000684                chSchIsPreemptionRequired
                0x00000000000006b0                chSchDoRescheduleBehind
                0x000000000000072e                chSchDoRescheduleAhead
                0x00000000000007a4                chSchRescheduleS
                0x00000000000007c4                chSchDoReschedule
 .text          0x00000000000007d8      0x26c ../../os/kernel/src/chthreads.o
                0x00000000000007d8                _thread_init
                0x0000000000000836                chThdCreateI
                0x00000000000008e2                chThdCreateStatic
                0x0000000000000900                chThdSetPriority
                0x0000000000000928                chThdResume
                0x0000000000000946                chThdTerminate
                0x0000000000000954                chThdSleep
                0x0000000000000962                chThdSleepUntil
                0x000000000000097e                chThdYield
                0x00000000000009a2                chThdExitS
                0x0000000000000a0a                chThdExit
                0x0000000000000a10                chThdWait
 .text          0x0000000000000a44        0x0 ../../os/kernel/src/chdynamic.o
 .text          0x0000000000000a44       0x2a ../../os/kernel/src/chregistry.o
                0x0000000000000a44                chRegFirstThread
                0x0000000000000a52                chRegNextThread
 .text          0x0000000000000a6e      0x29e ../../os/kernel/src/chsem.o
                0x0000000000000a6e                chSemInit
                0x0000000000000a7c                chSemResetI
                0x0000000000000aca                chSemReset
                0x0000000000000ad8                chSemWaitS
                0x0000000000000b38                chSemWait
                0x0000000000000b42                chSemWaitTimeoutS
                0x0000000000000ba2                chSemWaitTimeout
                0x0000000000000bac                chSemSignal
                0x0000000000000bec                chSemSignalI
                0x0000000000000c24                chSemAddCounterI
                0x0000000000000c6a                chSemSignalWait
 .text          0x0000000000000d0c      0x3dc ../../os/kernel/src/chmtx.o
                0x0000000000000d0c                chMtxInit
                0x0000000000000d1c                chMtxLockS
                0x0000000000000e9c                chMtxLock
                0x0000000000000ea6                chMtxTryLock
                0x0000000000000ee2                chMtxTryLockS
                0x0000000000000f18                chMtxUnlock
                0x0000000000000fb6                chMtxUnlockS
                0x000000000000104a                chMtxUnlockAll
 .text          0x00000000000010e8      0x1ee ../../os/kernel/src/chcond.o
                0x00000000000010e8                chCondInit
                0x00000000000010f4                chCondSignal
                0x0000000000001128                chCondSignalI
                0x000000000000115a                chCondBroadcastI
                0x000000000000119e                chCondBroadcast
                0x00000000000011ac                chCondWaitS
                0x0000000000001228                chCondWait
                0x0000000000001232                chCondWaitTimeoutS
                0x00000000000012cc                chCondWaitTimeout
 .text          0x00000000000012d6      0x33a ../../os/kernel/src/chevents.o
                0x00000000000012d6                chEvtRegisterMask
                0x00000000000012fe                chEvtUnregister
                0x0000000000001324                chEvtGetAndClearEvents
                0x000000000000133e                chEvtAddEvents
                0x0000000000001352                chEvtGetAndClearFlags
                0x000000000000135e                chEvtSignalI
                0x0000000000001390                chEvtSignal
                0x000000000000139e                chEvtBroadcastFlagsI
                0x00000000000013e0                chEvtBroadcastFlags
                0x00000000000013ee                chEvtGetAndClearFlagsI
                0x00000000000013f6                chEvtDispatch
                0x0000000000001458                chEvtWaitOne
                0x0000000000001498                chEvtWaitAny
                0x00000000000014d0                chEvtWaitAll
                0x0000000000001508                chEvtWaitOneTimeout
                0x0000000000001566                chEvtWaitAnyTimeout
                0x00000000000015be                chEvtWaitAllTimeout
 .text          0x0000000000001610       0xb2 ../../os/kernel/src/chmsg.o
                0x0000000000001610                chMsgSend
                0x000000000000165e                chMsgWait
                0x00000000000016b8                chMsgRelease
 .text          0x00000000000016c2      0x282 ../../os/kernel/src/chmboxes.o
                0x00000000000016c2                chMBInit
                0x00000000000016f8                chMBReset
                0x0000000000001736                chMBPostS
                0x0000000000001790                chMBPost
                0x000000000000179a                chMBPostI
                0x00000000000017dc                chMBPostAheadS
                0x000000000000183a                chMBPostAhead
                0x0000000000001844                chMBPostAheadI
                0x000000000000188a                chMBFetchS
                0x00000000000018ea                chMBFetch
                0x00000000000018f4                chMBFetchI
 .text          0x0000000000001944      0x4a0 ../../os/kernel/src/chqueues.o
                0x0000000000001984                chIQInit
                0x00000000000019b8                chIQResetI
                0x0000000000001a0c                chIQPutI
                0x0000000000001a9e                chIQGetTimeout
                0x0000000000001b0c                chIQReadTimeout
                0x0000000000001bb0                chOQInit
                0x0000000000001be4                chOQResetI
                0x0000000000001c40                chOQPutTimeout
                0x0000000000001cba                chOQGetI
                0x0000000000001d3c                chOQWriteTimeout
 .text          0x0000000000001de4        0x0 ../../os/kernel/src/chmemcore.o
 .text          0x0000000000001de4        0x0 ../../os/kernel/src/chheap.o
 .text          0x0000000000001de4        0x0 ../../os/kernel/src/chmempools.o
 .text          0x0000000000001de4      0x782 ../../test/test.o
                0x0000000000001e32                test_printn
                0x0000000000001f24                test_print
                0x0000000000001f56                test_println
                0x0000000000001fa4                test_emit_token
                0x0000000000001fbc                _test_fail
                0x0000000000001fd2                _test_assert
                0x0000000000001ff0                _test_assert_sequence
                0x0000000000002040                _test_assert_time_window
                0x0000000000002072                test_terminate_threads
                0x0000000000002094                test_wait_threads
                0x00000000000020bc                test_cpu_pulse
                0x0000000000002102                test_wait_tick
                0x0000000000002116                test_start_timer
                0x0000000000002140                TestThread
 .text          0x0000000000002566      0x47e ../../test/testthd.o
 .text          0x00000000000029e4      0x58a ../../test/testsem.o
 .text          0x0000000000002f6e      0xbba ../../test/testmtx.o
 .text          0x0000000000003b28       0xac ../../test/testmsg.o
 .text          0x0000000000003bd4      0x67a ../../test/testmbox.o
 .text          0x000000000000424e      0x4d6 ../../test/testevt.o
 .text          0x0000000000004724        0x0 ../../test/testheap.o
 .text          0x0000000000004724        0x0 ../../test/testpools.o
 .text          0x0000000000004724        0x0 ../../test/testdyn.o
 .text          0x0000000000004724      0x5d6 ../../test/testqueues.o
 .text          0x0000000000004cfa      0xb86 ../../test/testbmk.o
                0x0000000000005858                thread4
 .text          0x0000000000005880       0x14 ../../os/hal/src/hal.o
                0x0000000000005880                halInit
 .text          0x0000000000005894        0x0 ../../os/hal/src/adc.o
 .text          0x0000000000005894        0x0 ../../os/hal/src/can.o
 .text          0x0000000000005894        0x0 ../../os/hal/src/ext.o
 .text          0x0000000000005894        0x0 ../../os/hal/src/gpt.o
 .text          0x0000000000005894        0x0 ../../os/hal/src/i2c.o
 .text          0x0000000000005894        0x0 ../../os/hal/src/icu.o
 .text          0x0000000000005894        0x0 ../../os/hal/src/mac.o
 .text          0x0000000000005894        0x0 ../../os/hal/src/mmc_spi.o
 .text          0x0000000000005894        0x0 ../../os/hal/src/mmcsd.o
 .text          0x0000000000005894       0x6c ../../os/hal/src/pal.o
                0x0000000000005894                palReadBus
                0x00000000000058b0                palWriteBus
                0x00000000000058e2                palSetBusMode
 .text          0x0000000000005900        0x0 ../../os/hal/src/pwm.o
 .text          0x0000000000005900        0x0 ../../os/hal/src/rtc.o
 .text          0x0000000000005900        0x0 ../../os/hal/src/sdc.o
 .text          0x0000000000005900      0x16a ../../os/hal/src/serial.o
                0x0000000000005940                sdInit
                0x0000000000005944                sdObjectInit
                0x000000000000599e                sdStart
                0x00000000000059b6                sdStop
                0x00000000000059e2                sdIncomingDataI
                0x0000000000005a32                sdRequestDataI
 .text          0x0000000000005a6a        0x0 ../../os/hal/src/serial_usb.o
 .text          0x0000000000005a6a        0x0 ../../os/hal/src/spi.o
 .text          0x0000000000005a6a        0x0 ../../os/hal/src/tm.o
 .text          0x0000000000005a6a        0x0 ../../os/hal/src/uart.o
 .text          0x0000000000005a6a        0x0 ../../os/hal/src/usb.o
 .text          0x0000000000005a6a       0x6a ../../os/hal/platforms/AVR/hal_lld.o
                0x0000000000005a6a                hal_lld_init
 .text          0x0000000000005ad4       0xb4 ../../os/hal/platforms/AVR/pal_lld.o
                0x0000000000005ad4                _pal_lld_init
                0x0000000000005b40                _pal_lld_setgroupmode
 .text          0x0000000000005b88      0x198 ../../os/hal/platforms/AVR/serial_lld.o
                0x0000000000005b94                __vector_25
                0x0000000000005c1c                __vector_26
                0x0000000000005c8e                sd_lld_init
                0x0000000000005c9e                sd_lld_start
                0x0000000000005d0a                sd_lld_stop
 .text          0x0000000000005d20        0x0 ../../os/hal/platforms/AVR/adc_lld.o
 .text          0x0000000000005d20        0x0 ../../os/hal/platforms/AVR/i2c_lld.o
 .text          0x0000000000005d20        0x0 ../../os/hal/platforms/AVR/pwm_lld.o
 .text          0x0000000000005d20        0x0 ../../os/hal/platforms/AVR/spi_lld.o
 .text          0x0000000000005d20        0x0 ../../os/hal/platforms/AVR/gpt_lld.o
 .text          0x0000000000005d20      0x11c ../../os/hal/platforms/AVR/atmega_timers.o
                0x0000000000005d20                findBestPrescaler
 .text          0x0000000000005e3c       0x20 ../../boards/ARDUINO_MEGA/board.o
                0x0000000000005e3c                boardInit
 .text          0x0000000000005e5c       0x58 ../../os/various/evtimer.o
                0x0000000000005e7e                evtStart
                0x0000000000005ea0                evtStop
 .text          0x0000000000005eb4       0x10 main.o
 .text          0x0000000000005ec4        0x0 /usr/local/cross/lib/gcc/avr/4.7.2/../../../../avr/lib/avr51/libprintf_min.a(vfprintf_min.o)
 .text          0x0000000000005ec4        0x0 /usr/local/cross/lib/gcc/avr/4.7.2/../../../../avr/lib/avr51/libscanf_min.a(vfscanf_min.o)
 .text          0x0000000000005ec4        0x0 /usr/local/cross/lib/gcc/avr/4.7.2/avr51/libgcc.a(_umulhisi3.o)
 .text          0x0000000000005ec4        0x0 /usr/local/cross/lib/gcc/avr/4.7.2/avr51/libgcc.a(_mulsi3.o)
 .text          0x0000000000005ec4        0x0 /usr/local/cross/lib/gcc/avr/4.7.2/avr51/libgcc.a(_udivmodsi4.o)
 .text          0x0000000000005ec4        0x0 /usr/local/cross/lib/gcc/avr/4.7.2/avr51/libgcc.a(_exit.o)
 .text          0x0000000000005ec4        0x0 /usr/local/cross/lib/gcc/avr/4.7.2/avr51/libgcc.a(_copy_data.o)
 .text          0x0000000000005ec4        0x0 /usr/local/cross/lib/gcc/avr/4.7.2/avr51/libgcc.a(_clear_bss.o)
 .text          0x0000000000005ec4        0x0 /usr/local/cross/lib/gcc/avr/4.7.2/avr51/libgcc.a(_muluhisi3.o)
 .text          0x0000000000005ec4        0x0 /usr/local/cross/lib/gcc/avr/4.7.2/../../../../avr/lib/avr51/libc.a(isspace.o)
 .text          0x0000000000005ec4        0x0 /usr/local/cross/lib/gcc/avr/4.7.2/../../../../avr/lib/avr51/libc.a(strchr_P.o)
 .text          0x0000000000005ec4        0x0 /usr/local/cross/lib/gcc/avr/4.7.2/../../../../avr/lib/avr51/libc.a(fgetc.o)
 .text          0x0000000000005ec4        0x0 /usr/local/cross/lib/gcc/avr/4.7.2/../../../../avr/lib/avr51/libc.a(fputc.o)
 .text          0x0000000000005ec4        0x0 /usr/local/cross/lib/gcc/avr/4.7.2/../../../../avr/lib/avr51/libc.a(ungetc.o)
 .text          0x0000000000005ec4        0x0 /usr/local/cross/lib/gcc/avr/4.7.2/../../../../avr/lib/avr51/libc.a(ultoa_invert.o)
 .text          0x0000000000005ec4        0x0 /usr/local/cross/lib/gcc/avr/4.7.2/../../../../avr/lib/avr51/libc.a(cty_isfalse.o)
                0x0000000000005ec4                . = ALIGN (0x2)
 *(.text.*)
 .text.startup  0x0000000000005ec4       0x3e main.o
                0x0000000000005ec4                main
 .text.avr-libc
                0x0000000000005f02      0x2ac /usr/local/cross/lib/gcc/avr/4.7.2/../../../../avr/lib/avr51/libprintf_min.a(vfprintf_min.o)
                0x0000000000005f02                vfprintf
 .text.avr-libc
                0x00000000000061ae      0x3ee /usr/local/cross/lib/gcc/avr/4.7.2/../../../../avr/lib/avr51/libscanf_min.a(vfscanf_min.o)
                0x000000000000635a                vfscanf
 .text.libgcc.mul
                0x000000000000659c       0x18 /usr/local/cross/lib/gcc/avr/4.7.2/avr51/libgcc.a(_umulhisi3.o)
                0x000000000000659c                __umulhisi3
 .text.libgcc.div
                0x00000000000065b4        0x0 /usr/local/cross/lib/gcc/avr/4.7.2/avr51/libgcc.a(_umulhisi3.o)
 .text.libgcc   0x00000000000065b4        0x0 /usr/local/cross/lib/gcc/avr/4.7.2/avr51/libgcc.a(_umulhisi3.o)
 .text.libgcc.prologue
                0x00000000000065b4        0x0 /usr/local/cross/lib/gcc/avr/4.7.2/avr51/libgcc.a(_umulhisi3.o)
 .text.libgcc.builtins
                0x00000000000065b4        0x0 /usr/local/cross/lib/gcc/avr/4.7.2/avr51/libgcc.a(_umulhisi3.o)
 .text.libgcc.fmul
                0x00000000000065b4        0x0 /usr/local/cross/lib/gcc/avr/4.7.2/avr51/libgcc.a(_umulhisi3.o)
 .text.libgcc.mul
                0x00000000000065b4       0x20 /usr/local/cross/lib/gcc/avr/4.7.2/avr51/libgcc.a(_mulsi3.o)
                0x00000000000065b4                __mulsi3
 .text.libgcc.div
                0x00000000000065d4        0x0 /usr/local/cross/lib/gcc/avr/4.7.2/avr51/libgcc.a(_mulsi3.o)
 .text.libgcc   0x00000000000065d4        0x0 /usr/local/cross/lib/gcc/avr/4.7.2/avr51/libgcc.a(_mulsi3.o)
 .text.libgcc.prologue
                0x00000000000065d4        0x0 /usr/local/cross/lib/gcc/avr/4.7.2/avr51/libgcc.a(_mulsi3.o)
 .text.libgcc.builtins
                0x00000000000065d4        0x0 /usr/local/cross/lib/gcc/avr/4.7.2/avr51/libgcc.a(_mulsi3.o)
 .text.libgcc.fmul
                0x00000000000065d4        0x0 /usr/local/cross/lib/gcc/avr/4.7.2/avr51/libgcc.a(_mulsi3.o)
 .text.libgcc.mul
                0x00000000000065d4        0x0 /usr/local/cross/lib/gcc/avr/4.7.2/avr51/libgcc.a(_udivmodsi4.o)
 .text.libgcc.div
                0x00000000000065d4       0x44 /usr/local/cross/lib/gcc/avr/4.7.2/avr51/libgcc.a(_udivmodsi4.o)
                0x00000000000065d4                __udivmodsi4
 .text.libgcc   0x0000000000006618        0x0 /usr/local/cross/lib/gcc/avr/4.7.2/avr51/libgcc.a(_udivmodsi4.o)
 .text.libgcc.prologue
                0x0000000000006618        0x0 /usr/local/cross/lib/gcc/avr/4.7.2/avr51/libgcc.a(_udivmodsi4.o)
 .text.libgcc.builtins
                0x0000000000006618        0x0 /usr/local/cross/lib/gcc/avr/4.7.2/avr51/libgcc.a(_udivmodsi4.o)
 .text.libgcc.fmul
                0x0000000000006618        0x0 /usr/local/cross/lib/gcc/avr/4.7.2/avr51/libgcc.a(_udivmodsi4.o)
 .text.libgcc.mul
                0x0000000000006618        0x0 /usr/local/cross/lib/gcc/avr/4.7.2/avr51/libgcc.a(_exit.o)
 .text.libgcc.div
                0x0000000000006618        0x0 /usr/local/cross/lib/gcc/avr/4.7.2/avr51/libgcc.a(_exit.o)
 .text.libgcc   0x0000000000006618        0x0 /usr/local/cross/lib/gcc/avr/4.7.2/avr51/libgcc.a(_exit.o)
 .text.libgcc.prologue
                0x0000000000006618        0x0 /usr/local/cross/lib/gcc/avr/4.7.2/avr51/libgcc.a(_exit.o)
 .text.libgcc.builtins
                0x0000000000006618        0x0 /usr/local/cross/lib/gcc/avr/4.7.2/avr51/libgcc.a(_exit.o)
 .text.libgcc.fmul
                0x0000000000006618        0x0 /usr/local/cross/lib/gcc/avr/4.7.2/avr51/libgcc.a(_exit.o)
 .text.libgcc.mul
                0x0000000000006618        0x0 /usr/local/cross/lib/gcc/avr/4.7.2/avr51/libgcc.a(_copy_data.o)
 .text.libgcc.div
                0x0000000000006618        0x0 /usr/local/cross/lib/gcc/avr/4.7.2/avr51/libgcc.a(_copy_data.o)
 .text.libgcc   0x0000000000006618        0x0 /usr/local/cross/lib/gcc/avr/4.7.2/avr51/libgcc.a(_copy_data.o)
 .text.libgcc.prologue
                0x0000000000006618        0x0 /usr/local/cross/lib/gcc/avr/4.7.2/avr51/libgcc.a(_copy_data.o)
 .text.libgcc.builtins
                0x0000000000006618        0x0 /usr/local/cross/lib/gcc/avr/4.7.2/avr51/libgcc.a(_copy_data.o)
 .text.libgcc.fmul
                0x0000000000006618        0x0 /usr/local/cross/lib/gcc/avr/4.7.2/avr51/libgcc.a(_copy_data.o)
 .text.libgcc.mul
                0x0000000000006618        0x0 /usr/local/cross/lib/gcc/avr/4.7.2/avr51/libgcc.a(_clear_bss.o)
 .text.libgcc.div
                0x0000000000006618        0x0 /usr/local/cross/lib/gcc/avr/4.7.2/avr51/libgcc.a(_clear_bss.o)
 .text.libgcc   0x0000000000006618        0x0 /usr/local/cross/lib/gcc/avr/4.7.2/avr51/libgcc.a(_clear_bss.o)
 .text.libgcc.prologue
                0x0000000000006618        0x0 /usr/local/cross/lib/gcc/avr/4.7.2/avr51/libgcc.a(_clear_bss.o)
 .text.libgcc.builtins
                0x0000000000006618        0x0 /usr/local/cross/lib/gcc/avr/4.7.2/avr51/libgcc.a(_clear_bss.o)
 .text.libgcc.fmul
                0x0000000000006618        0x0 /usr/local/cross/lib/gcc/avr/4.7.2/avr51/libgcc.a(_clear_bss.o)
 .text.libgcc.mul
                0x0000000000006618       0x16 /usr/local/cross/lib/gcc/avr/4.7.2/avr51/libgcc.a(_muluhisi3.o)
                0x0000000000006618                __muluhisi3
 .text.libgcc.div
                0x000000000000662e        0x0 /usr/local/cross/lib/gcc/avr/4.7.2/avr51/libgcc.a(_muluhisi3.o)
 .text.libgcc   0x000000000000662e        0x0 /usr/local/cross/lib/gcc/avr/4.7.2/avr51/libgcc.a(_muluhisi3.o)
 .text.libgcc.prologue
                0x000000000000662e        0x0 /usr/local/cross/lib/gcc/avr/4.7.2/avr51/libgcc.a(_muluhisi3.o)
 .text.libgcc.builtins
                0x000000000000662e        0x0 /usr/local/cross/lib/gcc/avr/4.7.2/avr51/libgcc.a(_muluhisi3.o)
 .text.libgcc.fmul
                0x000000000000662e        0x0 /usr/local/cross/lib/gcc/avr/4.7.2/avr51/libgcc.a(_muluhisi3.o)
 .text.avr-libc
                0x000000000000662e       0x10 /usr/local/cross/lib/gcc/avr/4.7.2/../../../../avr/lib/avr51/libc.a(isspace.o)
                0x000000000000662e                isspace
 .text.avr-libc
                0x000000000000663e       0x16 /usr/local/cross/lib/gcc/avr/4.7.2/../../../../avr/lib/avr51/libc.a(strchr_P.o)
                0x000000000000663e                strchr_P
 .text.avr-libc
                0x0000000000006654       0x80 /usr/local/cross/lib/gcc/avr/4.7.2/../../../../avr/lib/avr51/libc.a(fgetc.o)
                0x0000000000006654                fgetc
 .text.avr-libc
                0x00000000000066d4       0x58 /usr/local/cross/lib/gcc/avr/4.7.2/../../../../avr/lib/avr51/libc.a(fputc.o)
                0x00000000000066d4                fputc
 .text.avr-libc
                0x000000000000672c       0x3a /usr/local/cross/lib/gcc/avr/4.7.2/../../../../avr/lib/avr51/libc.a(ungetc.o)
                0x000000000000672c                ungetc
 .text.avr-libc
                0x0000000000006766       0xbc /usr/local/cross/lib/gcc/avr/4.7.2/../../../../avr/lib/avr51/libc.a(ultoa_invert.o)
                0x0000000000006766                __ultoa_invert
 .text.avr-libc
                0x0000000000006822        0x6 /usr/local/cross/lib/gcc/avr/4.7.2/../../../../avr/lib/avr51/libc.a(cty_isfalse.o)
                0x0000000000006822                __ctype_isfalse
                0x0000000000006826                __ctype_istrue
                0x0000000000006828                . = ALIGN (0x2)
 *(.fini9)
 .fini9         0x0000000000006828        0x0 /usr/local/cross/lib/gcc/avr/4.7.2/avr51/libgcc.a(_exit.o)
                0x0000000000006828                exit
                0x0000000000006828                _exit
 *(.fini9)
 *(.fini8)
 *(.fini8)
 *(.fini7)
 *(.fini7)
 *(.fini6)
 *(.fini6)
 *(.fini5)
 *(.fini5)
 *(.fini4)
 *(.fini4)
 *(.fini3)
 *(.fini3)
 *(.fini2)
 *(.fini2)
 *(.fini1)
 *(.fini1)
 *(.fini0)
 .fini0         0x0000000000006828        0x4 /usr/local/cross/lib/gcc/avr/4.7.2/avr51/libgcc.a(_exit.o)
 *(.fini0)
                0x000000000000682c                _etext = .

.data           0x0000000000800200      0x8ae load address 0x000000000000682c
                0x0000000000800200                PROVIDE (__data_start, .)
 *(.data)
 .data          0x0000000000800200        0x0 /usr/local/cross/lib/gcc/avr/4.7.2/../../../../avr/lib/avr51/crtm1280.o
 .data          0x0000000000800200        0x0 ../../os/ports/GCC/AVR/chcore.o
 .data          0x0000000000800200        0x0 ../../os/kernel/src/chsys.o
 .data          0x0000000000800200        0x0 ../../os/kernel/src/chdebug.o
 .data          0x0000000000800200        0x0 ../../os/kernel/src/chlists.o
 .data          0x0000000000800200        0x0 ../../os/kernel/src/chvt.o
 .data          0x0000000000800200        0x0 ../../os/kernel/src/chschd.o
 .data          0x0000000000800200        0x0 ../../os/kernel/src/chthreads.o
 .data          0x0000000000800200        0x0 ../../os/kernel/src/chdynamic.o
 .data          0x0000000000800200        0x0 ../../os/kernel/src/chregistry.o
 .data          0x0000000000800200        0x0 ../../os/kernel/src/chsem.o
 .data          0x0000000000800200        0x0 ../../os/kernel/src/chmtx.o
 .data          0x0000000000800200        0x0 ../../os/kernel/src/chcond.o
 .data          0x0000000000800200        0x0 ../../os/kernel/src/chevents.o
 .data          0x0000000000800200        0x0 ../../os/kernel/src/chmsg.o
 .data          0x0000000000800200        0x0 ../../os/kernel/src/chmboxes.o
 .data          0x0000000000800200        0x0 ../../os/kernel/src/chqueues.o
 .data          0x0000000000800200        0x0 ../../os/kernel/src/chmemcore.o
 .data          0x0000000000800200        0x0 ../../os/kernel/src/chheap.o
 .data          0x0000000000800200        0x0 ../../os/kernel/src/chmempools.o
 .data          0x0000000000800200        0x0 ../../test/test.o
 .data          0x0000000000800200        0x0 ../../test/testthd.o
 .data          0x0000000000800200        0x5 ../../test/testsem.o
 .data          0x0000000000800205       0x14 ../../test/testmtx.o
 .data          0x0000000000800219        0x0 ../../test/testmsg.o
 .data          0x0000000000800219       0x12 ../../test/testmbox.o
 .data          0x000000000080022b        0x4 ../../test/testevt.o
 .data          0x000000000080022f        0x0 ../../test/testheap.o
 .data          0x000000000080022f        0x0 ../../test/testpools.o
 .data          0x000000000080022f        0x0 ../../test/testdyn.o
 .data          0x000000000080022f       0x24 ../../test/testqueues.o
 .data          0x0000000000800253        0x0 ../../test/testbmk.o
 .data          0x0000000000800253        0x0 ../../os/hal/src/hal.o
 .data          0x0000000000800253        0x0 ../../os/hal/src/adc.o
 .data          0x0000000000800253        0x0 ../../os/hal/src/can.o
 .data          0x0000000000800253        0x0 ../../os/hal/src/ext.o
 .data          0x0000000000800253        0x0 ../../os/hal/src/gpt.o
 .data          0x0000000000800253        0x0 ../../os/hal/src/i2c.o
 .data          0x0000000000800253        0x0 ../../os/hal/src/icu.o
 .data          0x0000000000800253        0x0 ../../os/hal/src/mac.o
 .data          0x0000000000800253        0x0 ../../os/hal/src/mmc_spi.o
 .data          0x0000000000800253        0x0 ../../os/hal/src/mmcsd.o
 .data          0x0000000000800253        0x0 ../../os/hal/src/pal.o
 .data          0x0000000000800253        0x0 ../../os/hal/src/pwm.o
 .data          0x0000000000800253        0x0 ../../os/hal/src/rtc.o
 .data          0x0000000000800253        0x0 ../../os/hal/src/sdc.o
 .data          0x0000000000800253        0x0 ../../os/hal/src/serial.o
 .data          0x0000000000800253        0x0 ../../os/hal/src/serial_usb.o
 .data          0x0000000000800253        0x0 ../../os/hal/src/spi.o
 .data          0x0000000000800253        0x0 ../../os/hal/src/tm.o
 .data          0x0000000000800253        0x0 ../../os/hal/src/uart.o
 .data          0x0000000000800253        0x0 ../../os/hal/src/usb.o
 .data          0x0000000000800253        0x0 ../../os/hal/platforms/AVR/hal_lld.o
 .data          0x0000000000800253        0x0 ../../os/hal/platforms/AVR/pal_lld.o
 .data          0x0000000000800253        0x0 ../../os/hal/platforms/AVR/serial_lld.o
 .data          0x0000000000800253        0x0 ../../os/hal/platforms/AVR/adc_lld.o
 .data          0x0000000000800253        0x0 ../../os/hal/platforms/AVR/i2c_lld.o
 .data          0x0000000000800253        0x0 ../../os/hal/platforms/AVR/pwm_lld.o
 .data          0x0000000000800253        0x0 ../../os/hal/platforms/AVR/spi_lld.o
 .data          0x0000000000800253        0x0 ../../os/hal/platforms/AVR/gpt_lld.o
 .data          0x0000000000800253       0x24 ../../os/hal/platforms/AVR/atmega_timers.o
                0x0000000000800253                clock_source_extended
                0x000000000080025a                ratio_extended
                0x0000000000800268                clock_source_base
                0x000000000080026d                ratio_base
 .data          0x0000000000800277        0x0 ../../boards/ARDUINO_MEGA/board.o
 .data          0x0000000000800277        0x0 ../../os/various/evtimer.o
 .data          0x0000000000800277        0x0 main.o
 .data          0x0000000000800277        0x0 /usr/local/cross/lib/gcc/avr/4.7.2/../../../../avr/lib/avr51/libprintf_min.a(vfprintf_min.o)
 .data          0x0000000000800277        0x0 /usr/local/cross/lib/gcc/avr/4.7.2/../../../../avr/lib/avr51/libscanf_min.a(vfscanf_min.o)
 .data          0x0000000000800277        0x0 /usr/local/cross/lib/gcc/avr/4.7.2/avr51/libgcc.a(_umulhisi3.o)
 .data          0x0000000000800277        0x0 /usr/local/cross/lib/gcc/avr/4.7.2/avr51/libgcc.a(_mulsi3.o)
 .data          0x0000000000800277        0x0 /usr/local/cross/lib/gcc/avr/4.7.2/avr51/libgcc.a(_udivmodsi4.o)
 .data          0x0000000000800277        0x0 /usr/local/cross/lib/gcc/avr/4.7.2/avr51/libgcc.a(_exit.o)
 .data          0x0000000000800277        0x0 /usr/local/cross/lib/gcc/avr/4.7.2/avr51/libgcc.a(_copy_data.o)
 .data          0x0000000000800277        0x0 /usr/local/cross/lib/gcc/avr/4.7.2/avr51/libgcc.a(_clear_bss.o)
 .data          0x0000000000800277        0x0 /usr/local/cross/lib/gcc/avr/4.7.2/avr51/libgcc.a(_muluhisi3.o)
 .data          0x0000000000800277        0x0 /usr/local/cross/lib/gcc/avr/4.7.2/../../../../avr/lib/avr51/libc.a(isspace.o)
 .data          0x0000000000800277        0x0 /usr/local/cross/lib/gcc/avr/4.7.2/../../../../avr/lib/avr51/libc.a(strchr_P.o)
 .data          0x0000000000800277        0x0 /usr/local/cross/lib/gcc/avr/4.7.2/../../../../avr/lib/avr51/libc.a(fgetc.o)
 .data          0x0000000000800277        0x0 /usr/local/cross/lib/gcc/avr/4.7.2/../../../../avr/lib/avr51/libc.a(fputc.o)
 .data          0x0000000000800277        0x0 /usr/local/cross/lib/gcc/avr/4.7.2/../../../../avr/lib/avr51/libc.a(ungetc.o)
 .data          0x0000000000800277        0x0 /usr/local/cross/lib/gcc/avr/4.7.2/../../../../avr/lib/avr51/libc.a(ultoa_invert.o)
 .data          0x0000000000800277        0x0 /usr/local/cross/lib/gcc/avr/4.7.2/../../../../avr/lib/avr51/libc.a(cty_isfalse.o)
 *(.data*)
 *(.rodata)
 .rodata        0x0000000000800277       0x16 ../../os/kernel/src/chregistry.o
                0x0000000000800277                ch_debug
 .rodata        0x000000000080028d       0x22 ../../test/test.o
                0x000000000080028d                wa
 .rodata        0x00000000008002af       0x2a ../../test/testthd.o
                0x00000000008002af                patternthd
                0x00000000008002b9                testthd4
                0x00000000008002c1                testthd3
                0x00000000008002c9                testthd2
                0x00000000008002d1                testthd1
 .rodata        0x00000000008002d9       0x2a ../../test/testsem.o
                0x00000000008002d9                patternsem
                0x00000000008002e3                testsem4
                0x00000000008002eb                testsem3
                0x00000000008002f3                testsem2
                0x00000000008002fb                testsem1
 .rodata        0x0000000000800303       0x52 ../../test/testmtx.o
                0x0000000000800303                patternmtx
                0x0000000000800315                testmtx8
                0x000000000080031d                testmtx7
                0x0000000000800325                testmtx6
                0x000000000080032d                testmtx5
                0x0000000000800335                testmtx4
                0x000000000080033d                testmtx3
                0x0000000000800345                testmtx2
                0x000000000080034d                testmtx1
 .rodata        0x0000000000800355        0xc ../../test/testmsg.o
                0x0000000000800355                patternmsg
                0x0000000000800359                testmsg1
 .rodata        0x0000000000800361        0xc ../../test/testmbox.o
                0x0000000000800361                patternmbox
                0x0000000000800365                testmbox1
 .rodata        0x000000000080036d       0x26 ../../test/testevt.o
                0x000000000080036d                patternevt
                0x0000000000800375                testevt3
                0x000000000080037d                testevt2
                0x0000000000800385                testevt1
 .rodata        0x0000000000800393        0x2 ../../test/testheap.o
                0x0000000000800393                patternheap
 .rodata        0x0000000000800395        0x2 ../../test/testpools.o
                0x0000000000800395                patternpools
 .rodata        0x0000000000800397        0x2 ../../test/testdyn.o
                0x0000000000800397                patterndyn
 .rodata        0x0000000000800399       0x16 ../../test/testqueues.o
                0x0000000000800399                patternqueues
                0x000000000080039f                testqueues2
                0x00000000008003a7                testqueues1
 .rodata        0x00000000008003af       0x84 ../../test/testbmk.o
                0x00000000008003af                patternbmk
                0x00000000008003cb                testbmk13
                0x00000000008003d3                testbmk12
                0x00000000008003db                testbmk11
                0x00000000008003e3                testbmk10
                0x00000000008003eb                testbmk9
                0x00000000008003f3                testbmk8
                0x00000000008003fb                testbmk7
                0x0000000000800403                testbmk6
                0x000000000080040b                testbmk5
                0x0000000000800413                testbmk4
                0x000000000080041b                testbmk3
                0x0000000000800423                testbmk2
                0x000000000080042b                testbmk1
 .rodata        0x0000000000800433       0x10 ../../os/hal/src/serial.o
 .rodata        0x0000000000800443        0x3 ../../os/hal/platforms/AVR/serial_lld.o
 .rodata        0x0000000000800446       0x16 ../../boards/ARDUINO_MEGA/board.o
                0x0000000000800446                pal_default_config
 *(.rodata*)
 .rodata.str1.1
                0x000000000080045c        0x5 ../../os/kernel/src/chsys.o
 .rodata.str1.1
                0x0000000000800461      0x163 ../../test/test.o
                                        0x172 (size before relaxing)
 .rodata.str1.1
                0x00000000008005c4       0x69 ../../test/testthd.o
                                         0x6f (size before relaxing)
 .rodata.str1.1
                0x000000000080062d       0x6a ../../test/testsem.o
                                         0x7a (size before relaxing)
 .rodata.str1.1
                0x0000000000800697       0xe6 ../../test/testmtx.o
                                         0xf6 (size before relaxing)
 .rodata.str1.1
                0x000000000080077d        0xf ../../test/testmsg.o
                                         0x13 (size before relaxing)
 .rodata.str1.1
                0x000000000080078c       0x20 ../../test/testmbox.o
                                         0x26 (size before relaxing)
 .rodata.str1.1
                0x00000000008007ac       0x4e ../../test/testevt.o
                                         0x54 (size before relaxing)
 .rodata.str1.1
                0x00000000008007fa       0x30 ../../test/testqueues.o
 .rodata.str1.1
                0x000000000080082a      0x283 ../../test/testbmk.o
 *(.gnu.linkonce.d*)
                0x0000000000800aae                . = ALIGN (0x2)
 *fill*         0x0000000000800aad        0x1 00
                0x0000000000800aae                _edata = .
                0x0000000000800aae                PROVIDE (__data_end, .)

.bss            0x0000000000800aae      0x4d7
                0x0000000000800aae                PROVIDE (__bss_start, .)
 *(.bss)
 .bss           0x0000000000800aae        0x0 /usr/local/cross/lib/gcc/avr/4.7.2/../../../../avr/lib/avr51/crtm1280.o
 .bss           0x0000000000800aae        0x0 ../../os/ports/GCC/AVR/chcore.o
 .bss           0x0000000000800aae       0x20 ../../os/kernel/src/chsys.o
 .bss           0x0000000000800ace        0x0 ../../os/kernel/src/chdebug.o
 .bss           0x0000000000800ace        0x0 ../../os/kernel/src/chlists.o
 .bss           0x0000000000800ace        0x0 ../../os/kernel/src/chvt.o
 .bss           0x0000000000800ace        0x0 ../../os/kernel/src/chschd.o
 .bss           0x0000000000800ace        0x0 ../../os/kernel/src/chthreads.o
 .bss           0x0000000000800ace        0x0 ../../os/kernel/src/chdynamic.o
 .bss           0x0000000000800ace        0x0 ../../os/kernel/src/chregistry.o
 .bss           0x0000000000800ace        0x0 ../../os/kernel/src/chsem.o
 .bss           0x0000000000800ace        0x0 ../../os/kernel/src/chmtx.o
 .bss           0x0000000000800ace        0x0 ../../os/kernel/src/chcond.o
 .bss           0x0000000000800ace        0x0 ../../os/kernel/src/chevents.o
 .bss           0x0000000000800ace        0x0 ../../os/kernel/src/chmsg.o
 .bss           0x0000000000800ace        0x0 ../../os/kernel/src/chmboxes.o
 .bss           0x0000000000800ace        0x0 ../../os/kernel/src/chqueues.o
 .bss           0x0000000000800ace        0x0 ../../os/kernel/src/chmemcore.o
 .bss           0x0000000000800ace        0x0 ../../os/kernel/src/chheap.o
 .bss           0x0000000000800ace        0x0 ../../os/kernel/src/chmempools.o
 .bss           0x0000000000800ace       0x22 ../../test/test.o
 .bss           0x0000000000800af0        0x0 ../../test/testthd.o
 .bss           0x0000000000800af0        0x0 ../../test/testsem.o
 .bss           0x0000000000800af0        0x0 ../../test/testmtx.o
 .bss           0x0000000000800af0        0x0 ../../test/testmsg.o
 .bss           0x0000000000800af0        0x0 ../../test/testmbox.o
 .bss           0x0000000000800af0        0x0 ../../test/testevt.o
 .bss           0x0000000000800af0        0x0 ../../test/testheap.o
 .bss           0x0000000000800af0        0x0 ../../test/testpools.o
 .bss           0x0000000000800af0        0x0 ../../test/testdyn.o
 .bss           0x0000000000800af0        0x0 ../../test/testqueues.o
 .bss           0x0000000000800af0       0x43 ../../test/testbmk.o
 .bss           0x0000000000800b33        0x0 ../../os/hal/src/hal.o
 .bss           0x0000000000800b33        0x0 ../../os/hal/src/adc.o
 .bss           0x0000000000800b33        0x0 ../../os/hal/src/can.o
 .bss           0x0000000000800b33        0x0 ../../os/hal/src/ext.o
 .bss           0x0000000000800b33        0x0 ../../os/hal/src/gpt.o
 .bss           0x0000000000800b33        0x0 ../../os/hal/src/i2c.o
 .bss           0x0000000000800b33        0x0 ../../os/hal/src/icu.o
 .bss           0x0000000000800b33        0x0 ../../os/hal/src/mac.o
 .bss           0x0000000000800b33        0x0 ../../os/hal/src/mmc_spi.o
 .bss           0x0000000000800b33        0x0 ../../os/hal/src/mmcsd.o
 .bss           0x0000000000800b33        0x0 ../../os/hal/src/pal.o
 .bss           0x0000000000800b33        0x0 ../../os/hal/src/pwm.o
 .bss           0x0000000000800b33        0x0 ../../os/hal/src/rtc.o
 .bss           0x0000000000800b33        0x0 ../../os/hal/src/sdc.o
 .bss           0x0000000000800b33        0x0 ../../os/hal/src/serial.o
 .bss           0x0000000000800b33        0x0 ../../os/hal/src/serial_usb.o
 .bss           0x0000000000800b33        0x0 ../../os/hal/src/spi.o
 .bss           0x0000000000800b33        0x0 ../../os/hal/src/tm.o
 .bss           0x0000000000800b33        0x0 ../../os/hal/src/uart.o
 .bss           0x0000000000800b33        0x0 ../../os/hal/src/usb.o
 .bss           0x0000000000800b33        0x0 ../../os/hal/platforms/AVR/hal_lld.o
 .bss           0x0000000000800b33        0x0 ../../os/hal/platforms/AVR/pal_lld.o
 .bss           0x0000000000800b33        0x0 ../../os/hal/platforms/AVR/serial_lld.o
 .bss           0x0000000000800b33        0x0 ../../os/hal/platforms/AVR/adc_lld.o
 .bss           0x0000000000800b33        0x0 ../../os/hal/platforms/AVR/i2c_lld.o
 .bss           0x0000000000800b33        0x0 ../../os/hal/platforms/AVR/pwm_lld.o
 .bss           0x0000000000800b33        0x0 ../../os/hal/platforms/AVR/spi_lld.o
 .bss           0x0000000000800b33        0x0 ../../os/hal/platforms/AVR/gpt_lld.o
 .bss           0x0000000000800b33        0x0 ../../os/hal/platforms/AVR/atmega_timers.o
 .bss           0x0000000000800b33        0x0 ../../boards/ARDUINO_MEGA/board.o
 .bss           0x0000000000800b33        0x0 ../../os/various/evtimer.o
 .bss           0x0000000000800b33       0x87 main.o
 .bss           0x0000000000800bba        0x0 /usr/local/cross/lib/gcc/avr/4.7.2/../../../../avr/lib/avr51/libprintf_min.a(vfprintf_min.o)
 .bss           0x0000000000800bba        0x0 /usr/local/cross/lib/gcc/avr/4.7.2/../../../../avr/lib/avr51/libscanf_min.a(vfscanf_min.o)
 .bss           0x0000000000800bba        0x0 /usr/local/cross/lib/gcc/avr/4.7.2/avr51/libgcc.a(_umulhisi3.o)
 .bss           0x0000000000800bba        0x0 /usr/local/cross/lib/gcc/avr/4.7.2/avr51/libgcc.a(_mulsi3.o)
 .bss           0x0000000000800bba        0x0 /usr/local/cross/lib/gcc/avr/4.7.2/avr51/libgcc.a(_udivmodsi4.o)
 .bss           0x0000000000800bba        0x0 /usr/local/cross/lib/gcc/avr/4.7.2/avr51/libgcc.a(_exit.o)
 .bss           0x0000000000800bba        0x0 /usr/local/cross/lib/gcc/avr/4.7.2/avr51/libgcc.a(_copy_data.o)
 .bss           0x0000000000800bba        0x0 /usr/local/cross/lib/gcc/avr/4.7.2/avr51/libgcc.a(_clear_bss.o)
 .bss           0x0000000000800bba        0x0 /usr/local/cross/lib/gcc/avr/4.7.2/avr51/libgcc.a(_muluhisi3.o)
 .bss           0x0000000000800bba        0x0 /usr/local/cross/lib/gcc/avr/4.7.2/../../../../avr/lib/avr51/libc.a(isspace.o)
 .bss           0x0000000000800bba        0x0 /usr/local/cross/lib/gcc/avr/4.7.2/../../../../avr/lib/avr51/libc.a(strchr_P.o)
 .bss           0x0000000000800bba        0x0 /usr/local/cross/lib/gcc/avr/4.7.2/../../../../avr/lib/avr51/libc.a(fgetc.o)
 .bss           0x0000000000800bba        0x0 /usr/local/cross/lib/gcc/avr/4.7.2/../../../../avr/lib/avr51/libc.a(fputc.o)
 .bss           0x0000000000800bba        0x0 /usr/local/cross/lib/gcc/avr/4.7.2/../../../../avr/lib/avr51/libc.a(ungetc.o)
 .bss           0x0000000000800bba        0x0 /usr/local/cross/lib/gcc/avr/4.7.2/../../../../avr/lib/avr51/libc.a(ultoa_invert.o)
 .bss           0x0000000000800bba        0x0 /usr/local/cross/lib/gcc/avr/4.7.2/../../../../avr/lib/avr51/libc.a(cty_isfalse.o)
 *(.bss*)
 *(COMMON)
 COMMON         0x0000000000800bba       0x6f ../../os/kernel/src/chsys.o
                0x0000000000800bba                _idle_thread_wa
 COMMON         0x0000000000800c29        0x8 ../../os/kernel/src/chvt.o
                0x0000000000800c29                vtlist
 COMMON         0x0000000000800c31        0xd ../../os/kernel/src/chschd.o
                0x0000000000800c31                rlist
 COMMON         0x0000000000800c3e      0x2fe ../../test/test.o
                0x0000000000800c3e                test_timer_done
                0x0000000000800c3f                threads
                0x0000000000800c49                test
 COMMON         0x0000000000800f3c       0x49 ../../os/hal/platforms/AVR/serial_lld.o
                0x0000000000800f3c                SD1
                0x0000000000800f85                PROVIDE (__bss_end, .)
                0x000000000000682c                __data_load_start = LOADADDR (.data)
                0x00000000000070da                __data_load_end = (__data_load_start + SIZEOF (.data))

.noinit         0x0000000000800f85        0x0
                0x0000000000800f85                PROVIDE (__noinit_start, .)
 *(.noinit*)
                0x0000000000800f85                PROVIDE (__noinit_end, .)
                0x0000000000800f85                _end = .
                0x0000000000800f85                PROVIDE (__heap_start, .)

.eeprom         0x0000000000810000        0x0
 *(.eeprom*)
                0x0000000000810000                __eeprom_end = .

.fuse
 *(.fuse)
 *(.lfuse)
 *(.hfuse)
 *(.efuse)

.lock
 *(.lock*)

.signature
 *(.signature*)

.stab           0x0000000000000000     0x2b98
 *(.stab)
 .stab          0x0000000000000000      0x6cc /usr/local/cross/lib/gcc/avr/4.7.2/../../../../avr/lib/avr51/crtm1280.o
 .stab          0x00000000000006cc      0x7ec /usr/local/cross/lib/gcc/avr/4.7.2/../../../../avr/lib/avr51/libprintf_min.a(vfprintf_min.o)
                                        0x7f8 (size before relaxing)
 .stab          0x0000000000000eb8      0x9a8 /usr/local/cross/lib/gcc/avr/4.7.2/../../../../avr/lib/avr51/libscanf_min.a(vfscanf_min.o)
                                        0xbc4 (size before relaxing)
 .stab          0x0000000000001860       0xe4 /usr/local/cross/lib/gcc/avr/4.7.2/avr51/libgcc.a(_umulhisi3.o)
                                         0xf0 (size before relaxing)
 .stab          0x0000000000001944      0x108 /usr/local/cross/lib/gcc/avr/4.7.2/avr51/libgcc.a(_mulsi3.o)
                                        0x114 (size before relaxing)
 .stab          0x0000000000001a4c      0x228 /usr/local/cross/lib/gcc/avr/4.7.2/avr51/libgcc.a(_udivmodsi4.o)
                                        0x234 (size before relaxing)
 .stab          0x0000000000001c74       0x6c /usr/local/cross/lib/gcc/avr/4.7.2/avr51/libgcc.a(_exit.o)
                                         0x78 (size before relaxing)
 .stab          0x0000000000001ce0       0xf0 /usr/local/cross/lib/gcc/avr/4.7.2/avr51/libgcc.a(_copy_data.o)
                                         0xfc (size before relaxing)
 .stab          0x0000000000001dd0       0xb4 /usr/local/cross/lib/gcc/avr/4.7.2/avr51/libgcc.a(_clear_bss.o)
                                         0xc0 (size before relaxing)
 .stab          0x0000000000001e84       0xcc /usr/local/cross/lib/gcc/avr/4.7.2/avr51/libgcc.a(_muluhisi3.o)
                                         0xd8 (size before relaxing)
 .stab          0x0000000000001f50       0x9c /usr/local/cross/lib/gcc/avr/4.7.2/../../../../avr/lib/avr51/libc.a(isspace.o)
                                         0xa8 (size before relaxing)
 .stab          0x0000000000001fec       0x9c /usr/local/cross/lib/gcc/avr/4.7.2/../../../../avr/lib/avr51/libc.a(strchr_P.o)
                                         0xa8 (size before relaxing)
 .stab          0x0000000000002088      0x264 /usr/local/cross/lib/gcc/avr/4.7.2/../../../../avr/lib/avr51/libc.a(fgetc.o)
                                        0x444 (size before relaxing)
 .stab          0x00000000000022ec      0x1e0 /usr/local/cross/lib/gcc/avr/4.7.2/../../../../avr/lib/avr51/libc.a(fputc.o)
                                        0x3c0 (size before relaxing)
 .stab          0x00000000000024cc      0x1ec /usr/local/cross/lib/gcc/avr/4.7.2/../../../../avr/lib/avr51/libc.a(ungetc.o)
                                        0x3cc (size before relaxing)
 .stab          0x00000000000026b8      0x480 /usr/local/cross/lib/gcc/avr/4.7.2/../../../../avr/lib/avr51/libc.a(ultoa_invert.o)
                                        0x48c (size before relaxing)
 .stab          0x0000000000002b38       0x60 /usr/local/cross/lib/gcc/avr/4.7.2/../../../../avr/lib/avr51/libc.a(cty_isfalse.o)
                                         0x6c (size before relaxing)

.stabstr        0x0000000000000000      0xefa
 *(.stabstr)
 .stabstr       0x0000000000000000      0xefa /usr/local/cross/lib/gcc/avr/4.7.2/../../../../avr/lib/avr51/crtm1280.o

.stab.excl
 *(.stab.excl)

.stab.exclstr
 *(.stab.exclstr)

.stab.index
 *(.stab.index)

.stab.indexstr
 *(.stab.indexstr)

.comment        0x0000000000000000       0x11
 *(.comment)
 .comment       0x0000000000000000       0x11 ../../os/ports/GCC/AVR/chcore.o
                                         0x12 (size before relaxing)
 .comment       0x0000000000000000       0x12 ../../os/kernel/src/chsys.o
 .comment       0x0000000000000000       0x12 ../../os/kernel/src/chdebug.o
 .comment       0x0000000000000000       0x12 ../../os/kernel/src/chlists.o
 .comment       0x0000000000000000       0x12 ../../os/kernel/src/chvt.o
 .comment       0x0000000000000000       0x12 ../../os/kernel/src/chschd.o
 .comment       0x0000000000000000       0x12 ../../os/kernel/src/chthreads.o
 .comment       0x0000000000000000       0x12 ../../os/kernel/src/chdynamic.o
 .comment       0x0000000000000000       0x12 ../../os/kernel/src/chregistry.o
 .comment       0x0000000000000000       0x12 ../../os/kernel/src/chsem.o
 .comment       0x0000000000000000       0x12 ../../os/kernel/src/chmtx.o
 .comment       0x0000000000000000       0x12 ../../os/kernel/src/chcond.o
 .comment       0x0000000000000000       0x12 ../../os/kernel/src/chevents.o
 .comment       0x0000000000000000       0x12 ../../os/kernel/src/chmsg.o
 .comment       0x0000000000000000       0x12 ../../os/kernel/src/chmboxes.o
 .comment       0x0000000000000000       0x12 ../../os/kernel/src/chqueues.o
 .comment       0x0000000000000000       0x12 ../../os/kernel/src/chmemcore.o
 .comment       0x0000000000000000       0x12 ../../os/kernel/src/chheap.o
 .comment       0x0000000000000000       0x12 ../../os/kernel/src/chmempools.o
 .comment       0x0000000000000000       0x12 ../../test/test.o
 .comment       0x0000000000000000       0x12 ../../test/testthd.o
 .comment       0x0000000000000000       0x12 ../../test/testsem.o
 .comment       0x0000000000000000       0x12 ../../test/testmtx.o
 .comment       0x0000000000000000       0x12 ../../test/testmsg.o
 .comment       0x0000000000000000       0x12 ../../test/testmbox.o
 .comment       0x0000000000000000       0x12 ../../test/testevt.o
 .comment       0x0000000000000000       0x12 ../../test/testheap.o
 .comment       0x0000000000000000       0x12 ../../test/testpools.o
 .comment       0x0000000000000000       0x12 ../../test/testdyn.o
 .comment       0x0000000000000000       0x12 ../../test/testqueues.o
 .comment       0x0000000000000000       0x12 ../../test/testbmk.o
 .comment       0x0000000000000000       0x12 ../../os/hal/src/hal.o
 .comment       0x0000000000000000       0x12 ../../os/hal/src/adc.o
 .comment       0x0000000000000000       0x12 ../../os/hal/src/can.o
 .comment       0x0000000000000000       0x12 ../../os/hal/src/ext.o
 .comment       0x0000000000000000       0x12 ../../os/hal/src/gpt.o
 .comment       0x0000000000000000       0x12 ../../os/hal/src/i2c.o
 .comment       0x0000000000000000       0x12 ../../os/hal/src/icu.o
 .comment       0x0000000000000000       0x12 ../../os/hal/src/mac.o
 .comment       0x0000000000000000       0x12 ../../os/hal/src/mmc_spi.o
 .comment       0x0000000000000000       0x12 ../../os/hal/src/mmcsd.o
 .comment       0x0000000000000000       0x12 ../../os/hal/src/pal.o
 .comment       0x0000000000000000       0x12 ../../os/hal/src/pwm.o
 .comment       0x0000000000000000       0x12 ../../os/hal/src/rtc.o
 .comment       0x0000000000000000       0x12 ../../os/hal/src/sdc.o
 .comment       0x0000000000000000       0x12 ../../os/hal/src/serial.o
 .comment       0x0000000000000000       0x12 ../../os/hal/src/serial_usb.o
 .comment       0x0000000000000000       0x12 ../../os/hal/src/spi.o
 .comment       0x0000000000000000       0x12 ../../os/hal/src/tm.o
 .comment       0x0000000000000000       0x12 ../../os/hal/src/uart.o
 .comment       0x0000000000000000       0x12 ../../os/hal/src/usb.o
 .comment       0x0000000000000000       0x12 ../../os/hal/platforms/AVR/hal_lld.o
 .comment       0x0000000000000000       0x12 ../../os/hal/platforms/AVR/pal_lld.o
 .comment       0x0000000000000000       0x12 ../../os/hal/platforms/AVR/serial_lld.o
 .comment       0x0000000000000000       0x12 ../../os/hal/platforms/AVR/adc_lld.o
 .comment       0x0000000000000000       0x12 ../../os/hal/platforms/AVR/i2c_lld.o
 .comment       0x0000000000000000       0x12 ../../os/hal/platforms/AVR/pwm_lld.o
 .comment       0x0000000000000000       0x12 ../../os/hal/platforms/AVR/spi_lld.o
 .comment       0x0000000000000000       0x12 ../../os/hal/platforms/AVR/gpt_lld.o
 .comment       0x0000000000000000       0x12 ../../os/hal/platforms/AVR/atmega_timers.o
 .comment       0x0000000000000000       0x12 ../../boards/ARDUINO_MEGA/board.o
 .comment       0x0000000000000000       0x12 ../../os/various/evtimer.o
 .comment       0x0000000000000000       0x12 main.o

.debug
 *(.debug)

.line
 *(.line)

.debug_srcinfo
 *(.debug_srcinfo)

.debug_sfnames
 *(.debug_sfnames)

.debug_aranges  0x0000000000000000      0x6f0
 *(.debug_aranges)
 .debug_aranges
                0x0000000000000000       0x20 ../../os/ports/GCC/AVR/chcore.o
 .debug_aranges
                0x0000000000000020       0x20 ../../os/kernel/src/chsys.o
 .debug_aranges
                0x0000000000000040       0x18 ../../os/kernel/src/chdebug.o
 .debug_aranges
                0x0000000000000058       0x18 ../../os/kernel/src/chlists.o
 .debug_aranges
                0x0000000000000070       0x20 ../../os/kernel/src/chvt.o
 .debug_aranges
                0x0000000000000090       0x20 ../../os/kernel/src/chschd.o
 .debug_aranges
                0x00000000000000b0       0x20 ../../os/kernel/src/chthreads.o
 .debug_aranges
                0x00000000000000d0       0x18 ../../os/kernel/src/chdynamic.o
 .debug_aranges
                0x00000000000000e8       0x20 ../../os/kernel/src/chregistry.o
 .debug_aranges
                0x0000000000000108       0x20 ../../os/kernel/src/chsem.o
 .debug_aranges
                0x0000000000000128       0x20 ../../os/kernel/src/chmtx.o
 .debug_aranges
                0x0000000000000148       0x20 ../../os/kernel/src/chcond.o
 .debug_aranges
                0x0000000000000168       0x20 ../../os/kernel/src/chevents.o
 .debug_aranges
                0x0000000000000188       0x20 ../../os/kernel/src/chmsg.o
 .debug_aranges
                0x00000000000001a8       0x20 ../../os/kernel/src/chmboxes.o
 .debug_aranges
                0x00000000000001c8       0x20 ../../os/kernel/src/chqueues.o
 .debug_aranges
                0x00000000000001e8       0x18 ../../os/kernel/src/chmemcore.o
 .debug_aranges
                0x0000000000000200       0x18 ../../os/kernel/src/chheap.o
 .debug_aranges
                0x0000000000000218       0x18 ../../os/kernel/src/chmempools.o
 .debug_aranges
                0x0000000000000230       0x20 ../../test/test.o
 .debug_aranges
                0x0000000000000250       0x20 ../../test/testthd.o
 .debug_aranges
                0x0000000000000270       0x20 ../../test/testsem.o
 .debug_aranges
                0x0000000000000290       0x20 ../../test/testmtx.o
 .debug_aranges
                0x00000000000002b0       0x20 ../../test/testmsg.o
 .debug_aranges
                0x00000000000002d0       0x20 ../../test/testmbox.o
 .debug_aranges
                0x00000000000002f0       0x20 ../../test/testevt.o
 .debug_aranges
                0x0000000000000310       0x18 ../../test/testheap.o
 .debug_aranges
                0x0000000000000328       0x18 ../../test/testpools.o
 .debug_aranges
                0x0000000000000340       0x18 ../../test/testdyn.o
 .debug_aranges
                0x0000000000000358       0x20 ../../test/testqueues.o
 .debug_aranges
                0x0000000000000378       0x20 ../../test/testbmk.o
 .debug_aranges
                0x0000000000000398       0x20 ../../os/hal/src/hal.o
 .debug_aranges
                0x00000000000003b8       0x18 ../../os/hal/src/adc.o
 .debug_aranges
                0x00000000000003d0       0x18 ../../os/hal/src/can.o
 .debug_aranges
                0x00000000000003e8       0x18 ../../os/hal/src/ext.o
 .debug_aranges
                0x0000000000000400       0x18 ../../os/hal/src/gpt.o
 .debug_aranges
                0x0000000000000418       0x18 ../../os/hal/src/i2c.o
 .debug_aranges
                0x0000000000000430       0x18 ../../os/hal/src/icu.o
 .debug_aranges
                0x0000000000000448       0x18 ../../os/hal/src/mac.o
 .debug_aranges
                0x0000000000000460       0x18 ../../os/hal/src/mmc_spi.o
 .debug_aranges
                0x0000000000000478       0x18 ../../os/hal/src/mmcsd.o
 .debug_aranges
                0x0000000000000490       0x20 ../../os/hal/src/pal.o
 .debug_aranges
                0x00000000000004b0       0x18 ../../os/hal/src/pwm.o
 .debug_aranges
                0x00000000000004c8       0x18 ../../os/hal/src/rtc.o
 .debug_aranges
                0x00000000000004e0       0x18 ../../os/hal/src/sdc.o
 .debug_aranges
                0x00000000000004f8       0x20 ../../os/hal/src/serial.o
 .debug_aranges
                0x0000000000000518       0x18 ../../os/hal/src/serial_usb.o
 .debug_aranges
                0x0000000000000530       0x18 ../../os/hal/src/spi.o
 .debug_aranges
                0x0000000000000548       0x18 ../../os/hal/src/tm.o
 .debug_aranges
                0x0000000000000560       0x18 ../../os/hal/src/uart.o
 .debug_aranges
                0x0000000000000578       0x18 ../../os/hal/src/usb.o
 .debug_aranges
                0x0000000000000590       0x20 ../../os/hal/platforms/AVR/hal_lld.o
 .debug_aranges
                0x00000000000005b0       0x20 ../../os/hal/platforms/AVR/pal_lld.o
 .debug_aranges
                0x00000000000005d0       0x20 ../../os/hal/platforms/AVR/serial_lld.o
 .debug_aranges
                0x00000000000005f0       0x18 ../../os/hal/platforms/AVR/adc_lld.o
 .debug_aranges
                0x0000000000000608       0x18 ../../os/hal/platforms/AVR/i2c_lld.o
 .debug_aranges
                0x0000000000000620       0x18 ../../os/hal/platforms/AVR/pwm_lld.o
 .debug_aranges
                0x0000000000000638       0x18 ../../os/hal/platforms/AVR/spi_lld.o
 .debug_aranges
                0x0000000000000650       0x18 ../../os/hal/platforms/AVR/gpt_lld.o
 .debug_aranges
                0x0000000000000668       0x20 ../../os/hal/platforms/AVR/atmega_timers.o
 .debug_aranges
                0x0000000000000688       0x20 ../../boards/ARDUINO_MEGA/board.o
 .debug_aranges
                0x00000000000006a8       0x20 ../../os/various/evtimer.o
 .debug_aranges
                0x00000000000006c8       0x28 main.o

.debug_pubnames
 *(.debug_pubnames)

.debug_info     0x0000000000000000    0x16f93
 *(.debug_info)
 .debug_info    0x0000000000000000      0x50d ../../os/ports/GCC/AVR/chcore.o
 .debug_info    0x000000000000050d      0x87e ../../os/kernel/src/chsys.o
 .debug_info    0x0000000000000d8b       0x64 ../../os/kernel/src/chdebug.o
 .debug_info    0x0000000000000def       0x64 ../../os/kernel/src/chlists.o
 .debug_info    0x0000000000000e53      0x27a ../../os/kernel/src/chvt.o
 .debug_info    0x00000000000010cd      0xa9f ../../os/kernel/src/chschd.o
 .debug_info    0x0000000000001b6c      0xadd ../../os/kernel/src/chthreads.o
 .debug_info    0x0000000000002649       0x64 ../../os/kernel/src/chdynamic.o
 .debug_info    0x00000000000026ad      0x657 ../../os/kernel/src/chregistry.o
 .debug_info    0x0000000000002d04      0xada ../../os/kernel/src/chsem.o
 .debug_info    0x00000000000037de      0x9f3 ../../os/kernel/src/chmtx.o
 .debug_info    0x00000000000041d1      0x9c6 ../../os/kernel/src/chcond.o
 .debug_info    0x0000000000004b97      0xb6a ../../os/kernel/src/chevents.o
 .debug_info    0x0000000000005701      0x696 ../../os/kernel/src/chmsg.o
 .debug_info    0x0000000000005d97      0xae8 ../../os/kernel/src/chmboxes.o
 .debug_info    0x000000000000687f      0xbe7 ../../os/kernel/src/chqueues.o
 .debug_info    0x0000000000007466       0x64 ../../os/kernel/src/chmemcore.o
 .debug_info    0x00000000000074ca       0x64 ../../os/kernel/src/chheap.o
 .debug_info    0x000000000000752e       0x64 ../../os/kernel/src/chmempools.o
 .debug_info    0x0000000000007592     0x140b ../../test/test.o
 .debug_info    0x000000000000899d      0xdbc ../../test/testthd.o
 .debug_info    0x0000000000009759     0x1254 ../../test/testsem.o
 .debug_info    0x000000000000a9ad     0x20e6 ../../test/testmtx.o
 .debug_info    0x000000000000ca93      0x7ea ../../test/testmsg.o
 .debug_info    0x000000000000d27d     0x10ad ../../test/testmbox.o
 .debug_info    0x000000000000e32a     0x13b4 ../../test/testevt.o
 .debug_info    0x000000000000f6de       0xee ../../test/testheap.o
 .debug_info    0x000000000000f7cc       0xee ../../test/testpools.o
 .debug_info    0x000000000000f8ba       0xee ../../test/testdyn.o
 .debug_info    0x000000000000f9a8     0x1330 ../../test/testqueues.o
 .debug_info    0x0000000000010cd8     0x22d7 ../../test/testbmk.o
 .debug_info    0x0000000000012faf      0x1e2 ../../os/hal/src/hal.o
 .debug_info    0x0000000000013191       0x64 ../../os/hal/src/adc.o
 .debug_info    0x00000000000131f5       0x64 ../../os/hal/src/can.o
 .debug_info    0x0000000000013259       0x64 ../../os/hal/src/ext.o
 .debug_info    0x00000000000132bd       0x64 ../../os/hal/src/gpt.o
 .debug_info    0x0000000000013321       0x64 ../../os/hal/src/i2c.o
 .debug_info    0x0000000000013385       0x64 ../../os/hal/src/icu.o
 .debug_info    0x00000000000133e9       0x64 ../../os/hal/src/mac.o
 .debug_info    0x000000000001344d       0x64 ../../os/hal/src/mmc_spi.o
 .debug_info    0x00000000000134b1       0x64 ../../os/hal/src/mmcsd.o
 .debug_info    0x0000000000013515      0x1fc ../../os/hal/src/pal.o
 .debug_info    0x0000000000013711       0x64 ../../os/hal/src/pwm.o
 .debug_info    0x0000000000013775       0x64 ../../os/hal/src/rtc.o
 .debug_info    0x00000000000137d9       0x64 ../../os/hal/src/sdc.o
 .debug_info    0x000000000001383d     0x1076 ../../os/hal/src/serial.o
 .debug_info    0x00000000000148b3       0x64 ../../os/hal/src/serial_usb.o
 .debug_info    0x0000000000014917       0x64 ../../os/hal/src/spi.o
 .debug_info    0x000000000001497b       0x64 ../../os/hal/src/tm.o
 .debug_info    0x00000000000149df       0x64 ../../os/hal/src/uart.o
 .debug_info    0x0000000000014a43       0x64 ../../os/hal/src/usb.o
 .debug_info    0x0000000000014aa7      0x152 ../../os/hal/platforms/AVR/hal_lld.o
 .debug_info    0x0000000000014bf9      0x235 ../../os/hal/platforms/AVR/pal_lld.o
 .debug_info    0x0000000000014e2e      0xb52 ../../os/hal/platforms/AVR/serial_lld.o
 .debug_info    0x0000000000015980       0x64 ../../os/hal/platforms/AVR/adc_lld.o
 .debug_info    0x00000000000159e4       0x64 ../../os/hal/platforms/AVR/i2c_lld.o
 .debug_info    0x0000000000015a48       0x64 ../../os/hal/platforms/AVR/pwm_lld.o
 .debug_info    0x0000000000015aac       0x64 ../../os/hal/platforms/AVR/spi_lld.o
 .debug_info    0x0000000000015b10       0x64 ../../os/hal/platforms/AVR/gpt_lld.o
 .debug_info    0x0000000000015b74      0x19c ../../os/hal/platforms/AVR/atmega_timers.o
 .debug_info    0x0000000000015d10      0x182 ../../boards/ARDUINO_MEGA/board.o
 .debug_info    0x0000000000015e92      0x6f1 ../../os/various/evtimer.o
 .debug_info    0x0000000000016583      0xa10 main.o
 *(.gnu.linkonce.wi.*)

.debug_abbrev   0x0000000000000000     0x4c7f
 *(.debug_abbrev)
 .debug_abbrev  0x0000000000000000      0x133 ../../os/ports/GCC/AVR/chcore.o
 .debug_abbrev  0x0000000000000133      0x1e4 ../../os/kernel/src/chsys.o
 .debug_abbrev  0x0000000000000317       0x26 ../../os/kernel/src/chdebug.o
 .debug_abbrev  0x000000000000033d       0x26 ../../os/kernel/src/chlists.o
 .debug_abbrev  0x0000000000000363      0x142 ../../os/kernel/src/chvt.o
 .debug_abbrev  0x00000000000004a5      0x326 ../../os/kernel/src/chschd.o
 .debug_abbrev  0x00000000000007cb      0x323 ../../os/kernel/src/chthreads.o
 .debug_abbrev  0x0000000000000aee       0x26 ../../os/kernel/src/chdynamic.o
 .debug_abbrev  0x0000000000000b14      0x126 ../../os/kernel/src/chregistry.o
 .debug_abbrev  0x0000000000000c3a      0x2fd ../../os/kernel/src/chsem.o
 .debug_abbrev  0x0000000000000f37      0x316 ../../os/kernel/src/chmtx.o
 .debug_abbrev  0x000000000000124d      0x2e2 ../../os/kernel/src/chcond.o
 .debug_abbrev  0x000000000000152f      0x307 ../../os/kernel/src/chevents.o
 .debug_abbrev  0x0000000000001836      0x1dc ../../os/kernel/src/chmsg.o
 .debug_abbrev  0x0000000000001a12      0x239 ../../os/kernel/src/chmboxes.o
 .debug_abbrev  0x0000000000001c4b      0x2ea ../../os/kernel/src/chqueues.o
 .debug_abbrev  0x0000000000001f35       0x26 ../../os/kernel/src/chmemcore.o
 .debug_abbrev  0x0000000000001f5b       0x26 ../../os/kernel/src/chheap.o
 .debug_abbrev  0x0000000000001f81       0x26 ../../os/kernel/src/chmempools.o
 .debug_abbrev  0x0000000000001fa7      0x4e6 ../../test/test.o
 .debug_abbrev  0x000000000000248d      0x276 ../../test/testthd.o
 .debug_abbrev  0x0000000000002703      0x2ef ../../test/testsem.o
 .debug_abbrev  0x00000000000029f2      0x328 ../../test/testmtx.o
 .debug_abbrev  0x0000000000002d1a      0x1fc ../../test/testmsg.o
 .debug_abbrev  0x0000000000002f16      0x1fd ../../test/testmbox.o
 .debug_abbrev  0x0000000000003113      0x302 ../../test/testevt.o
 .debug_abbrev  0x0000000000003415       0x7e ../../test/testheap.o
 .debug_abbrev  0x0000000000003493       0x7e ../../test/testpools.o
 .debug_abbrev  0x0000000000003511       0x7e ../../test/testdyn.o
 .debug_abbrev  0x000000000000358f      0x2d5 ../../test/testqueues.o
 .debug_abbrev  0x0000000000003864      0x373 ../../test/testbmk.o
 .debug_abbrev  0x0000000000003bd7       0xf2 ../../os/hal/src/hal.o
 .debug_abbrev  0x0000000000003cc9       0x26 ../../os/hal/src/adc.o
 .debug_abbrev  0x0000000000003cef       0x26 ../../os/hal/src/can.o
 .debug_abbrev  0x0000000000003d15       0x26 ../../os/hal/src/ext.o
 .debug_abbrev  0x0000000000003d3b       0x26 ../../os/hal/src/gpt.o
 .debug_abbrev  0x0000000000003d61       0x26 ../../os/hal/src/i2c.o
 .debug_abbrev  0x0000000000003d87       0x26 ../../os/hal/src/icu.o
 .debug_abbrev  0x0000000000003dad       0x26 ../../os/hal/src/mac.o
 .debug_abbrev  0x0000000000003dd3       0x26 ../../os/hal/src/mmc_spi.o
[...]
chSemSignalWait                                   ../../os/kernel/src/chsem.o
                                                  ../../test/testsem.o
chSemWait                                         ../../os/kernel/src/chsem.o
                                                  ../../test/testbmk.o
                                                  ../../test/testsem.o
chSemWaitS                                        ../../os/kernel/src/chsem.o
chSemWaitTimeout                                  ../../os/kernel/src/chsem.o
                                                  ../../test/testsem.o
chSemWaitTimeoutS                                 ../../os/kernel/src/chsem.o
                                                  ../../os/kernel/src/chmboxes.o
chSysInit                                         ../../os/kernel/src/chsys.o
                                                  main.o
chSysTimerHandlerI                                ../../os/kernel/src/chsys.o
                                                  ../../os/ports/GCC/AVR/chcore.o
chThdCreateI                                      ../../os/kernel/src/chthreads.o
                                                  ../../test/testthd.o
chThdCreateStatic                                 ../../os/kernel/src/chthreads.o
                                                  main.o
                                                  ../../test/testbmk.o
                                                  ../../test/testqueues.o
                                                  ../../test/testevt.o
                                                  ../../test/testmsg.o
                                                  ../../test/testmtx.o
                                                  ../../test/testsem.o
                                                  ../../test/testthd.o
                                                  ../../os/kernel/src/chsys.o
chThdExit                                         ../../os/kernel/src/chthreads.o
                                                  ../../os/ports/GCC/AVR/chcore.o
chThdExitS                                        ../../os/kernel/src/chthreads.o
chThdResume                                       ../../os/kernel/src/chthreads.o
                                                  ../../test/testthd.o
chThdSetPriority                                  ../../os/kernel/src/chthreads.o
                                                  ../../test/testthd.o
chThdSleep                                        ../../os/kernel/src/chthreads.o
                                                  main.o
                                                  ../../test/testbmk.o
                                                  ../../test/testevt.o
                                                  ../../test/testmtx.o
                                                  ../../test/testsem.o
                                                  ../../test/testthd.o
                                                  ../../test/test.o
chThdSleepUntil                                   ../../os/kernel/src/chthreads.o
                                                  ../../test/testthd.o
chThdTerminate                                    ../../os/kernel/src/chthreads.o
                                                  ../../test/test.o
chThdWait                                         ../../os/kernel/src/chthreads.o
                                                  ../../test/testbmk.o
                                                  ../../test/test.o
chThdYield                                        ../../os/kernel/src/chthreads.o
                                                  ../../test/testbmk.o
chTimeIsWithin                                    ../../os/kernel/src/chvt.o
                                                  ../../test/test.o
chVTResetI                                        ../../os/kernel/src/chvt.o
                                                  ../../os/various/evtimer.o
                                                  ../../test/testbmk.o
                                                  ../../os/kernel/src/chschd.o
chVTSetI                                          ../../os/kernel/src/chvt.o
                                                  ../../os/various/evtimer.o
                                                  ../../test/testbmk.o
                                                  ../../test/test.o
                                                  ../../os/kernel/src/chschd.o
ch_debug                                          ../../os/kernel/src/chregistry.o
                                                  ../../os/kernel/src/chsys.o
clock_source_base                                 ../../os/hal/platforms/AVR/atmega_timers.o
                                                  ../../os/hal/platforms/AVR/hal_lld.o
clock_source_extended                             ../../os/hal/platforms/AVR/atmega_timers.o
evtStart                                          ../../os/various/evtimer.o
evtStop                                           ../../os/various/evtimer.o
exit                                              /usr/local/cross/lib/gcc/avr/4.7.2/avr51/libgcc.a(_exit.o)
                                                  /usr/local/cross/lib/gcc/avr/4.7.2/../../../../avr/lib/avr51/crtm1280.o
fgetc                                             /usr/local/cross/lib/gcc/avr/4.7.2/../../../../avr/lib/avr51/libc.a(fgetc.o)
                                                  /usr/local/cross/lib/gcc/avr/4.7.2/../../../../avr/lib/avr51/libscanf_min.a(vfscanf_min.o)
findBestPrescaler                                 ../../os/hal/platforms/AVR/atmega_timers.o
                                                  ../../os/hal/platforms/AVR/hal_lld.o
fputc                                             /usr/local/cross/lib/gcc/avr/4.7.2/../../../../avr/lib/avr51/libc.a(fputc.o)
                                                  /usr/local/cross/lib/gcc/avr/4.7.2/../../../../avr/lib/avr51/libprintf_min.a(vfprintf_min.o)
halInit                                           ../../os/hal/src/hal.o
                                                  main.o
hal_lld_init                                      ../../os/hal/platforms/AVR/hal_lld.o
                                                  ../../os/hal/src/hal.o
isspace                                           /usr/local/cross/lib/gcc/avr/4.7.2/../../../../avr/lib/avr51/libc.a(isspace.o)
                                                  /usr/local/cross/lib/gcc/avr/4.7.2/../../../../avr/lib/avr51/libscanf_min.a(vfscanf_min.o)
main                                              main.o
                                                  /usr/local/cross/lib/gcc/avr/4.7.2/../../../../avr/lib/avr51/crtm1280.o
palReadBus                                        ../../os/hal/src/pal.o
palSetBusMode                                     ../../os/hal/src/pal.o
palWriteBus                                       ../../os/hal/src/pal.o
pal_default_config                                ../../boards/ARDUINO_MEGA/board.o
                                                  ../../os/hal/src/hal.o
patternbmk                                        ../../test/testbmk.o
                                                  ../../test/test.o
patterndyn                                        ../../test/testdyn.o
                                                  ../../test/test.o
patternevt                                        ../../test/testevt.o
                                                  ../../test/test.o
patternheap                                       ../../test/testheap.o
                                                  ../../test/test.o
patternmbox                                       ../../test/testmbox.o
                                                  ../../test/test.o
patternmsg                                        ../../test/testmsg.o
                                                  ../../test/test.o
patternmtx                                        ../../test/testmtx.o
                                                  ../../test/test.o
patternpools                                      ../../test/testpools.o
                                                  ../../test/test.o
patternqueues                                     ../../test/testqueues.o
                                                  ../../test/test.o
patternsem                                        ../../test/testsem.o
                                                  ../../test/test.o
patternthd                                        ../../test/testthd.o
                                                  ../../test/test.o
port_halt                                         ../../os/ports/GCC/AVR/chcore.o
port_switch                                       ../../os/ports/GCC/AVR/chcore.o
                                                  ../../os/kernel/src/chschd.o
ratio_base                                        ../../os/hal/platforms/AVR/atmega_timers.o
                                                  ../../os/hal/platforms/AVR/hal_lld.o
ratio_extended                                    ../../os/hal/platforms/AVR/atmega_timers.o
rlist                                             ../../test/testbmk.o
                                                  ../../test/testqueues.o
                                                  ../../test/testevt.o
                                                  ../../test/testmsg.o
                                                  ../../test/testmtx.o
                                                  ../../test/testsem.o
                                                  ../../test/testthd.o
                                                  ../../test/test.o
                                                  ../../os/kernel/src/chqueues.o
                                                  ../../os/kernel/src/chmsg.o
                                                  ../../os/kernel/src/chevents.o
                                                  ../../os/kernel/src/chcond.o
                                                  ../../os/kernel/src/chmtx.o
                                                  ../../os/kernel/src/chsem.o
                                                  ../../os/kernel/src/chregistry.o
                                                  ../../os/kernel/src/chthreads.o
                                                  ../../os/kernel/src/chschd.o
                                                  ../../os/kernel/src/chsys.o
sdIncomingDataI                                   ../../os/hal/src/serial.o
                                                  ../../os/hal/platforms/AVR/serial_lld.o
sdInit                                            ../../os/hal/src/serial.o
                                                  ../../os/hal/src/hal.o
sdObjectInit                                      ../../os/hal/src/serial.o
                                                  ../../os/hal/platforms/AVR/serial_lld.o
sdRequestDataI                                    ../../os/hal/src/serial.o
                                                  ../../os/hal/platforms/AVR/serial_lld.o
sdStart                                           ../../os/hal/src/serial.o
                                                  main.o
sdStop                                            ../../os/hal/src/serial.o
sd_lld_init                                       ../../os/hal/platforms/AVR/serial_lld.o
                                                  ../../os/hal/src/serial.o
sd_lld_start                                      ../../os/hal/platforms/AVR/serial_lld.o
                                                  ../../os/hal/src/serial.o
sd_lld_stop                                       ../../os/hal/platforms/AVR/serial_lld.o
                                                  ../../os/hal/src/serial.o
strchr_P                                          /usr/local/cross/lib/gcc/avr/4.7.2/../../../../avr/lib/avr51/libc.a(strchr_P.o)
                                                  /usr/local/cross/lib/gcc/avr/4.7.2/../../../../avr/lib/avr51/libscanf_min.a(vfscanf_min.o)
                                                  /usr/local/cross/lib/gcc/avr/4.7.2/../../../../avr/lib/avr51/libprintf_min.a(vfprintf_min.o)
test                                              ../../test/testqueues.o
                                                  ../../test/testmbox.o
                                                  ../../test/test.o
test_cpu_pulse                                    ../../test/test.o
                                                  ../../test/testmtx.o
test_emit_token                                   ../../test/test.o
                                                  ../../test/testqueues.o
                                                  ../../test/testevt.o
                                                  ../../test/testmbox.o
                                                  ../../test/testmsg.o
                                                  ../../test/testmtx.o
                                                  ../../test/testsem.o
                                                  ../../test/testthd.o
test_print                                        ../../test/test.o
                                                  ../../test/testbmk.o
test_println                                      ../../test/test.o
                                                  ../../test/testbmk.o
test_printn                                       ../../test/test.o
                                                  ../../test/testbmk.o
test_start_timer                                  ../../test/test.o
                                                  ../../test/testbmk.o
test_terminate_threads                            ../../test/test.o
                                                  ../../test/testbmk.o
test_timer_done                                   ../../test/testbmk.o
                                                  ../../test/test.o
test_wait_threads                                 ../../test/test.o
                                                  ../../test/testbmk.o
                                                  ../../test/testqueues.o
                                                  ../../test/testevt.o
                                                  ../../test/testmtx.o
                                                  ../../test/testsem.o
                                                  ../../test/testthd.o
test_wait_tick                                    ../../test/test.o
                                                  ../../test/testbmk.o
                                                  ../../test/testevt.o
                                                  ../../test/testmtx.o
                                                  ../../test/testsem.o
                                                  ../../test/testthd.o
testbmk1                                          ../../test/testbmk.o
testbmk10                                         ../../test/testbmk.o
testbmk11                                         ../../test/testbmk.o
testbmk12                                         ../../test/testbmk.o
testbmk13                                         ../../test/testbmk.o
testbmk2                                          ../../test/testbmk.o
testbmk3                                          ../../test/testbmk.o
testbmk4                                          ../../test/testbmk.o
testbmk5                                          ../../test/testbmk.o
testbmk6                                          ../../test/testbmk.o
testbmk7                                          ../../test/testbmk.o
testbmk8                                          ../../test/testbmk.o
testbmk9                                          ../../test/testbmk.o
testevt1                                          ../../test/testevt.o
testevt2                                          ../../test/testevt.o
testevt3                                          ../../test/testevt.o
testmbox1                                         ../../test/testmbox.o
testmsg1                                          ../../test/testmsg.o
testmtx1                                          ../../test/testmtx.o
testmtx2                                          ../../test/testmtx.o
testmtx3                                          ../../test/testmtx.o
testmtx4                                          ../../test/testmtx.o
testmtx5                                          ../../test/testmtx.o
testmtx6                                          ../../test/testmtx.o
testmtx7                                          ../../test/testmtx.o
testmtx8                                          ../../test/testmtx.o
testqueues1                                       ../../test/testqueues.o
testqueues2                                       ../../test/testqueues.o
testsem1                                          ../../test/testsem.o
testsem2                                          ../../test/testsem.o
testsem3                                          ../../test/testsem.o
testsem4                                          ../../test/testsem.o
testthd1                                          ../../test/testthd.o
testthd2                                          ../../test/testthd.o
testthd3                                          ../../test/testthd.o
testthd4                                          ../../test/testthd.o
thread4                                           ../../test/testbmk.o
threads                                           ../../test/testbmk.o
                                                  ../../test/testqueues.o
                                                  ../../test/testevt.o
                                                  ../../test/testmsg.o
                                                  ../../test/testmtx.o
                                                  ../../test/testsem.o
                                                  ../../test/testthd.o
                                                  ../../test/test.o
ungetc                                            /usr/local/cross/lib/gcc/avr/4.7.2/../../../../avr/lib/avr51/libc.a(ungetc.o)
                                                  /usr/local/cross/lib/gcc/avr/4.7.2/../../../../avr/lib/avr51/libscanf_min.a(vfscanf_min.o)
vfprintf                                          /usr/local/cross/lib/gcc/avr/4.7.2/../../../../avr/lib/avr51/libprintf_min.a(vfprintf_min.o)
vfscanf                                           /usr/local/cross/lib/gcc/avr/4.7.2/../../../../avr/lib/avr51/libscanf_min.a(vfscanf_min.o)
vtlist                                            ../../test/testevt.o
                                                  ../../test/testmtx.o
                                                  ../../test/testsem.o
                                                  ../../test/testthd.o
                                                  ../../test/test.o
                                                  ../../os/kernel/src/chthreads.o
                                                  ../../os/kernel/src/chvt.o
                                                  ../../os/kernel/src/chsys.o
wa                                                ../../test/test.o
                                                  ../../test/testbmk.o
                                                  ../../test/testqueues.o
                                                  ../../test/testevt.o
                                                  ../../test/testmsg.o
                                                  ../../test/testmtx.o
                                                  ../../test/testsem.o
                                                  ../../test/testthd.o
