Archive member included because of file (symbol)

../../lib/gcc/libc.a(lib_a-errno.o)
                              ../../common/lowlevel.o (__errno)
../../lib/gcc/libc.a(lib_a-impure.o)
                              ../../lib/gcc/libc.a(lib_a-errno.o) (_impure_ptr)
../../lib/gcc/libc.a(lib_a-printf.o)
                              math-sample.o (printf)
../../lib/gcc/libc.a(lib_a-putchar.o)
                              math-sample.o (putchar)
../../lib/gcc/libc.a(lib_a-puts.o)
                              math-sample.o (puts)
../../lib/gcc/libc.a(lib_a-scanf.o)
                              math-sample.o (scanf)
../../lib/gcc/libc.a(lib_a-strlen.o)
                              ../../lib/gcc/libc.a(lib_a-puts.o) (strlen)
../../lib/gcc/libc.a(lib_a-vfprintf.o)
                              ../../lib/gcc/libc.a(lib_a-printf.o) (_vfprintf_r)
../../lib/gcc/libc.a(lib_a-vfscanf.o)
                              ../../lib/gcc/libc.a(lib_a-scanf.o) (__svfscanf_r)
../../lib/gcc/libc.a(lib_a-wsetup.o)
                              ../../lib/gcc/libc.a(lib_a-vfprintf.o) (__swsetup_r)
../../lib/gcc/libc.a(lib_a-ctype_.o)
                              ../../lib/gcc/libc.a(lib_a-vfscanf.o) (__ctype_ptr__)
../../lib/gcc/libc.a(lib_a-dtoa.o)
                              ../../lib/gcc/libc.a(lib_a-vfprintf.o) (_dtoa_r)
../../lib/gcc/libc.a(lib_a-fflush.o)
                              ../../lib/gcc/libc.a(lib_a-vfprintf.o) (_fflush_r)
../../lib/gcc/libc.a(lib_a-findfp.o)
                              ../../lib/gcc/libc.a(lib_a-vfprintf.o) (__sinit)
../../lib/gcc/libc.a(lib_a-fread.o)
                              ../../lib/gcc/libc.a(lib_a-vfscanf.o) (_fread_r)
../../lib/gcc/libc.a(lib_a-freer.o)
                              ../../lib/gcc/libc.a(lib_a-wsetup.o) (_free_r)
../../lib/gcc/libc.a(lib_a-fvwrite.o)
                              ../../lib/gcc/libc.a(lib_a-puts.o) (__sfvwrite_r)
../../lib/gcc/libc.a(lib_a-fwalk.o)
                              ../../lib/gcc/libc.a(lib_a-findfp.o) (_fwalk)
../../lib/gcc/libc.a(lib_a-iswspace.o)
                              ../../lib/gcc/libc.a(lib_a-vfscanf.o) (iswspace)
../../lib/gcc/libc.a(lib_a-locale.o)
                              ../../lib/gcc/libc.a(lib_a-vfprintf.o) (_localeconv_r)
../../lib/gcc/libc.a(lib_a-makebuf.o)
                              ../../lib/gcc/libc.a(lib_a-wsetup.o) (__smakebuf_r)
../../lib/gcc/libc.a(lib_a-mallocr.o)
                              ../../lib/gcc/libc.a(lib_a-findfp.o) (_malloc_r)
../../lib/gcc/libc.a(lib_a-mbrtowc.o)
                              ../../lib/gcc/libc.a(lib_a-vfscanf.o) (_mbrtowc_r)
../../lib/gcc/libc.a(lib_a-mbtowc_r.o)
                              ../../lib/gcc/libc.a(lib_a-mbrtowc.o) (__mbtowc)
../../lib/gcc/libc.a(lib_a-memchr.o)
                              ../../lib/gcc/libc.a(lib_a-vfprintf.o) (memchr)
../../lib/gcc/libc.a(lib_a-memcpy.o)
                              ../../lib/gcc/libc.a(lib_a-dtoa.o) (memcpy)
../../lib/gcc/libc.a(lib_a-memmove.o)
                              ../../lib/gcc/libc.a(lib_a-fvwrite.o) (memmove)
../../lib/gcc/libc.a(lib_a-memset.o)
                              ../../lib/gcc/libc.a(lib_a-vfscanf.o) (memset)
../../lib/gcc/libc.a(lib_a-mlock.o)
                              ../../lib/gcc/libc.a(lib_a-freer.o) (__malloc_lock)
../../lib/gcc/libc.a(lib_a-mprec.o)
                              ../../lib/gcc/libc.a(lib_a-dtoa.o) (_Balloc)
../../lib/gcc/libc.a(lib_a-putc.o)
                              ../../lib/gcc/libc.a(lib_a-putchar.o) (_putc_r)
../../lib/gcc/libc.a(lib_a-reallocr.o)
                              ../../lib/gcc/libc.a(lib_a-fvwrite.o) (_realloc_r)
../../lib/gcc/libc.a(lib_a-refill.o)
                              ../../lib/gcc/libc.a(lib_a-vfscanf.o) (__srefill_r)
../../lib/gcc/libc.a(lib_a-sbrkr.o)
                              ../../lib/gcc/libc.a(lib_a-freer.o) (_sbrk_r)
../../lib/gcc/libc.a(lib_a-sccl.o)
                              ../../lib/gcc/libc.a(lib_a-vfscanf.o) (__sccl)
../../lib/gcc/libc.a(lib_a-sf_fpclassify.o)
                              ../../lib/gcc/libc.a(lib_a-vfprintf.o) (__fpclassifyf)
../../lib/gcc/libc.a(lib_a-sf_nan.o)
                              ../../lib/gcc/libc.a(lib_a-vfscanf.o) (nanf)
../../lib/gcc/libc.a(lib_a-sprintf.o)
                              ../../lib/gcc/libc.a(lib_a-vfscanf.o) (sprintf)
../../lib/gcc/libc.a(lib_a-stdio.o)
                              ../../lib/gcc/libc.a(lib_a-findfp.o) (__sread)
../../lib/gcc/libc.a(lib_a-strcmp.o)
                              ../../lib/gcc/libc.a(lib_a-locale.o) (strcmp)
../../lib/gcc/libc.a(lib_a-strtod.o)
                              ../../lib/gcc/libc.a(lib_a-vfscanf.o) (_strtod_r)
../../lib/gcc/libc.a(lib_a-strtol.o)
                              ../../lib/gcc/libc.a(lib_a-vfscanf.o) (_strtol_r)
../../lib/gcc/libc.a(lib_a-strtoll_r.o)
                              ../../lib/gcc/libc.a(lib_a-vfscanf.o) (_strtoll_r)
../../lib/gcc/libc.a(lib_a-strtoul.o)
[...]
Memory Configuration

Name             Origin             Length             Attributes
*default*        0x00000000         0xffffffff

Linker script and memory map

LOAD ../../lib/start.o
LOAD ../../common/lowlevel.o
LOAD math-sample.o
LOAD ../../common/intvect.o
                0x00017f00                _usp_init = 0x17f00
                0x00018000                _isp_init = 0x18000

.fvectors       0xffffffd0       0x30
 *.o(.fvectors)
 .fvectors      0xffffffd0       0x30 ../../common/intvect.o
                0xffffffd0                Fixed_Vectors

.rvectors       0xfff80000      0x400
 *.o(.rvectors)
 .rvectors      0xfff80000      0x400 ../../common/intvect.o
                0xfff80000                Relocatable_Vectors

.text           0xfff80400     0xff20
                0xfff80400                PROVIDE (_start, .)
 *(.text P .stub .text.* .gnu.linkonce.t.*)
 P              0xfff80400       0x8c ../../lib/start.o
                0xfff80400                start
                0xfff80400                PowerON_Reset_PC
                0xfff8048a                _rx_fini
                0xfff8048b                __cxa_atexit
 *fill*         0xfff8048c        0x4 00
 P              0xfff80490      0x130 ../../common/lowlevel.o
                0xfff80490                sbrk
                0xfff80490                _sbrk
                0xfff8049f                open
                0xfff804a2                read
                0xfff80528                write
                0xfff80581                lseek
                0xfff80584                isatty
                0xfff80587                fstat
                0xfff805b7                close
 P              0xfff805c0      0x1c1 math-sample.o
                0xfff805c0                main
 P              0xfff80781      0x444 ../../common/intvect.o
                0xfff80781                Excep_SuperVisorInst
                0xfff80789                Excep_UndefinedInst
                0xfff80791                Excep_FloatingPoint
                0xfff80799                NonMaskableInterrupt
                0xfff807a1                Excep_BRK
                0xfff807a9                Excep_BUSERR
                0xfff807b1                Excep_FCU_FCUERR
                0xfff807b9                Excep_FCU_FRDYI
                0xfff807c1                Excep_ICU_SWINT
                0xfff807c9                Excep_CMTU0_CMT1
                0xfff807d1                Excep_CMTU1_CMT3
                0xfff807d9                Excep_USB0_D0FIFO0
                0xfff807e1                Excep_USB0_D1FIFO0
                0xfff807e9                Excep_USB0_USBI0
                0xfff807fb                Excep_USB1_D0FIFO1
                0xfff80803                Excep_USB1_D1FIFO1
                0xfff8080b                Excep_USB1_USBI1
                0xfff8081d                Excep_RSPI0_SPEI0
                0xfff80825                Excep_RSPI0_SPRI0
                0xfff8082d                Excep_RSPI0_SPTI0
                0xfff80835                Excep_RSPI0_SPII0
                0xfff8083d                Excep_RSPI1_SPEI1
                0xfff80845                Excep_RSPI1_SPRI1
                0xfff8084d                Excep_RSPI1_SPTI1
                0xfff80855                Excep_RSPI1_SPII1
                0xfff8085d                Excep_CAN0_ERS0
                0xfff80865                Excep_CAN0_RXF0
                0xfff8086d                Excep_CAN0_TXF0
                0xfff80875                Excep_CAN0_RXM0
                0xfff8087d                Excep_CAN0_TXM0
                0xfff80885                Excep_RTC_PRD
                0xfff8088d                Excep_RTC_CUP
                0xfff80895                Excep_IRQ8
                0xfff8089d                Excep_IRQ9
                0xfff808a5                Excep_IRQ10
                0xfff808ad                Excep_IRQ11
                0xfff808b5                Excep_IRQ12
                0xfff808bd                Excep_IRQ13
                0xfff808c5                Excep_IRQ14
                0xfff808cd                Excep_IRQ15
                0xfff808d5                Excep_USB_USBR0
                0xfff808dd                Excep_USB_USBR1
                0xfff808e5                Excep_RTC_ALM
                0xfff808ed                Excep_WDT_WOVI
                0xfff808f5                Excep_AD0_ADI0
                0xfff808fd                Excep_AD1_ADI1
                0xfff80905                Excep_S12AD_ADI12
                0xfff8090d                Excep_MTU0_TCIV0
                0xfff80915                Excep_MTU1_TGIB1
                0xfff8091d                Excep_MTU1_TCIV1
                0xfff80925                Excep_MTU1_TCIU1
                0xfff8092d                Excep_MTU2_TGIB2
                0xfff80935                Excep_MTU2_TCIV2
                0xfff8093d                Excep_MTU2_TCIU2
                0xfff80945                Excep_MTU3_TGIA3
                0xfff8094d                Excep_MTU3_TGIB3
                0xfff80955                Excep_MTU3_TGIC3
                0xfff8095d                Excep_MTU3_TGID3
                0xfff80965                Excep_MTU3_TCIV3
                0xfff8096d                Excep_MTU4_TGIA4
                0xfff80975                Excep_MTU4_TGIB4
                0xfff8097d                Excep_MTU4_TGIC4
                0xfff80985                Excep_MTU4_TGID4
                0xfff8098d                Excep_MTU4_TCIV4
                0xfff80995                Excep_MTU5_TCIU5
                0xfff8099d                Excep_MTU5_TCIV5
                0xfff809a5                Excep_MTU5_TCIW5
                0xfff809ad                Excep_MTU6_TGIA6
                0xfff809b5                Excep_MTU6_TGIB6
                0xfff809bd                Excep_MTU6_TGIC6
                0xfff809c5                Excep_MTU6_TGID6
                0xfff809cd                Excep_MTU6_TCIV6
                0xfff809d5                Excep_MTU6_TGIE6
                0xfff809dd                Excep_MTU6_TGIF6
                0xfff809e5                Excep_MTU7_TGIA7
                0xfff809ed                Excep_MTU7_TGIB7
                0xfff809f5                Excep_MTU7_TCIV7
                0xfff809fd                Excep_MTU7_TCIU7
                0xfff80a05                Excep_MTU8_TGIA8
                0xfff80a0d                Excep_MTU8_TGIB8
                0xfff80a15                Excep_MTU8_TCIV8
                0xfff80a1d                Excep_MTU8_TCIU8
                0xfff80a25                Excep_MTU9_TGIA9
                0xfff80a2d                Excep_MTU9_TGIB9
                0xfff80a35                Excep_MTU9_TGIC9
                0xfff80a3d                Excep_MTU9_TGID9
                0xfff80a45                Excep_MTU9_TCIV9
                0xfff80a4d                Excep_MTU10_TGIA10
                0xfff80a55                Excep_MTU10_TGIB10
                0xfff80a5d                Excep_MTU10_TGIC10
                0xfff80a65                Excep_MTU10_TGID10
                0xfff80a6d                Excep_MTU10_TCIV10
                0xfff80a75                Excep_MTU11_TCIU11
                0xfff80a7d                Excep_MTU11_TCIV11
                0xfff80a85                Excep_MTU11_TCIW11
                0xfff80a8d                Excep_POE_OEI1
                0xfff80a95                Excep_POE_OEI2
                0xfff80a9d                Excep_POE_OEI3
                0xfff80aa5                Excep_POE_OEI4
                0xfff80aad                Excep_TMR0_CMI0A
                0xfff80ab5                Excep_TMR0_CMI0B
                0xfff80abd                Excep_TMR0_OV0I
                0xfff80ac5                Excep_TMR1_CMI1A
                0xfff80acd                Excep_TMR1_CMI1B
                0xfff80ad5                Excep_TMR1_OV1I
                0xfff80add                Excep_TMR2_CMI2A
                0xfff80ae5                Excep_TMR2_CMI2B
                0xfff80aed                Excep_TMR2_OV2I
                0xfff80af5                Excep_TMR3_CMI3A
                0xfff80afd                Excep_TMR3_CMI3B
                0xfff80b05                Excep_TMR3_OV3I
                0xfff80b0d                Excep_DMACA_DMAC0
                0xfff80b15                Excep_DMACA_DMAC1
                0xfff80b1d                Excep_DMACA_DMAC2
                0xfff80b25                Excep_DMACA_DMAC3
                0xfff80b2d                Excep_EXDMAC_DMAC0
                0xfff80b35                Excep_EXDMAC_DMAC1
                0xfff80b3d                Excep_SCI3_ERI3
                0xfff80b45                Excep_SCI3_RXI3
                0xfff80b4d                Excep_SCI3_TXI3
                0xfff80b55                Excep_SCI3_TEI3
                0xfff80b5d                Excep_SCI5_ERI5
                0xfff80b65                Excep_SCI5_RXI5
                0xfff80b6d                Excep_SCI5_TXI5
                0xfff80b75                Excep_SCI5_TEI5
                0xfff80b7d                Excep_RIIC0_EEI0
                0xfff80b85                Excep_RIIC0_RXI0
                0xfff80b8d                Excep_RIIC0_TXI0
                0xfff80b95                Excep_RIIC0_TEI0
                0xfff80b9d                Excep_RIIC1_EEI1
                0xfff80ba5                Excep_RIIC1_RXI1
                0xfff80bad                Excep_RIIC1_TXI1
                0xfff80bb5                Excep_RIIC1_TEI1
                0xfff80bbd                Dummy
 P              0xfff80bc5        0x0 ../../lib/gcc/libc.a(lib_a-errno.o)
 .text.__errno  0xfff80bc5        0x9 ../../lib/gcc/libc.a(lib_a-errno.o)
                0xfff80bc5                __errno
 P              0xfff80bce        0x0 ../../lib/gcc/libc.a(lib_a-impure.o)
 P              0xfff80bce        0x0 ../../lib/gcc/libc.a(lib_a-printf.o)
 .text._printf_r
                0xfff80bce       0x11 ../../lib/gcc/libc.a(lib_a-printf.o)
                0xfff80bce                _printf_r
 .text.printf   0xfff80bdf       0x19 ../../lib/gcc/libc.a(lib_a-printf.o)
                0xfff80bdf                printf
 P              0xfff80bf8        0x0 ../../lib/gcc/libc.a(lib_a-putchar.o)
 .text._putchar_r
                0xfff80bf8        0x6 ../../lib/gcc/libc.a(lib_a-putchar.o)
                0xfff80bf8                _putchar_r
 .text.putchar  0xfff80bfe       0x13 ../../lib/gcc/libc.a(lib_a-putchar.o)
                0xfff80bfe                putchar
 P              0xfff80c11        0x0 ../../lib/gcc/libc.a(lib_a-puts.o)
 *fill*         0xfff80c11        0x7 00
 .text._puts_r  0xfff80c18       0x68 ../../lib/gcc/libc.a(lib_a-puts.o)
                0xfff80c18                _puts_r
 .text.puts     0xfff80c80        0xe ../../lib/gcc/libc.a(lib_a-puts.o)
                0xfff80c80                puts
 P              0xfff80c8e        0x0 ../../lib/gcc/libc.a(lib_a-scanf.o)
 .text.scanf    0xfff80c8e       0x19 ../../lib/gcc/libc.a(lib_a-scanf.o)
                0xfff80c8e                scanf
 .text._scanf_r
                0xfff80ca7       0x11 ../../lib/gcc/libc.a(lib_a-scanf.o)
                0xfff80ca7                _scanf_r
 P              0xfff80cb8        0x0 ../../lib/gcc/libc.a(lib_a-strlen.o)
 .text          0xfff80cb8       0x10 ../../lib/gcc/libc.a(lib_a-strlen.o)
                0xfff80cb8                strlen
 P              0xfff80cc8        0x0 ../../lib/gcc/libc.a(lib_a-vfprintf.o)
 .text._vfprintf_r
                0xfff80cc8     0x1600 ../../lib/gcc/libc.a(lib_a-vfprintf.o)
                0xfff80cc8                _vfprintf_r
 .text.vfprintf
                0xfff822c8       0x16 ../../lib/gcc/libc.a(lib_a-vfprintf.o)
                0xfff822c8                vfprintf
 P              0xfff822de        0x0 ../../lib/gcc/libc.a(lib_a-vfscanf.o)
 *fill*         0xfff822de        0x2 00
 .text.__svfscanf_r
                0xfff822e0      0xd60 ../../lib/gcc/libc.a(lib_a-vfscanf.o)
                0xfff822e0                __svfscanf_r
 .text._vfscanf_r
                0xfff83040       0x30 ../../lib/gcc/libc.a(lib_a-vfscanf.o)
                0xfff83040                _vfscanf_r
 .text.__svfscanf
                0xfff83070       0x16 ../../lib/gcc/libc.a(lib_a-vfscanf.o)
                0xfff83070                __svfscanf
 *fill*         0xfff83086        0x2 00
 .text.vfscanf  0xfff83088       0x38 ../../lib/gcc/libc.a(lib_a-vfscanf.o)
                0xfff83088                vfscanf
 P              0xfff830c0        0x0 ../../lib/gcc/libc.a(lib_a-wsetup.o)
 .text.__swsetup_r
                0xfff830c0       0xd8 ../../lib/gcc/libc.a(lib_a-wsetup.o)
                0xfff830c0                __swsetup_r
 P              0xfff83198        0x0 ../../lib/gcc/libc.a(lib_a-ctype_.o)
 P              0xfff83198        0x0 ../../lib/gcc/libc.a(lib_a-dtoa.o)
 .text.quorem   0xfff83198      0x160 ../../lib/gcc/libc.a(lib_a-dtoa.o)
 .text._dtoa_r  0xfff832f8      0xcd8 ../../lib/gcc/libc.a(lib_a-dtoa.o)
                0xfff832f8                _dtoa_r
 P              0xfff83fd0        0x0 ../../lib/gcc/libc.a(lib_a-fflush.o)
 .text._fflush_r
                0xfff83fd0      0x190 ../../lib/gcc/libc.a(lib_a-fflush.o)
                0xfff83fd0                _fflush_r
 .text.fflush   0xfff84160       0x23 ../../lib/gcc/libc.a(lib_a-fflush.o)
                0xfff84160                fflush
 P              0xfff84183        0x0 ../../lib/gcc/libc.a(lib_a-findfp.o)
 .text.__fp_lock
                0xfff84183        0x3 ../../lib/gcc/libc.a(lib_a-findfp.o)
 .text.__fp_unlock
                0xfff84186        0x3 ../../lib/gcc/libc.a(lib_a-findfp.o)
 .text._cleanup_r
                0xfff84189        0xa ../../lib/gcc/libc.a(lib_a-findfp.o)
                0xfff84189                _cleanup_r
 .text.std.isra.0
                0xfff84193       0x49 ../../lib/gcc/libc.a(lib_a-findfp.o)
 *fill*         0xfff841dc        0x4 00
 .text.__sfmoreglue
                0xfff841e0       0x30 ../../lib/gcc/libc.a(lib_a-findfp.o)
                0xfff841e0                __sfmoreglue
 .text._cleanup
                0xfff84210        0xc ../../lib/gcc/libc.a(lib_a-findfp.o)
                0xfff84210                _cleanup
 .text.__sinit  0xfff8421c       0x48 ../../lib/gcc/libc.a(lib_a-findfp.o)
                0xfff8421c                __sinit
 *fill*         0xfff84264        0x4 00
 .text.__sfp    0xfff84268       0xb0 ../../lib/gcc/libc.a(lib_a-findfp.o)
                0xfff84268                __sfp
 .text.__sfp_lock_acquire
                0xfff84318        0x1 ../../lib/gcc/libc.a(lib_a-findfp.o)
                0xfff84318                __sfp_lock_acquire
 .text.__sfp_lock_release
                0xfff84319        0x1 ../../lib/gcc/libc.a(lib_a-findfp.o)
                0xfff84319                __sfp_lock_release
 .text.__sinit_lock_acquire
                0xfff8431a        0x1 ../../lib/gcc/libc.a(lib_a-findfp.o)
                0xfff8431a                __sinit_lock_acquire
 .text.__sinit_lock_release
                0xfff8431b        0x1 ../../lib/gcc/libc.a(lib_a-findfp.o)
                0xfff8431b                __sinit_lock_release
 .text.__fp_lock_all
                0xfff8431c       0x12 ../../lib/gcc/libc.a(lib_a-findfp.o)
                0xfff8431c                __fp_lock_all
 .text.__fp_unlock_all
                0xfff8432e       0x12 ../../lib/gcc/libc.a(lib_a-findfp.o)
                0xfff8432e                __fp_unlock_all
 P              0xfff84340        0x0 ../../lib/gcc/libc.a(lib_a-fread.o)
 .text._fread_r
                0xfff84340      0x178 ../../lib/gcc/libc.a(lib_a-fread.o)
                0xfff84340                _fread_r
 .text.fread    0xfff844b8       0x1e ../../lib/gcc/libc.a(lib_a-fread.o)
                0xfff844b8                fread
 P              0xfff844d6        0x0 ../../lib/gcc/libc.a(lib_a-freer.o)
 *fill*         0xfff844d6        0x2 00
 .text._malloc_trim_r
                0xfff844d8       0xb0 ../../lib/gcc/libc.a(lib_a-freer.o)
                0xfff844d8                _malloc_trim_r
 .text._free_r  0xfff84588      0x1d8 ../../lib/gcc/libc.a(lib_a-freer.o)
                0xfff84588                _free_r
 P              0xfff84760        0x0 ../../lib/gcc/libc.a(lib_a-fvwrite.o)
 .text.__sfvwrite_r
                0xfff84760      0x308 ../../lib/gcc/libc.a(lib_a-fvwrite.o)
                0xfff84760                __sfvwrite_r
 P              0xfff84a68        0x0 ../../lib/gcc/libc.a(lib_a-fwalk.o)
 .text._fwalk   0xfff84a68       0x60 ../../lib/gcc/libc.a(lib_a-fwalk.o)
                0xfff84a68                _fwalk
 .text._fwalk_reent
                0xfff84ac8       0x60 ../../lib/gcc/libc.a(lib_a-fwalk.o)
                0xfff84ac8                _fwalk_reent
 P              0xfff84b28        0x0 ../../lib/gcc/libc.a(lib_a-iswspace.o)
 .text.iswspace
                0xfff84b28       0x17 ../../lib/gcc/libc.a(lib_a-iswspace.o)
                0xfff84b28                iswspace
 P              0xfff84b3f        0x0 ../../lib/gcc/libc.a(lib_a-locale.o)
 *fill*         0xfff84b3f        0x1 00
 .text._setlocale_r
                0xfff84b40       0x50 ../../lib/gcc/libc.a(lib_a-locale.o)
                0xfff84b40                _setlocale_r
 .text.__locale_charset
                0xfff84b90        0x7 ../../lib/gcc/libc.a(lib_a-locale.o)
                0xfff84b90                __locale_charset
 .text.__locale_msgcharset
                0xfff84b97        0x7 ../../lib/gcc/libc.a(lib_a-locale.o)
                0xfff84b97                __locale_msgcharset
 .text.__locale_cjk_lang
                0xfff84b9e        0x3 ../../lib/gcc/libc.a(lib_a-locale.o)
                0xfff84b9e                __locale_cjk_lang
 .text._localeconv_r
                0xfff84ba1        0x7 ../../lib/gcc/libc.a(lib_a-locale.o)
                0xfff84ba1                _localeconv_r
 .text.setlocale
                0xfff84ba8       0x12 ../../lib/gcc/libc.a(lib_a-locale.o)
                0xfff84ba8                setlocale
 .text.localeconv
                0xfff84bba        0x7 ../../lib/gcc/libc.a(lib_a-locale.o)
                0xfff84bba                localeconv
 P              0xfff84bc1        0x0 ../../lib/gcc/libc.a(lib_a-makebuf.o)
 *fill*         0xfff84bc1        0x7 00
 .text.__smakebuf_r
                0xfff84bc8      0x100 ../../lib/gcc/libc.a(lib_a-makebuf.o)
                0xfff84bc8                __smakebuf_r
 P              0xfff84cc8        0x0 ../../lib/gcc/libc.a(lib_a-mallocr.o)
 .text._malloc_r
                0xfff84cc8      0x550 ../../lib/gcc/libc.a(lib_a-mallocr.o)
                0xfff84cc8                _malloc_r
 P              0xfff85218        0x0 ../../lib/gcc/libc.a(lib_a-mbrtowc.o)
 .text._mbrtowc_r
                0xfff85218       0x60 ../../lib/gcc/libc.a(lib_a-mbrtowc.o)
                0xfff85218                _mbrtowc_r
 .text.mbrtowc  0xfff85278       0x68 ../../lib/gcc/libc.a(lib_a-mbrtowc.o)
                0xfff85278                mbrtowc
 P              0xfff852e0        0x0 ../../lib/gcc/libc.a(lib_a-mbtowc_r.o)
 .text.__ascii_mbtowc
                0xfff852e0       0x30 ../../lib/gcc/libc.a(lib_a-mbtowc_r.o)
                0xfff852e0                __ascii_mbtowc
 .text._mbtowc_r
                0xfff85310       0x2e ../../lib/gcc/libc.a(lib_a-mbtowc_r.o)
                0xfff85310                _mbtowc_r
 P              0xfff8533e        0x0 ../../lib/gcc/libc.a(lib_a-memchr.o)
 .text          0xfff8533e        0xf ../../lib/gcc/libc.a(lib_a-memchr.o)
                0xfff8533e                memchr
 P              0xfff8534d        0x0 ../../lib/gcc/libc.a(lib_a-memcpy.o)
 .text          0xfff8534d        0x7 ../../lib/gcc/libc.a(lib_a-memcpy.o)
                0xfff8534d                memcpy
 P              0xfff85354        0x0 ../../lib/gcc/libc.a(lib_a-memmove.o)
 .text          0xfff85354       0x17 ../../lib/gcc/libc.a(lib_a-memmove.o)
                0xfff85354                memmove
 P              0xfff8536b        0x0 ../../lib/gcc/libc.a(lib_a-memset.o)
 .text          0xfff8536b        0x7 ../../lib/gcc/libc.a(lib_a-memset.o)
                0xfff8536b                memset
 P              0xfff85372        0x0 ../../lib/gcc/libc.a(lib_a-mlock.o)
 .text.__malloc_lock
                0xfff85372        0x1 ../../lib/gcc/libc.a(lib_a-mlock.o)
                0xfff85372                __malloc_lock
 .text.__malloc_unlock
                0xfff85373        0x1 ../../lib/gcc/libc.a(lib_a-mlock.o)
                0xfff85373                __malloc_unlock
 P              0xfff85374        0x0 ../../lib/gcc/libc.a(lib_a-mprec.o)
 *fill*         0xfff85374        0x4 00
 .text._Balloc  0xfff85378       0x60 ../../lib/gcc/libc.a(lib_a-mprec.o)
                0xfff85378                _Balloc
 .text._Bfree   0xfff853d8       0x18 ../../lib/gcc/libc.a(lib_a-mprec.o)
                0xfff853d8                _Bfree
 .text.__multadd
                0xfff853f0       0x88 ../../lib/gcc/libc.a(lib_a-mprec.o)
                0xfff853f0                __multadd
 .text.__s2b    0xfff85478       0x90 ../../lib/gcc/libc.a(lib_a-mprec.o)
                0xfff85478                __s2b
 .text.__hi0bits
                0xfff85508       0x58 ../../lib/gcc/libc.a(lib_a-mprec.o)
                0xfff85508                __hi0bits
 .text.__lo0bits
                0xfff85560       0x70 ../../lib/gcc/libc.a(lib_a-mprec.o)
                0xfff85560                __lo0bits
 .text.__i2b    0xfff855d0       0x12 ../../lib/gcc/libc.a(lib_a-mprec.o)
                0xfff855d0                __i2b
 *fill*         0xfff855e2        0x6 00
 .text.__multiply
                0xfff855e8      0x150 ../../lib/gcc/libc.a(lib_a-mprec.o)
                0xfff855e8                __multiply
 .text.__pow5mult
                0xfff85738       0xa0 ../../lib/gcc/libc.a(lib_a-mprec.o)
                0xfff85738                __pow5mult
 .text.__lshift
                0xfff857d8       0xb8 ../../lib/gcc/libc.a(lib_a-mprec.o)
                0xfff857d8                __lshift
 .text.__mcmp   0xfff85890       0x38 ../../lib/gcc/libc.a(lib_a-mprec.o)
                0xfff85890                __mcmp
 .text.__mdiff  0xfff858c8       0xf0 ../../lib/gcc/libc.a(lib_a-mprec.o)
                0xfff858c8                __mdiff
 .text.__ulp    0xfff859b8       0x28 ../../lib/gcc/libc.a(lib_a-mprec.o)
                0xfff859b8                __ulp
 .text.__b2d    0xfff859e0       0x80 ../../lib/gcc/libc.a(lib_a-mprec.o)
                0xfff859e0                __b2d
 .text.__d2b    0xfff85a60       0x78 ../../lib/gcc/libc.a(lib_a-mprec.o)
                0xfff85a60                __d2b
 .text.__ratio  0xfff85ad8       0x48 ../../lib/gcc/libc.a(lib_a-mprec.o)
                0xfff85ad8                __ratio
 .text._mprec_log10
                0xfff85b20       0x28 ../../lib/gcc/libc.a(lib_a-mprec.o)
                0xfff85b20                _mprec_log10
 .text.__copybits
                0xfff85b48       0x48 ../../lib/gcc/libc.a(lib_a-mprec.o)
                0xfff85b48                __copybits
 .text.__any_on
                0xfff85b90       0x60 ../../lib/gcc/libc.a(lib_a-mprec.o)
                0xfff85b90                __any_on
 P              0xfff85bf0        0x0 ../../lib/gcc/libc.a(lib_a-putc.o)
 .text._putc_r  0xfff85bf0       0x60 ../../lib/gcc/libc.a(lib_a-putc.o)
                0xfff85bf0                _putc_r
 .text.putc     0xfff85c50       0x70 ../../lib/gcc/libc.a(lib_a-putc.o)
                0xfff85c50                putc
 P              0xfff85cc0        0x0 ../../lib/gcc/libc.a(lib_a-reallocr.o)
 .text._realloc_r
                0xfff85cc0      0x410 ../../lib/gcc/libc.a(lib_a-reallocr.o)
                0xfff85cc0                _realloc_r
 P              0xfff860d0        0x0 ../../lib/gcc/libc.a(lib_a-refill.o)
 .text.lflush   0xfff860d0        0xf ../../lib/gcc/libc.a(lib_a-refill.o)
 *fill*         0xfff860df        0x1 00
 .text.__srefill_r
                0xfff860e0      0x120 ../../lib/gcc/libc.a(lib_a-refill.o)
                0xfff860e0                __srefill_r
 P              0xfff86200        0x0 ../../lib/gcc/libc.a(lib_a-sbrkr.o)
 .text._sbrk_r  0xfff86200       0x28 ../../lib/gcc/libc.a(lib_a-sbrkr.o)
                0xfff86200                _sbrk_r
 P              0xfff86228        0x0 ../../lib/gcc/libc.a(lib_a-sccl.o)
 .text.__sccl   0xfff86228       0x80 ../../lib/gcc/libc.a(lib_a-sccl.o)
                0xfff86228                __sccl
 P              0xfff862a8        0x0 ../../lib/gcc/libc.a(lib_a-sf_fpclassify.o)
 .text.__fpclassifyf
                0xfff862a8       0x60 ../../lib/gcc/libc.a(lib_a-sf_fpclassify.o)
                0xfff862a8                __fpclassifyf
 P              0xfff86308        0x0 ../../lib/gcc/libc.a(lib_a-sf_nan.o)
 .text.nanf     0xfff86308        0x7 ../../lib/gcc/libc.a(lib_a-sf_nan.o)
                0xfff86308                nanf
 .text.nan      0xfff8630f        0x7 ../../lib/gcc/libc.a(lib_a-sf_nan.o)
                0xfff8630f                nan
 P              0xfff86316        0x0 ../../lib/gcc/libc.a(lib_a-sprintf.o)
 .text._sprintf_r
                0xfff86316       0x36 ../../lib/gcc/libc.a(lib_a-sprintf.o)
                0xfff86316                _sprintf_r
 .text.sprintf  0xfff8634c       0x3e ../../lib/gcc/libc.a(lib_a-sprintf.o)
                0xfff8634c                sprintf
 P              0xfff8638a        0x0 ../../lib/gcc/libc.a(lib_a-stdio.o)
 .text.__sread  0xfff8638a       0x26 ../../lib/gcc/libc.a(lib_a-stdio.o)
                0xfff8638a                __sread
 .text.__seofread
                0xfff863b0        0x3 ../../lib/gcc/libc.a(lib_a-stdio.o)
                0xfff863b0                __seofread
 *fill*         0xfff863b3        0x5 00
 .text.__swrite
                0xfff863b8       0x38 ../../lib/gcc/libc.a(lib_a-stdio.o)
                0xfff863b8                __swrite
 .text.__sseek  0xfff863f0       0x28 ../../lib/gcc/libc.a(lib_a-stdio.o)
                0xfff863f0                __sseek
 .text.__sclose
                0xfff86418        0x6 ../../lib/gcc/libc.a(lib_a-stdio.o)
                0xfff86418                __sclose
 P              0xfff8641e        0x0 ../../lib/gcc/libc.a(lib_a-strcmp.o)
 .text          0xfff8641e        0xf ../../lib/gcc/libc.a(lib_a-strcmp.o)
                0xfff8641e                strcmp
 P              0xfff8642d        0x0 ../../lib/gcc/libc.a(lib_a-strtod.o)
 *fill*         0xfff8642d        0x3 00
 .text.match    0xfff86430       0x30 ../../lib/gcc/libc.a(lib_a-strtod.o)
 .text._strtod_r
                0xfff86460      0x9a0 ../../lib/gcc/libc.a(lib_a-strtod.o)
                0xfff86460                _strtod_r
 .text.strtod   0xfff86e00       0x12 ../../lib/gcc/libc.a(lib_a-strtod.o)
                0xfff86e00                strtod
 .text.strtof   0xfff86e12       0x28 ../../lib/gcc/libc.a(lib_a-strtod.o)
                0xfff86e12                strtof
 P              0xfff86e3a        0x0 ../../lib/gcc/libc.a(lib_a-strtol.o)
 *fill*         0xfff86e3a        0x6 00
 .text._strtol_r
                0xfff86e40      0x128 ../../lib/gcc/libc.a(lib_a-strtol.o)
                0xfff86e40                _strtol_r
 .text.strtol   0xfff86f68       0x16 ../../lib/gcc/libc.a(lib_a-strtol.o)
                0xfff86f68                strtol
 P              0xfff86f7e        0x0 ../../lib/gcc/libc.a(lib_a-strtoll_r.o)
 *fill*         0xfff86f7e        0x2 00
 .text._strtoll_r
                0xfff86f80      0x198 ../../lib/gcc/libc.a(lib_a-strtoll_r.o)
                0xfff86f80                _strtoll_r
 P              0xfff87118        0x0 ../../lib/gcc/libc.a(lib_a-strtoul.o)
 .text._strtoul_r
                0xfff87118      0x128 ../../lib/gcc/libc.a(lib_a-strtoul.o)
                0xfff87118                _strtoul_r
 .text.strtoul  0xfff87240       0x16 ../../lib/gcc/libc.a(lib_a-strtoul.o)
                0xfff87240                strtoul
 P              0xfff87256        0x0 ../../lib/gcc/libc.a(lib_a-strtoull_r.o)
 *fill*         0xfff87256        0x2 00
 .text._strtoull_r
                0xfff87258      0x198 ../../lib/gcc/libc.a(lib_a-strtoull_r.o)
                0xfff87258                _strtoull_r
 P              0xfff873f0        0x0 ../../lib/gcc/libc.a(lib_a-svfprintf.o)
 .text._svfprintf_r
                0xfff873f0     0x1440 ../../lib/gcc/libc.a(lib_a-svfprintf.o)
                0xfff873f0                _svfprintf_r
 P              0xfff88830        0x0 ../../lib/gcc/libc.a(lib_a-ungetc.o)
 .text.__submore
                0xfff88830       0x71 ../../lib/gcc/libc.a(lib_a-ungetc.o)
                0xfff88830                __submore
 *fill*         0xfff888a1        0x7 00
 .text._ungetc_r
                0xfff888a8       0xf8 ../../lib/gcc/libc.a(lib_a-ungetc.o)
                0xfff888a8                _ungetc_r
 .text.ungetc   0xfff889a0       0x12 ../../lib/gcc/libc.a(lib_a-ungetc.o)
                0xfff889a0                ungetc
 P              0xfff889b2        0x0 ../../lib/gcc/libc.a(lib_a-vfiprintf.o)
 *fill*         0xfff889b2        0x6 00
 .text.__sprint_r
                0xfff889b8       0x78 ../../lib/gcc/libc.a(lib_a-vfiprintf.o)
                0xfff889b8                __sprint_r
 .text._vfiprintf_r
                0xfff88a30      0xb30 ../../lib/gcc/libc.a(lib_a-vfiprintf.o)
                0xfff88a30                _vfiprintf_r
 .text.vfiprintf
                0xfff89560       0x16 ../../lib/gcc/libc.a(lib_a-vfiprintf.o)
                0xfff89560                vfiprintf
 P              0xfff89576        0x0 ../../lib/gcc/libc.a(lib_a-wbuf.o)
 *fill*         0xfff89576        0x2 00
 .text.__swbuf_r
                0xfff89578       0xf0 ../../lib/gcc/libc.a(lib_a-wbuf.o)
                0xfff89578                __swbuf_r
 .text.__swbuf  0xfff89668       0x12 ../../lib/gcc/libc.a(lib_a-wbuf.o)
                0xfff89668                __swbuf
 P              0xfff8967a        0x0 ../../lib/gcc/libc.a(lib_a-writer.o)
 *fill*         0xfff8967a        0x6 00
 .text._write_r
                0xfff89680       0x30 ../../lib/gcc/libc.a(lib_a-writer.o)
                0xfff89680                _write_r
 P              0xfff896b0        0x0 ../../lib/gcc/libc.a(lib_a-callocr.o)
 .text._calloc_r
                0xfff896b0       0x78 ../../lib/gcc/libc.a(lib_a-callocr.o)
                0xfff896b0                _calloc_r
 P              0xfff89728        0x0 ../../lib/gcc/libc.a(lib_a-closer.o)
 .text._close_r
                0xfff89728       0x28 ../../lib/gcc/libc.a(lib_a-closer.o)
                0xfff89728                _close_r
 P              0xfff89750        0x0 ../../lib/gcc/libc.a(lib_a-fclose.o)
 .text._fclose_r
                0xfff89750       0xa8 ../../lib/gcc/libc.a(lib_a-fclose.o)
                0xfff89750                _fclose_r
 .text.fclose   0xfff897f8        0xe ../../lib/gcc/libc.a(lib_a-fclose.o)
                0xfff897f8                fclose
 P              0xfff89806        0x0 ../../lib/gcc/libc.a(lib_a-fputwc.o)
 *fill*         0xfff89806        0x2 00
 .text._fputwc_r
                0xfff89808       0xd8 ../../lib/gcc/libc.a(lib_a-fputwc.o)
                0xfff89808                _fputwc_r
 .text.fputwc   0xfff898e0       0x38 ../../lib/gcc/libc.a(lib_a-fputwc.o)
                0xfff898e0                fputwc
 P              0xfff89918        0x0 ../../lib/gcc/libc.a(lib_a-fstatr.o)
 .text._fstat_r
                0xfff89918       0x28 ../../lib/gcc/libc.a(lib_a-fstatr.o)
                0xfff89918                _fstat_r
 P              0xfff89940        0x0 ../../lib/gcc/libc.a(lib_a-gdtoa-hexnan.o)
 .text.__hexnan
                0xfff89940      0x1b8 ../../lib/gcc/libc.a(lib_a-gdtoa-hexnan.o)
                0xfff89940                __hexnan
 P              0xfff89af8        0x0 ../../lib/gcc/libc.a(lib_a-isattyr.o)
 .text._isatty_r
                0xfff89af8       0x28 ../../lib/gcc/libc.a(lib_a-isattyr.o)
                0xfff89af8                _isatty_r
 P              0xfff89b20        0x0 ../../lib/gcc/libc.a(lib_a-lseekr.o)
 .text._lseek_r
                0xfff89b20       0x30 ../../lib/gcc/libc.a(lib_a-lseekr.o)
                0xfff89b20                _lseek_r
 P              0xfff89b50        0x0 ../../lib/gcc/libc.a(lib_a-readr.o)
 .text._read_r  0xfff89b50       0x30 ../../lib/gcc/libc.a(lib_a-readr.o)
                0xfff89b50                _read_r
 P              0xfff89b80        0x0 ../../lib/gcc/libc.a(lib_a-reent.o)
 .text.cleanup_glue
                0xfff89b80       0x20 ../../lib/gcc/libc.a(lib_a-reent.o)
                0xfff89b80                cleanup_glue
 .text._reclaim_reent
                0xfff89ba0       0xa8 ../../lib/gcc/libc.a(lib_a-reent.o)
                0xfff89ba0                _reclaim_reent
 .text._wrapup_reent
                0xfff89c48       0x50 ../../lib/gcc/libc.a(lib_a-reent.o)
                0xfff89c48                _wrapup_reent
 P              0xfff89c98        0x0 ../../lib/gcc/libc.a(lib_a-strncmp.o)
 .text          0xfff89c98        0xc ../../lib/gcc/libc.a(lib_a-strncmp.o)
                0xfff89c98                strncmp
 P              0xfff89ca4        0x0 ../../lib/gcc/libc.a(lib_a-svfiprintf.o)
 *fill*         0xfff89ca4        0x4 00
 .text.__ssprint_r
                0xfff89ca8      0x118 ../../lib/gcc/libc.a(lib_a-svfiprintf.o)
                0xfff89ca8                __ssprint_r
 .text._svfiprintf_r
                0xfff89dc0      0xa00 ../../lib/gcc/libc.a(lib_a-svfiprintf.o)
                0xfff89dc0                _svfiprintf_r
 P              0xfff8a7c0        0x0 ../../lib/gcc/libc.a(lib_a-wcrtomb.o)
 .text._wcrtomb_r
                0xfff8a7c0       0x50 ../../lib/gcc/libc.a(lib_a-wcrtomb.o)
                0xfff8a7c0                _wcrtomb_r
 .text.wcrtomb  0xfff8a810       0x68 ../../lib/gcc/libc.a(lib_a-wcrtomb.o)
                0xfff8a810                wcrtomb
 P              0xfff8a878        0x0 ../../lib/gcc/libc.a(lib_a-wctomb_r.o)
 .text.__ascii_wctomb
                0xfff8a878       0x1d ../../lib/gcc/libc.a(lib_a-wctomb_r.o)
                0xfff8a878                __ascii_wctomb
 .text._wctomb_r
                0xfff8a895       0x29 ../../lib/gcc/libc.a(lib_a-wctomb_r.o)
                0xfff8a895                _wctomb_r
 P              0xfff8a8be        0x0 ../../lib/gcc/libc.a(lib_a-gdtoa-gethex.o)
 *fill*         0xfff8a8be        0x2 00
 .text.rshift   0xfff8a8c0       0xb0 ../../lib/gcc/libc.a(lib_a-gdtoa-gethex.o)
 .text.__hexdig_init
                0xfff8a970       0x50 ../../lib/gcc/libc.a(lib_a-gdtoa-gethex.o)
                0xfff8a970                __hexdig_init
 .text.__gethex
                0xfff8a9c0      0x5e0 ../../lib/gcc/libc.a(lib_a-gdtoa-gethex.o)
                0xfff8a9c0                __gethex
 P              0xfff8afa0      0x3c8 ../../lib/gcc/libgcc.a(_udivdi3.o)
                0xfff8afa0                __udivdi3
                0xfff8afa0                _COM_DIV64u
 P              0xfff8b368      0x398 ../../lib/gcc/libgcc.a(_umoddi3.o)
                0xfff8b368                _COM_MOD64u
                0xfff8b368                __umoddi3
 P              0xfff8b700        0x0 ../../lib/gcc/libgcc.a(_clz.o)
 P              0xfff8b700        0x0 ../../lib/gcc/libm.a(lib_a-sf_cos.o)
 .text.cosf     0xfff8b700       0x66 ../../lib/gcc/libm.a(lib_a-sf_cos.o)
                0xfff8b700                cosf
 .text.cos      0xfff8b766        0x4 ../../lib/gcc/libm.a(lib_a-sf_cos.o)
                0xfff8b766                cos
 P              0xfff8b76a        0x0 ../../lib/gcc/libm.a(lib_a-sf_sin.o)
 .text.sinf     0xfff8b76a       0x70 ../../lib/gcc/libm.a(lib_a-sf_sin.o)
                0xfff8b76a                sinf
 .text.sin      0xfff8b7da        0x4 ../../lib/gcc/libm.a(lib_a-sf_sin.o)
                0xfff8b7da                sin
 P              0xfff8b7de        0x0 ../../lib/gcc/libm.a(lib_a-wf_pow.o)
 *fill*         0xfff8b7de        0x2 00
 .text.powf     0xfff8b7e0      0x260 ../../lib/gcc/libm.a(lib_a-wf_pow.o)
                0xfff8b7e0                powf
 .text.pow      0xfff8ba40        0x4 ../../lib/gcc/libm.a(lib_a-wf_pow.o)
                0xfff8ba40                pow
 P              0xfff8ba44        0x0 ../../lib/gcc/libm.a(lib_a-ef_pow.o)
 *fill*         0xfff8ba44        0x4 00
 .text.__ieee754_powf
                0xfff8ba48      0x550 ../../lib/gcc/libm.a(lib_a-ef_pow.o)
                0xfff8ba48                __ieee754_powf
 P              0xfff8bf98        0x0 ../../lib/gcc/libm.a(lib_a-ef_rem_pio2.o)
 .text.__ieee754_rem_pio2f
                0xfff8bf98      0x298 ../../lib/gcc/libm.a(lib_a-ef_rem_pio2.o)
                0xfff8bf98                __ieee754_rem_pio2f
 P              0xfff8c230        0x0 ../../lib/gcc/libm.a(lib_a-ef_sqrt.o)
 .text.__ieee754_sqrtf
                0xfff8c230       0xc0 ../../lib/gcc/libm.a(lib_a-ef_sqrt.o)
                0xfff8c230                __ieee754_sqrtf
 P              0xfff8c2f0        0x0 ../../lib/gcc/libm.a(lib_a-kf_cos.o)
 .text.__kernel_cosf
                0xfff8c2f0      0x108 ../../lib/gcc/libm.a(lib_a-kf_cos.o)
                0xfff8c2f0                __kernel_cosf
 P              0xfff8c3f8        0x0 ../../lib/gcc/libm.a(lib_a-kf_rem_pio2.o)
 .text.__kernel_rem_pio2f
                0xfff8c3f8      0x638 ../../lib/gcc/libm.a(lib_a-kf_rem_pio2.o)
                0xfff8c3f8                __kernel_rem_pio2f
 P              0xfff8ca30        0x0 ../../lib/gcc/libm.a(lib_a-kf_sin.o)
 .text.__kernel_sinf
                0xfff8ca30       0x88 ../../lib/gcc/libm.a(lib_a-kf_sin.o)
                0xfff8ca30                __kernel_sinf
 P              0xfff8cab8        0x0 ../../lib/gcc/libm.a(lib_a-s_lib_ver.o)
 P              0xfff8cab8        0x0 ../../lib/gcc/libm.a(lib_a-s_matherr.o)
 .text.matherr  0xfff8cab8        0x3 ../../lib/gcc/libm.a(lib_a-s_matherr.o)
                0xfff8cab8                matherr
 P              0xfff8cabb        0x0 ../../lib/gcc/libm.a(lib_a-sf_fabs.o)
 .text.fabsf    0xfff8cabb        0x7 ../../lib/gcc/libm.a(lib_a-sf_fabs.o)
                0xfff8cabb                fabsf
 .text.fabs     0xfff8cac2        0x7 ../../lib/gcc/libm.a(lib_a-sf_fabs.o)
                0xfff8cac2                fabs
 P              0xfff8cac9        0x0 ../../lib/gcc/libm.a(lib_a-sf_finite.o)
 .text.finitef  0xfff8cac9       0x10 ../../lib/gcc/libm.a(lib_a-sf_finite.o)
                0xfff8cac9                finitef
 .text.finite   0xfff8cad9       0x10 ../../lib/gcc/libm.a(lib_a-sf_finite.o)
                0xfff8cad9                finite
 P              0xfff8cae9        0x0 ../../lib/gcc/libm.a(lib_a-sf_floor.o)
 *fill*         0xfff8cae9        0x7 00
 .text.floorf   0xfff8caf0       0x80 ../../lib/gcc/libm.a(lib_a-sf_floor.o)
                0xfff8caf0                floorf
 .text.floor    0xfff8cb70        0x4 ../../lib/gcc/libm.a(lib_a-sf_floor.o)
                0xfff8cb70                floor
 P              0xfff8cb74        0x0 ../../lib/gcc/libm.a(lib_a-sf_rint.o)
 *fill*         0xfff8cb74        0x4 00
 .text.rintf    0xfff8cb78       0xa8 ../../lib/gcc/libm.a(lib_a-sf_rint.o)
                0xfff8cb78                rintf
 .text.rint     0xfff8cc20        0x4 ../../lib/gcc/libm.a(lib_a-sf_rint.o)
                0xfff8cc20                rint
 P              0xfff8cc24        0x0 ../../lib/gcc/libm.a(lib_a-sf_scalbn.o)
 *fill*         0xfff8cc24        0x4 00
 .text.scalbnf  0xfff8cc28       0xb8 ../../lib/gcc/libm.a(lib_a-sf_scalbn.o)
                0xfff8cc28                scalbnf
 .text.scalbn   0xfff8cce0        0x4 ../../lib/gcc/libm.a(lib_a-sf_scalbn.o)
                0xfff8cce0                scalbn
 P              0xfff8cce4        0x0 ../../lib/gcc/libm.a(lib_a-sf_copysign.o)
 .text.copysignf
                0xfff8cce4        0xf ../../lib/gcc/libm.a(lib_a-sf_copysign.o)
                0xfff8cce4                copysignf
 .text.copysign
                0xfff8ccf3        0xf ../../lib/gcc/libm.a(lib_a-sf_copysign.o)
                0xfff8ccf3                copysign
 P              0xfff8cd02       0x45 ../../lib/libtkdnhal.a(hwsetup.o)
                0xfff8cd02                tkdn_hwsetup
                0xfff8cd46                sdram_init
 *fill*         0xfff8cd47        0x1 00
 P              0xfff8cd48      0xe70 ../../lib/libtkdnhal.a(tkdn_sci.o)
                0xfff8d0b9                sci_getport
                0xfff8d0c5                sci_readdata
                0xfff8d0c6                sci_convert_crlf
                0xfff8d0d5                Excep_SCI0_ERI0
                0xfff8d0fe                Excep_SCI0_RXI0
                0xfff8d127                Excep_SCI0_TXI0
                0xfff8d173                Excep_SCI0_TEI0
                0xfff8d18b                Excep_SCI1_ERI1
                0xfff8d1b5                Excep_SCI1_RXI1
                0xfff8d1df                Excep_SCI1_TXI1
                0xfff8d22c                Excep_SCI1_TEI1
                0xfff8d244                Excep_SCI2_ERI2
                0xfff8d26e                Excep_SCI2_RXI2
                0xfff8d298                Excep_SCI2_TXI2
                0xfff8d2e5                Excep_SCI2_TEI2
                0xfff8d2fd                Excep_SCI6_ERI6
                0xfff8d327                Excep_SCI6_RXI6
                0xfff8d351                Excep_SCI6_TXI6
                0xfff8d39e                Excep_SCI6_TEI6
                0xfff8d3b6                sci_putc_ex
                0xfff8d46c                sci_putc
                0xfff8d47a                sci_puts_ex
                0xfff8d4ab                sci_puts
                0xfff8d4b9                sci_getc_ex
                0xfff8d50d                sci_getc
                0xfff8d519                sci_writedata_ex
                0xfff8d611                sci_writedata
                0xfff8d623                sci_readdata_ex
                0xfff8d624                sci_rxcount_ex
                0xfff8d63f                sci_gets_ex
                0xfff8d6b2                sci_gets
                0xfff8d6c4                sci_rxcount
                0xfff8d6d0                sci_init_ex
                0xfff8db56                sci_init
                0xfff8db78                sci_getport_ex
                0xfff8db7c                sci_convert_crlf_ex
                0xfff8db83                sci_peek_ex
                0xfff8dba3                sci_flush_ex
                0xfff8dbaf                sci_regist_default
 P              0xfff8dbb8      0x5b0 ../../lib/libtkdnhal.a(tkdn_ether.o)
                0xfff8dbb8                ether_close
                0xfff8dbcf                ether_write
                0xfff8dc8d                _eth_fifoInit
                0xfff8dcfe                _eth_fifoWrite
                0xfff8dd3c                _eth_fifoRead
                0xfff8dd90                ether_read
                0xfff8de4f                ether_regist_user_rx_procedure
                0xfff8de58                ether_is_linkup
                0xfff8de64                ether_autonegotiate
                0xfff8ded9                ether_open
                0xfff8e0c9                Excep_ETHER_EINT
                0xfff8e148                ether_is_100M
                0xfff8e151                ether_is_fullduplex
                0xfff8e15a                ether_link_changed
 P              0xfff8e168      0x140 ../../lib/libtkdnhal.a(tkdn_timer.o)
                0xfff8e168                timer_init
                0xfff8e17b                timer_wait_ms
                0xfff8e18c                timer_wait_us
                0xfff8e206                timer_get_ms
                0xfff8e20f                timer_get_us
                0xfff8e246                timer_regist_userfunc
                0xfff8e251                timer_regist_disktimer
                0xfff8e25c                Excep_CMTU0_CMT0
                0xfff8e2a5                Excep_CMTU1_CMT2
 P              0xfff8e2a8      0x490 ../../lib/libtkdnhal.a(tkdn_pwm.o)
                0xfff8e2a8                pwm_init
                0xfff8e43a                pwm_output
                0xfff8e569                pwm_stop
                0xfff8e5f6                Excep_MTU1_TGIA1
                0xfff8e62a                Excep_MTU0_TGIA0
                0xfff8e656                Excep_MTU0_TGIB0
                0xfff8e683                Excep_MTU0_TGIC0
                0xfff8e6b0                Excep_MTU0_TGID0
                0xfff8e6dd                Excep_MTU0_TGIE0
                0xfff8e70a                Excep_MTU0_TGIF0
 P              0xfff8e738      0x180 ../../lib/libtkdnhal.a(tkdn_tone.o)
                0xfff8e738                tone_start
                0xfff8e879                tone_stop
                0xfff8e893                Excep_MTU2_TGIA2
 P              0xfff8e8b8      0x240 ../../lib/libtkdnhal.a(phy.o)
                0xfff8e8b8                _phy_reg_read
                0xfff8e8f6                _phy_ta_z0
                0xfff8e91c                _phy_mii_write_1
                0xfff8e942                _phy_preamble
                0xfff8e95a                _phy_mii_write_0
                0xfff8e980                _phy_ta_10
                0xfff8e988                _phy_reg_write
                0xfff8e9c3                _phy_reg_set
                0xfff8ea11                _phy_write
                0xfff8ea37                phy_set_10half
                0xfff8ea3f                phy_set_100full
                0xfff8ea49                _phy_read
                0xfff8ea70                phy_set_autonegotiate
                0xfff8eac0                phy_init
 P              0xfff8eaf8       0x18 ../../lib/libtkdnhal.a(eidi.o)
                0xfff8eaf8                enable_interrupt
                0xfff8eb04                disable_interrupt
 P              0xfff8eb10      0x118 ../../lib/libtkdnhal.a(usb_cdc.o)
                0xfff8ebac                TKUSB_Init
                0xfff8ec19                TKUSB_IsConnected
 P              0xfff8ec28      0x338 ../../lib/libtkdnhal.a(usb_core.o)
                0xfff8eee6                USBCORE_Init
 P              0xfff8ef60      0xfe0 ../../lib/libtkdnhal.a(usb_hal.o)
                0xfff8f031                TKUSB_RecvByte
                0xfff8f090                TKUSB_PeekByte
                0xfff8f0b6                TKUSB_RecvDataCount
                0xfff8f0d0                TKUSB_SendByte
                0xfff8f132                TKUSB_SendDataCount
                0xfff8f14c                USBHAL_Init
                0xfff8f3a6                USBHAL_Disable
                0xfff8f3b6                USBHAL_Control_Status
                0xfff8f3e2                USBHAL_Control_IN
                0xfff8f407                USBHAL_Control_OUT
                0xfff8f451                USBHAL_Bulk_OUT
                0xfff8f489                ClearOUTBusy
                0xfff8f494                USBHAL_Bulk_IN
                0xfff8f4d4                USBHAL_Interrupt_IN
                0xfff8f514                USBHAL_Control_Stall
                0xfff8f53e                USBHAL_Bulk_IN_Stall
                0xfff8f55d                USBHAL_Bulk_OUT_Stall
                0xfff8f57c                USBHAL_Interrupt_IN_Stall
                0xfff8f59b                USBHAL_Bulk_IN_Stall_Clear
                0xfff8f5da                USBHAL_Bulk_OUT_Stall_Clear
                0xfff8f638                USBHAL_Interrupt_IN_Stall_Clear
                0xfff8f672                USBHAL_Bulk_IN_Is_Stalled
                0xfff8f692                USBHAL_Bulk_OUT_Is_Stalled
                0xfff8f6b2                USBHAL_Interrupt_IN_Is_Stalled
                0xfff8f6d2                USBHAL_Config_Get
                0xfff8f6d9                USBHAL_Config_Set
                0xfff8f6ef                USBHAL_Reset
                0xfff8f86a                USBHAL_Cancel
                0xfff8f8b8                USBHAL_ResetEndpoints
                0xfff8f98a                USBHALInterruptHandler
 P              0xfff8ff40        0x0 ../../lib/libtkdnhal.a(usbdescriptors.o)
 P              0xfff8ff40      0x2c8 ../../lib/libtkdnhal.a(tkdn_interrupt.o)
                0xfff8ff42                attach_interrupt
                0xfff900a9                detach_interrupt
                0xfff900c1                Excep_IRQ0
                0xfff900e9                Excep_IRQ1
                0xfff90112                Excep_IRQ2
                0xfff9013b                Excep_IRQ3
                0xfff90164                Excep_IRQ4
                0xfff9018d                Excep_IRQ5
                0xfff901b6                Excep_IRQ6
                0xfff901df                Excep_IRQ7
 P              0xfff90208      0x118 ../../lib/libtkdnhal.a(tkdn_gpio.o)
                0xfff90251                gpio_set_pinmode
                0xfff902af                gpio_write_port
                0xfff902ed                gpio_read_port
 *(.text.*personality*)
 *(.gnu.warning)
 *(.interp .hash .dynsym .dynstr .gnu.version*)
                0xfff90320                PROVIDE (__etext, .)
                0xfff90320                PROVIDE (_etext, .)
                0xfff90320                PROVIDE (etext, .)
                0xfff90320                . = ALIGN (0x4)
 *(.init)
 *(.fini)

.rodata         0xfff90320     0x15b8
                0xfff90320                . = ALIGN (0x4)
 *(.plt)
 *(.rodata C C_2 C_1 .rodata.* .gnu.linkonce.r.*)
 C              0xfff90320      0x16c math-sample.o
 .rodata._global_impure_ptr
                0xfff9048c        0x4 ../../lib/gcc/libc.a(lib_a-impure.o)
                0xfff9048c                _global_impure_ptr
 .rodata.str1.1
                0xfff90490        0x2 ../../lib/gcc/libc.a(lib_a-impure.o)
 .rodata.str1.1
                0xfff90492        0x2 ../../lib/gcc/libc.a(lib_a-puts.o)
 .rodata.str1.1
                0xfff90494       0x39 ../../lib/gcc/libc.a(lib_a-vfprintf.o)
                                 0x3b (size before relaxing)
 *fill*         0xfff904cd        0x3 00
 .rodata._vfprintf_r
                0xfff904d0      0x164 ../../lib/gcc/libc.a(lib_a-vfprintf.o)
 .rodata.blanks.3874
                0xfff90634       0x10 ../../lib/gcc/libc.a(lib_a-vfprintf.o)
 .rodata.zeroes.3875
                0xfff90644       0x10 ../../lib/gcc/libc.a(lib_a-vfprintf.o)
 .rodata.str1.1
                0xfff90654        0x5 ../../lib/gcc/libc.a(lib_a-vfscanf.o)
 *fill*         0xfff90659        0x3 00
 .rodata.__svfscanf_r
                0xfff9065c      0x458 ../../lib/gcc/libc.a(lib_a-vfscanf.o)
 .rodata.basefix.3797
                0xfff90ab4       0x22 ../../lib/gcc/libc.a(lib_a-vfscanf.o)
 .rodata._ctype_
                0xfff90ad6      0x101 ../../lib/gcc/libc.a(lib_a-ctype_.o)
                0xfff90ad6                _ctype_
 .rodata.str1.1
                0xfff90bd7        0xd ../../lib/gcc/libc.a(lib_a-dtoa.o)
                                  0xf (size before relaxing)
 .rodata.str1.1
                0xfff90be4        0x8 ../../lib/gcc/libc.a(lib_a-locale.o)
                                  0xb (size before relaxing)
 .rodata.lconv  0xfff90bec       0x38 ../../lib/gcc/libc.a(lib_a-locale.o)
 .rodata.str1.1
                0x00000000        0x1 ../../lib/gcc/libc.a(lib_a-mbrtowc.o)
 .rodata.__mprec_tinytens
                0xfff90c24        0x8 ../../lib/gcc/libc.a(lib_a-mprec.o)
                0xfff90c24                __mprec_tinytens
 .rodata.__mprec_bigtens
                0xfff90c2c        0x8 ../../lib/gcc/libc.a(lib_a-mprec.o)
                0xfff90c2c                __mprec_bigtens
 .rodata.__mprec_tens
                0xfff90c34       0x64 ../../lib/gcc/libc.a(lib_a-mprec.o)
                0xfff90c34                __mprec_tens
 .rodata.p05.2377
                0xfff90c98        0xc ../../lib/gcc/libc.a(lib_a-mprec.o)
 .rodata.str1.1
                0x00000000        0x8 ../../lib/gcc/libc.a(lib_a-strtod.o)
                                  0xc (size before relaxing)
 .rodata._strtod_r
                0xfff90ca4       0xb8 ../../lib/gcc/libc.a(lib_a-strtod.o)
 .rodata.tinytens
                0xfff90d5c       0x14 ../../lib/gcc/libc.a(lib_a-strtod.o)
 .rodata.str1.1
                0x00000000       0x3b ../../lib/gcc/libc.a(lib_a-svfprintf.o)
 .rodata._svfprintf_r
                0xfff90d70      0x164 ../../lib/gcc/libc.a(lib_a-svfprintf.o)
 .rodata.blanks.3859
                0xfff90ed4       0x10 ../../lib/gcc/libc.a(lib_a-svfprintf.o)
 .rodata.zeroes.3860
                0xfff90ee4       0x10 ../../lib/gcc/libc.a(lib_a-svfprintf.o)
 .rodata.str1.1
                0x00000000       0x29 ../../lib/gcc/libc.a(lib_a-vfiprintf.o)
 .rodata._vfiprintf_r
                0xfff90ef4      0x164 ../../lib/gcc/libc.a(lib_a-vfiprintf.o)
 .rodata.blanks.3818
                0xfff91058       0x10 ../../lib/gcc/libc.a(lib_a-vfiprintf.o)
 .rodata.zeroes.3819
                0xfff91068       0x10 ../../lib/gcc/libc.a(lib_a-vfiprintf.o)
 .rodata.str1.1
                0x00000000       0x29 ../../lib/gcc/libc.a(lib_a-svfiprintf.o)
 .rodata._svfiprintf_r
                0xfff91078      0x164 ../../lib/gcc/libc.a(lib_a-svfiprintf.o)
 .rodata.blanks.3804
                0xfff911dc       0x10 ../../lib/gcc/libc.a(lib_a-svfiprintf.o)
 .rodata.zeroes.3805
                0xfff911ec       0x10 ../../lib/gcc/libc.a(lib_a-svfiprintf.o)
 .rodata.str1.1
                0xfff911fc        0xb ../../lib/gcc/libc.a(lib_a-gdtoa-gethex.o)
                                 0x19 (size before relaxing)
 *fill*         0xfff91207        0x1 00
 C              0xfff91208      0x100 ../../lib/gcc/libgcc.a(_clz.o)
                0xfff91208                __clz_tab
 .rodata.str1.1
                0xfff91308        0x5 ../../lib/gcc/libm.a(lib_a-wf_pow.o)
 .rodata.str1.1
                0x00000000        0x1 ../../lib/gcc/libm.a(lib_a-ef_pow.o)
 *fill*         0xfff9130d        0x3 00
 .rodata.bp     0xfff91310        0x8 ../../lib/gcc/libm.a(lib_a-ef_pow.o)
 .rodata.dp_l   0xfff91318        0x8 ../../lib/gcc/libm.a(lib_a-ef_pow.o)
 .rodata.dp_h   0xfff91320        0x8 ../../lib/gcc/libm.a(lib_a-ef_pow.o)
 .rodata.npio2_hw
                0xfff91328       0x80 ../../lib/gcc/libm.a(lib_a-ef_rem_pio2.o)
 .rodata.two_over_pi
                0xfff913a8      0x318 ../../lib/gcc/libm.a(lib_a-ef_rem_pio2.o)
 .rodata.init_jk
                0xfff916c0        0xc ../../lib/gcc/libm.a(lib_a-kf_rem_pio2.o)
 .rodata.PIo2   0xfff916cc       0x2c ../../lib/gcc/libm.a(lib_a-kf_rem_pio2.o)
 .rodata.TWO23  0xfff916f8        0x8 ../../lib/gcc/libm.a(lib_a-sf_rint.o)
 .rodata.str1.1
                0xfff91700        0x5 ../../lib/libtkdnhal.a(tkdn_ether.o)
 *fill*         0xfff91705        0x3 00
 .rodata.cst4   0xfff91708        0x4 ../../lib/libtkdnhal.a(tkdn_ether.o)
 C              0xfff9170c       0x30 ../../lib/libtkdnhal.a(tkdn_pwm.o)
 C              0xfff9173c        0x8 ../../lib/libtkdnhal.a(usb_cdc.o)
 C              0xfff91744       0x2c ../../lib/libtkdnhal.a(usb_core.o)
                0xfff9176c                gStringDescriptorLanguageIDsData
 C              0xfff91770       0xc4 ../../lib/libtkdnhal.a(usbdescriptors.o)
                0xfff91770                gStringDescriptorSerialNum
                0xfff91778                gStringDescriptorProduct
                0xfff91780                gStringDescriptorManufacturer
                0xfff91788                gConfigurationDescriptor
                0xfff91790                gDeviceDescriptor
 C              0xfff91834       0x20 ../../lib/libtkdnhal.a(tkdn_interrupt.o)
 C              0xfff91854       0x84 ../../lib/libtkdnhal.a(tkdn_gpio.o)
                0xfff91854                SFP_PINMAP
                0xfff91868                GPIO_PINMAP
 *(.rodata1)
 *(.eh_frame_hdr)
 *(.eh_frame)
 *(.gcc_except_table)
 *(.gcc_except_table.*)
                0xfff918d8                . = ALIGN (0x4)
                0xfff918d8                __rodataend = .

.data           0x00001000      0x97c load address 0xfff918d8
                0x00001000                . = ALIGN (0x4)
                0xfff918d8                PROVIDE (__romdatastart, __rodataend)
                0x00001000                PROVIDE (__datastart, .)
                0x00001000                PROVIDE (__preinit_array_start, .)
 *(.preinit_array)
                0x00001000                PROVIDE (__preinit_array_end, .)
                0x00001000                PROVIDE (__init_array_start, .)
 *(SORT(.init_array.*))
 *(.init_array)
                0x00001000                PROVIDE (__init_array_end, .)
                0x00001000                PROVIDE (__fini_array_start, .)
 *(.fini_array)
 *(SORT(.fini_array.*))
                0x00001000                PROVIDE (__fini_array_end, .)
                0x00001000        0x4 LONG 0x0
 *crtbegin*.o(.ctors)
 *(EXCLUDE_FILE(*crtend*.o) .ctors)
 *(SORT(.ctors.*))
 *(.ctors)
 *crtbegin*.o(.dtors)
 *(EXCLUDE_FILE(*crtend*.o) .dtors)
 *(SORT(.dtors.*))
 *(.dtors)
 *(.jcr)
 *(.data.rel.ro.local)
 *(.data.rel.ro*)
 *(.dynamic)
 *(.data D .data.* .gnu.linkonce.d.*)
 .data          0x00001004        0x4 ../../lib/start.o
                0x00001004                __dso_handle
 D              0x00001008        0x4 ../../common/lowlevel.o
 .data._impure_ptr
                0x0000100c        0x4 ../../lib/gcc/libc.a(lib_a-impure.o)
                0x0000100c                _impure_ptr
 .data.impure_data
                0x00001010      0x424 ../../lib/gcc/libc.a(lib_a-impure.o)
 .data.__ctype_ptr__
                0x00001434        0x4 ../../lib/gcc/libc.a(lib_a-ctype_.o)
                0x00001434                __ctype_ptr__
 .data.__mb_cur_max
                0x00001438        0x4 ../../lib/gcc/libc.a(lib_a-locale.o)
                0x00001438                __mb_cur_max
 .data.lc_ctype_charset
                0x0000143c       0x20 ../../lib/gcc/libc.a(lib_a-locale.o)
 .data.lc_message_charset
                0x0000145c       0x20 ../../lib/gcc/libc.a(lib_a-locale.o)
 .data.__malloc_sbrk_base
                0x0000147c        0x4 ../../lib/gcc/libc.a(lib_a-mallocr.o)
                0x0000147c                __malloc_sbrk_base
 .data.__malloc_trim_threshold
                0x00001480        0x4 ../../lib/gcc/libc.a(lib_a-mallocr.o)
                0x00001480                __malloc_trim_threshold
 .data.__malloc_av_
                0x00001484      0x408 ../../lib/gcc/libc.a(lib_a-mallocr.o)
                0x00001484                __malloc_av_
 .data.__mbtowc
                0x0000188c        0x4 ../../lib/gcc/libc.a(lib_a-mbtowc_r.o)
                0x0000188c                __mbtowc
 .data.fpinan.2350
                0x00001890       0x14 ../../lib/gcc/libc.a(lib_a-strtod.o)
 .data.__wctomb
                0x000018a4        0x4 ../../lib/gcc/libc.a(lib_a-wctomb_r.o)
                0x000018a4                __wctomb
 .data.__fdlib_version
                0x000018a8        0x4 ../../lib/gcc/libm.a(lib_a-s_lib_ver.o)
                0x000018a8                __fdlib_version
 D              0x000018ac       0x6c ../../lib/libtkdnhal.a(tkdn_ether.o)
                0x000018ac                le0
 D              0x00001918        0x4 ../../lib/libtkdnhal.a(tkdn_pwm.o)
 D              0x0000191c        0x4 ../../lib/libtkdnhal.a(tkdn_tone.o)
 D              0x00001920       0x30 ../../lib/libtkdnhal.a(usb_core.o)
 D              0x00001950       0x24 ../../lib/libtkdnhal.a(usb_hal.o)
 D              0x00001974        0x8 ../../lib/libtkdnhal.a(tkdn_interrupt.o)
                0x00001974                USBI1_handler
                0x00001978                USBI0_handler
 *(.gnu.linkonce.d.*personality*)
 *(.data1)
 *(.got.plt)
 *(.got)
                0x0000197c                . = ALIGN (0x4)
 *(.sdata .sdata.* .gnu.linkonce.s.* D_2 D_1)
 D_1            0x0000197c        0x0 ../../lib/start.o
 D_1            0x0000197c        0x0 ../../common/lowlevel.o
 D_1            0x0000197c        0x0 math-sample.o
 D_1            0x0000197c        0x0 ../../common/intvect.o
 D_1            0x0000197c        0x0 ../../lib/gcc/libc.a(lib_a-errno.o)
 D_1            0x0000197c        0x0 ../../lib/gcc/libc.a(lib_a-impure.o)
 D_1            0x0000197c        0x0 ../../lib/gcc/libc.a(lib_a-printf.o)
 D_1            0x0000197c        0x0 ../../lib/gcc/libc.a(lib_a-putchar.o)
 D_1            0x0000197c        0x0 ../../lib/gcc/libc.a(lib_a-puts.o)
 D_1            0x0000197c        0x0 ../../lib/gcc/libc.a(lib_a-scanf.o)
 D_1            0x0000197c        0x0 ../../lib/gcc/libc.a(lib_a-strlen.o)
 D_1            0x0000197c        0x0 ../../lib/gcc/libc.a(lib_a-vfprintf.o)
 D_1            0x0000197c        0x0 ../../lib/gcc/libc.a(lib_a-vfscanf.o)
 D_1            0x0000197c        0x0 ../../lib/gcc/libc.a(lib_a-wsetup.o)
 D_1            0x0000197c        0x0 ../../lib/gcc/libc.a(lib_a-ctype_.o)
 D_1            0x0000197c        0x0 ../../lib/gcc/libc.a(lib_a-dtoa.o)
 D_1            0x0000197c        0x0 ../../lib/gcc/libc.a(lib_a-fflush.o)
 D_1            0x0000197c        0x0 ../../lib/gcc/libc.a(lib_a-findfp.o)
 D_1            0x0000197c        0x0 ../../lib/gcc/libc.a(lib_a-fread.o)
 D_1            0x0000197c        0x0 ../../lib/gcc/libc.a(lib_a-freer.o)
 D_1            0x0000197c        0x0 ../../lib/gcc/libc.a(lib_a-fvwrite.o)
 D_1            0x0000197c        0x0 ../../lib/gcc/libc.a(lib_a-fwalk.o)
 D_1            0x0000197c        0x0 ../../lib/gcc/libc.a(lib_a-iswspace.o)
 D_1            0x0000197c        0x0 ../../lib/gcc/libc.a(lib_a-locale.o)
 D_1            0x0000197c        0x0 ../../lib/gcc/libc.a(lib_a-makebuf.o)
 D_1            0x0000197c        0x0 ../../lib/gcc/libc.a(lib_a-mallocr.o)
 D_1            0x0000197c        0x0 ../../lib/gcc/libc.a(lib_a-mbrtowc.o)
 D_1            0x0000197c        0x0 ../../lib/gcc/libc.a(lib_a-mbtowc_r.o)
 D_1            0x0000197c        0x0 ../../lib/gcc/libc.a(lib_a-memchr.o)
 D_1            0x0000197c        0x0 ../../lib/gcc/libc.a(lib_a-memcpy.o)
 D_1            0x0000197c        0x0 ../../lib/gcc/libc.a(lib_a-memmove.o)
 D_1            0x0000197c        0x0 ../../lib/gcc/libc.a(lib_a-memset.o)
 D_1            0x0000197c        0x0 ../../lib/gcc/libc.a(lib_a-mlock.o)
 D_1            0x0000197c        0x0 ../../lib/gcc/libc.a(lib_a-mprec.o)
 D_1            0x0000197c        0x0 ../../lib/gcc/libc.a(lib_a-putc.o)
 D_1            0x0000197c        0x0 ../../lib/gcc/libc.a(lib_a-reallocr.o)
 D_1            0x0000197c        0x0 ../../lib/gcc/libc.a(lib_a-refill.o)
 D_1            0x0000197c        0x0 ../../lib/gcc/libc.a(lib_a-sbrkr.o)
 D_1            0x0000197c        0x0 ../../lib/gcc/libc.a(lib_a-sccl.o)
 D_1            0x0000197c        0x0 ../../lib/gcc/libc.a(lib_a-sf_fpclassify.o)
 D_1            0x0000197c        0x0 ../../lib/gcc/libc.a(lib_a-sf_nan.o)
 D_1            0x0000197c        0x0 ../../lib/gcc/libc.a(lib_a-sprintf.o)
 D_1            0x0000197c        0x0 ../../lib/gcc/libc.a(lib_a-stdio.o)
 D_1            0x0000197c        0x0 ../../lib/gcc/libc.a(lib_a-strcmp.o)
 D_1            0x0000197c        0x0 ../../lib/gcc/libc.a(lib_a-strtod.o)
 D_1            0x0000197c        0x0 ../../lib/gcc/libc.a(lib_a-strtol.o)
 D_1            0x0000197c        0x0 ../../lib/gcc/libc.a(lib_a-strtoll_r.o)
 D_1            0x0000197c        0x0 ../../lib/gcc/libc.a(lib_a-strtoul.o)
 D_1            0x0000197c        0x0 ../../lib/gcc/libc.a(lib_a-strtoull_r.o)
 D_1            0x0000197c        0x0 ../../lib/gcc/libc.a(lib_a-svfprintf.o)
 D_1            0x0000197c        0x0 ../../lib/gcc/libc.a(lib_a-ungetc.o)
 D_1            0x0000197c        0x0 ../../lib/gcc/libc.a(lib_a-vfiprintf.o)
 D_1            0x0000197c        0x0 ../../lib/gcc/libc.a(lib_a-wbuf.o)
 D_1            0x0000197c        0x0 ../../lib/gcc/libc.a(lib_a-writer.o)
 D_1            0x0000197c        0x0 ../../lib/gcc/libc.a(lib_a-callocr.o)
 D_1            0x0000197c        0x0 ../../lib/gcc/libc.a(lib_a-closer.o)
 D_1            0x0000197c        0x0 ../../lib/gcc/libc.a(lib_a-fclose.o)
 D_1            0x0000197c        0x0 ../../lib/gcc/libc.a(lib_a-fputwc.o)
 D_1            0x0000197c        0x0 ../../lib/gcc/libc.a(lib_a-fstatr.o)
 D_1            0x0000197c        0x0 ../../lib/gcc/libc.a(lib_a-gdtoa-hexnan.o)
 D_1            0x0000197c        0x0 ../../lib/gcc/libc.a(lib_a-isattyr.o)
 D_1            0x0000197c        0x0 ../../lib/gcc/libc.a(lib_a-lseekr.o)
 D_1            0x0000197c        0x0 ../../lib/gcc/libc.a(lib_a-readr.o)
 D_1            0x0000197c        0x0 ../../lib/gcc/libc.a(lib_a-reent.o)
 D_1            0x0000197c        0x0 ../../lib/gcc/libc.a(lib_a-strncmp.o)
 D_1            0x0000197c        0x0 ../../lib/gcc/libc.a(lib_a-svfiprintf.o)
 D_1            0x0000197c        0x0 ../../lib/gcc/libc.a(lib_a-wcrtomb.o)
 D_1            0x0000197c        0x0 ../../lib/gcc/libc.a(lib_a-wctomb_r.o)
 D_1            0x0000197c        0x0 ../../lib/gcc/libc.a(lib_a-gdtoa-gethex.o)
 D_1            0x0000197c        0x0 ../../lib/gcc/libgcc.a(_udivdi3.o)
 D_1            0x0000197c        0x0 ../../lib/gcc/libgcc.a(_umoddi3.o)
 D_1            0x0000197c        0x0 ../../lib/gcc/libgcc.a(_clz.o)
 D_1            0x0000197c        0x0 ../../lib/gcc/libm.a(lib_a-sf_cos.o)
 D_1            0x0000197c        0x0 ../../lib/gcc/libm.a(lib_a-sf_sin.o)
 D_1            0x0000197c        0x0 ../../lib/gcc/libm.a(lib_a-wf_pow.o)
 D_1            0x0000197c        0x0 ../../lib/gcc/libm.a(lib_a-ef_pow.o)
 D_1            0x0000197c        0x0 ../../lib/gcc/libm.a(lib_a-ef_rem_pio2.o)
 D_1            0x0000197c        0x0 ../../lib/gcc/libm.a(lib_a-ef_sqrt.o)
 D_1            0x0000197c        0x0 ../../lib/gcc/libm.a(lib_a-kf_cos.o)
 D_1            0x0000197c        0x0 ../../lib/gcc/libm.a(lib_a-kf_rem_pio2.o)
 D_1            0x0000197c        0x0 ../../lib/gcc/libm.a(lib_a-kf_sin.o)
 D_1            0x0000197c        0x0 ../../lib/gcc/libm.a(lib_a-s_lib_ver.o)
 D_1            0x0000197c        0x0 ../../lib/gcc/libm.a(lib_a-s_matherr.o)
 D_1            0x0000197c        0x0 ../../lib/gcc/libm.a(lib_a-sf_fabs.o)
 D_1            0x0000197c        0x0 ../../lib/gcc/libm.a(lib_a-sf_finite.o)
 D_1            0x0000197c        0x0 ../../lib/gcc/libm.a(lib_a-sf_floor.o)
 D_1            0x0000197c        0x0 ../../lib/gcc/libm.a(lib_a-sf_rint.o)
 D_1            0x0000197c        0x0 ../../lib/gcc/libm.a(lib_a-sf_scalbn.o)
 D_1            0x0000197c        0x0 ../../lib/gcc/libm.a(lib_a-sf_copysign.o)
 D_1            0x0000197c        0x0 ../../lib/libtkdnhal.a(hwsetup.o)
 D_1            0x0000197c        0x0 ../../lib/libtkdnhal.a(tkdn_sci.o)
 D_1            0x0000197c        0x0 ../../lib/libtkdnhal.a(tkdn_ether.o)
 D_1            0x0000197c        0x0 ../../lib/libtkdnhal.a(tkdn_timer.o)
 D_1            0x0000197c        0x0 ../../lib/libtkdnhal.a(tkdn_pwm.o)
 D_1            0x0000197c        0x0 ../../lib/libtkdnhal.a(tkdn_tone.o)
 D_1            0x0000197c        0x0 ../../lib/libtkdnhal.a(phy.o)
 D_1            0x0000197c        0x0 ../../lib/libtkdnhal.a(eidi.o)
 D_1            0x0000197c        0x0 ../../lib/libtkdnhal.a(usb_cdc.o)
 D_1            0x0000197c        0x0 ../../lib/libtkdnhal.a(usb_core.o)
 D_1            0x0000197c        0x0 ../../lib/libtkdnhal.a(usb_hal.o)
 D_1            0x0000197c        0x0 ../../lib/libtkdnhal.a(usbdescriptors.o)
 D_1            0x0000197c        0x0 ../../lib/libtkdnhal.a(tkdn_interrupt.o)
 D_1            0x0000197c        0x0 ../../lib/libtkdnhal.a(tkdn_gpio.o)
                0x0000197c                . = ALIGN (0x4)
                0x0000197c                _edata = .
                0x0000197c                PROVIDE (edata, .)
                0x0000197c                PROVIDE (__dataend, .)
                0x0000097c                PROVIDE (__romdatacopysize, SIZEOF (.data))

.bss            0x0000197c     0x1964 load address 0xfff92254
                0x0000197c                . = ALIGN (0x4)
                0x0000197c                PROVIDE (__bssstart, .)
 *(.dynbss)
 *(.sbss .sbss.*)
 *(.bss B B_2 B_1 .bss.* .gnu.linkonce.b.*)
 B_1            0x0000197c        0x0 ../../lib/start.o
 B_1            0x0000197c        0x0 ../../common/lowlevel.o
 B_1            0x0000197c        0x0 math-sample.o
 B_1            0x0000197c        0x0 ../../common/intvect.o
 B_1            0x0000197c        0x0 ../../lib/gcc/libc.a(lib_a-errno.o)
 B_1            0x0000197c        0x0 ../../lib/gcc/libc.a(lib_a-impure.o)
 B_1            0x0000197c        0x0 ../../lib/gcc/libc.a(lib_a-printf.o)
 B_1            0x0000197c        0x0 ../../lib/gcc/libc.a(lib_a-putchar.o)
 B_1            0x0000197c        0x0 ../../lib/gcc/libc.a(lib_a-puts.o)
 B_1            0x0000197c        0x0 ../../lib/gcc/libc.a(lib_a-scanf.o)
 B_1            0x0000197c        0x0 ../../lib/gcc/libc.a(lib_a-strlen.o)
 B_1            0x0000197c        0x0 ../../lib/gcc/libc.a(lib_a-vfprintf.o)
 B_1            0x0000197c        0x0 ../../lib/gcc/libc.a(lib_a-vfscanf.o)
 B_1            0x0000197c        0x0 ../../lib/gcc/libc.a(lib_a-wsetup.o)
 B_1            0x0000197c        0x0 ../../lib/gcc/libc.a(lib_a-ctype_.o)
 B_1            0x0000197c        0x0 ../../lib/gcc/libc.a(lib_a-dtoa.o)
 B_1            0x0000197c        0x0 ../../lib/gcc/libc.a(lib_a-fflush.o)
 B_1            0x0000197c        0x0 ../../lib/gcc/libc.a(lib_a-findfp.o)
 B_1            0x0000197c        0x0 ../../lib/gcc/libc.a(lib_a-fread.o)
 B_1            0x0000197c        0x0 ../../lib/gcc/libc.a(lib_a-freer.o)
 B_1            0x0000197c        0x0 ../../lib/gcc/libc.a(lib_a-fvwrite.o)
 B_1            0x0000197c        0x0 ../../lib/gcc/libc.a(lib_a-fwalk.o)
 B_1            0x0000197c        0x0 ../../lib/gcc/libc.a(lib_a-iswspace.o)
 B_1            0x0000197c        0x0 ../../lib/gcc/libc.a(lib_a-locale.o)
 .bss._PathLocale
                0x0000197c        0x4 ../../lib/gcc/libc.a(lib_a-locale.o)
                0x0000197c                _PathLocale
 .bss.__mlocale_changed
                0x00001980        0x4 ../../lib/gcc/libc.a(lib_a-locale.o)
                0x00001980                __mlocale_changed
 .bss.__nlocale_changed
                0x00001984        0x4 ../../lib/gcc/libc.a(lib_a-locale.o)
                0x00001984                __nlocale_changed
 B_1            0x00001988        0x0 ../../lib/gcc/libc.a(lib_a-makebuf.o)
 B_1            0x00001988        0x0 ../../lib/gcc/libc.a(lib_a-mallocr.o)
 .bss.__malloc_current_mallinfo
                0x00001988       0x28 ../../lib/gcc/libc.a(lib_a-mallocr.o)
                0x00001988                __malloc_current_mallinfo
 .bss.__malloc_max_total_mem
                0x000019b0        0x4 ../../lib/gcc/libc.a(lib_a-mallocr.o)
                0x000019b0                __malloc_max_total_mem
 .bss.__malloc_max_sbrked_mem
                0x000019b4        0x4 ../../lib/gcc/libc.a(lib_a-mallocr.o)
                0x000019b4                __malloc_max_sbrked_mem
 .bss.__malloc_top_pad
                0x000019b8        0x4 ../../lib/gcc/libc.a(lib_a-mallocr.o)
                0x000019b8                __malloc_top_pad
 B_1            0x000019bc        0x0 ../../lib/gcc/libc.a(lib_a-mbrtowc.o)
 B_1            0x000019bc        0x0 ../../lib/gcc/libc.a(lib_a-mbtowc_r.o)
 B_1            0x000019bc        0x0 ../../lib/gcc/libc.a(lib_a-memchr.o)
 B_1            0x000019bc        0x0 ../../lib/gcc/libc.a(lib_a-memcpy.o)
 B_1            0x000019bc        0x0 ../../lib/gcc/libc.a(lib_a-memmove.o)
 B_1            0x000019bc        0x0 ../../lib/gcc/libc.a(lib_a-memset.o)
 B_1            0x000019bc        0x0 ../../lib/gcc/libc.a(lib_a-mlock.o)
 B_1            0x000019bc        0x0 ../../lib/gcc/libc.a(lib_a-mprec.o)
 B_1            0x000019bc        0x0 ../../lib/gcc/libc.a(lib_a-putc.o)
 B_1            0x000019bc        0x0 ../../lib/gcc/libc.a(lib_a-reallocr.o)
 B_1            0x000019bc        0x0 ../../lib/gcc/libc.a(lib_a-refill.o)
 B_1            0x000019bc        0x0 ../../lib/gcc/libc.a(lib_a-sbrkr.o)
 B_1            0x000019bc        0x0 ../../lib/gcc/libc.a(lib_a-sccl.o)
 B_1            0x000019bc        0x0 ../../lib/gcc/libc.a(lib_a-sf_fpclassify.o)
 B_1            0x000019bc        0x0 ../../lib/gcc/libc.a(lib_a-sf_nan.o)
 B_1            0x000019bc        0x0 ../../lib/gcc/libc.a(lib_a-sprintf.o)
 B_1            0x000019bc        0x0 ../../lib/gcc/libc.a(lib_a-stdio.o)
 B_1            0x000019bc        0x0 ../../lib/gcc/libc.a(lib_a-strcmp.o)
 B_1            0x000019bc        0x0 ../../lib/gcc/libc.a(lib_a-strtod.o)
 B_1            0x000019bc        0x0 ../../lib/gcc/libc.a(lib_a-strtol.o)
 B_1            0x000019bc        0x0 ../../lib/gcc/libc.a(lib_a-strtoll_r.o)
 B_1            0x000019bc        0x0 ../../lib/gcc/libc.a(lib_a-strtoul.o)
 B_1            0x000019bc        0x0 ../../lib/gcc/libc.a(lib_a-strtoull_r.o)
 B_1            0x000019bc        0x0 ../../lib/gcc/libc.a(lib_a-svfprintf.o)
 B_1            0x000019bc        0x0 ../../lib/gcc/libc.a(lib_a-ungetc.o)
 B_1            0x000019bc        0x0 ../../lib/gcc/libc.a(lib_a-vfiprintf.o)
 B_1            0x000019bc        0x0 ../../lib/gcc/libc.a(lib_a-wbuf.o)
 B_1            0x000019bc        0x0 ../../lib/gcc/libc.a(lib_a-writer.o)
 B_1            0x000019bc        0x0 ../../lib/gcc/libc.a(lib_a-callocr.o)
 B_1            0x000019bc        0x0 ../../lib/gcc/libc.a(lib_a-closer.o)
 B_1            0x000019bc        0x0 ../../lib/gcc/libc.a(lib_a-fclose.o)
 B_1            0x000019bc        0x0 ../../lib/gcc/libc.a(lib_a-fputwc.o)
 B_1            0x000019bc        0x0 ../../lib/gcc/libc.a(lib_a-fstatr.o)
 B_1            0x000019bc        0x0 ../../lib/gcc/libc.a(lib_a-gdtoa-hexnan.o)
 B_1            0x000019bc        0x0 ../../lib/gcc/libc.a(lib_a-isattyr.o)
 B_1            0x000019bc        0x0 ../../lib/gcc/libc.a(lib_a-lseekr.o)
 B_1            0x000019bc        0x0 ../../lib/gcc/libc.a(lib_a-readr.o)
 B_1            0x000019bc        0x0 ../../lib/gcc/libc.a(lib_a-reent.o)
 B_1            0x000019bc        0x0 ../../lib/gcc/libc.a(lib_a-strncmp.o)
 B_1            0x000019bc        0x0 ../../lib/gcc/libc.a(lib_a-svfiprintf.o)
 B_1            0x000019bc        0x0 ../../lib/gcc/libc.a(lib_a-wcrtomb.o)
 B_1            0x000019bc        0x0 ../../lib/gcc/libc.a(lib_a-wctomb_r.o)
 B_1            0x000019bc        0x0 ../../lib/gcc/libc.a(lib_a-gdtoa-gethex.o)
 B_1            0x000019bc        0x0 ../../lib/gcc/libgcc.a(_udivdi3.o)
 B_1            0x000019bc        0x0 ../../lib/gcc/libgcc.a(_umoddi3.o)
 B_1            0x000019bc        0x0 ../../lib/gcc/libgcc.a(_clz.o)
 B_1            0x000019bc        0x0 ../../lib/gcc/libm.a(lib_a-sf_cos.o)
 B_1            0x000019bc        0x0 ../../lib/gcc/libm.a(lib_a-sf_sin.o)
 B_1            0x000019bc        0x0 ../../lib/gcc/libm.a(lib_a-wf_pow.o)
 B_1            0x000019bc        0x0 ../../lib/gcc/libm.a(lib_a-ef_pow.o)
 B_1            0x000019bc        0x0 ../../lib/gcc/libm.a(lib_a-ef_rem_pio2.o)
 B_1            0x000019bc        0x0 ../../lib/gcc/libm.a(lib_a-ef_sqrt.o)
 B_1            0x000019bc        0x0 ../../lib/gcc/libm.a(lib_a-kf_cos.o)
 B_1            0x000019bc        0x0 ../../lib/gcc/libm.a(lib_a-kf_rem_pio2.o)
 B_1            0x000019bc        0x0 ../../lib/gcc/libm.a(lib_a-kf_sin.o)
 B_1            0x000019bc        0x0 ../../lib/gcc/libm.a(lib_a-s_lib_ver.o)
 B_1            0x000019bc        0x0 ../../lib/gcc/libm.a(lib_a-s_matherr.o)
 B_1            0x000019bc        0x0 ../../lib/gcc/libm.a(lib_a-sf_fabs.o)
 B_1            0x000019bc        0x0 ../../lib/gcc/libm.a(lib_a-sf_finite.o)
 B_1            0x000019bc        0x0 ../../lib/gcc/libm.a(lib_a-sf_floor.o)
 B_1            0x000019bc        0x0 ../../lib/gcc/libm.a(lib_a-sf_rint.o)
 B_1            0x000019bc        0x0 ../../lib/gcc/libm.a(lib_a-sf_scalbn.o)
 B_1            0x000019bc        0x0 ../../lib/gcc/libm.a(lib_a-sf_copysign.o)
 B_1            0x000019bc        0x0 ../../lib/libtkdnhal.a(hwsetup.o)
 B_1            0x000019bc        0x0 ../../lib/libtkdnhal.a(tkdn_sci.o)
 B_1            0x000019bc        0x4 ../../lib/libtkdnhal.a(tkdn_ether.o)
 B_1            0x000019c0        0x0 ../../lib/libtkdnhal.a(tkdn_timer.o)
 B              0x000019c0        0xc ../../lib/libtkdnhal.a(tkdn_timer.o)
                0x000019c0                disktimer
                0x000019c4                userfunc
                0x000019c8                tim_1ms
 B_1            0x000019cc       0x28 ../../lib/libtkdnhal.a(tkdn_pwm.o)
 B              0x000019f4        0x4 ../../lib/libtkdnhal.a(tkdn_pwm.o)
                0x000019f4                pwmpincount
 B_1            0x000019f8        0x4 ../../lib/libtkdnhal.a(tkdn_tone.o)
 B_1            0x000019fc        0x0 ../../lib/libtkdnhal.a(phy.o)
 B_1            0x000019fc        0x0 ../../lib/libtkdnhal.a(eidi.o)
 B_1            0x000019fc       0x10 ../../lib/libtkdnhal.a(usb_cdc.o)
 B_1            0x00001a0c       0x14 ../../lib/libtkdnhal.a(usb_core.o)
 B_1            0x00001a20      0x44c ../../lib/libtkdnhal.a(usb_hal.o)
 B_1            0x00001e6c        0x0 ../../lib/libtkdnhal.a(usbdescriptors.o)
 B_1            0x00001e6c        0x0 ../../lib/libtkdnhal.a(tkdn_interrupt.o)
 B_1            0x00001e6c        0x0 ../../lib/libtkdnhal.a(tkdn_gpio.o)
                0x00001e6c                . = ALIGN (0x4)
 *(COMMON)
 COMMON         0x00001e6c        0x4 ../../lib/gcc/libc.a(lib_a-reent.o)
                0x00001e6c                errno
 COMMON         0x00001e70      0x100 ../../lib/gcc/libc.a(lib_a-gdtoa-gethex.o)
                0x00001e70                __hexdig
 COMMON         0x00001f70      0x238 ../../lib/libtkdnhal.a(tkdn_sci.o)
                0x00001f70                sci_default
                0x0000218c                sci_handles
                0x000021a4                psci_default
 COMMON         0x000021a8        0x4 ../../lib/libtkdnhal.a(tkdn_ether.o)
                0x000021a8                user_rx_func
 COMMON         0x000021ac       0x20 ../../lib/libtkdnhal.a(tkdn_interrupt.o)
                0x000021ac                ifunc
                0x000021e0                . = ALIGN (0x20)
 *fill*         0x000021cc       0x14 00
 *(.etherdesc)
 .etherdesc     0x000021e0     0x1100 ../../lib/libtkdnhal.a(tkdn_ether.o)
                0x000032e0                . = ALIGN (0x4)
                0x000032e0                PROVIDE (__bssend, .)
                0x000032e0                _end = .
                0x000032e0                PROVIDE (end, .)
                0x00000659                PROVIDE (__bsssize, (SIZEOF (.bss) / 0x4))

.stab
 *(.stab)

.stabstr
 *(.stabstr)

.stab.excl
 *(.stab.excl)

.stab.exclstr
 *(.stab.exclstr)

.stab.index
 *(.stab.index)

.stab.indexstr
 *(.stab.indexstr)

.comment        0x00000000       0x11
 *(.comment)
 .comment       0x00000000       0x11 ../../common/lowlevel.o
                                 0x12 (size before relaxing)
 .comment       0x00000000       0x12 math-sample.o
 .comment       0x00000000       0x12 ../../common/intvect.o
 .comment       0x00000000       0x12 ../../lib/gcc/libc.a(lib_a-errno.o)
 .comment       0x00000000       0x12 ../../lib/gcc/libc.a(lib_a-impure.o)
 .comment       0x00000000       0x12 ../../lib/gcc/libc.a(lib_a-printf.o)
 .comment       0x00000000       0x12 ../../lib/gcc/libc.a(lib_a-putchar.o)
 .comment       0x00000000       0x12 ../../lib/gcc/libc.a(lib_a-puts.o)
 .comment       0x00000000       0x12 ../../lib/gcc/libc.a(lib_a-scanf.o)
 .comment       0x00000000       0x12 ../../lib/gcc/libc.a(lib_a-vfprintf.o)
 .comment       0x00000000       0x12 ../../lib/gcc/libc.a(lib_a-vfscanf.o)
 .comment       0x00000000       0x12 ../../lib/gcc/libc.a(lib_a-wsetup.o)
 .comment       0x00000000       0x12 ../../lib/gcc/libc.a(lib_a-ctype_.o)
 .comment       0x00000000       0x12 ../../lib/gcc/libc.a(lib_a-dtoa.o)
 .comment       0x00000000       0x12 ../../lib/gcc/libc.a(lib_a-fflush.o)
 .comment       0x00000000       0x12 ../../lib/gcc/libc.a(lib_a-findfp.o)
 .comment       0x00000000       0x12 ../../lib/gcc/libc.a(lib_a-fread.o)
 .comment       0x00000000       0x12 ../../lib/gcc/libc.a(lib_a-freer.o)
 .comment       0x00000000       0x12 ../../lib/gcc/libc.a(lib_a-fvwrite.o)
 .comment       0x00000000       0x12 ../../lib/gcc/libc.a(lib_a-fwalk.o)
 .comment       0x00000000       0x12 ../../lib/gcc/libc.a(lib_a-iswspace.o)
 .comment       0x00000000       0x12 ../../lib/gcc/libc.a(lib_a-locale.o)
 .comment       0x00000000       0x12 ../../lib/gcc/libc.a(lib_a-makebuf.o)
 .comment       0x00000000       0x12 ../../lib/gcc/libc.a(lib_a-mallocr.o)
 .comment       0x00000000       0x12 ../../lib/gcc/libc.a(lib_a-mbrtowc.o)
 .comment       0x00000000       0x12 ../../lib/gcc/libc.a(lib_a-mbtowc_r.o)
 .comment       0x00000000       0x12 ../../lib/gcc/libc.a(lib_a-mlock.o)
 .comment       0x00000000       0x12 ../../lib/gcc/libc.a(lib_a-mprec.o)
 .comment       0x00000000       0x12 ../../lib/gcc/libc.a(lib_a-putc.o)
 .comment       0x00000000       0x12 ../../lib/gcc/libc.a(lib_a-reallocr.o)
 .comment       0x00000000       0x12 ../../lib/gcc/libc.a(lib_a-refill.o)
 .comment       0x00000000       0x12 ../../lib/gcc/libc.a(lib_a-sbrkr.o)
 .comment       0x00000000       0x12 ../../lib/gcc/libc.a(lib_a-sccl.o)
 .comment       0x00000000       0x12 ../../lib/gcc/libc.a(lib_a-sf_fpclassify.o)
 .comment       0x00000000       0x12 ../../lib/gcc/libc.a(lib_a-sf_nan.o)
 .comment       0x00000000       0x12 ../../lib/gcc/libc.a(lib_a-sprintf.o)
 .comment       0x00000000       0x12 ../../lib/gcc/libc.a(lib_a-stdio.o)
 .comment       0x00000000       0x12 ../../lib/gcc/libc.a(lib_a-strtod.o)
 .comment       0x00000000       0x12 ../../lib/gcc/libc.a(lib_a-strtol.o)
 .comment       0x00000000       0x12 ../../lib/gcc/libc.a(lib_a-strtoll_r.o)
 .comment       0x00000000       0x12 ../../lib/gcc/libc.a(lib_a-strtoul.o)
 .comment       0x00000000       0x12 ../../lib/gcc/libc.a(lib_a-strtoull_r.o)
 .comment       0x00000000       0x12 ../../lib/gcc/libc.a(lib_a-svfprintf.o)
 .comment       0x00000000       0x12 ../../lib/gcc/libc.a(lib_a-ungetc.o)
 .comment       0x00000000       0x12 ../../lib/gcc/libc.a(lib_a-vfiprintf.o)
 .comment       0x00000000       0x12 ../../lib/gcc/libc.a(lib_a-wbuf.o)
 .comment       0x00000000       0x12 ../../lib/gcc/libc.a(lib_a-writer.o)
 .comment       0x00000000       0x12 ../../lib/gcc/libc.a(lib_a-callocr.o)
 .comment       0x00000000       0x12 ../../lib/gcc/libc.a(lib_a-closer.o)
 .comment       0x00000000       0x12 ../../lib/gcc/libc.a(lib_a-fclose.o)
 .comment       0x00000000       0x12 ../../lib/gcc/libc.a(lib_a-fputwc.o)
 .comment       0x00000000       0x12 ../../lib/gcc/libc.a(lib_a-fstatr.o)
 .comment       0x00000000       0x12 ../../lib/gcc/libc.a(lib_a-gdtoa-hexnan.o)
 .comment       0x00000000       0x12 ../../lib/gcc/libc.a(lib_a-isattyr.o)
 .comment       0x00000000       0x12 ../../lib/gcc/libc.a(lib_a-lseekr.o)
 .comment       0x00000000       0x12 ../../lib/gcc/libc.a(lib_a-readr.o)
 .comment       0x00000000       0x12 ../../lib/gcc/libc.a(lib_a-reent.o)
 .comment       0x00000000       0x12 ../../lib/gcc/libc.a(lib_a-svfiprintf.o)
 .comment       0x00000000       0x12 ../../lib/gcc/libc.a(lib_a-wcrtomb.o)
 .comment       0x00000000       0x12 ../../lib/gcc/libc.a(lib_a-wctomb_r.o)
 .comment       0x00000000       0x12 ../../lib/gcc/libc.a(lib_a-gdtoa-gethex.o)
 .comment       0x00000000       0x12 ../../lib/gcc/libgcc.a(_udivdi3.o)
 .comment       0x00000000       0x12 ../../lib/gcc/libgcc.a(_umoddi3.o)
 .comment       0x00000000       0x12 ../../lib/gcc/libgcc.a(_clz.o)
 .comment       0x00000000       0x12 ../../lib/gcc/libm.a(lib_a-sf_cos.o)
 .comment       0x00000000       0x12 ../../lib/gcc/libm.a(lib_a-sf_sin.o)
 .comment       0x00000000       0x12 ../../lib/gcc/libm.a(lib_a-wf_pow.o)
 .comment       0x00000000       0x12 ../../lib/gcc/libm.a(lib_a-ef_pow.o)
 .comment       0x00000000       0x12 ../../lib/gcc/libm.a(lib_a-ef_rem_pio2.o)
 .comment       0x00000000       0x12 ../../lib/gcc/libm.a(lib_a-ef_sqrt.o)
 .comment       0x00000000       0x12 ../../lib/gcc/libm.a(lib_a-kf_cos.o)
 .comment       0x00000000       0x12 ../../lib/gcc/libm.a(lib_a-kf_rem_pio2.o)
 .comment       0x00000000       0x12 ../../lib/gcc/libm.a(lib_a-kf_sin.o)
 .comment       0x00000000       0x12 ../../lib/gcc/libm.a(lib_a-s_lib_ver.o)
 .comment       0x00000000       0x12 ../../lib/gcc/libm.a(lib_a-s_matherr.o)
 .comment       0x00000000       0x12 ../../lib/gcc/libm.a(lib_a-sf_fabs.o)
 .comment       0x00000000       0x12 ../../lib/gcc/libm.a(lib_a-sf_finite.o)
 .comment       0x00000000       0x12 ../../lib/gcc/libm.a(lib_a-sf_floor.o)
 .comment       0x00000000       0x12 ../../lib/gcc/libm.a(lib_a-sf_rint.o)
 .comment       0x00000000       0x12 ../../lib/gcc/libm.a(lib_a-sf_scalbn.o)
 .comment       0x00000000       0x12 ../../lib/gcc/libm.a(lib_a-sf_copysign.o)
 .comment       0x00000000       0x12 ../../lib/libtkdnhal.a(hwsetup.o)
 .comment       0x00000000       0x12 ../../lib/libtkdnhal.a(tkdn_sci.o)
 .comment       0x00000000       0x12 ../../lib/libtkdnhal.a(tkdn_ether.o)
 .comment       0x00000000       0x12 ../../lib/libtkdnhal.a(tkdn_timer.o)
 .comment       0x00000000       0x12 ../../lib/libtkdnhal.a(tkdn_pwm.o)
 .comment       0x00000000       0x12 ../../lib/libtkdnhal.a(tkdn_tone.o)
 .comment       0x00000000       0x12 ../../lib/libtkdnhal.a(phy.o)
 .comment       0x00000000       0x12 ../../lib/libtkdnhal.a(usb_cdc.o)
 .comment       0x00000000       0x12 ../../lib/libtkdnhal.a(usb_core.o)
 .comment       0x00000000       0x12 ../../lib/libtkdnhal.a(usb_hal.o)
 .comment       0x00000000       0x12 ../../lib/libtkdnhal.a(usbdescriptors.o)
 .comment       0x00000000       0x12 ../../lib/libtkdnhal.a(tkdn_interrupt.o)
 .comment       0x00000000       0x12 ../../lib/libtkdnhal.a(tkdn_gpio.o)

.debug
 *(.debug)

.line
 *(.line)

.debug_srcinfo
 *(.debug_srcinfo)

.debug_sfnames
 *(.debug_sfnames)

.debug_aranges  0x00000000      0xc68
 *(.debug_aranges)
 .debug_aranges
                0x00000000       0x20 ../../common/lowlevel.o
 .debug_aranges
                0x00000020       0x20 math-sample.o
 .debug_aranges
                0x00000040       0x20 ../../common/intvect.o
 .debug_aranges
                0x00000060       0x20 ../../lib/gcc/libc.a(lib_a-errno.o)
 .debug_aranges
                0x00000080       0x28 ../../lib/gcc/libc.a(lib_a-printf.o)
 .debug_aranges
                0x000000a8       0x28 ../../lib/gcc/libc.a(lib_a-putchar.o)
 .debug_aranges
                0x000000d0       0x28 ../../lib/gcc/libc.a(lib_a-puts.o)
 .debug_aranges
                0x000000f8       0x28 ../../lib/gcc/libc.a(lib_a-scanf.o)
 .debug_aranges
                0x00000120       0x28 ../../lib/gcc/libc.a(lib_a-vfprintf.o)
 .debug_aranges
                0x00000148       0x38 ../../lib/gcc/libc.a(lib_a-vfscanf.o)
 .debug_aranges
                0x00000180       0x20 ../../lib/gcc/libc.a(lib_a-wsetup.o)
 .debug_aranges
                0x000001a0       0x28 ../../lib/gcc/libc.a(lib_a-dtoa.o)
 .debug_aranges
                0x000001c8       0x28 ../../lib/gcc/libc.a(lib_a-fflush.o)
 .debug_aranges
                0x000001f0       0x88 ../../lib/gcc/libc.a(lib_a-findfp.o)
 .debug_aranges
                0x00000278       0x28 ../../lib/gcc/libc.a(lib_a-fread.o)
 .debug_aranges
                0x000002a0       0x28 ../../lib/gcc/libc.a(lib_a-freer.o)
 .debug_aranges
                0x000002c8       0x20 ../../lib/gcc/libc.a(lib_a-fvwrite.o)
 .debug_aranges
                0x000002e8       0x28 ../../lib/gcc/libc.a(lib_a-fwalk.o)
 .debug_aranges
                0x00000310       0x20 ../../lib/gcc/libc.a(lib_a-iswspace.o)
 .debug_aranges
                0x00000330       0x50 ../../lib/gcc/libc.a(lib_a-locale.o)
 .debug_aranges
                0x00000380       0x20 ../../lib/gcc/libc.a(lib_a-makebuf.o)
 .debug_aranges
                0x000003a0       0x20 ../../lib/gcc/libc.a(lib_a-mallocr.o)
 .debug_aranges
                0x000003c0       0x28 ../../lib/gcc/libc.a(lib_a-mbrtowc.o)
 .debug_aranges
                0x000003e8       0x28 ../../lib/gcc/libc.a(lib_a-mbtowc_r.o)
 .debug_aranges
                0x00000410       0x28 ../../lib/gcc/libc.a(lib_a-mlock.o)
 .debug_aranges
                0x00000438       0xb0 ../../lib/gcc/libc.a(lib_a-mprec.o)
 .debug_aranges
                0x000004e8       0x28 ../../lib/gcc/libc.a(lib_a-putc.o)
 .debug_aranges
                0x00000510       0x20 ../../lib/gcc/libc.a(lib_a-reallocr.o)
 .debug_aranges
                0x00000530       0x28 ../../lib/gcc/libc.a(lib_a-refill.o)
 .debug_aranges
                0x00000558       0x20 ../../lib/gcc/libc.a(lib_a-sbrkr.o)
 .debug_aranges
                0x00000578       0x20 ../../lib/gcc/libc.a(lib_a-sccl.o)
 .debug_aranges
                0x00000598       0x20 ../../lib/gcc/libc.a(lib_a-sf_fpclassify.o)
 .debug_aranges
                0x000005b8       0x28 ../../lib/gcc/libc.a(lib_a-sf_nan.o)
 .debug_aranges
                0x000005e0       0x28 ../../lib/gcc/libc.a(lib_a-sprintf.o)
 .debug_aranges
                0x00000608       0x40 ../../lib/gcc/libc.a(lib_a-stdio.o)
 .debug_aranges
                0x00000648       0x38 ../../lib/gcc/libc.a(lib_a-strtod.o)
 .debug_aranges
                0x00000680       0x28 ../../lib/gcc/libc.a(lib_a-strtol.o)
 .debug_aranges
                0x000006a8       0x20 ../../lib/gcc/libc.a(lib_a-strtoll_r.o)
 .debug_aranges
                0x000006c8       0x28 ../../lib/gcc/libc.a(lib_a-strtoul.o)
 .debug_aranges
                0x000006f0       0x20 ../../lib/gcc/libc.a(lib_a-strtoull_r.o)
 .debug_aranges
                0x00000710       0x20 ../../lib/gcc/libc.a(lib_a-svfprintf.o)
 .debug_aranges
                0x00000730       0x30 ../../lib/gcc/libc.a(lib_a-ungetc.o)
 .debug_aranges
                0x00000760       0x30 ../../lib/gcc/libc.a(lib_a-vfiprintf.o)
 .debug_aranges
                0x00000790       0x28 ../../lib/gcc/libc.a(lib_a-wbuf.o)
 .debug_aranges
                0x000007b8       0x20 ../../lib/gcc/libc.a(lib_a-writer.o)
 .debug_aranges
                0x000007d8       0x20 ../../lib/gcc/libc.a(lib_a-callocr.o)
 .debug_aranges
                0x000007f8       0x20 ../../lib/gcc/libc.a(lib_a-closer.o)
 .debug_aranges
                0x00000818       0x28 ../../lib/gcc/libc.a(lib_a-fclose.o)
 .debug_aranges
                0x00000840       0x28 ../../lib/gcc/libc.a(lib_a-fputwc.o)
 .debug_aranges
                0x00000868       0x20 ../../lib/gcc/libc.a(lib_a-fstatr.o)
 .debug_aranges
                0x00000888       0x20 ../../lib/gcc/libc.a(lib_a-gdtoa-hexnan.o)
 .debug_aranges
                0x000008a8       0x20 ../../lib/gcc/libc.a(lib_a-isattyr.o)
 .debug_aranges
                0x000008c8       0x20 ../../lib/gcc/libc.a(lib_a-lseekr.o)
 .debug_aranges
                0x000008e8       0x20 ../../lib/gcc/libc.a(lib_a-readr.o)
 .debug_aranges
                0x00000908       0x30 ../../lib/gcc/libc.a(lib_a-reent.o)
 .debug_aranges
                0x00000938       0x28 ../../lib/gcc/libc.a(lib_a-svfiprintf.o)
 .debug_aranges
                0x00000960       0x28 ../../lib/gcc/libc.a(lib_a-wcrtomb.o)
 .debug_aranges
                0x00000988       0x28 ../../lib/gcc/libc.a(lib_a-wctomb_r.o)
 .debug_aranges
                0x000009b0       0x30 ../../lib/gcc/libc.a(lib_a-gdtoa-gethex.o)
 .debug_aranges
                0x000009e0       0x20 ../../lib/gcc/libgcc.a(_udivdi3.o)
 .debug_aranges
                0x00000a00       0x20 ../../lib/gcc/libgcc.a(_umoddi3.o)
 .debug_aranges
                0x00000a20       0x28 ../../lib/gcc/libm.a(lib_a-sf_cos.o)
 .debug_aranges
                0x00000a48       0x28 ../../lib/gcc/libm.a(lib_a-sf_sin.o)
 .debug_aranges
                0x00000a70       0x28 ../../lib/gcc/libm.a(lib_a-wf_pow.o)
 .debug_aranges
                0x00000a98       0x20 ../../lib/gcc/libm.a(lib_a-ef_pow.o)
 .debug_aranges
                0x00000ab8       0x20 ../../lib/gcc/libm.a(lib_a-ef_rem_pio2.o)
 .debug_aranges
                0x00000ad8       0x20 ../../lib/gcc/libm.a(lib_a-ef_sqrt.o)
 .debug_aranges
                0x00000af8       0x20 ../../lib/gcc/libm.a(lib_a-kf_cos.o)
 .debug_aranges
                0x00000b18       0x20 ../../lib/gcc/libm.a(lib_a-kf_rem_pio2.o)
 .debug_aranges
                0x00000b38       0x20 ../../lib/gcc/libm.a(lib_a-kf_sin.o)
 .debug_aranges
                0x00000b58       0x20 ../../lib/gcc/libm.a(lib_a-s_matherr.o)
 .debug_aranges
                0x00000b78       0x28 ../../lib/gcc/libm.a(lib_a-sf_fabs.o)
 .debug_aranges
                0x00000ba0       0x28 ../../lib/gcc/libm.a(lib_a-sf_finite.o)
 .debug_aranges
                0x00000bc8       0x28 ../../lib/gcc/libm.a(lib_a-sf_floor.o)
 .debug_aranges
                0x00000bf0       0x28 ../../lib/gcc/libm.a(lib_a-sf_rint.o)
 .debug_aranges
                0x00000c18       0x28 ../../lib/gcc/libm.a(lib_a-sf_scalbn.o)
 .debug_aranges
                0x00000c40       0x28 ../../lib/gcc/libm.a(lib_a-sf_copysign.o)

.debug_pubnames
 *(.debug_pubnames)

.debug_info     0x00000000    0x2a0e0
 *(.debug_info .gnu.linkonce.wi.*)
 .debug_info    0x00000000      0x4bf ../../common/lowlevel.o
 .debug_info    0x000004bf      0xa10 math-sample.o
 .debug_info    0x00000ecf      0xc6d ../../common/intvect.o
 .debug_info    0x00001b3c      0x967 ../../lib/gcc/libc.a(lib_a-errno.o)
 .debug_info    0x000024a3      0x965 ../../lib/gcc/libc.a(lib_a-impure.o)
 .debug_info    0x00002e08      0xa0e ../../lib/gcc/libc.a(lib_a-printf.o)
 .debug_info    0x00003816      0x9ad ../../lib/gcc/libc.a(lib_a-putchar.o)
 .debug_info    0x000041c3      0xa5f ../../lib/gcc/libc.a(lib_a-puts.o)
 .debug_info    0x00004c22      0x9ff ../../lib/gcc/libc.a(lib_a-scanf.o)
 .debug_info    0x00005621     0x10f3 ../../lib/gcc/libc.a(lib_a-vfprintf.o)
 .debug_info    0x00006714      0xf0a ../../lib/gcc/libc.a(lib_a-vfscanf.o)
 .debug_info    0x0000761e      0x995 ../../lib/gcc/libc.a(lib_a-wsetup.o)
 .debug_info    0x00007fb3       0x8b ../../lib/gcc/libc.a(lib_a-ctype_.o)
 .debug_info    0x0000803e      0xdcf ../../lib/gcc/libc.a(lib_a-dtoa.o)
 .debug_info    0x00008e0d      0xab1 ../../lib/gcc/libc.a(lib_a-fflush.o)
 .debug_info    0x000098be      0xbf9 ../../lib/gcc/libc.a(lib_a-findfp.o)
 .debug_info    0x0000a4b7      0xabc ../../lib/gcc/libc.a(lib_a-fread.o)