Archive member included because of file (symbol)

../../lib/libliquidcrystal.a(libliquidcrystal.o)
                              lcd_sample.o (LiquidCrystal::scrollDisplayLeft())
../../lib/librxduino.a(delay.o)
                              lcd_sample.o (millis)
../../lib/librxduino.a(digitalio.o)
                              lcd_sample.o (pinMode)
../../lib/librxduino.a(rxduino.o)
                              ../../lib/start.o (main)
../../lib/librxduino.a(serial.o)
                              lcd_sample.o (CSerial::begin(int))
../../lib/gcc/libstdc++.a(del_op.o)
                              lcd_sample.o (operator delete(void*))
../../lib/gcc/libstdc++.a(eh_personality.o)
                              lcd_sample.o (__gxx_personality_sj0)
../../lib/gcc/libstdc++.a(eh_terminate.o)
                              ../../lib/gcc/libstdc++.a(eh_personality.o) (__cxxabiv1::__terminate(void (*)()))
../../lib/gcc/libstdc++.a(eh_term_handler.o)
                              ../../lib/gcc/libstdc++.a(eh_terminate.o) (__cxxabiv1::__terminate_handler)
../../lib/gcc/libstdc++.a(eh_throw.o)
                              ../../lib/gcc/libstdc++.a(eh_personality.o) (__cxa_throw)
../../lib/gcc/libstdc++.a(eh_unex_handler.o)
                              ../../lib/gcc/libstdc++.a(eh_terminate.o) (__cxxabiv1::__unexpected_handler)
../../lib/gcc/libstdc++.a(new_op.o)
                              lcd_sample.o (operator new(unsigned long))
../../lib/gcc/libstdc++.a(vterminate.o)
                              ../../lib/gcc/libstdc++.a(eh_term_handler.o) (__gnu_cxx::__verbose_terminate_handler())
../../lib/gcc/libstdc++.a(bad_alloc.o)
                              ../../lib/gcc/libstdc++.a(new_op.o) (vtable for std::bad_alloc)
../../lib/gcc/libstdc++.a(cp-demangle.o)
                              ../../lib/gcc/libstdc++.a(vterminate.o) (__cxa_demangle)
../../lib/gcc/libstdc++.a(eh_alloc.o)
                              ../../lib/gcc/libstdc++.a(eh_personality.o) (__cxa_allocate_exception)
../../lib/gcc/libstdc++.a(eh_call.o)
                              ../../lib/gcc/libstdc++.a(eh_personality.o) (__cxa_call_terminate)
../../lib/gcc/libstdc++.a(eh_catch.o)
                              ../../lib/gcc/libstdc++.a(eh_personality.o) (__cxa_begin_catch)
../../lib/gcc/libstdc++.a(eh_exception.o)
                              ../../lib/gcc/libstdc++.a(bad_alloc.o) (std::exception::~exception())
../../lib/gcc/libstdc++.a(eh_globals.o)
                              ../../lib/gcc/libstdc++.a(eh_personality.o) (__cxa_get_globals_fast)
../../lib/gcc/libstdc++.a(eh_type.o)
                              ../../lib/gcc/libstdc++.a(vterminate.o) (__cxa_current_exception_type)
../../lib/gcc/libstdc++.a(new_handler.o)
                              ../../lib/gcc/libstdc++.a(new_op.o) (__new_handler)
../../lib/gcc/libstdc++.a(pure.o)
                              ../../lib/gcc/libstdc++.a(eh_exception.o) (__cxa_pure_virtual)
../../lib/gcc/libstdc++.a(si_class_type_info.o)
                              ../../lib/gcc/libstdc++.a(bad_alloc.o) (vtable for __cxxabiv1::__si_class_type_info)
../../lib/gcc/libstdc++.a(tinfo.o)
                              ../../lib/gcc/libstdc++.a(si_class_type_info.o) (std::type_info::__is_pointer_p() const)
../../lib/gcc/libstdc++.a(class_type_info.o)
                              ../../lib/gcc/libstdc++.a(si_class_type_info.o) (__cxxabiv1::__class_type_info::__do_upcast(__cxxabiv1::__class_type_info const*, void**) const)
../../lib/gcc/libc.a(lib_a-abort.o)
                              ../../lib/gcc/libstdc++.a(eh_personality.o) (abort)
../../lib/gcc/libc.a(lib_a-fputc.o)
                              ../../lib/gcc/libstdc++.a(vterminate.o) (fputc)
../../lib/gcc/libc.a(lib_a-fputs.o)
                              ../../lib/gcc/libstdc++.a(vterminate.o) (fputs)
../../lib/gcc/libc.a(lib_a-fvwrite.o)
                              ../../lib/gcc/libc.a(lib_a-fputs.o) (__sfvwrite_r)
../../lib/gcc/libc.a(lib_a-fwrite.o)
                              ../../lib/gcc/libstdc++.a(vterminate.o) (fwrite)
../../lib/gcc/libc.a(lib_a-impure.o)
                              ../../lib/gcc/libstdc++.a(vterminate.o) (_impure_ptr)
../../lib/gcc/libc.a(lib_a-malloc.o)
                              ../../lib/gcc/libstdc++.a(new_op.o) (malloc)
../../lib/gcc/libc.a(lib_a-mallocr.o)
                              ../../lib/gcc/libc.a(lib_a-fvwrite.o) (_malloc_r)
../../lib/gcc/libc.a(lib_a-memchr.o)
                              ../../lib/gcc/libc.a(lib_a-fvwrite.o) (memchr)
../../lib/gcc/libc.a(lib_a-memcpy.o)
                              ../../lib/gcc/libc.a(lib_a-fvwrite.o) (memcpy)
../../lib/gcc/libc.a(lib_a-memmove.o)
                              ../../lib/gcc/libc.a(lib_a-fvwrite.o) (memmove)
../../lib/gcc/libc.a(lib_a-mlock.o)
                              ../../lib/gcc/libc.a(lib_a-mallocr.o) (__malloc_lock)
../../lib/gcc/libc.a(lib_a-putc.o)
                              ../../lib/gcc/libc.a(lib_a-fputc.o) (_putc_r)
[...]
Memory Configuration

Name             Origin             Length             Attributes
*default*        0x00000000         0xffffffff

Linker script and memory map

LOAD ../../lib/start.o
LOAD lcd_sample.o
LOAD ../../common/intvect.o
                0x00017f00                _usp_init = 0x17f00
                0x00018000                _isp_init = 0x18000

.fvectors       0xffffffd0       0x30
 *.o(.fvectors)
 .fvectors      0xffffffd0       0x30 ../../common/intvect.o
                0xffffffd0                Fixed_Vectors

.rvectors       0xfff80000      0x400
 *.o(.rvectors)
 .rvectors      0xfff80000      0x400 ../../common/intvect.o
                0xfff80000                Relocatable_Vectors

.text           0xfff80400    0x104a8
                0xfff80400                PROVIDE (_start, .)
 *(.text P .stub .text.* .gnu.linkonce.t.*)
 P              0xfff80400       0x8c ../../lib/start.o
                0xfff80400                start
                0xfff80400                PowerON_Reset_PC
                0xfff8048a                _rx_fini
                0xfff8048b                __cxa_atexit
 P              0xfff8048c      0x8ee lcd_sample.o
                0xfff8048c                tone(int, int)
                0xfff804f3                local_tone(int, int)
                0xfff8055b                setup
                0xfff80b89                loop
 P              0xfff80d7a      0x444 ../../common/intvect.o
                0xfff80d7a                Excep_SuperVisorInst
                0xfff80d82                Excep_UndefinedInst
                0xfff80d8a                Excep_FloatingPoint
                0xfff80d92                NonMaskableInterrupt
                0xfff80d9a                Excep_BRK
                0xfff80da2                Excep_BUSERR
                0xfff80daa                Excep_FCU_FCUERR
                0xfff80db2                Excep_FCU_FRDYI
                0xfff80dba                Excep_ICU_SWINT
                0xfff80dc2                Excep_CMTU0_CMT1
                0xfff80dca                Excep_CMTU1_CMT3
                0xfff80dd2                Excep_USB0_D0FIFO0
                0xfff80dda                Excep_USB0_D1FIFO0
                0xfff80de2                Excep_USB0_USBI0
                0xfff80df4                Excep_USB1_D0FIFO1
                0xfff80dfc                Excep_USB1_D1FIFO1
                0xfff80e04                Excep_USB1_USBI1
                0xfff80e16                Excep_RSPI0_SPEI0
                0xfff80e1e                Excep_RSPI0_SPRI0
                0xfff80e26                Excep_RSPI0_SPTI0
                0xfff80e2e                Excep_RSPI0_SPII0
                0xfff80e36                Excep_RSPI1_SPEI1
                0xfff80e3e                Excep_RSPI1_SPRI1
                0xfff80e46                Excep_RSPI1_SPTI1
                0xfff80e4e                Excep_RSPI1_SPII1
                0xfff80e56                Excep_CAN0_ERS0
                0xfff80e5e                Excep_CAN0_RXF0
                0xfff80e66                Excep_CAN0_TXF0
                0xfff80e6e                Excep_CAN0_RXM0
                0xfff80e76                Excep_CAN0_TXM0
                0xfff80e7e                Excep_RTC_PRD
                0xfff80e86                Excep_RTC_CUP
                0xfff80e8e                Excep_IRQ8
                0xfff80e96                Excep_IRQ9
                0xfff80e9e                Excep_IRQ10
                0xfff80ea6                Excep_IRQ11
                0xfff80eae                Excep_IRQ12
                0xfff80eb6                Excep_IRQ13
                0xfff80ebe                Excep_IRQ14
                0xfff80ec6                Excep_IRQ15
                0xfff80ece                Excep_USB_USBR0
                0xfff80ed6                Excep_USB_USBR1
                0xfff80ede                Excep_RTC_ALM
                0xfff80ee6                Excep_WDT_WOVI
                0xfff80eee                Excep_AD0_ADI0
                0xfff80ef6                Excep_AD1_ADI1
                0xfff80efe                Excep_S12AD_ADI12
                0xfff80f06                Excep_MTU0_TCIV0
                0xfff80f0e                Excep_MTU1_TGIB1
                0xfff80f16                Excep_MTU1_TCIV1
                0xfff80f1e                Excep_MTU1_TCIU1
                0xfff80f26                Excep_MTU2_TGIB2
                0xfff80f2e                Excep_MTU2_TCIV2
                0xfff80f36                Excep_MTU2_TCIU2
                0xfff80f3e                Excep_MTU3_TGIA3
                0xfff80f46                Excep_MTU3_TGIB3
                0xfff80f4e                Excep_MTU3_TGIC3
                0xfff80f56                Excep_MTU3_TGID3
                0xfff80f5e                Excep_MTU3_TCIV3
                0xfff80f66                Excep_MTU4_TGIA4
                0xfff80f6e                Excep_MTU4_TGIB4
                0xfff80f76                Excep_MTU4_TGIC4
                0xfff80f7e                Excep_MTU4_TGID4
                0xfff80f86                Excep_MTU4_TCIV4
                0xfff80f8e                Excep_MTU5_TCIU5
                0xfff80f96                Excep_MTU5_TCIV5
                0xfff80f9e                Excep_MTU5_TCIW5
                0xfff80fa6                Excep_MTU6_TGIA6
                0xfff80fae                Excep_MTU6_TGIB6
                0xfff80fb6                Excep_MTU6_TGIC6
                0xfff80fbe                Excep_MTU6_TGID6
                0xfff80fc6                Excep_MTU6_TCIV6
                0xfff80fce                Excep_MTU6_TGIE6
                0xfff80fd6                Excep_MTU6_TGIF6
                0xfff80fde                Excep_MTU7_TGIA7
                0xfff80fe6                Excep_MTU7_TGIB7
                0xfff80fee                Excep_MTU7_TCIV7
                0xfff80ff6                Excep_MTU7_TCIU7
                0xfff80ffe                Excep_MTU8_TGIA8
                0xfff81006                Excep_MTU8_TGIB8
                0xfff8100e                Excep_MTU8_TCIV8
                0xfff81016                Excep_MTU8_TCIU8
                0xfff8101e                Excep_MTU9_TGIA9
                0xfff81026                Excep_MTU9_TGIB9
                0xfff8102e                Excep_MTU9_TGIC9
                0xfff81036                Excep_MTU9_TGID9
                0xfff8103e                Excep_MTU9_TCIV9
                0xfff81046                Excep_MTU10_TGIA10
                0xfff8104e                Excep_MTU10_TGIB10
                0xfff81056                Excep_MTU10_TGIC10
                0xfff8105e                Excep_MTU10_TGID10
                0xfff81066                Excep_MTU10_TCIV10
                0xfff8106e                Excep_MTU11_TCIU11
                0xfff81076                Excep_MTU11_TCIV11
                0xfff8107e                Excep_MTU11_TCIW11
                0xfff81086                Excep_POE_OEI1
                0xfff8108e                Excep_POE_OEI2
                0xfff81096                Excep_POE_OEI3
                0xfff8109e                Excep_POE_OEI4
                0xfff810a6                Excep_TMR0_CMI0A
                0xfff810ae                Excep_TMR0_CMI0B
                0xfff810b6                Excep_TMR0_OV0I
                0xfff810be                Excep_TMR1_CMI1A
                0xfff810c6                Excep_TMR1_CMI1B
                0xfff810ce                Excep_TMR1_OV1I
                0xfff810d6                Excep_TMR2_CMI2A
                0xfff810de                Excep_TMR2_CMI2B
                0xfff810e6                Excep_TMR2_OV2I
                0xfff810ee                Excep_TMR3_CMI3A
                0xfff810f6                Excep_TMR3_CMI3B
                0xfff810fe                Excep_TMR3_OV3I
                0xfff81106                Excep_DMACA_DMAC0
                0xfff8110e                Excep_DMACA_DMAC1
                0xfff81116                Excep_DMACA_DMAC2
                0xfff8111e                Excep_DMACA_DMAC3
                0xfff81126                Excep_EXDMAC_DMAC0
                0xfff8112e                Excep_EXDMAC_DMAC1
                0xfff81136                Excep_SCI3_ERI3
                0xfff8113e                Excep_SCI3_RXI3
                0xfff81146                Excep_SCI3_TXI3
                0xfff8114e                Excep_SCI3_TEI3
                0xfff81156                Excep_SCI5_ERI5
                0xfff8115e                Excep_SCI5_RXI5
                0xfff81166                Excep_SCI5_TXI5
                0xfff8116e                Excep_SCI5_TEI5
                0xfff81176                Excep_RIIC0_EEI0
                0xfff8117e                Excep_RIIC0_RXI0
                0xfff81186                Excep_RIIC0_TXI0
                0xfff8118e                Excep_RIIC0_TEI0
                0xfff81196                Excep_RIIC1_EEI1
                0xfff8119e                Excep_RIIC1_RXI1
                0xfff811a6                Excep_RIIC1_TXI1
                0xfff811ae                Excep_RIIC1_TEI1
                0xfff811b6                Dummy
 *fill*         0xfff811be        0x2 00
 P              0xfff811c0      0x5d8 ../../lib/libliquidcrystal.a(libliquidcrystal.o)
                0xfff811c0                LiquidCrystal::init()
                0xfff811ec                LiquidCrystal::LiquidCrystal(int, int, int, int, int, int)
                0xfff811ec                LiquidCrystal::LiquidCrystal(int, int, int, int, int, int)
                0xfff81231                LiquidCrystal::LiquidCrystal(int, int, int, int, int, int, int)
                0xfff81231                LiquidCrystal::LiquidCrystal(int, int, int, int, int, int, int)
                0xfff8127c                LiquidCrystal::LiquidCrystal(int, int, int, int, int, int, int, int, int, int)
                0xfff8127c                LiquidCrystal::LiquidCrystal(int, int, int, int, int, int, int, int, int, int)
                0xfff812d9                LiquidCrystal::LiquidCrystal(int, int, int, int, int, int, int, int, int, int, int)
                0xfff812d9                LiquidCrystal::LiquidCrystal(int, int, int, int, int, int, int, int, int, int, int)
                0xfff8133b                LiquidCrystal::send_control(unsigned char)
                0xfff8143c                LiquidCrystal::scrollDisplayRight()
                0xfff81443                LiquidCrystal::scrollDisplayLeft()
                0xfff8144a                LiquidCrystal::autoscroll()
                0xfff81458                LiquidCrystal::noAutoscroll()
                0xfff81465                LiquidCrystal::rightToLeft()
                0xfff81472                LiquidCrystal::leftToRight()
                0xfff81480                LiquidCrystal::noCursor()
                0xfff8148d                LiquidCrystal::cursor()
                0xfff8149b                LiquidCrystal::noDisplay()
                0xfff814a8                LiquidCrystal::display()
                0xfff814b6                LiquidCrystal::noBlink()
                0xfff814c3                LiquidCrystal::blink()
                0xfff814d1                LiquidCrystal::setCursor(unsigned char, unsigned char)
                0xfff814e1                LiquidCrystal::home()
                0xfff814f4                LiquidCrystal::clear()
                0xfff8150d                LiquidCrystal::begin(int, int)
                0xfff815a1                LiquidCrystal::send_data(unsigned char)
                0xfff816b0                LiquidCrystal::write(unsigned char)
                0xfff816da                LiquidCrystal::print(char const*)
                0xfff81718                LiquidCrystal::print(int)
                0xfff81764                LiquidCrystal::createChar(unsigned char, unsigned char const*)
 P              0xfff81798       0x10 ../../lib/librxduino.a(delay.o)
                0xfff81798                millis
                0xfff8179c                micros
                0xfff817a0                delay
                0xfff817a4                delayMicroseconds
 P              0xfff817a8       0x98 ../../lib/librxduino.a(digitalio.o)
                0xfff817a8                pinMode
                0xfff817cb                digitalWrite
                0xfff817ee                digitalRead
                0xfff817f2                pulseIn
 P              0xfff81840        0x0 ../../lib/librxduino.a(rxduino.o)
 .text.startup  0xfff81840       0x18 ../../lib/librxduino.a(rxduino.o)
                0xfff81840                main
 P              0xfff81858      0x210 ../../lib/librxduino.a(serial.o)
                0xfff81858                CSerial::~CSerial()
                0xfff81858                CSerial::~CSerial()
                0xfff81859                CSerial::CSerial(SCI_PORT)
                0xfff81859                CSerial::CSerial(SCI_PORT)
                0xfff8185c                CSerial::begin(int)
                0xfff81885                CSerial::begin(int, SCI_PORT)
                0xfff818aa                CSerial::end()
                0xfff818ab                CSerial::setDefault()
                0xfff818b1                CSerial::available()
                0xfff818b7                CSerial::read()
                0xfff818d7                CSerial::write(char)
                0xfff818dd                CSerial::write(char const*)
                0xfff818e3                CSerial::write(char const*, int)
                0xfff818e9                CSerial::print(int, CSerial::PRINT_TYPE)
                0xfff819cc                CSerial::println(int, CSerial::PRINT_TYPE)
                0xfff819e8                CSerial::print(double, int)
                0xfff819f4                CSerial::println(double, int)
                0xfff81a17                CSerial::print(char const*)
                0xfff81a1d                CSerial::println(char const*)
                0xfff81a3a                CSerial::peek()
                0xfff81a5a                CSerial::flush()
                0xfff81a60                CSerial::get_handle()
 .text.startup  0xfff81a68       0x66 ../../lib/librxduino.a(serial.o)
 P              0xfff81ace        0x0 ../../lib/gcc/libstdc++.a(del_op.o)
 .text._ZdlPv   0xfff81ace        0x8 ../../lib/gcc/libstdc++.a(del_op.o)
                0xfff81ace                operator delete(void*)
 P              0xfff81ad6        0x0 ../../lib/gcc/libstdc++.a(eh_personality.o)
 *fill*         0xfff81ad6        0x2 00
 .text._ZL12read_sleb128PKhPl
                0xfff81ad8       0x38 ../../lib/gcc/libstdc++.a(eh_personality.o)
 .text._ZL21base_of_encoded_valuehP15_Unwind_Context
                0xfff81b10       0x48 ../../lib/gcc/libstdc++.a(eh_personality.o)
 .text._ZL28read_encoded_value_with_basehjPKhPj
                0xfff81b58       0xd8 ../../lib/gcc/libstdc++.a(eh_personality.o)
 .text._ZL17parse_lsda_headerP15_Unwind_ContextPKhP16lsda_header_info.constprop.5
                0xfff81c30       0xa0 ../../lib/gcc/libstdc++.a(eh_personality.o)
 .text._ZL15get_ttype_entryP16lsda_header_infom.constprop.6
                0xfff81cd0       0x70 ../../lib/gcc/libstdc++.a(eh_personality.o)
 .text._ZL20check_exception_specP16lsda_header_infoPKSt9type_infoPvl.constprop.4
                0xfff81d40       0x70 ../../lib/gcc/libstdc++.a(eh_personality.o)
 .text.__gxx_personality_sj0
                0xfff81db0      0x3d0 ../../lib/gcc/libstdc++.a(eh_personality.o)
                0xfff81db0                __gxx_personality_sj0
 .text.__cxa_call_unexpected
                0xfff82180      0x100 ../../lib/gcc/libstdc++.a(eh_personality.o)
                0xfff82180                __cxa_call_unexpected
 P              0xfff82280        0x0 ../../lib/gcc/libstdc++.a(eh_terminate.o)
 .text._ZN10__cxxabiv111__terminateEPFvvE
                0xfff82280       0x76 ../../lib/gcc/libstdc++.a(eh_terminate.o)
                0xfff82280                __cxxabiv1::__terminate(void (*)())
 .text._ZSt9terminatev
                0xfff822f6        0xc ../../lib/gcc/libstdc++.a(eh_terminate.o)
                0xfff822f6                std::terminate()
 .text._ZN10__cxxabiv112__unexpectedEPFvvE
                0xfff82302        0x6 ../../lib/gcc/libstdc++.a(eh_terminate.o)
                0xfff82302                __cxxabiv1::__unexpected(void (*)())
 .text._ZSt10unexpectedv
                0xfff82308        0xe ../../lib/gcc/libstdc++.a(eh_terminate.o)
                0xfff82308                std::unexpected()
 .text._ZSt13set_terminatePFvvE
                0xfff82316        0xd ../../lib/gcc/libstdc++.a(eh_terminate.o)
                0xfff82316                std::set_terminate(void (*)())
 .text._ZSt14set_unexpectedPFvvE
                0xfff82323        0xd ../../lib/gcc/libstdc++.a(eh_terminate.o)
                0xfff82323                std::set_unexpected(void (*)())
 P              0xfff82330        0x0 ../../lib/gcc/libstdc++.a(eh_term_handler.o)
 P              0xfff82330        0x0 ../../lib/gcc/libstdc++.a(eh_throw.o)
 .text._ZL23__gxx_exception_cleanup19_Unwind_Reason_CodeP17_Unwind_Exception
                0xfff82330       0x30 ../../lib/gcc/libstdc++.a(eh_throw.o)
 .text.__cxa_throw
                0xfff82360       0x4c ../../lib/gcc/libstdc++.a(eh_throw.o)
                0xfff82360                __cxa_throw
 *fill*         0xfff823ac        0x4 00
 .text.__cxa_rethrow
                0xfff823b0       0x50 ../../lib/gcc/libstdc++.a(eh_throw.o)
                0xfff823b0                __cxa_rethrow
 P              0xfff82400        0x0 ../../lib/gcc/libstdc++.a(eh_unex_handler.o)
 P              0xfff82400        0x0 ../../lib/gcc/libstdc++.a(new_op.o)
 .text._Znwm    0xfff82400       0xb0 ../../lib/gcc/libstdc++.a(new_op.o)
                0xfff82400                operator new(unsigned long)
 P              0xfff824b0        0x0 ../../lib/gcc/libstdc++.a(vterminate.o)
 .text._ZN9__gnu_cxx27__verbose_terminate_handlerEv
                0xfff824b0      0x1b8 ../../lib/gcc/libstdc++.a(vterminate.o)
                0xfff824b0                __gnu_cxx::__verbose_terminate_handler()
 P              0xfff82668        0x0 ../../lib/gcc/libstdc++.a(bad_alloc.o)
 .text._ZNKSt9bad_alloc4whatEv
                0xfff82668        0x7 ../../lib/gcc/libstdc++.a(bad_alloc.o)
                0xfff82668                std::bad_alloc::what() const
 .text._ZNSt9bad_allocD2Ev
                0xfff8266f        0xa ../../lib/gcc/libstdc++.a(bad_alloc.o)
                0xfff8266f                std::bad_alloc::~bad_alloc()
                0xfff8266f                std::bad_alloc::~bad_alloc()
 .text._ZNSt9bad_allocD0Ev
                0xfff82679       0x16 ../../lib/gcc/libstdc++.a(bad_alloc.o)
                0xfff82679                std::bad_alloc::~bad_alloc()
 *fill*         0xfff8268f        0x1 00
 P              0xfff82690     0x4560 ../../lib/gcc/libstdc++.a(cp-demangle.o)
                0xfff86afe                __cxa_demangle
                0xfff86bd1                __gcclibcxx_demangle_callback
 P              0xfff86bf0        0x0 ../../lib/gcc/libstdc++.a(eh_alloc.o)
 .text.__cxa_allocate_exception
                0xfff86bf0       0x68 ../../lib/gcc/libstdc++.a(eh_alloc.o)
                0xfff86bf0                __cxa_allocate_exception
 .text.__cxa_free_exception
                0xfff86c58       0x40 ../../lib/gcc/libstdc++.a(eh_alloc.o)
                0xfff86c58                __cxa_free_exception
 .text.__cxa_allocate_dependent_exception
                0xfff86c98       0x60 ../../lib/gcc/libstdc++.a(eh_alloc.o)
                0xfff86c98                __cxa_allocate_dependent_exception
 .text.__cxa_free_dependent_exception
                0xfff86cf8       0x40 ../../lib/gcc/libstdc++.a(eh_alloc.o)
                0xfff86cf8                __cxa_free_dependent_exception
 P              0xfff86d38        0x0 ../../lib/gcc/libstdc++.a(eh_call.o)
 .text.__cxa_call_terminate
                0xfff86d38       0x38 ../../lib/gcc/libstdc++.a(eh_call.o)
                0xfff86d38                __cxa_call_terminate
 P              0xfff86d70        0x0 ../../lib/gcc/libstdc++.a(eh_catch.o)
 .text.__cxa_get_exception_ptr
                0xfff86d70        0x6 ../../lib/gcc/libstdc++.a(eh_catch.o)
                0xfff86d70                __cxa_get_exception_ptr
 *fill*         0xfff86d76        0x2 00
 .text.__cxa_begin_catch
                0xfff86d78       0x60 ../../lib/gcc/libstdc++.a(eh_catch.o)
                0xfff86d78                __cxa_begin_catch
 .text.__cxa_end_catch
                0xfff86dd8       0x68 ../../lib/gcc/libstdc++.a(eh_catch.o)
                0xfff86dd8                __cxa_end_catch
 .text._ZSt18uncaught_exceptionv
                0xfff86e40        0xc ../../lib/gcc/libstdc++.a(eh_catch.o)
                0xfff86e40                std::uncaught_exception()
 P              0xfff86e4c        0x0 ../../lib/gcc/libstdc++.a(eh_exception.o)
 .text._ZNSt9exceptionD2Ev
                0xfff86e4c        0x7 ../../lib/gcc/libstdc++.a(eh_exception.o)
                0xfff86e4c                std::exception::~exception()
                0xfff86e4c                std::exception::~exception()
 .text._ZNSt13bad_exceptionD2Ev
                0xfff86e53        0x7 ../../lib/gcc/libstdc++.a(eh_exception.o)
                0xfff86e53                std::bad_exception::~bad_exception()
                0xfff86e53                std::bad_exception::~bad_exception()
 .text._ZN10__cxxabiv115__forced_unwindD2Ev
                0xfff86e5a        0x7 ../../lib/gcc/libstdc++.a(eh_exception.o)
                0xfff86e5a                __cxxabiv1::__forced_unwind::~__forced_unwind()
                0xfff86e5a                __cxxabiv1::__forced_unwind::~__forced_unwind()
 .text._ZN10__cxxabiv119__foreign_exceptionD2Ev
                0xfff86e61        0x7 ../../lib/gcc/libstdc++.a(eh_exception.o)
                0xfff86e61                __cxxabiv1::__foreign_exception::~__foreign_exception()
                0xfff86e61                __cxxabiv1::__foreign_exception::~__foreign_exception()
 .text._ZNKSt9exception4whatEv
                0xfff86e68        0x7 ../../lib/gcc/libstdc++.a(eh_exception.o)
                0xfff86e68                std::exception::what() const
 .text._ZNKSt13bad_exception4whatEv
                0xfff86e6f        0x7 ../../lib/gcc/libstdc++.a(eh_exception.o)
                0xfff86e6f                std::bad_exception::what() const
 .text._ZN10__cxxabiv119__foreign_exceptionD0Ev
                0xfff86e76        0xa ../../lib/gcc/libstdc++.a(eh_exception.o)
                0xfff86e76                __cxxabiv1::__foreign_exception::~__foreign_exception()
 .text._ZN10__cxxabiv115__forced_unwindD0Ev
                0xfff86e80        0xa ../../lib/gcc/libstdc++.a(eh_exception.o)
                0xfff86e80                __cxxabiv1::__forced_unwind::~__forced_unwind()
 .text._ZNSt13bad_exceptionD0Ev
                0xfff86e8a        0xa ../../lib/gcc/libstdc++.a(eh_exception.o)
                0xfff86e8a                std::bad_exception::~bad_exception()
 .text._ZNSt9exceptionD0Ev
                0xfff86e94        0xa ../../lib/gcc/libstdc++.a(eh_exception.o)
                0xfff86e94                std::exception::~exception()
 P              0xfff86e9e        0x0 ../../lib/gcc/libstdc++.a(eh_globals.o)
 .text.__cxa_get_globals_fast
                0xfff86e9e        0x7 ../../lib/gcc/libstdc++.a(eh_globals.o)
                0xfff86e9e                __cxa_get_globals_fast
 .text.__cxa_get_globals
                0xfff86ea5        0x7 ../../lib/gcc/libstdc++.a(eh_globals.o)
                0xfff86ea5                __cxa_get_globals
 P              0xfff86eac        0x0 ../../lib/gcc/libstdc++.a(eh_type.o)
 .text.__cxa_current_exception_type
                0xfff86eac       0x1e ../../lib/gcc/libstdc++.a(eh_type.o)
                0xfff86eac                __cxa_current_exception_type
 P              0xfff86eca        0x0 ../../lib/gcc/libstdc++.a(new_handler.o)
 .text._ZSt15set_new_handlerPFvvE
                0xfff86eca        0xd ../../lib/gcc/libstdc++.a(new_handler.o)
                0xfff86eca                std::set_new_handler(void (*)())
 P              0xfff86ed7        0x0 ../../lib/gcc/libstdc++.a(pure.o)
 .text.__cxa_pure_virtual
                0xfff86ed7       0x13 ../../lib/gcc/libstdc++.a(pure.o)
                0xfff86ed7                __cxa_pure_virtual
 P              0xfff86eea        0x0 ../../lib/gcc/libstdc++.a(si_class_type_info.o)
 .text._ZN10__cxxabiv120__si_class_type_infoD2Ev
                0xfff86eea        0xa ../../lib/gcc/libstdc++.a(si_class_type_info.o)
                0xfff86eea                __cxxabiv1::__si_class_type_info::~__si_class_type_info()
                0xfff86eea                __cxxabiv1::__si_class_type_info::~__si_class_type_info()
 .text._ZN10__cxxabiv120__si_class_type_infoD0Ev
                0xfff86ef4       0x16 ../../lib/gcc/libstdc++.a(si_class_type_info.o)
                0xfff86ef4                __cxxabiv1::__si_class_type_info::~__si_class_type_info()
 .text._ZNK10__cxxabiv120__si_class_type_info11__do_upcastEPKNS_17__class_type_infoEPKvRNS1_15__upcast_resultE
                0xfff86f0a       0x2f ../../lib/gcc/libstdc++.a(si_class_type_info.o)
                0xfff86f0a                __cxxabiv1::__si_class_type_info::__do_upcast(__cxxabiv1::__class_type_info const*, void const*, __cxxabiv1::__class_type_info::__upcast_result&) const
 *fill*         0xfff86f39        0x7 00
 .text._ZNK10__cxxabiv120__si_class_type_info12__do_dyncastElNS_17__class_type_info10__sub_kindEPKS1_PKvS4_S6_RNS1_16__dyncast_resultE
                0xfff86f40       0xb8 ../../lib/gcc/libstdc++.a(si_class_type_info.o)
                0xfff86f40                __cxxabiv1::__si_class_type_info::__do_dyncast(long, __cxxabiv1::__class_type_info::__sub_kind, __cxxabiv1::__class_type_info const*, void const*, __cxxabiv1::__class_type_info const*, void const*, __cxxabiv1::__class_type_info::__dyncast_result&) const
 .text._ZNK10__cxxabiv120__si_class_type_info20__do_find_public_srcElPKvPKNS_17__class_type_infoES2_
                0xfff86ff8       0x50 ../../lib/gcc/libstdc++.a(si_class_type_info.o)
                0xfff86ff8                __cxxabiv1::__si_class_type_info::__do_find_public_src(long, void const*, __cxxabiv1::__class_type_info const*, void const*) const
 P              0xfff87048        0x0 ../../lib/gcc/libstdc++.a(tinfo.o)
 .text._ZNSt9type_infoD2Ev
                0xfff87048        0x7 ../../lib/gcc/libstdc++.a(tinfo.o)
                0xfff87048                std::type_info::~type_info()
                0xfff87048                std::type_info::~type_info()
 .text._ZNKSt9type_info14__is_pointer_pEv
                0xfff8704f        0x3 ../../lib/gcc/libstdc++.a(tinfo.o)
                0xfff8704f                std::type_info::__is_pointer_p() const
 .text._ZNKSt9type_info15__is_function_pEv
                0xfff87052        0x3 ../../lib/gcc/libstdc++.a(tinfo.o)
                0xfff87052                std::type_info::__is_function_p() const
 .text._ZNKSt9type_info11__do_upcastEPKN10__cxxabiv117__class_type_infoEPPv
                0xfff87055        0x3 ../../lib/gcc/libstdc++.a(tinfo.o)
                0xfff87055                std::type_info::__do_upcast(__cxxabiv1::__class_type_info const*, void**) const
 .text._ZNKSt9type_info10__do_catchEPKS_PPvj
                0xfff87058       0x39 ../../lib/gcc/libstdc++.a(tinfo.o)
                0xfff87058                std::type_info::__do_catch(std::type_info const*, void**, unsigned int) const
 .text._ZNSt9type_infoD0Ev
                0xfff87091        0xa ../../lib/gcc/libstdc++.a(tinfo.o)
                0xfff87091                std::type_info::~type_info()
 P              0xfff8709b        0x0 ../../lib/gcc/libstdc++.a(class_type_info.o)
 .text._ZNK10__cxxabiv117__class_type_info11__do_upcastEPKS0_PPv
                0xfff8709b       0x38 ../../lib/gcc/libstdc++.a(class_type_info.o)
                0xfff8709b                __cxxabiv1::__class_type_info::__do_upcast(__cxxabiv1::__class_type_info const*, void**) const
 .text._ZNK10__cxxabiv117__class_type_info20__do_find_public_srcElPKvPKS0_S2_
                0xfff870d3        0xe ../../lib/gcc/libstdc++.a(class_type_info.o)
                0xfff870d3                __cxxabiv1::__class_type_info::__do_find_public_src(long, void const*, __cxxabiv1::__class_type_info const*, void const*) const
 .text._ZN10__cxxabiv117__class_type_infoD2Ev
                0xfff870e1        0xa ../../lib/gcc/libstdc++.a(class_type_info.o)
                0xfff870e1                __cxxabiv1::__class_type_info::~__class_type_info()
                0xfff870e1                __cxxabiv1::__class_type_info::~__class_type_info()
 .text._ZN10__cxxabiv117__class_type_infoD0Ev
                0xfff870eb       0x16 ../../lib/gcc/libstdc++.a(class_type_info.o)
                0xfff870eb                __cxxabiv1::__class_type_info::~__class_type_info()
 *fill*         0xfff87101        0x7 00
 .text._ZNK10__cxxabiv117__class_type_info11__do_upcastEPKS0_PKvRNS0_15__upcast_resultE
                0xfff87108       0x40 ../../lib/gcc/libstdc++.a(class_type_info.o)
                0xfff87108                __cxxabiv1::__class_type_info::__do_upcast(__cxxabiv1::__class_type_info const*, void const*, __cxxabiv1::__class_type_info::__upcast_result&) const
 .text._ZNK10__cxxabiv117__class_type_info10__do_catchEPKSt9type_infoPPvj
                0xfff87148       0x58 ../../lib/gcc/libstdc++.a(class_type_info.o)
                0xfff87148                __cxxabiv1::__class_type_info::__do_catch(std::type_info const*, void**, unsigned int) const
 .text._ZNK10__cxxabiv117__class_type_info12__do_dyncastElNS0_10__sub_kindEPKS0_PKvS3_S5_RNS0_16__dyncast_resultE
                0xfff871a0       0x78 ../../lib/gcc/libstdc++.a(class_type_info.o)
                0xfff871a0                __cxxabiv1::__class_type_info::__do_dyncast(long, __cxxabiv1::__class_type_info::__sub_kind, __cxxabiv1::__class_type_info const*, void const*, __cxxabiv1::__class_type_info const*, void const*, __cxxabiv1::__class_type_info::__dyncast_result&) const
 P              0xfff87218        0x0 ../../lib/gcc/libc.a(lib_a-abort.o)
 .text.abort    0xfff87218        0xc ../../lib/gcc/libc.a(lib_a-abort.o)
                0xfff87218                abort
 P              0xfff87224        0x0 ../../lib/gcc/libc.a(lib_a-fputc.o)
 *fill*         0xfff87224        0x4 00
 .text._fputc_r
                0xfff87228       0x28 ../../lib/gcc/libc.a(lib_a-fputc.o)
                0xfff87228                _fputc_r
 .text.fputc    0xfff87250       0x38 ../../lib/gcc/libc.a(lib_a-fputc.o)
                0xfff87250                fputc
 P              0xfff87288        0x0 ../../lib/gcc/libc.a(lib_a-fputs.o)
 .text._fputs_r
                0xfff87288       0x60 ../../lib/gcc/libc.a(lib_a-fputs.o)
                0xfff87288                _fputs_r
 .text.fputs    0xfff872e8       0x12 ../../lib/gcc/libc.a(lib_a-fputs.o)
                0xfff872e8                fputs
 P              0xfff872fa        0x0 ../../lib/gcc/libc.a(lib_a-fvwrite.o)
 *fill*         0xfff872fa        0x6 00
 .text.__sfvwrite_r
                0xfff87300      0x308 ../../lib/gcc/libc.a(lib_a-fvwrite.o)
                0xfff87300                __sfvwrite_r
 P              0xfff87608        0x0 ../../lib/gcc/libc.a(lib_a-fwrite.o)
 .text._fwrite_r
                0xfff87608       0x68 ../../lib/gcc/libc.a(lib_a-fwrite.o)
                0xfff87608                _fwrite_r
 .text.fwrite   0xfff87670       0x1e ../../lib/gcc/libc.a(lib_a-fwrite.o)
                0xfff87670                fwrite
 P              0xfff8768e        0x0 ../../lib/gcc/libc.a(lib_a-impure.o)
 P              0xfff8768e        0x0 ../../lib/gcc/libc.a(lib_a-malloc.o)
 .text.malloc   0xfff8768e        0xe ../../lib/gcc/libc.a(lib_a-malloc.o)
                0xfff8768e                malloc
 .text.free     0xfff8769c        0xe ../../lib/gcc/libc.a(lib_a-malloc.o)
                0xfff8769c                free
 P              0xfff876aa        0x0 ../../lib/gcc/libc.a(lib_a-mallocr.o)
 *fill*         0xfff876aa        0x6 00
 .text._malloc_r
                0xfff876b0      0x550 ../../lib/gcc/libc.a(lib_a-mallocr.o)
                0xfff876b0                _malloc_r
 P              0xfff87c00        0x0 ../../lib/gcc/libc.a(lib_a-memchr.o)
 .text          0xfff87c00        0xf ../../lib/gcc/libc.a(lib_a-memchr.o)
                0xfff87c00                memchr
 P              0xfff87c0f        0x0 ../../lib/gcc/libc.a(lib_a-memcpy.o)
 .text          0xfff87c0f        0x7 ../../lib/gcc/libc.a(lib_a-memcpy.o)
                0xfff87c0f                memcpy
 P              0xfff87c16        0x0 ../../lib/gcc/libc.a(lib_a-memmove.o)
 .text          0xfff87c16       0x17 ../../lib/gcc/libc.a(lib_a-memmove.o)
                0xfff87c16                memmove
 P              0xfff87c2d        0x0 ../../lib/gcc/libc.a(lib_a-mlock.o)
 .text.__malloc_lock
                0xfff87c2d        0x1 ../../lib/gcc/libc.a(lib_a-mlock.o)
                0xfff87c2d                __malloc_lock
 .text.__malloc_unlock
                0xfff87c2e        0x1 ../../lib/gcc/libc.a(lib_a-mlock.o)
                0xfff87c2e                __malloc_unlock
 P              0xfff87c2f        0x0 ../../lib/gcc/libc.a(lib_a-putc.o)
 *fill*         0xfff87c2f        0x1 00
 .text._putc_r  0xfff87c30       0x60 ../../lib/gcc/libc.a(lib_a-putc.o)
                0xfff87c30                _putc_r
 .text.putc     0xfff87c90       0x70 ../../lib/gcc/libc.a(lib_a-putc.o)
                0xfff87c90                putc
 P              0xfff87d00        0x0 ../../lib/gcc/libc.a(lib_a-rand.o)
 .text.srand    0xfff87d00       0x10 ../../lib/gcc/libc.a(lib_a-rand.o)
                0xfff87d00                srand
 .text.rand     0xfff87d10       0x42 ../../lib/gcc/libc.a(lib_a-rand.o)
                0xfff87d10                rand
 P              0xfff87d52        0x0 ../../lib/gcc/libc.a(lib_a-realloc.o)
 .text.realloc  0xfff87d52       0x12 ../../lib/gcc/libc.a(lib_a-realloc.o)
                0xfff87d52                realloc
 P              0xfff87d64        0x0 ../../lib/gcc/libc.a(lib_a-reallocr.o)
 *fill*         0xfff87d64        0x4 00
 .text._realloc_r
                0xfff87d68      0x410 ../../lib/gcc/libc.a(lib_a-reallocr.o)
                0xfff87d68                _realloc_r
 P              0xfff88178        0x0 ../../lib/gcc/libc.a(lib_a-sbrkr.o)
 .text._sbrk_r  0xfff88178       0x28 ../../lib/gcc/libc.a(lib_a-sbrkr.o)
                0xfff88178                _sbrk_r
 P              0xfff881a0        0x0 ../../lib/gcc/libc.a(lib_a-signal.o)
 .text._init_signal_r
                0xfff881a0       0x38 ../../lib/gcc/libc.a(lib_a-signal.o)
                0xfff881a0                _init_signal_r
 .text._signal_r
                0xfff881d8       0x40 ../../lib/gcc/libc.a(lib_a-signal.o)
                0xfff881d8                _signal_r
 .text._raise_r
                0xfff88218       0x5a ../../lib/gcc/libc.a(lib_a-signal.o)
                0xfff88218                _raise_r
 *fill*         0xfff88272        0x6 00
 .text.__sigtramp_r
                0xfff88278       0x58 ../../lib/gcc/libc.a(lib_a-signal.o)
                0xfff88278                __sigtramp_r
 .text.raise    0xfff882d0        0xe ../../lib/gcc/libc.a(lib_a-signal.o)
                0xfff882d0                raise
 .text.signal   0xfff882de       0x12 ../../lib/gcc/libc.a(lib_a-signal.o)
                0xfff882de                signal
 .text._init_signal
                0xfff882f0        0xc ../../lib/gcc/libc.a(lib_a-signal.o)
                0xfff882f0                _init_signal
 .text.__sigtramp
                0xfff882fc        0xe ../../lib/gcc/libc.a(lib_a-signal.o)
                0xfff882fc                __sigtramp
 P              0xfff8830a        0x0 ../../lib/gcc/libc.a(lib_a-signalr.o)
 *fill*         0xfff8830a        0x6 00
 .text._kill_r  0xfff88310       0x28 ../../lib/gcc/libc.a(lib_a-signalr.o)
                0xfff88310                _kill_r
 .text._getpid_r
                0xfff88338        0x4 ../../lib/gcc/libc.a(lib_a-signalr.o)
                0xfff88338                _getpid_r
 P              0xfff8833c        0x0 ../../lib/gcc/libc.a(lib_a-sprintf.o)
 .text._sprintf_r
                0xfff8833c       0x36 ../../lib/gcc/libc.a(lib_a-sprintf.o)
                0xfff8833c                _sprintf_r
 .text.sprintf  0xfff88372       0x3e ../../lib/gcc/libc.a(lib_a-sprintf.o)
                0xfff88372                sprintf
 P              0xfff883b0        0x0 ../../lib/gcc/libc.a(lib_a-strlen.o)
 .text          0xfff883b0       0x10 ../../lib/gcc/libc.a(lib_a-strlen.o)
                0xfff883b0                strlen
 P              0xfff883c0        0x0 ../../lib/gcc/libc.a(lib_a-svfprintf.o)
 .text._svfprintf_r
                0xfff883c0     0x1440 ../../lib/gcc/libc.a(lib_a-svfprintf.o)
                0xfff883c0                _svfprintf_r
 P              0xfff89800        0x0 ../../lib/gcc/libc.a(lib_a-wbuf.o)
 .text.__swbuf_r
                0xfff89800       0xf0 ../../lib/gcc/libc.a(lib_a-wbuf.o)
                0xfff89800                __swbuf_r
 .text.__swbuf  0xfff898f0       0x12 ../../lib/gcc/libc.a(lib_a-wbuf.o)
                0xfff898f0                __swbuf
 P              0xfff89902        0x0 ../../lib/gcc/libc.a(lib_a-wsetup.o)
 *fill*         0xfff89902        0x6 00
 .text.__swsetup_r
                0xfff89908       0xd8 ../../lib/gcc/libc.a(lib_a-wsetup.o)
                0xfff89908                __swsetup_r
 P              0xfff899e0        0x0 ../../lib/gcc/libc.a(lib_a-dtoa.o)
 .text.quorem   0xfff899e0      0x160 ../../lib/gcc/libc.a(lib_a-dtoa.o)
 .text._dtoa_r  0xfff89b40      0xcd8 ../../lib/gcc/libc.a(lib_a-dtoa.o)
                0xfff89b40                _dtoa_r
 P              0xfff8a818        0x0 ../../lib/gcc/libc.a(lib_a-fflush.o)
 .text._fflush_r
                0xfff8a818      0x190 ../../lib/gcc/libc.a(lib_a-fflush.o)
                0xfff8a818                _fflush_r
 .text.fflush   0xfff8a9a8       0x23 ../../lib/gcc/libc.a(lib_a-fflush.o)
                0xfff8a9a8                fflush
 P              0xfff8a9cb        0x0 ../../lib/gcc/libc.a(lib_a-findfp.o)
 .text.__fp_lock
                0xfff8a9cb        0x3 ../../lib/gcc/libc.a(lib_a-findfp.o)
 .text.__fp_unlock
                0xfff8a9ce        0x3 ../../lib/gcc/libc.a(lib_a-findfp.o)
 .text._cleanup_r
                0xfff8a9d1        0xa ../../lib/gcc/libc.a(lib_a-findfp.o)
                0xfff8a9d1                _cleanup_r
 .text.std.isra.0
                0xfff8a9db       0x49 ../../lib/gcc/libc.a(lib_a-findfp.o)
 *fill*         0xfff8aa24        0x4 00
 .text.__sfmoreglue
                0xfff8aa28       0x30 ../../lib/gcc/libc.a(lib_a-findfp.o)
                0xfff8aa28                __sfmoreglue
 .text._cleanup
                0xfff8aa58        0xc ../../lib/gcc/libc.a(lib_a-findfp.o)
                0xfff8aa58                _cleanup
 .text.__sinit  0xfff8aa64       0x48 ../../lib/gcc/libc.a(lib_a-findfp.o)
                0xfff8aa64                __sinit
 *fill*         0xfff8aaac        0x4 00
 .text.__sfp    0xfff8aab0       0xb0 ../../lib/gcc/libc.a(lib_a-findfp.o)
                0xfff8aab0                __sfp
 .text.__sfp_lock_acquire
                0xfff8ab60        0x1 ../../lib/gcc/libc.a(lib_a-findfp.o)
                0xfff8ab60                __sfp_lock_acquire
 .text.__sfp_lock_release
                0xfff8ab61        0x1 ../../lib/gcc/libc.a(lib_a-findfp.o)
                0xfff8ab61                __sfp_lock_release
 .text.__sinit_lock_acquire
                0xfff8ab62        0x1 ../../lib/gcc/libc.a(lib_a-findfp.o)
                0xfff8ab62                __sinit_lock_acquire
 .text.__sinit_lock_release
                0xfff8ab63        0x1 ../../lib/gcc/libc.a(lib_a-findfp.o)
                0xfff8ab63                __sinit_lock_release
 .text.__fp_lock_all
                0xfff8ab64       0x12 ../../lib/gcc/libc.a(lib_a-findfp.o)
                0xfff8ab64                __fp_lock_all
 .text.__fp_unlock_all
                0xfff8ab76       0x12 ../../lib/gcc/libc.a(lib_a-findfp.o)
                0xfff8ab76                __fp_unlock_all
 P              0xfff8ab88        0x0 ../../lib/gcc/libc.a(lib_a-freer.o)
 .text._malloc_trim_r
                0xfff8ab88       0xb0 ../../lib/gcc/libc.a(lib_a-freer.o)
                0xfff8ab88                _malloc_trim_r
 .text._free_r  0xfff8ac38      0x1d8 ../../lib/gcc/libc.a(lib_a-freer.o)
                0xfff8ac38                _free_r
 P              0xfff8ae10        0x0 ../../lib/gcc/libc.a(lib_a-fwalk.o)
 .text._fwalk   0xfff8ae10       0x60 ../../lib/gcc/libc.a(lib_a-fwalk.o)
                0xfff8ae10                _fwalk
 .text._fwalk_reent
                0xfff8ae70       0x60 ../../lib/gcc/libc.a(lib_a-fwalk.o)
                0xfff8ae70                _fwalk_reent
 P              0xfff8aed0        0x0 ../../lib/gcc/libc.a(lib_a-locale.o)
 .text._setlocale_r
                0xfff8aed0       0x50 ../../lib/gcc/libc.a(lib_a-locale.o)
                0xfff8aed0                _setlocale_r
 .text.__locale_charset
                0xfff8af20        0x7 ../../lib/gcc/libc.a(lib_a-locale.o)
                0xfff8af20                __locale_charset
 .text.__locale_msgcharset
                0xfff8af27        0x7 ../../lib/gcc/libc.a(lib_a-locale.o)
                0xfff8af27                __locale_msgcharset
 .text.__locale_cjk_lang
                0xfff8af2e        0x3 ../../lib/gcc/libc.a(lib_a-locale.o)
                0xfff8af2e                __locale_cjk_lang
 .text._localeconv_r
                0xfff8af31        0x7 ../../lib/gcc/libc.a(lib_a-locale.o)
                0xfff8af31                _localeconv_r
 .text.setlocale
                0xfff8af38       0x12 ../../lib/gcc/libc.a(lib_a-locale.o)
                0xfff8af38                setlocale
 .text.localeconv
                0xfff8af4a        0x7 ../../lib/gcc/libc.a(lib_a-locale.o)
                0xfff8af4a                localeconv
 P              0xfff8af51        0x0 ../../lib/gcc/libc.a(lib_a-makebuf.o)
 *fill*         0xfff8af51        0x7 00
 .text.__smakebuf_r
                0xfff8af58      0x100 ../../lib/gcc/libc.a(lib_a-makebuf.o)
                0xfff8af58                __smakebuf_r
 P              0xfff8b058        0x0 ../../lib/gcc/libc.a(lib_a-memset.o)
 .text          0xfff8b058        0x7 ../../lib/gcc/libc.a(lib_a-memset.o)
                0xfff8b058                memset
 P              0xfff8b05f        0x0 ../../lib/gcc/libc.a(lib_a-mprec.o)
 *fill*         0xfff8b05f        0x1 00
 .text._Balloc  0xfff8b060       0x60 ../../lib/gcc/libc.a(lib_a-mprec.o)
                0xfff8b060                _Balloc
 .text._Bfree   0xfff8b0c0       0x18 ../../lib/gcc/libc.a(lib_a-mprec.o)
                0xfff8b0c0                _Bfree
 .text.__multadd
                0xfff8b0d8       0x88 ../../lib/gcc/libc.a(lib_a-mprec.o)
                0xfff8b0d8                __multadd
 .text.__s2b    0xfff8b160       0x90 ../../lib/gcc/libc.a(lib_a-mprec.o)
                0xfff8b160                __s2b
 .text.__hi0bits
                0xfff8b1f0       0x58 ../../lib/gcc/libc.a(lib_a-mprec.o)
                0xfff8b1f0                __hi0bits
 .text.__lo0bits
                0xfff8b248       0x70 ../../lib/gcc/libc.a(lib_a-mprec.o)
                0xfff8b248                __lo0bits
 .text.__i2b    0xfff8b2b8       0x12 ../../lib/gcc/libc.a(lib_a-mprec.o)
                0xfff8b2b8                __i2b
 *fill*         0xfff8b2ca        0x6 00
 .text.__multiply
                0xfff8b2d0      0x150 ../../lib/gcc/libc.a(lib_a-mprec.o)
                0xfff8b2d0                __multiply
 .text.__pow5mult
                0xfff8b420       0xa0 ../../lib/gcc/libc.a(lib_a-mprec.o)
                0xfff8b420                __pow5mult
 .text.__lshift
                0xfff8b4c0       0xb8 ../../lib/gcc/libc.a(lib_a-mprec.o)
                0xfff8b4c0                __lshift
 .text.__mcmp   0xfff8b578       0x38 ../../lib/gcc/libc.a(lib_a-mprec.o)
                0xfff8b578                __mcmp
 .text.__mdiff  0xfff8b5b0       0xf0 ../../lib/gcc/libc.a(lib_a-mprec.o)
                0xfff8b5b0                __mdiff
 .text.__ulp    0xfff8b6a0       0x28 ../../lib/gcc/libc.a(lib_a-mprec.o)
                0xfff8b6a0                __ulp
 .text.__b2d    0xfff8b6c8       0x80 ../../lib/gcc/libc.a(lib_a-mprec.o)
                0xfff8b6c8                __b2d
 .text.__d2b    0xfff8b748       0x78 ../../lib/gcc/libc.a(lib_a-mprec.o)
                0xfff8b748                __d2b
 .text.__ratio  0xfff8b7c0       0x48 ../../lib/gcc/libc.a(lib_a-mprec.o)
                0xfff8b7c0                __ratio
 .text._mprec_log10
                0xfff8b808       0x28 ../../lib/gcc/libc.a(lib_a-mprec.o)
                0xfff8b808                _mprec_log10
 .text.__copybits
                0xfff8b830       0x48 ../../lib/gcc/libc.a(lib_a-mprec.o)
                0xfff8b830                __copybits
 .text.__any_on
                0xfff8b878       0x60 ../../lib/gcc/libc.a(lib_a-mprec.o)
                0xfff8b878                __any_on
 P              0xfff8b8d8        0x0 ../../lib/gcc/libc.a(lib_a-reent.o)
 .text.cleanup_glue
                0xfff8b8d8       0x20 ../../lib/gcc/libc.a(lib_a-reent.o)
                0xfff8b8d8                cleanup_glue
 .text._reclaim_reent
                0xfff8b8f8       0xa8 ../../lib/gcc/libc.a(lib_a-reent.o)
                0xfff8b8f8                _reclaim_reent
 .text._wrapup_reent
                0xfff8b9a0       0x50 ../../lib/gcc/libc.a(lib_a-reent.o)
                0xfff8b9a0                _wrapup_reent
 P              0xfff8b9f0        0x0 ../../lib/gcc/libc.a(lib_a-sf_fpclassify.o)
 .text.__fpclassifyf
                0xfff8b9f0       0x60 ../../lib/gcc/libc.a(lib_a-sf_fpclassify.o)
                0xfff8b9f0                __fpclassifyf
 P              0xfff8ba50        0x0 ../../lib/gcc/libc.a(lib_a-stdio.o)
 .text.__sread  0xfff8ba50       0x26 ../../lib/gcc/libc.a(lib_a-stdio.o)
                0xfff8ba50                __sread
 .text.__seofread
                0xfff8ba76        0x3 ../../lib/gcc/libc.a(lib_a-stdio.o)
                0xfff8ba76                __seofread
 *fill*         0xfff8ba79        0x7 00
 .text.__swrite
                0xfff8ba80       0x38 ../../lib/gcc/libc.a(lib_a-stdio.o)
                0xfff8ba80                __swrite
 .text.__sseek  0xfff8bab8       0x28 ../../lib/gcc/libc.a(lib_a-stdio.o)
                0xfff8bab8                __sseek
 .text.__sclose
                0xfff8bae0        0x6 ../../lib/gcc/libc.a(lib_a-stdio.o)
                0xfff8bae0                __sclose
 P              0xfff8bae6        0x0 ../../lib/gcc/libc.a(lib_a-strcmp.o)
 .text          0xfff8bae6        0xf ../../lib/gcc/libc.a(lib_a-strcmp.o)
                0xfff8bae6                strcmp
 P              0xfff8baf5        0x0 ../../lib/gcc/libc.a(lib_a-svfiprintf.o)
 *fill*         0xfff8baf5        0x3 00
 .text.__ssprint_r
                0xfff8baf8      0x118 ../../lib/gcc/libc.a(lib_a-svfiprintf.o)
                0xfff8baf8                __ssprint_r
 .text._svfiprintf_r
                0xfff8bc10      0xa00 ../../lib/gcc/libc.a(lib_a-svfiprintf.o)
                0xfff8bc10                _svfiprintf_r
 P              0xfff8c610        0x0 ../../lib/gcc/libc.a(lib_a-writer.o)
 .text._write_r
                0xfff8c610       0x30 ../../lib/gcc/libc.a(lib_a-writer.o)
                0xfff8c610                _write_r
 P              0xfff8c640        0x0 ../../lib/gcc/libc.a(lib_a-callocr.o)
 .text._calloc_r
                0xfff8c640       0x78 ../../lib/gcc/libc.a(lib_a-callocr.o)
                0xfff8c640                _calloc_r
 P              0xfff8c6b8        0x0 ../../lib/gcc/libc.a(lib_a-closer.o)
 .text._close_r
                0xfff8c6b8       0x28 ../../lib/gcc/libc.a(lib_a-closer.o)
                0xfff8c6b8                _close_r
 P              0xfff8c6e0        0x0 ../../lib/gcc/libc.a(lib_a-fclose.o)
 .text._fclose_r
                0xfff8c6e0       0xa8 ../../lib/gcc/libc.a(lib_a-fclose.o)
                0xfff8c6e0                _fclose_r
 .text.fclose   0xfff8c788        0xe ../../lib/gcc/libc.a(lib_a-fclose.o)
                0xfff8c788                fclose
 P              0xfff8c796        0x0 ../../lib/gcc/libc.a(lib_a-fstatr.o)
 *fill*         0xfff8c796        0x2 00
 .text._fstat_r
                0xfff8c798       0x28 ../../lib/gcc/libc.a(lib_a-fstatr.o)
                0xfff8c798                _fstat_r
 P              0xfff8c7c0        0x0 ../../lib/gcc/libc.a(lib_a-isattyr.o)
 .text._isatty_r
                0xfff8c7c0       0x28 ../../lib/gcc/libc.a(lib_a-isattyr.o)
                0xfff8c7c0                _isatty_r
 P              0xfff8c7e8        0x0 ../../lib/gcc/libc.a(lib_a-lseekr.o)
 .text._lseek_r
                0xfff8c7e8       0x30 ../../lib/gcc/libc.a(lib_a-lseekr.o)
                0xfff8c7e8                _lseek_r
 P              0xfff8c818        0x0 ../../lib/gcc/libc.a(lib_a-readr.o)
 .text._read_r  0xfff8c818       0x30 ../../lib/gcc/libc.a(lib_a-readr.o)
                0xfff8c818                _read_r
 P              0xfff8c848       0x1a ../../lib/gcc/libsim.a(sbrk.o)
                0xfff8c848                sbrk
                0xfff8c848                _sbrk
 P              0xfff8c862        0x6 ../../lib/gcc/libsim.a(heaptop.o)
                0xfff8c862                __set_heaptop
                0xfff8c862                _set_heaptop
 P              0xfff8c868        0xe ../../lib/gcc/libsim.a(exit.o)
                0xfff8c868                _exit
 P              0xfff8c876        0x6 ../../lib/gcc/libsim.a(close.o)
                0xfff8c876                _close
                0xfff8c876                close
 P              0xfff8c87c        0x6 ../../lib/gcc/libsim.a(read.o)
                0xfff8c87c                _read
                0xfff8c87c                read
 P              0xfff8c882        0x6 ../../lib/gcc/libsim.a(write.o)
                0xfff8c882                _write
                0xfff8c882                write
 P              0xfff8c888        0x6 ../../lib/gcc/libsim.a(lseek.o)
                0xfff8c888                lseek
                0xfff8c888                _lseek
 P              0xfff8c88e        0x6 ../../lib/gcc/libsim.a(getpid.o)
                0xfff8c88e                getpid
                0xfff8c88e                _getpid
 P              0xfff8c894        0x6 ../../lib/gcc/libsim.a(kill.o)
                0xfff8c894                _kill
                0xfff8c894                kill
 P              0xfff8c89a        0x6 ../../lib/gcc/libsim.a(fstat.o)
                0xfff8c89a                fstat
                0xfff8c89a                _fstat
 P              0xfff8c8a0        0x3 ../../lib/gcc/libsim.a(isatty.o)
                0xfff8c8a0                isatty
                0xfff8c8a0                _isatty
 *fill*         0xfff8c8a3        0x5 00
 P              0xfff8c8a8      0x3c8 ../../lib/gcc/libgcc.a(_udivdi3.o)
                0xfff8c8a8                __udivdi3
                0xfff8c8a8                _COM_DIV64u
 P              0xfff8cc70      0x398 ../../lib/gcc/libgcc.a(_umoddi3.o)
                0xfff8cc70                _COM_MOD64u
                0xfff8cc70                __umoddi3
 P              0xfff8d008      0x280 ../../lib/gcc/libgcc.a(unwind-sjlj.o)
                0xfff8d0fa                _Unwind_SjLj_Register
                0xfff8d10b                _Unwind_SjLj_Unregister
                0xfff8d116                _Unwind_GetGR
                0xfff8d11e                _Unwind_GetCFA
                0xfff8d126                _Unwind_SetGR
                0xfff8d12e                _Unwind_GetIP
                0xfff8d136                _Unwind_GetIPInfo
                0xfff8d143                _Unwind_SetIP
                0xfff8d14b                _Unwind_GetLanguageSpecificData
                0xfff8d151                _Unwind_GetRegionStart
                0xfff8d154                _Unwind_FindEnclosingFunction
                0xfff8d157                _Unwind_GetDataRelBase
                0xfff8d15a                _Unwind_GetTextRelBase
                0xfff8d15d                _Unwind_SjLj_RaiseException
                0xfff8d1d0                _Unwind_SjLj_ForcedUnwind
                0xfff8d1ef                _Unwind_SjLj_Resume
                0xfff8d219                _Unwind_SjLj_Resume_or_Rethrow
                0xfff8d242                _Unwind_DeleteException
                0xfff8d24f                _Unwind_Backtrace
 P              0xfff8d288        0x0 ../../lib/gcc/libgcc.a(_clz.o)
 P              0xfff8d288       0x45 ../../lib/libtkdnhal.a(hwsetup.o)
                0xfff8d288                tkdn_hwsetup
                0xfff8d2cc                sdram_init
 *fill*         0xfff8d2cd        0x3 00
 P              0xfff8d2d0      0xe70 ../../lib/libtkdnhal.a(tkdn_sci.o)
                0xfff8d641                sci_getport
                0xfff8d64d                sci_readdata
                0xfff8d64e                sci_convert_crlf
                0xfff8d65d                Excep_SCI0_ERI0
                0xfff8d686                Excep_SCI0_RXI0
                0xfff8d6af                Excep_SCI0_TXI0
                0xfff8d6fb                Excep_SCI0_TEI0
                0xfff8d713                Excep_SCI1_ERI1
                0xfff8d73d                Excep_SCI1_RXI1
                0xfff8d767                Excep_SCI1_TXI1
                0xfff8d7b4                Excep_SCI1_TEI1
                0xfff8d7cc                Excep_SCI2_ERI2
                0xfff8d7f6                Excep_SCI2_RXI2
                0xfff8d820                Excep_SCI2_TXI2
                0xfff8d86d                Excep_SCI2_TEI2
                0xfff8d885                Excep_SCI6_ERI6
                0xfff8d8af                Excep_SCI6_RXI6
                0xfff8d8d9                Excep_SCI6_TXI6
                0xfff8d926                Excep_SCI6_TEI6
                0xfff8d93e                sci_putc_ex
                0xfff8d9f4                sci_putc
                0xfff8da02                sci_puts_ex
                0xfff8da33                sci_puts
                0xfff8da41                sci_getc_ex
                0xfff8da95                sci_getc
                0xfff8daa1                sci_writedata_ex
                0xfff8db99                sci_writedata
                0xfff8dbab                sci_readdata_ex
                0xfff8dbac                sci_rxcount_ex
                0xfff8dbc7                sci_gets_ex
                0xfff8dc3a                sci_gets
                0xfff8dc4c                sci_rxcount
                0xfff8dc58                sci_init_ex
                0xfff8e0de                sci_init
                0xfff8e100                sci_getport_ex
                0xfff8e104                sci_convert_crlf_ex
                0xfff8e10b                sci_peek_ex
                0xfff8e12b                sci_flush_ex
                0xfff8e137                sci_regist_default
 P              0xfff8e140      0x5b0 ../../lib/libtkdnhal.a(tkdn_ether.o)
                0xfff8e140                ether_close
                0xfff8e157                ether_write
                0xfff8e215                _eth_fifoInit
                0xfff8e286                _eth_fifoWrite
                0xfff8e2c4                _eth_fifoRead
                0xfff8e318                ether_read
                0xfff8e3d7                ether_regist_user_rx_procedure
                0xfff8e3e0                ether_is_linkup
                0xfff8e3ec                ether_autonegotiate
                0xfff8e461                ether_open
                0xfff8e651                Excep_ETHER_EINT
                0xfff8e6d0                ether_is_100M
                0xfff8e6d9                ether_is_fullduplex
                0xfff8e6e2                ether_link_changed
 P              0xfff8e6f0      0x140 ../../lib/libtkdnhal.a(tkdn_timer.o)
                0xfff8e6f0                timer_init
                0xfff8e703                timer_wait_ms
                0xfff8e714                timer_wait_us
                0xfff8e78e                timer_get_ms
                0xfff8e797                timer_get_us
                0xfff8e7ce                timer_regist_userfunc
                0xfff8e7d9                timer_regist_disktimer
                0xfff8e7e4                Excep_CMTU0_CMT0
                0xfff8e82d                Excep_CMTU1_CMT2
 P              0xfff8e830      0x118 ../../lib/libtkdnhal.a(tkdn_gpio.o)
                0xfff8e879                gpio_set_pinmode
                0xfff8e8d7                gpio_write_port
                0xfff8e915                gpio_read_port
 P              0xfff8e948      0x490 ../../lib/libtkdnhal.a(tkdn_pwm.o)
                0xfff8e948                pwm_init
                0xfff8eada                pwm_output
                0xfff8ec09                pwm_stop
                0xfff8ec96                Excep_MTU1_TGIA1
                0xfff8ecca                Excep_MTU0_TGIA0
                0xfff8ecf6                Excep_MTU0_TGIB0
                0xfff8ed23                Excep_MTU0_TGIC0
                0xfff8ed50                Excep_MTU0_TGID0
                0xfff8ed7d                Excep_MTU0_TGIE0
                0xfff8edaa                Excep_MTU0_TGIF0
 P              0xfff8edd8      0x180 ../../lib/libtkdnhal.a(tkdn_tone.o)
                0xfff8edd8                tone_start
                0xfff8ef19                tone_stop
                0xfff8ef33                Excep_MTU2_TGIA2
 P              0xfff8ef58      0x240 ../../lib/libtkdnhal.a(phy.o)
                0xfff8ef58                _phy_reg_read
                0xfff8ef96                _phy_ta_z0
                0xfff8efbc                _phy_mii_write_1
                0xfff8efe2                _phy_preamble
                0xfff8effa                _phy_mii_write_0
                0xfff8f020                _phy_ta_10
                0xfff8f028                _phy_reg_write
                0xfff8f063                _phy_reg_set
                0xfff8f0b1                _phy_write
                0xfff8f0d7                phy_set_10half
                0xfff8f0df                phy_set_100full
                0xfff8f0e9                _phy_read
                0xfff8f110                phy_set_autonegotiate
                0xfff8f160                phy_init
 P              0xfff8f198       0x18 ../../lib/libtkdnhal.a(eidi.o)
                0xfff8f198                enable_interrupt
                0xfff8f1a4                disable_interrupt
 P              0xfff8f1b0      0x118 ../../lib/libtkdnhal.a(usb_cdc.o)
                0xfff8f24c                TKUSB_Init
                0xfff8f2b9                TKUSB_IsConnected
 P              0xfff8f2c8      0x338 ../../lib/libtkdnhal.a(usb_core.o)
                0xfff8f586                USBCORE_Init
 P              0xfff8f600      0xfe0 ../../lib/libtkdnhal.a(usb_hal.o)
                0xfff8f6d1                TKUSB_RecvByte
                0xfff8f730                TKUSB_PeekByte
                0xfff8f756                TKUSB_RecvDataCount
                0xfff8f770                TKUSB_SendByte
                0xfff8f7d2                TKUSB_SendDataCount
                0xfff8f7ec                USBHAL_Init
                0xfff8fa46                USBHAL_Disable
                0xfff8fa56                USBHAL_Control_Status
                0xfff8fa82                USBHAL_Control_IN
                0xfff8faa7                USBHAL_Control_OUT
                0xfff8faf1                USBHAL_Bulk_OUT
                0xfff8fb29                ClearOUTBusy
                0xfff8fb34                USBHAL_Bulk_IN
                0xfff8fb74                USBHAL_Interrupt_IN
                0xfff8fbb4                USBHAL_Control_Stall
                0xfff8fbde                USBHAL_Bulk_IN_Stall
                0xfff8fbfd                USBHAL_Bulk_OUT_Stall
                0xfff8fc1c                USBHAL_Interrupt_IN_Stall
                0xfff8fc3b                USBHAL_Bulk_IN_Stall_Clear
                0xfff8fc7a                USBHAL_Bulk_OUT_Stall_Clear
                0xfff8fcd8                USBHAL_Interrupt_IN_Stall_Clear
                0xfff8fd12                USBHAL_Bulk_IN_Is_Stalled
                0xfff8fd32                USBHAL_Bulk_OUT_Is_Stalled
                0xfff8fd52                USBHAL_Interrupt_IN_Is_Stalled
                0xfff8fd72                USBHAL_Config_Get
                0xfff8fd79                USBHAL_Config_Set
                0xfff8fd8f                USBHAL_Reset
                0xfff8ff0a                USBHAL_Cancel
                0xfff8ff58                USBHAL_ResetEndpoints
                0xfff9002a                USBHALInterruptHandler
 P              0xfff905e0        0x0 ../../lib/libtkdnhal.a(usbdescriptors.o)
 P              0xfff905e0      0x2c8 ../../lib/libtkdnhal.a(tkdn_interrupt.o)
                0xfff905e2                attach_interrupt
                0xfff90749                detach_interrupt
                0xfff90761                Excep_IRQ0
                0xfff90789                Excep_IRQ1
                0xfff907b2                Excep_IRQ2
                0xfff907db                Excep_IRQ3
                0xfff90804                Excep_IRQ4
                0xfff9082d                Excep_IRQ5
                0xfff90856                Excep_IRQ6
                0xfff9087f                Excep_IRQ7
 *(.text.*personality*)
 *(.gnu.warning)
 *(.interp .hash .dynsym .dynstr .gnu.version*)
                0xfff908a8                PROVIDE (__etext, .)
                0xfff908a8                PROVIDE (_etext, .)
                0xfff908a8                PROVIDE (etext, .)
                0xfff908a8                . = ALIGN (0x4)
 *(.init)
 *(.fini)

.rodata         0xfff908a8     0x1f84
                0xfff908a8                . = ALIGN (0x4)
 *(.plt)
 *(.rodata C C_2 C_1 .rodata.* .gnu.linkonce.r.*)
 C              0xfff908a8      0x154 lcd_sample.o
 .rodata.str1.1
                0x00000000        0x0 ../../lib/libliquidcrystal.a(libliquidcrystal.o)
                                  0x2 (size before relaxing)
 .rodata.str1.1
                0xfff909fc       0x35 ../../lib/librxduino.a(serial.o)
 *fill*         0xfff90a31        0x3 00
 .rodata._ZL28read_encoded_value_with_basehjPKhPj
                0xfff90a34       0x34 ../../lib/gcc/libstdc++.a(eh_personality.o)
 .rodata.str1.1
                0xfff90a68       0x8c ../../lib/gcc/libstdc++.a(vterminate.o)
 .rodata.str1.1
                0xfff90af4        0xf ../../lib/gcc/libstdc++.a(bad_alloc.o)
 .rodata._ZTSSt9bad_alloc
                0xfff90b03        0xd ../../lib/gcc/libstdc++.a(bad_alloc.o)
                0xfff90b03                typeinfo name for std::bad_alloc
 .rodata._ZTISt9bad_alloc
                0xfff90b10        0xc ../../lib/gcc/libstdc++.a(bad_alloc.o)
                0xfff90b10                typeinfo for std::bad_alloc
 .rodata._ZTVSt9bad_alloc
                0xfff90b1c       0x14 ../../lib/gcc/libstdc++.a(bad_alloc.o)
                0xfff90b1c                vtable for std::bad_alloc
 C              0xfff90b30      0xe28 ../../lib/gcc/libstdc++.a(cp-demangle.o)
 .rodata.str1.1
                0xfff91958      0x568 ../../lib/gcc/libstdc++.a(cp-demangle.o)
                                0x613 (size before relaxing)
 .rodata.cst4   0xfff91ec0        0x8 ../../lib/gcc/libstdc++.a(eh_alloc.o)
 .rodata.str1.1
                0xfff91ec8       0x22 ../../lib/gcc/libstdc++.a(eh_exception.o)
 .rodata._ZTSSt9exception
                0xfff91eea        0xd ../../lib/gcc/libstdc++.a(eh_exception.o)
                0xfff91eea                typeinfo name for std::exception
 *fill*         0xfff91ef7        0x1 00
 .rodata._ZTISt9exception
                0xfff91ef8        0x8 ../../lib/gcc/libstdc++.a(eh_exception.o)
                0xfff91ef8                typeinfo for std::exception
 .rodata._ZTSSt13bad_exception
                0xfff91f00       0x12 ../../lib/gcc/libstdc++.a(eh_exception.o)
                0xfff91f00                typeinfo name for std::bad_exception
 *fill*         0xfff91f12        0x2 00
 .rodata._ZTISt13bad_exception
                0xfff91f14        0xc ../../lib/gcc/libstdc++.a(eh_exception.o)
                0xfff91f14                typeinfo for std::bad_exception
 .rodata._ZTSN10__cxxabiv115__forced_unwindE
                0xfff91f20       0x20 ../../lib/gcc/libstdc++.a(eh_exception.o)
                0xfff91f20                typeinfo name for __cxxabiv1::__forced_unwind
 .rodata._ZTIN10__cxxabiv115__forced_unwindE
                0xfff91f40        0x8 ../../lib/gcc/libstdc++.a(eh_exception.o)
                0xfff91f40                typeinfo for __cxxabiv1::__forced_unwind
 .rodata._ZTSN10__cxxabiv119__foreign_exceptionE
                0xfff91f48       0x24 ../../lib/gcc/libstdc++.a(eh_exception.o)
                0xfff91f48                typeinfo name for __cxxabiv1::__foreign_exception
 .rodata._ZTIN10__cxxabiv119__foreign_exceptionE
                0xfff91f6c        0x8 ../../lib/gcc/libstdc++.a(eh_exception.o)
                0xfff91f6c                typeinfo for __cxxabiv1::__foreign_exception
 .rodata._ZTVSt9exception
                0xfff91f74       0x14 ../../lib/gcc/libstdc++.a(eh_exception.o)
                0xfff91f74                vtable for std::exception
 .rodata._ZTVSt13bad_exception
                0xfff91f88       0x14 ../../lib/gcc/libstdc++.a(eh_exception.o)
                0xfff91f88                vtable for std::bad_exception
 .rodata._ZTVN10__cxxabiv115__forced_unwindE
                0xfff91f9c       0x14 ../../lib/gcc/libstdc++.a(eh_exception.o)
                0xfff91f9c                vtable for __cxxabiv1::__forced_unwind
 .rodata._ZTVN10__cxxabiv119__foreign_exceptionE
                0xfff91fb0       0x14 ../../lib/gcc/libstdc++.a(eh_exception.o)
                0xfff91fb0                vtable for __cxxabiv1::__foreign_exception
 .rodata._ZSt7nothrow
                0xfff91fc4        0x1 ../../lib/gcc/libstdc++.a(new_handler.o)
                0xfff91fc4                std::nothrow
 .rodata.str1.1
                0xfff91fc5       0x1c ../../lib/gcc/libstdc++.a(pure.o)
 .rodata._ZTSN10__cxxabiv120__si_class_type_infoE
                0xfff91fe1       0x25 ../../lib/gcc/libstdc++.a(si_class_type_info.o)
                0xfff91fe1                typeinfo name for __cxxabiv1::__si_class_type_info
 *fill*         0xfff92006        0x2 00
 .rodata._ZTIN10__cxxabiv120__si_class_type_infoE
                0xfff92008        0xc ../../lib/gcc/libstdc++.a(si_class_type_info.o)
                0xfff92008                typeinfo for __cxxabiv1::__si_class_type_info
 .rodata._ZTVN10__cxxabiv120__si_class_type_infoE
                0xfff92014       0x2c ../../lib/gcc/libstdc++.a(si_class_type_info.o)
                0xfff92014                vtable for __cxxabiv1::__si_class_type_info
 .rodata._ZTSSt9type_info
                0xfff92040        0xd ../../lib/gcc/libstdc++.a(tinfo.o)
                0xfff92040                typeinfo name for std::type_info
 *fill*         0xfff9204d        0x3 00
 .rodata._ZTISt9type_info
                0xfff92050        0x8 ../../lib/gcc/libstdc++.a(tinfo.o)
                0xfff92050                typeinfo for std::type_info
 .rodata._ZTVSt9type_info
                0xfff92058       0x20 ../../lib/gcc/libstdc++.a(tinfo.o)
                0xfff92058                vtable for std::type_info
 .rodata._ZTSN10__cxxabiv117__class_type_infoE
                0xfff92078       0x22 ../../lib/gcc/libstdc++.a(class_type_info.o)
                0xfff92078                typeinfo name for __cxxabiv1::__class_type_info
 *fill*         0xfff9209a        0x2 00
 .rodata._ZTIN10__cxxabiv117__class_type_infoE
                0xfff9209c        0xc ../../lib/gcc/libstdc++.a(class_type_info.o)
                0xfff9209c                typeinfo for __cxxabiv1::__class_type_info
 .rodata._ZTVN10__cxxabiv117__class_type_infoE
                0xfff920a8       0x2c ../../lib/gcc/libstdc++.a(class_type_info.o)
                0xfff920a8                vtable for __cxxabiv1::__class_type_info
 .rodata._global_impure_ptr
                0xfff920d4        0x4 ../../lib/gcc/libc.a(lib_a-impure.o)
                0xfff920d4                _global_impure_ptr
 .rodata.str1.1
                0xfff920d8        0x2 ../../lib/gcc/libc.a(lib_a-impure.o)
 .rodata.str1.1
                0xfff920da       0x39 ../../lib/gcc/libc.a(lib_a-svfprintf.o)
                                 0x3b (size before relaxing)
 *fill*         0xfff92113        0x1 00
 .rodata._svfprintf_r
                0xfff92114      0x164 ../../lib/gcc/libc.a(lib_a-svfprintf.o)
 .rodata.blanks.3859
                0xfff92278       0x10 ../../lib/gcc/libc.a(lib_a-svfprintf.o)
 .rodata.zeroes.3860
                0xfff92288       0x10 ../../lib/gcc/libc.a(lib_a-svfprintf.o)
 .rodata.str1.1
                0xfff92298        0xd ../../lib/gcc/libc.a(lib_a-dtoa.o)
                                  0xf (size before relaxing)
 .rodata.str1.1
                0xfff922a5        0x6 ../../lib/gcc/libc.a(lib_a-locale.o)
                                  0xb (size before relaxing)
 *fill*         0xfff922ab        0x1 00
 .rodata.lconv  0xfff922ac       0x38 ../../lib/gcc/libc.a(lib_a-locale.o)
 .rodata.__mprec_tinytens
                0xfff922e4        0x8 ../../lib/gcc/libc.a(lib_a-mprec.o)
                0xfff922e4                __mprec_tinytens
 .rodata.__mprec_bigtens
                0xfff922ec        0x8 ../../lib/gcc/libc.a(lib_a-mprec.o)
                0xfff922ec                __mprec_bigtens
 .rodata.__mprec_tens
                0xfff922f4       0x64 ../../lib/gcc/libc.a(lib_a-mprec.o)
                0xfff922f4                __mprec_tens
 .rodata.p05.2377
                0xfff92358        0xc ../../lib/gcc/libc.a(lib_a-mprec.o)
 .rodata.str1.1
                0x00000000       0x29 ../../lib/gcc/libc.a(lib_a-svfiprintf.o)
 .rodata._svfiprintf_r
                0xfff92364      0x164 ../../lib/gcc/libc.a(lib_a-svfiprintf.o)
 .rodata.blanks.3804
                0xfff924c8       0x10 ../../lib/gcc/libc.a(lib_a-svfiprintf.o)
 .rodata.zeroes.3805
                0xfff924d8       0x10 ../../lib/gcc/libc.a(lib_a-svfiprintf.o)
 C              0xfff924e8      0x100 ../../lib/gcc/libgcc.a(_clz.o)
                0xfff924e8                __clz_tab
 .rodata.str1.1
                0xfff925e8        0x5 ../../lib/libtkdnhal.a(tkdn_ether.o)
 *fill*         0xfff925ed        0x3 00
 .rodata.cst4   0xfff925f0        0x4 ../../lib/libtkdnhal.a(tkdn_ether.o)
 C              0xfff925f4       0x84 ../../lib/libtkdnhal.a(tkdn_gpio.o)
                0xfff925f4                SFP_PINMAP
                0xfff92608                GPIO_PINMAP
 C              0xfff92678       0x30 ../../lib/libtkdnhal.a(tkdn_pwm.o)
 C              0xfff926a8        0x8 ../../lib/libtkdnhal.a(usb_cdc.o)
 C              0xfff926b0       0x2c ../../lib/libtkdnhal.a(usb_core.o)
                0xfff926d8                gStringDescriptorLanguageIDsData
 C              0xfff926dc       0xc4 ../../lib/libtkdnhal.a(usbdescriptors.o)
                0xfff926dc                gStringDescriptorSerialNum
                0xfff926e4                gStringDescriptorProduct
                0xfff926ec                gStringDescriptorManufacturer
                0xfff926f4                gConfigurationDescriptor
                0xfff926fc                gDeviceDescriptor
 C              0xfff927a0       0x20 ../../lib/libtkdnhal.a(tkdn_interrupt.o)
 *(.rodata1)
 *(.eh_frame_hdr)
 *(.eh_frame)
 *(.gcc_except_table)
 .gcc_except_table
                0xfff927c0        0x6 lcd_sample.o
 *(.gcc_except_table.*)
 *fill*         0xfff927c6        0x2 00
 .gcc_except_table.__gxx_personality_sj0
                0xfff927c8       0x10 ../../lib/gcc/libstdc++.a(eh_personality.o)
 .gcc_except_table.__cxa_call_unexpected
                0xfff927d8       0x10 ../../lib/gcc/libstdc++.a(eh_personality.o)
 .gcc_except_table._ZN10__cxxabiv111__terminateEPFvvE
                0xfff927e8       0x18 ../../lib/gcc/libstdc++.a(eh_terminate.o)
 .gcc_except_table._Znwm
                0xfff92800       0x14 ../../lib/gcc/libstdc++.a(new_op.o)
 .gcc_except_table._ZN9__gnu_cxx27__verbose_terminate_handlerEv
                0xfff92814       0x18 ../../lib/gcc/libstdc++.a(vterminate.o)
                0xfff9282c                . = ALIGN (0x4)
                0xfff9282c                __rodataend = .

.data           0x00001000      0x964 load address 0xfff9282c
                0x00001000                . = ALIGN (0x4)
                0xfff9282c                PROVIDE (__romdatastart, __rodataend)
                0x00001000                PROVIDE (__datastart, .)
                0x00001000                PROVIDE (__preinit_array_start, .)
 *(.preinit_array)
                0x00001000                PROVIDE (__preinit_array_end, .)
                0x00001000                PROVIDE (__init_array_start, .)
 *(SORT(.init_array.*))
 *(.init_array)
 .init_array    0x00001000        0x4 ../../lib/librxduino.a(serial.o)
                0x00001004                PROVIDE (__init_array_end, .)
                0x00001004                PROVIDE (__fini_array_start, .)
 *(.fini_array)
 *(SORT(.fini_array.*))
                0x00001004                PROVIDE (__fini_array_end, .)
                0x00001004        0x4 LONG 0x0
 *crtbegin*.o(.ctors)
 *(EXCLUDE_FILE(*crtend*.o) .ctors)
 *(SORT(.ctors.*))
 *(.ctors)
 *crtbegin*.o(.dtors)
 *(EXCLUDE_FILE(*crtend*.o) .dtors)
 *(SORT(.dtors.*))
 *(.dtors)
 *(.jcr)
 *(.data.rel.ro.local)
 *(.data.rel.ro*)
 *(.dynamic)
 *(.data D .data.* .gnu.linkonce.d.*)
 .data          0x00001008        0x4 ../../lib/start.o
                0x00001008                __dso_handle
 .data._ZN10__cxxabiv119__terminate_handlerE
                0x0000100c        0x4 ../../lib/gcc/libstdc++.a(eh_term_handler.o)
                0x0000100c                __cxxabiv1::__terminate_handler
 .data._ZN10__cxxabiv120__unexpected_handlerE
                0x00001010        0x4 ../../lib/gcc/libstdc++.a(eh_unex_handler.o)
                0x00001010                __cxxabiv1::__unexpected_handler
 .data._impure_ptr
                0x00001014        0x4 ../../lib/gcc/libc.a(lib_a-impure.o)
                0x00001014                _impure_ptr
 .data.impure_data
                0x00001018      0x424 ../../lib/gcc/libc.a(lib_a-impure.o)
 .data.__malloc_sbrk_base
                0x0000143c        0x4 ../../lib/gcc/libc.a(lib_a-mallocr.o)
                0x0000143c                __malloc_sbrk_base
 .data.__malloc_trim_threshold
                0x00001440        0x4 ../../lib/gcc/libc.a(lib_a-mallocr.o)
                0x00001440                __malloc_trim_threshold
 .data.__malloc_av_
                0x00001444      0x408 ../../lib/gcc/libc.a(lib_a-mallocr.o)
                0x00001444                __malloc_av_
 .data.__mb_cur_max
                0x0000184c        0x4 ../../lib/gcc/libc.a(lib_a-locale.o)
                0x0000184c                __mb_cur_max
 .data.lc_ctype_charset
                0x00001850       0x20 ../../lib/gcc/libc.a(lib_a-locale.o)
 .data.lc_message_charset
                0x00001870       0x20 ../../lib/gcc/libc.a(lib_a-locale.o)
 D              0x00001890        0x4 ../../lib/gcc/libsim.a(sbrk.o)
 D              0x00001894       0x6c ../../lib/libtkdnhal.a(tkdn_ether.o)
                0x00001894                le0
 D              0x00001900        0x4 ../../lib/libtkdnhal.a(tkdn_pwm.o)
 D              0x00001904        0x4 ../../lib/libtkdnhal.a(tkdn_tone.o)
 D              0x00001908       0x30 ../../lib/libtkdnhal.a(usb_core.o)
 D              0x00001938       0x24 ../../lib/libtkdnhal.a(usb_hal.o)
 D              0x0000195c        0x8 ../../lib/libtkdnhal.a(tkdn_interrupt.o)
                0x0000195c                USBI1_handler
                0x00001960                USBI0_handler
 *(.gnu.linkonce.d.*personality*)
 *(.data1)
 *(.got.plt)
 *(.got)
                0x00001964                . = ALIGN (0x4)
 *(.sdata .sdata.* .gnu.linkonce.s.* D_2 D_1)
 D_1            0x00001964        0x0 ../../lib/start.o
 D_1            0x00001964        0x0 lcd_sample.o
 D_1            0x00001964        0x0 ../../common/intvect.o
 D_1            0x00001964        0x0 ../../lib/libliquidcrystal.a(libliquidcrystal.o)
 D_1            0x00001964        0x0 ../../lib/librxduino.a(delay.o)
 D_1            0x00001964        0x0 ../../lib/librxduino.a(digitalio.o)
 D_1            0x00001964        0x0 ../../lib/librxduino.a(rxduino.o)
 D_1            0x00001964        0x0 ../../lib/librxduino.a(serial.o)
 D_1            0x00001964        0x0 ../../lib/gcc/libstdc++.a(del_op.o)
 D_1            0x00001964        0x0 ../../lib/gcc/libstdc++.a(eh_personality.o)
 D_1            0x00001964        0x0 ../../lib/gcc/libstdc++.a(eh_terminate.o)
 D_1            0x00001964        0x0 ../../lib/gcc/libstdc++.a(eh_term_handler.o)
 D_1            0x00001964        0x0 ../../lib/gcc/libstdc++.a(eh_throw.o)
 D_1            0x00001964        0x0 ../../lib/gcc/libstdc++.a(eh_unex_handler.o)
 D_1            0x00001964        0x0 ../../lib/gcc/libstdc++.a(new_op.o)
 D_1            0x00001964        0x0 ../../lib/gcc/libstdc++.a(vterminate.o)
 D_1            0x00001964        0x0 ../../lib/gcc/libstdc++.a(bad_alloc.o)
 D_1            0x00001964        0x0 ../../lib/gcc/libstdc++.a(cp-demangle.o)
 D_1            0x00001964        0x0 ../../lib/gcc/libstdc++.a(eh_alloc.o)
 D_1            0x00001964        0x0 ../../lib/gcc/libstdc++.a(eh_call.o)
 D_1            0x00001964        0x0 ../../lib/gcc/libstdc++.a(eh_catch.o)
 D_1            0x00001964        0x0 ../../lib/gcc/libstdc++.a(eh_exception.o)
 D_1            0x00001964        0x0 ../../lib/gcc/libstdc++.a(eh_globals.o)
 D_1            0x00001964        0x0 ../../lib/gcc/libstdc++.a(eh_type.o)
 D_1            0x00001964        0x0 ../../lib/gcc/libstdc++.a(new_handler.o)
 D_1            0x00001964        0x0 ../../lib/gcc/libstdc++.a(pure.o)
 D_1            0x00001964        0x0 ../../lib/gcc/libstdc++.a(si_class_type_info.o)
 D_1            0x00001964        0x0 ../../lib/gcc/libstdc++.a(tinfo.o)
 D_1            0x00001964        0x0 ../../lib/gcc/libstdc++.a(class_type_info.o)
 D_1            0x00001964        0x0 ../../lib/gcc/libc.a(lib_a-abort.o)
 D_1            0x00001964        0x0 ../../lib/gcc/libc.a(lib_a-fputc.o)
 D_1            0x00001964        0x0 ../../lib/gcc/libc.a(lib_a-fputs.o)
 D_1            0x00001964        0x0 ../../lib/gcc/libc.a(lib_a-fvwrite.o)
 D_1            0x00001964        0x0 ../../lib/gcc/libc.a(lib_a-fwrite.o)
 D_1            0x00001964        0x0 ../../lib/gcc/libc.a(lib_a-impure.o)
 D_1            0x00001964        0x0 ../../lib/gcc/libc.a(lib_a-malloc.o)
 D_1            0x00001964        0x0 ../../lib/gcc/libc.a(lib_a-mallocr.o)
 D_1            0x00001964        0x0 ../../lib/gcc/libc.a(lib_a-memchr.o)
 D_1            0x00001964        0x0 ../../lib/gcc/libc.a(lib_a-memcpy.o)
 D_1            0x00001964        0x0 ../../lib/gcc/libc.a(lib_a-memmove.o)
 D_1            0x00001964        0x0 ../../lib/gcc/libc.a(lib_a-mlock.o)
 D_1            0x00001964        0x0 ../../lib/gcc/libc.a(lib_a-putc.o)
 D_1            0x00001964        0x0 ../../lib/gcc/libc.a(lib_a-rand.o)
 D_1            0x00001964        0x0 ../../lib/gcc/libc.a(lib_a-realloc.o)
 D_1            0x00001964        0x0 ../../lib/gcc/libc.a(lib_a-reallocr.o)
 D_1            0x00001964        0x0 ../../lib/gcc/libc.a(lib_a-sbrkr.o)
 D_1            0x00001964        0x0 ../../lib/gcc/libc.a(lib_a-signal.o)
 D_1            0x00001964        0x0 ../../lib/gcc/libc.a(lib_a-signalr.o)
 D_1            0x00001964        0x0 ../../lib/gcc/libc.a(lib_a-sprintf.o)
 D_1            0x00001964        0x0 ../../lib/gcc/libc.a(lib_a-strlen.o)
 D_1            0x00001964        0x0 ../../lib/gcc/libc.a(lib_a-svfprintf.o)
 D_1            0x00001964        0x0 ../../lib/gcc/libc.a(lib_a-wbuf.o)
 D_1            0x00001964        0x0 ../../lib/gcc/libc.a(lib_a-wsetup.o)
 D_1            0x00001964        0x0 ../../lib/gcc/libc.a(lib_a-dtoa.o)
 D_1            0x00001964        0x0 ../../lib/gcc/libc.a(lib_a-fflush.o)
 D_1            0x00001964        0x0 ../../lib/gcc/libc.a(lib_a-findfp.o)
 D_1            0x00001964        0x0 ../../lib/gcc/libc.a(lib_a-freer.o)
 D_1            0x00001964        0x0 ../../lib/gcc/libc.a(lib_a-fwalk.o)
 D_1            0x00001964        0x0 ../../lib/gcc/libc.a(lib_a-locale.o)
 D_1            0x00001964        0x0 ../../lib/gcc/libc.a(lib_a-makebuf.o)
 D_1            0x00001964        0x0 ../../lib/gcc/libc.a(lib_a-memset.o)
 D_1            0x00001964        0x0 ../../lib/gcc/libc.a(lib_a-mprec.o)
 D_1            0x00001964        0x0 ../../lib/gcc/libc.a(lib_a-reent.o)
 D_1            0x00001964        0x0 ../../lib/gcc/libc.a(lib_a-sf_fpclassify.o)
 D_1            0x00001964        0x0 ../../lib/gcc/libc.a(lib_a-stdio.o)
 D_1            0x00001964        0x0 ../../lib/gcc/libc.a(lib_a-strcmp.o)
 D_1            0x00001964        0x0 ../../lib/gcc/libc.a(lib_a-svfiprintf.o)
 D_1            0x00001964        0x0 ../../lib/gcc/libc.a(lib_a-writer.o)
 D_1            0x00001964        0x0 ../../lib/gcc/libc.a(lib_a-callocr.o)
 D_1            0x00001964        0x0 ../../lib/gcc/libc.a(lib_a-closer.o)
 D_1            0x00001964        0x0 ../../lib/gcc/libc.a(lib_a-fclose.o)
 D_1            0x00001964        0x0 ../../lib/gcc/libc.a(lib_a-fstatr.o)
 D_1            0x00001964        0x0 ../../lib/gcc/libc.a(lib_a-isattyr.o)
 D_1            0x00001964        0x0 ../../lib/gcc/libc.a(lib_a-lseekr.o)
 D_1            0x00001964        0x0 ../../lib/gcc/libc.a(lib_a-readr.o)
 D_1            0x00001964        0x0 ../../lib/gcc/libsim.a(sbrk.o)
 D_1            0x00001964        0x0 ../../lib/gcc/libsim.a(heaptop.o)
 D_1            0x00001964        0x0 ../../lib/gcc/libsim.a(exit.o)
 D_1            0x00001964        0x0 ../../lib/gcc/libsim.a(close.o)
 D_1            0x00001964        0x0 ../../lib/gcc/libsim.a(read.o)
 D_1            0x00001964        0x0 ../../lib/gcc/libsim.a(write.o)
 D_1            0x00001964        0x0 ../../lib/gcc/libsim.a(lseek.o)
 D_1            0x00001964        0x0 ../../lib/gcc/libsim.a(getpid.o)
 D_1            0x00001964        0x0 ../../lib/gcc/libsim.a(kill.o)
 D_1            0x00001964        0x0 ../../lib/gcc/libsim.a(fstat.o)
 D_1            0x00001964        0x0 ../../lib/gcc/libsim.a(isatty.o)
 D_1            0x00001964        0x0 ../../lib/gcc/libgcc.a(_udivdi3.o)
 D_1            0x00001964        0x0 ../../lib/gcc/libgcc.a(_umoddi3.o)
 D_1            0x00001964        0x0 ../../lib/gcc/libgcc.a(unwind-sjlj.o)
 D_1            0x00001964        0x0 ../../lib/gcc/libgcc.a(_clz.o)
 D_1            0x00001964        0x0 ../../lib/libtkdnhal.a(hwsetup.o)
 D_1            0x00001964        0x0 ../../lib/libtkdnhal.a(tkdn_sci.o)
 D_1            0x00001964        0x0 ../../lib/libtkdnhal.a(tkdn_ether.o)
 D_1            0x00001964        0x0 ../../lib/libtkdnhal.a(tkdn_timer.o)
 D_1            0x00001964        0x0 ../../lib/libtkdnhal.a(tkdn_gpio.o)
 D_1            0x00001964        0x0 ../../lib/libtkdnhal.a(tkdn_pwm.o)
 D_1            0x00001964        0x0 ../../lib/libtkdnhal.a(tkdn_tone.o)
 D_1            0x00001964        0x0 ../../lib/libtkdnhal.a(phy.o)
 D_1            0x00001964        0x0 ../../lib/libtkdnhal.a(eidi.o)
 D_1            0x00001964        0x0 ../../lib/libtkdnhal.a(usb_cdc.o)
 D_1            0x00001964        0x0 ../../lib/libtkdnhal.a(usb_core.o)
 D_1            0x00001964        0x0 ../../lib/libtkdnhal.a(usb_hal.o)
 D_1            0x00001964        0x0 ../../lib/libtkdnhal.a(usbdescriptors.o)
 D_1            0x00001964        0x0 ../../lib/libtkdnhal.a(tkdn_interrupt.o)
                0x00001964                . = ALIGN (0x4)
                0x00001964                _edata = .
                0x00001964                PROVIDE (edata, .)
                0x00001964                PROVIDE (__dataend, .)
                0x00000964                PROVIDE (__romdatacopysize, SIZEOF (.data))

.bss            0x00001964     0x29fc load address 0xfff93190
                0x00001964                . = ALIGN (0x4)
                0x00001964                PROVIDE (__bssstart, .)
 *(.dynbss)
 *(.sbss .sbss.*)
 *(.bss B B_2 B_1 .bss.* .gnu.linkonce.b.*)
 B_1            0x00001964        0x0 ../../lib/start.o
 B_1            0x00001964        0x0 lcd_sample.o
 B              0x00001964        0xc lcd_sample.o
                0x00001964                count
                0x00001968                lcd
                0x0000196c                enableTone
 B_1            0x00001970        0x0 ../../common/intvect.o
 B_1            0x00001970        0x0 ../../lib/libliquidcrystal.a(libliquidcrystal.o)
 B_1            0x00001970        0x0 ../../lib/librxduino.a(delay.o)
 B_1            0x00001970        0x0 ../../lib/librxduino.a(digitalio.o)
 B_1            0x00001970        0x0 ../../lib/librxduino.a(rxduino.o)
 B_1            0x00001970        0x0 ../../lib/librxduino.a(serial.o)
 B              0x00001970      0x880 ../../lib/librxduino.a(serial.o)
                0x00001970                Serial3
                0x00001b90                Serial2
                0x00001db0                Serial1
                0x00001fd0                Serial
 B_1            0x000021f0        0x0 ../../lib/gcc/libstdc++.a(del_op.o)
 B_1            0x000021f0        0x0 ../../lib/gcc/libstdc++.a(eh_personality.o)
 B_1            0x000021f0        0x0 ../../lib/gcc/libstdc++.a(eh_terminate.o)
 B_1            0x000021f0        0x0 ../../lib/gcc/libstdc++.a(eh_term_handler.o)
 B_1            0x000021f0        0x0 ../../lib/gcc/libstdc++.a(eh_throw.o)
 B_1            0x000021f0        0x0 ../../lib/gcc/libstdc++.a(eh_unex_handler.o)
 B_1            0x000021f0        0x0 ../../lib/gcc/libstdc++.a(new_op.o)
 B_1            0x000021f0        0x0 ../../lib/gcc/libstdc++.a(vterminate.o)
 .bss._ZZN9__gnu_cxx27__verbose_terminate_handlerEvE11terminating
                0x000021f0        0x1 ../../lib/gcc/libstdc++.a(vterminate.o)
 B_1            0x000021f1        0x0 ../../lib/gcc/libstdc++.a(bad_alloc.o)
 B_1            0x000021f1        0x0 ../../lib/gcc/libstdc++.a(cp-demangle.o)
 B_1            0x000021f1        0x0 ../../lib/gcc/libstdc++.a(eh_alloc.o)
 *fill*         0x000021f1        0x3 00
 .bss._ZL14emergency_used
                0x000021f4        0x4 ../../lib/gcc/libstdc++.a(eh_alloc.o)
 .bss._ZL16emergency_buffer
                0x000021f8      0x800 ../../lib/gcc/libstdc++.a(eh_alloc.o)
 .bss._ZL15dependents_used
                0x000029f8        0x4 ../../lib/gcc/libstdc++.a(eh_alloc.o)
 .bss._ZL17dependents_buffer
                0x000029fc       0xf0 ../../lib/gcc/libstdc++.a(eh_alloc.o)
 B_1            0x00002aec        0x0 ../../lib/gcc/libstdc++.a(eh_call.o)
 B_1            0x00002aec        0x0 ../../lib/gcc/libstdc++.a(eh_catch.o)
 B_1            0x00002aec        0x0 ../../lib/gcc/libstdc++.a(eh_exception.o)
 B_1            0x00002aec        0x0 ../../lib/gcc/libstdc++.a(eh_globals.o)
 .bss._ZL10eh_globals
                0x00002aec        0x8 ../../lib/gcc/libstdc++.a(eh_globals.o)
 B_1            0x00002af4        0x0 ../../lib/gcc/libstdc++.a(eh_type.o)
 B_1            0x00002af4        0x0 ../../lib/gcc/libstdc++.a(new_handler.o)
 .bss.__new_handler
                0x00002af4        0x4 ../../lib/gcc/libstdc++.a(new_handler.o)
                0x00002af4                __new_handler
 B_1            0x00002af8        0x0 ../../lib/gcc/libstdc++.a(pure.o)
 B_1            0x00002af8        0x0 ../../lib/gcc/libstdc++.a(si_class_type_info.o)
 B_1            0x00002af8        0x0 ../../lib/gcc/libstdc++.a(tinfo.o)
 B_1            0x00002af8        0x0 ../../lib/gcc/libstdc++.a(class_type_info.o)
 B_1            0x00002af8        0x0 ../../lib/gcc/libc.a(lib_a-abort.o)
 B_1            0x00002af8        0x0 ../../lib/gcc/libc.a(lib_a-fputc.o)
 B_1            0x00002af8        0x0 ../../lib/gcc/libc.a(lib_a-fputs.o)
 B_1            0x00002af8        0x0 ../../lib/gcc/libc.a(lib_a-fvwrite.o)
 B_1            0x00002af8        0x0 ../../lib/gcc/libc.a(lib_a-fwrite.o)
 B_1            0x00002af8        0x0 ../../lib/gcc/libc.a(lib_a-impure.o)
 B_1            0x00002af8        0x0 ../../lib/gcc/libc.a(lib_a-malloc.o)
 B_1            0x00002af8        0x0 ../../lib/gcc/libc.a(lib_a-mallocr.o)
 .bss.__malloc_current_mallinfo
                0x00002af8       0x28 ../../lib/gcc/libc.a(lib_a-mallocr.o)
                0x00002af8                __malloc_current_mallinfo
 .bss.__malloc_max_total_mem
                0x00002b20        0x4 ../../lib/gcc/libc.a(lib_a-mallocr.o)
                0x00002b20                __malloc_max_total_mem
 .bss.__malloc_max_sbrked_mem
                0x00002b24        0x4 ../../lib/gcc/libc.a(lib_a-mallocr.o)
                0x00002b24                __malloc_max_sbrked_mem
 .bss.__malloc_top_pad
                0x00002b28        0x4 ../../lib/gcc/libc.a(lib_a-mallocr.o)
                0x00002b28                __malloc_top_pad
 B_1            0x00002b2c        0x0 ../../lib/gcc/libc.a(lib_a-memchr.o)
 B_1            0x00002b2c        0x0 ../../lib/gcc/libc.a(lib_a-memcpy.o)
 B_1            0x00002b2c        0x0 ../../lib/gcc/libc.a(lib_a-memmove.o)
 B_1            0x00002b2c        0x0 ../../lib/gcc/libc.a(lib_a-mlock.o)
 B_1            0x00002b2c        0x0 ../../lib/gcc/libc.a(lib_a-putc.o)
 B_1            0x00002b2c        0x0 ../../lib/gcc/libc.a(lib_a-rand.o)
 B_1            0x00002b2c        0x0 ../../lib/gcc/libc.a(lib_a-realloc.o)
 B_1            0x00002b2c        0x0 ../../lib/gcc/libc.a(lib_a-reallocr.o)
 B_1            0x00002b2c        0x0 ../../lib/gcc/libc.a(lib_a-sbrkr.o)
 B_1            0x00002b2c        0x0 ../../lib/gcc/libc.a(lib_a-signal.o)
 B_1            0x00002b2c        0x0 ../../lib/gcc/libc.a(lib_a-signalr.o)
 B_1            0x00002b2c        0x0 ../../lib/gcc/libc.a(lib_a-sprintf.o)
 B_1            0x00002b2c        0x0 ../../lib/gcc/libc.a(lib_a-strlen.o)
 B_1            0x00002b2c        0x0 ../../lib/gcc/libc.a(lib_a-svfprintf.o)
 B_1            0x00002b2c        0x0 ../../lib/gcc/libc.a(lib_a-wbuf.o)
 B_1            0x00002b2c        0x0 ../../lib/gcc/libc.a(lib_a-wsetup.o)
 B_1            0x00002b2c        0x0 ../../lib/gcc/libc.a(lib_a-dtoa.o)
 B_1            0x00002b2c        0x0 ../../lib/gcc/libc.a(lib_a-fflush.o)
 B_1            0x00002b2c        0x0 ../../lib/gcc/libc.a(lib_a-findfp.o)
 B_1            0x00002b2c        0x0 ../../lib/gcc/libc.a(lib_a-freer.o)
 B_1            0x00002b2c        0x0 ../../lib/gcc/libc.a(lib_a-fwalk.o)
 B_1            0x00002b2c        0x0 ../../lib/gcc/libc.a(lib_a-locale.o)
 .bss._PathLocale
                0x00002b2c        0x4 ../../lib/gcc/libc.a(lib_a-locale.o)
                0x00002b2c                _PathLocale
 .bss.__mlocale_changed
                0x00002b30        0x4 ../../lib/gcc/libc.a(lib_a-locale.o)
                0x00002b30                __mlocale_changed
 .bss.__nlocale_changed
                0x00002b34        0x4 ../../lib/gcc/libc.a(lib_a-locale.o)
                0x00002b34                __nlocale_changed
 B_1            0x00002b38        0x0 ../../lib/gcc/libc.a(lib_a-makebuf.o)
 B_1            0x00002b38        0x0 ../../lib/gcc/libc.a(lib_a-memset.o)
 B_1            0x00002b38        0x0 ../../lib/gcc/libc.a(lib_a-mprec.o)
 B_1            0x00002b38        0x0 ../../lib/gcc/libc.a(lib_a-reent.o)
 B_1            0x00002b38        0x0 ../../lib/gcc/libc.a(lib_a-sf_fpclassify.o)
 B_1            0x00002b38        0x0 ../../lib/gcc/libc.a(lib_a-stdio.o)
 B_1            0x00002b38        0x0 ../../lib/gcc/libc.a(lib_a-strcmp.o)
 B_1            0x00002b38        0x0 ../../lib/gcc/libc.a(lib_a-svfiprintf.o)
 B_1            0x00002b38        0x0 ../../lib/gcc/libc.a(lib_a-writer.o)
 B_1            0x00002b38        0x0 ../../lib/gcc/libc.a(lib_a-callocr.o)
 B_1            0x00002b38        0x0 ../../lib/gcc/libc.a(lib_a-closer.o)
 B_1            0x00002b38        0x0 ../../lib/gcc/libc.a(lib_a-fclose.o)
 B_1            0x00002b38        0x0 ../../lib/gcc/libc.a(lib_a-fstatr.o)
 B_1            0x00002b38        0x0 ../../lib/gcc/libc.a(lib_a-isattyr.o)
 B_1            0x00002b38        0x0 ../../lib/gcc/libc.a(lib_a-lseekr.o)
 B_1            0x00002b38        0x0 ../../lib/gcc/libc.a(lib_a-readr.o)
 B_1            0x00002b38        0x0 ../../lib/gcc/libsim.a(sbrk.o)
 B_1            0x00002b38        0x0 ../../lib/gcc/libsim.a(heaptop.o)
 B_1            0x00002b38        0x0 ../../lib/gcc/libsim.a(exit.o)
 B_1            0x00002b38        0x0 ../../lib/gcc/libsim.a(close.o)
 B_1            0x00002b38        0x0 ../../lib/gcc/libsim.a(read.o)
 B_1            0x00002b38        0x0 ../../lib/gcc/libsim.a(write.o)
 B_1            0x00002b38        0x0 ../../lib/gcc/libsim.a(lseek.o)
 B_1            0x00002b38        0x0 ../../lib/gcc/libsim.a(getpid.o)
 B_1            0x00002b38        0x0 ../../lib/gcc/libsim.a(kill.o)
 B_1            0x00002b38        0x0 ../../lib/gcc/libsim.a(fstat.o)
 B_1            0x00002b38        0x0 ../../lib/gcc/libsim.a(isatty.o)
 B_1            0x00002b38        0x0 ../../lib/gcc/libgcc.a(_udivdi3.o)
 B_1            0x00002b38        0x0 ../../lib/gcc/libgcc.a(_umoddi3.o)
 B_1            0x00002b38        0x4 ../../lib/gcc/libgcc.a(unwind-sjlj.o)
 B_1            0x00002b3c        0x0 ../../lib/gcc/libgcc.a(_clz.o)
 B_1            0x00002b3c        0x0 ../../lib/libtkdnhal.a(hwsetup.o)
 B_1            0x00002b3c        0x0 ../../lib/libtkdnhal.a(tkdn_sci.o)
 B_1            0x00002b3c        0x4 ../../lib/libtkdnhal.a(tkdn_ether.o)
 B_1            0x00002b40        0x0 ../../lib/libtkdnhal.a(tkdn_timer.o)
 B              0x00002b40        0xc ../../lib/libtkdnhal.a(tkdn_timer.o)