ARM GAS  /var/folders/5n/p_75w94d66l9ssrldxqdhh700000gn/T//cctZ13Fe.s 			page 1


   1              		.syntax unified
   2              		.cpu cortex-m4
   3              		.fpu softvfp
   4              		.eabi_attribute 20, 1	@ Tag_ABI_FP_denormal
   5              		.eabi_attribute 21, 1	@ Tag_ABI_FP_exceptions
   6              		.eabi_attribute 23, 3	@ Tag_ABI_FP_number_model
   7              		.eabi_attribute 24, 1	@ Tag_ABI_align8_needed
   8              		.eabi_attribute 25, 1	@ Tag_ABI_align8_preserved
   9              		.eabi_attribute 26, 1	@ Tag_ABI_enum_size
  10              		.eabi_attribute 30, 6	@ Tag_ABI_optimization_goals
  11              		.eabi_attribute 34, 1	@ Tag_CPU_unaligned_access
  12              		.eabi_attribute 18, 4	@ Tag_ABI_PCS_wchar_t
  13              		.file	"main.c"
  14              	@ GNU C (GCC) version 4.7.1 (arm-none-eabi)
  15              	@	compiled by GNU C version 4.6.3, GMP version 5.0.4, MPFR version 3.1.0-p3, MPC version 0.9
  16              	@ warning: GMP header version 5.0.4 differs from library version 5.0.2.
  17              	@ warning: MPFR header version 3.1.0-p3 differs from library version 3.0.1.
  18              	@ GGC heuristics: --param ggc-min-expand=100 --param ggc-min-heapsize=131072
  19              	@ 渡されたオプション:  -I . -I ./inc -I ./cmsis/core
  20              	@ -I ./cmsis/device -imultilib thumb -MD src/main.d -MF .dep/main.o.d -MP
  21              	@ -MQ src/main.o -D__USES_INITFINI__ -D STM32F10X_MD -D _DEBUG=1
  22              	@ -D RUN_FROM_FLASH=1 src/main.c -mthumb -mcpu=cortex-m4 -mfloat-abi=soft
  23              	@ -mfpu=fpv4-sp-d16 -auxbase-strip src/main.o -gdwarf-2 -O0 -Wall
  24              	@ -Wstrict-prototypes -fverbose-asm
  25              	@ 有効オプション:  -fauto-inc-dec -fbranch-count-reg -fcommon
  26              	@ -fdebug-types-section -fdelete-null-pointer-checks -fdwarf2-cfi-asm
  27              	@ -fearly-inlining -feliminate-unused-debug-types -ffunction-cse -fgcse-lm
  28              	@ -fgnu-runtime -fident -finline-atomics -fira-share-save-slots
  29              	@ -fira-share-spill-slots -fivopts -fkeep-static-consts
  30              	@ -fleading-underscore -fmath-errno -fmerge-debug-strings
  31              	@ -fmove-loop-invariants -fpeephole -fprefetch-loop-arrays
  32              	@ -freg-struct-return -fsched-critical-path-heuristic
  33              	@ -fsched-dep-count-heuristic -fsched-group-heuristic -fsched-interblock
  34              	@ -fsched-last-insn-heuristic -fsched-rank-heuristic -fsched-spec
  35              	@ -fsched-spec-insn-heuristic -fsched-stalled-insns-dep -fshow-column
  36              	@ -fsigned-zeros -fsplit-ivs-in-unroller -fstrict-volatile-bitfields
  37              	@ -ftrapping-math -ftree-cselim -ftree-forwprop -ftree-loop-if-convert
  38              	@ -ftree-loop-im -ftree-loop-ivcanon -ftree-loop-optimize
  39              	@ -ftree-parallelize-loops= -ftree-phiprop -ftree-pta -ftree-reassoc
  40              	@ -ftree-scev-cprop -ftree-slp-vectorize -ftree-vect-loop-version
  41              	@ -funit-at-a-time -fverbose-asm -fzero-initialized-in-bss -mlittle-endian
  42              	@ -msched-prolog -mthumb -munaligned-access -mvectorize-with-neon-quad
  43              	
  44              		.text
  45              	.Ltext0:
  46              		.cfi_sections	.debug_frame
  47              		.section	.rodata
  48              		.align	2
  49              		.type	d, %object
  50              		.size	d, 4
  51              	d:
  52 0000 07000000 		.word	7
  53              		.align	2
  54              		.type	fd, %object
  55              		.size	fd, 4
  56              	fd:
  57 0004 9A99A940 		.word	1084856730
ARM GAS  /var/folders/5n/p_75w94d66l9ssrldxqdhh700000gn/T//cctZ13Fe.s 			page 2


  58              		.data
  59              		.align	2
  60              		.type	dd, %object
  61              		.size	dd, 4
  62              	dd:
  63 0000 08000000 		.word	8
  64              		.bss
  65              		.align	2
  66              	must_zero_after_startup:
  67 0000 00000000 		.space	4
  68              		.global	__aeabi_fadd
  69              		.text
  70              		.align	2
  71              		.global	main
  72              		.thumb
  73              		.thumb_func
  74              		.type	main, %function
  75              	main:
  76              	.LFB0:
  77              		.file 1 "src/main.c"
   1:src/main.c    **** /****************************************************************************
   2:src/main.c    **** *  Copyright (c) 2011-2012 by Michael Fischer. All rights reserved.
   3:src/main.c    **** *
   4:src/main.c    **** *  Redistribution and use in source and binary forms, with or without 
   5:src/main.c    **** *  modification, are permitted provided that the following conditions 
   6:src/main.c    **** *  are met:
   7:src/main.c    **** *  
   8:src/main.c    **** *  1. Redistributions of source code must retain the above copyright 
   9:src/main.c    **** *     notice, this list of conditions and the following disclaimer.
  10:src/main.c    **** *  2. Redistributions in binary form must reproduce the above copyright
  11:src/main.c    **** *     notice, this list of conditions and the following disclaimer in the 
  12:src/main.c    **** *     documentation and/or other materials provided with the distribution.
  13:src/main.c    **** *  3. Neither the name of the author nor the names of its contributors may 
  14:src/main.c    **** *     be used to endorse or promote products derived from this software 
  15:src/main.c    **** *     without specific prior written permission.
  16:src/main.c    **** *
  17:src/main.c    **** *  THIS SOFTWARE IS PROVIDED BY THE COPYRIGHT HOLDERS AND CONTRIBUTORS 
  18:src/main.c    **** *  "AS IS" AND ANY EXPRESS OR IMPLIED WARRANTIES, INCLUDING, BUT NOT 
  19:src/main.c    **** *  LIMITED TO, THE IMPLIED WARRANTIES OF MERCHANTABILITY AND FITNESS 
  20:src/main.c    **** *  FOR A PARTICULAR PURPOSE ARE DISCLAIMED. IN NO EVENT SHALL 
  21:src/main.c    **** *  THE COPYRIGHT OWNER OR CONTRIBUTORS BE LIABLE FOR ANY DIRECT, INDIRECT, 
  22:src/main.c    **** *  INCIDENTAL, SPECIAL, EXEMPLARY, OR CONSEQUENTIAL DAMAGES (INCLUDING, 
  23:src/main.c    **** *  BUT NOT LIMITED TO, PROCUREMENT OF SUBSTITUTE GOODS OR SERVICES; LOSS 
  24:src/main.c    **** *  OF USE, DATA, OR PROFITS; OR BUSINESS INTERRUPTION) HOWEVER CAUSED 
  25:src/main.c    **** *  AND ON ANY THEORY OF LIABILITY, WHETHER IN CONTRACT, STRICT LIABILITY, 
  26:src/main.c    **** *  OR TORT (INCLUDING NEGLIGENCE OR OTHERWISE) ARISING IN ANY WAY OUT OF 
  27:src/main.c    **** *  THE USE OF THIS SOFTWARE, EVEN IF ADVISED OF THE POSSIBILITY OF 
  28:src/main.c    **** *  SUCH DAMAGE.
  29:src/main.c    **** *
  30:src/main.c    **** ****************************************************************************
  31:src/main.c    **** *  History:
  32:src/main.c    **** *
  33:src/main.c    **** *  09.04.2011  mifi  First Version
  34:src/main.c    **** *  13.06.2012  mifi  Added "check" with must_zero_after_startup
  35:src/main.c    **** ****************************************************************************/
  36:src/main.c    **** #define __MAIN_C__
  37:src/main.c    **** 
ARM GAS  /var/folders/5n/p_75w94d66l9ssrldxqdhh700000gn/T//cctZ13Fe.s 			page 3


  38:src/main.c    **** #include <stdint.h>
  39:src/main.c    **** 
  40:src/main.c    **** /*=========================================================================*/
  41:src/main.c    **** /*  DEFINE: All Structures and Common Constants                            */
  42:src/main.c    **** /*=========================================================================*/
  43:src/main.c    **** 
  44:src/main.c    **** /*=========================================================================*/
  45:src/main.c    **** /*  DEFINE: Prototypes                                                     */
  46:src/main.c    **** /*=========================================================================*/
  47:src/main.c    **** 
  48:src/main.c    **** /*=========================================================================*/
  49:src/main.c    **** /*  DEFINE: Definition of all local Data                                   */
  50:src/main.c    **** /*=========================================================================*/
  51:src/main.c    **** static const uint32_t d  = 7;
  52:src/main.c    **** static const float    fd = 5.3f;
  53:src/main.c    **** static uint32_t       dd = 8;
  54:src/main.c    **** 
  55:src/main.c    **** /* Must be 0, BSS must be cleared by the startup */
  56:src/main.c    **** static uint32_t       must_zero_after_startup;
  57:src/main.c    **** 
  58:src/main.c    **** /*=========================================================================*/
  59:src/main.c    **** /*  DEFINE: All code exported                                              */
  60:src/main.c    **** /*=========================================================================*/
  61:src/main.c    **** 
  62:src/main.c    **** /***************************************************************************/
  63:src/main.c    **** /*  main                                                                   */
  64:src/main.c    **** /***************************************************************************/
  65:src/main.c    **** int main (void)
  66:src/main.c    **** {
  78              		.loc 1 66 0
  79              		.cfi_startproc
  80              		@ args = 0, pretend = 0, frame = 24
  81              		@ frame_needed = 1, uses_anonymous_args = 0
  82 0000 80B5     		push	{r7, lr}	@
  83              	.LCFI0:
  84              		.cfi_def_cfa_offset 8
  85              		.cfi_offset 7, -8
  86              		.cfi_offset 14, -4
  87 0002 86B0     		sub	sp, sp, #24	@,,
  88              	.LCFI1:
  89              		.cfi_def_cfa_offset 32
  90 0004 00AF     		add	r7, sp, #0	@,,
  91              	.LCFI2:
  92              		.cfi_def_cfa_register 7
  67:src/main.c    ****   uint32_t a  = 1;
  93              		.loc 1 67 0
  94 0006 4FF00103 		mov	r3, #1	@ tmp141,
  95 000a 7B61     		str	r3, [r7, #20]	@ tmp141, a
  68:src/main.c    ****   uint32_t b  = 2;
  96              		.loc 1 68 0
  97 000c 4FF00203 		mov	r3, #2	@ tmp142,
  98 0010 3B61     		str	r3, [r7, #16]	@ tmp142, b
  69:src/main.c    ****   uint32_t c  = 0;
  99              		.loc 1 69 0
 100 0012 4FF00003 		mov	r3, #0	@ tmp143,
 101 0016 7B60     		str	r3, [r7, #4]	@ tmp143, c
  70:src/main.c    ****   float    fa = 1.3f;
ARM GAS  /var/folders/5n/p_75w94d66l9ssrldxqdhh700000gn/T//cctZ13Fe.s 			page 4


 102              		.loc 1 70 0
 103 0018 234B     		ldr	r3, .L4	@ float	@ tmp144,
 104 001a FB60     		str	r3, [r7, #12]	@ float	@ tmp144, fa
  71:src/main.c    ****   float    fb = 2.7f;
 105              		.loc 1 71 0
 106 001c 234B     		ldr	r3, .L4+4	@ float	@ tmp145,
 107 001e BB60     		str	r3, [r7, #8]	@ float	@ tmp145, fb
  72:src/main.c    ****   float    fc = 3.9f;
 108              		.loc 1 72 0
 109 0020 234B     		ldr	r3, .L4+8	@ float	@ tmp146,
 110 0022 3B60     		str	r3, [r7, #0]	@ float	@ tmp146, fc
  73:src/main.c    ****   
  74:src/main.c    ****   fa = fa + fd;
 111              		.loc 1 74 0
 112 0024 40F20003 		movw	r3, #:lower16:fd	@ tmp147,
 113 0028 C0F20003 		movt	r3, #:upper16:fd	@ tmp147,
 114 002c 1B68     		ldr	r3, [r3, #0]	@ float	@ fd.0, fd
 115 002e F868     		ldr	r0, [r7, #12]	@ float	@, fa
 116 0030 1946     		mov	r1, r3	@, fd.0
 117 0032 FFF7FEFF 		bl	__aeabi_fadd	@
 118 0036 0346     		mov	r3, r0	@ tmp148,
 119 0038 FB60     		str	r3, [r7, #12]	@ float	@ tmp148, fa
  75:src/main.c    ****   a  = a + d + dd + must_zero_after_startup;
 120              		.loc 1 75 0
 121 003a 40F20003 		movw	r3, #:lower16:d	@ tmp149,
 122 003e C0F20003 		movt	r3, #:upper16:d	@ tmp149,
 123 0042 1A68     		ldr	r2, [r3, #0]	@ d.1, d
 124 0044 7B69     		ldr	r3, [r7, #20]	@ tmp150, a
 125 0046 D218     		adds	r2, r2, r3	@ D.4098, d.1, tmp150
 126 0048 40F20003 		movw	r3, #:lower16:dd	@ tmp151,
 127 004c C0F20003 		movt	r3, #:upper16:dd	@ tmp151,
 128 0050 1B68     		ldr	r3, [r3, #0]	@ dd.2, dd
 129 0052 D218     		adds	r2, r2, r3	@ D.4100, D.4098, dd.2
 130 0054 40F20003 		movw	r3, #:lower16:must_zero_after_startup	@ tmp152,
 131 0058 C0F20003 		movt	r3, #:upper16:must_zero_after_startup	@ tmp152,
 132 005c 1B68     		ldr	r3, [r3, #0]	@ must_zero_after_startup.3, must_zero_after_startup
 133 005e D318     		adds	r3, r2, r3	@ tmp153, D.4100, must_zero_after_startup.3
 134 0060 7B61     		str	r3, [r7, #20]	@ tmp153, a
  76:src/main.c    ****   
  77:src/main.c    ****   /* A must be 16 here */
  78:src/main.c    ****   if (a != 16) while (1) {};
 135              		.loc 1 78 0
 136 0062 7B69     		ldr	r3, [r7, #20]	@ tmp154, a
 137 0064 102B     		cmp	r3, #16	@ tmp154,
 138 0066 00D0     		beq	.L2	@,
 139              	.L3:
 140              		.loc 1 78 0 is_stmt 0 discriminator 1
 141 0068 FEE7     		b	.L3	@
 142              	.L2:
  79:src/main.c    ****     
  80:src/main.c    ****   while (1)
  81:src/main.c    ****   {
  82:src/main.c    ****     a++;
 143              		.loc 1 82 0 is_stmt 1 discriminator 1
 144 006a 7B69     		ldr	r3, [r7, #20]	@ tmp156, a
 145 006c 03F10103 		add	r3, r3, #1	@ tmp155, tmp156,
 146 0070 7B61     		str	r3, [r7, #20]	@ tmp155, a
ARM GAS  /var/folders/5n/p_75w94d66l9ssrldxqdhh700000gn/T//cctZ13Fe.s 			page 5


  83:src/main.c    ****     b++;
 147              		.loc 1 83 0 discriminator 1
 148 0072 3B69     		ldr	r3, [r7, #16]	@ tmp158, b
 149 0074 03F10103 		add	r3, r3, #1	@ tmp157, tmp158,
 150 0078 3B61     		str	r3, [r7, #16]	@ tmp157, b
  84:src/main.c    ****     c = a + b;
 151              		.loc 1 84 0 discriminator 1
 152 007a 7A69     		ldr	r2, [r7, #20]	@ tmp160, a
 153 007c 3B69     		ldr	r3, [r7, #16]	@ tmp161, b
 154 007e D318     		adds	r3, r2, r3	@ tmp159, tmp160, tmp161
 155 0080 7B60     		str	r3, [r7, #4]	@ tmp159, c
  85:src/main.c    ****     
  86:src/main.c    ****     fa = fa + 2.6f;
 156              		.loc 1 86 0 discriminator 1
 157 0082 F868     		ldr	r0, [r7, #12]	@ float	@, fa
 158 0084 0B49     		ldr	r1, .L4+12	@ float	@,
 159 0086 FFF7FEFF 		bl	__aeabi_fadd	@
 160 008a 0346     		mov	r3, r0	@ tmp162,
 161 008c FB60     		str	r3, [r7, #12]	@ float	@ tmp162, fa
  87:src/main.c    ****     fb = fb + 1.67f;
 162              		.loc 1 87 0 discriminator 1
 163 008e B868     		ldr	r0, [r7, #8]	@ float	@, fb
 164 0090 0949     		ldr	r1, .L4+16	@ float	@,
 165 0092 FFF7FEFF 		bl	__aeabi_fadd	@
 166 0096 0346     		mov	r3, r0	@ tmp163,
 167 0098 BB60     		str	r3, [r7, #8]	@ float	@ tmp163, fb
  88:src/main.c    ****     fc = fa + fb;
 168              		.loc 1 88 0 discriminator 1
 169 009a F868     		ldr	r0, [r7, #12]	@ float	@, fa
 170 009c B968     		ldr	r1, [r7, #8]	@ float	@, fb
 171 009e FFF7FEFF 		bl	__aeabi_fadd	@
 172 00a2 0346     		mov	r3, r0	@ tmp164,
 173 00a4 3B60     		str	r3, [r7, #0]	@ float	@ tmp164, fc
  89:src/main.c    ****   }
 174              		.loc 1 89 0 discriminator 1
 175 00a6 E0E7     		b	.L2	@
 176              	.L5:
 177              		.align	2
 178              	.L4:
 179 00a8 6666A63F 		.word	1067869798
 180 00ac CDCC2C40 		.word	1076677837
 181 00b0 9A997940 		.word	1081711002
 182 00b4 66662640 		.word	1076258406
 183 00b8 8FC2D53F 		.word	1070973583
 184              		.cfi_endproc
 185              	.LFE0:
 186              		.size	main, .-main
 187              	.Letext0:
 188              		.file 2 "/usr/local/cross/lib/gcc/arm-none-eabi/4.7.1/../../../../arm-none-eabi/include/stdint.h"
 189              		.section	.debug_info,"",%progbits
 190              	.Ldebug_info0:
 191 0000 2E010000 		.4byte	0x12e
 192 0004 0200     		.2byte	0x2
 193 0006 00000000 		.4byte	.Ldebug_abbrev0
 194 000a 04       		.byte	0x4
 195 000b 01       		.uleb128 0x1
 196 000c BC000000 		.4byte	.LASF11
ARM GAS  /var/folders/5n/p_75w94d66l9ssrldxqdhh700000gn/T//cctZ13Fe.s 			page 6


 197 0010 01       		.byte	0x1
 198 0011 C8000000 		.4byte	.LASF12
 199 0015 00000000 		.4byte	.LASF13
 200 0019 00000000 		.4byte	.Ltext0
 201 001d BC000000 		.4byte	.Letext0
 202 0021 00000000 		.4byte	.Ldebug_line0
 203 0025 02       		.uleb128 0x2
 204 0026 01       		.byte	0x1
 205 0027 06       		.byte	0x6
 206 0028 EF000000 		.4byte	.LASF0
 207 002c 02       		.uleb128 0x2
 208 002d 01       		.byte	0x1
 209 002e 08       		.byte	0x8
 210 002f 3A000000 		.4byte	.LASF1
 211 0033 02       		.uleb128 0x2
 212 0034 02       		.byte	0x2
 213 0035 05       		.byte	0x5
 214 0036 D3000000 		.4byte	.LASF2
 215 003a 02       		.uleb128 0x2
 216 003b 02       		.byte	0x2
 217 003c 07       		.byte	0x7
 218 003d 5A000000 		.4byte	.LASF3
 219 0041 02       		.uleb128 0x2
 220 0042 04       		.byte	0x4
 221 0043 05       		.byte	0x5
 222 0044 E6000000 		.4byte	.LASF4
 223 0048 03       		.uleb128 0x3
 224 0049 DD000000 		.4byte	.LASF14
 225 004d 02       		.byte	0x2
 226 004e 50       		.byte	0x50
 227 004f 53000000 		.4byte	0x53
 228 0053 02       		.uleb128 0x2
 229 0054 04       		.byte	0x4
 230 0055 07       		.byte	0x7
 231 0056 48000000 		.4byte	.LASF5
 232 005a 02       		.uleb128 0x2
 233 005b 08       		.byte	0x8
 234 005c 05       		.byte	0x5
 235 005d AE000000 		.4byte	.LASF6
 236 0061 02       		.uleb128 0x2
 237 0062 08       		.byte	0x8
 238 0063 07       		.byte	0x7
 239 0064 7F000000 		.4byte	.LASF7
 240 0068 04       		.uleb128 0x4
 241 0069 04       		.byte	0x4
 242 006a 05       		.byte	0x5
 243 006b 696E7400 		.ascii	"int\000"
 244 006f 02       		.uleb128 0x2
 245 0070 04       		.byte	0x4
 246 0071 07       		.byte	0x7
 247 0072 72000000 		.4byte	.LASF8
 248 0076 05       		.uleb128 0x5
 249 0077 01       		.byte	0x1
 250 0078 6D000000 		.4byte	.LASF15
 251 007c 01       		.byte	0x1
 252 007d 41       		.byte	0x41
 253 007e 01       		.byte	0x1
ARM GAS  /var/folders/5n/p_75w94d66l9ssrldxqdhh700000gn/T//cctZ13Fe.s 			page 7


 254 007f 68000000 		.4byte	0x68
 255 0083 00000000 		.4byte	.LFB0
 256 0087 BC000000 		.4byte	.LFE0
 257 008b 00000000 		.4byte	.LLST0
 258 008f 01       		.byte	0x1
 259 0090 E0000000 		.4byte	0xe0
 260 0094 06       		.uleb128 0x6
 261 0095 6100     		.ascii	"a\000"
 262 0097 01       		.byte	0x1
 263 0098 43       		.byte	0x43
 264 0099 48000000 		.4byte	0x48
 265 009d 02       		.byte	0x2
 266 009e 91       		.byte	0x91
 267 009f 74       		.sleb128 -12
 268 00a0 06       		.uleb128 0x6
 269 00a1 6200     		.ascii	"b\000"
 270 00a3 01       		.byte	0x1
 271 00a4 44       		.byte	0x44
 272 00a5 48000000 		.4byte	0x48
 273 00a9 02       		.byte	0x2
 274 00aa 91       		.byte	0x91
 275 00ab 70       		.sleb128 -16
 276 00ac 06       		.uleb128 0x6
 277 00ad 6300     		.ascii	"c\000"
 278 00af 01       		.byte	0x1
 279 00b0 45       		.byte	0x45
 280 00b1 48000000 		.4byte	0x48
 281 00b5 02       		.byte	0x2
 282 00b6 91       		.byte	0x91
 283 00b7 64       		.sleb128 -28
 284 00b8 06       		.uleb128 0x6
 285 00b9 666100   		.ascii	"fa\000"
 286 00bc 01       		.byte	0x1
 287 00bd 46       		.byte	0x46
 288 00be E0000000 		.4byte	0xe0
 289 00c2 02       		.byte	0x2
 290 00c3 91       		.byte	0x91
 291 00c4 6C       		.sleb128 -20
 292 00c5 06       		.uleb128 0x6
 293 00c6 666200   		.ascii	"fb\000"
 294 00c9 01       		.byte	0x1
 295 00ca 47       		.byte	0x47
 296 00cb E0000000 		.4byte	0xe0
 297 00cf 02       		.byte	0x2
 298 00d0 91       		.byte	0x91
 299 00d1 68       		.sleb128 -24
 300 00d2 06       		.uleb128 0x6
 301 00d3 666300   		.ascii	"fc\000"
 302 00d6 01       		.byte	0x1
 303 00d7 48       		.byte	0x48
 304 00d8 E0000000 		.4byte	0xe0
 305 00dc 02       		.byte	0x2
 306 00dd 91       		.byte	0x91
 307 00de 60       		.sleb128 -32
 308 00df 00       		.byte	0
 309 00e0 02       		.uleb128 0x2
 310 00e1 04       		.byte	0x4
ARM GAS  /var/folders/5n/p_75w94d66l9ssrldxqdhh700000gn/T//cctZ13Fe.s 			page 8


 311 00e2 04       		.byte	0x4
 312 00e3 34000000 		.4byte	.LASF9
 313 00e7 06       		.uleb128 0x6
 314 00e8 6400     		.ascii	"d\000"
 315 00ea 01       		.byte	0x1
 316 00eb 33       		.byte	0x33
 317 00ec F6000000 		.4byte	0xf6
 318 00f0 05       		.byte	0x5
 319 00f1 03       		.byte	0x3
 320 00f2 00000000 		.4byte	d
 321 00f6 07       		.uleb128 0x7
 322 00f7 48000000 		.4byte	0x48
 323 00fb 06       		.uleb128 0x6
 324 00fc 666400   		.ascii	"fd\000"
 325 00ff 01       		.byte	0x1
 326 0100 34       		.byte	0x34
 327 0101 0B010000 		.4byte	0x10b
 328 0105 05       		.byte	0x5
 329 0106 03       		.byte	0x3
 330 0107 04000000 		.4byte	fd
 331 010b 07       		.uleb128 0x7
 332 010c E0000000 		.4byte	0xe0
 333 0110 06       		.uleb128 0x6
 334 0111 646400   		.ascii	"dd\000"
 335 0114 01       		.byte	0x1
 336 0115 35       		.byte	0x35
 337 0116 48000000 		.4byte	0x48
 338 011a 05       		.byte	0x5
 339 011b 03       		.byte	0x3
 340 011c 00000000 		.4byte	dd
 341 0120 08       		.uleb128 0x8
 342 0121 96000000 		.4byte	.LASF10
 343 0125 01       		.byte	0x1
 344 0126 38       		.byte	0x38
 345 0127 48000000 		.4byte	0x48
 346 012b 05       		.byte	0x5
 347 012c 03       		.byte	0x3
 348 012d 00000000 		.4byte	must_zero_after_startup
 349 0131 00       		.byte	0
 350              		.section	.debug_abbrev,"",%progbits
 351              	.Ldebug_abbrev0:
 352 0000 01       		.uleb128 0x1
 353 0001 11       		.uleb128 0x11
 354 0002 01       		.byte	0x1
 355 0003 25       		.uleb128 0x25
 356 0004 0E       		.uleb128 0xe
 357 0005 13       		.uleb128 0x13
 358 0006 0B       		.uleb128 0xb
 359 0007 03       		.uleb128 0x3
 360 0008 0E       		.uleb128 0xe
 361 0009 1B       		.uleb128 0x1b
 362 000a 0E       		.uleb128 0xe
 363 000b 11       		.uleb128 0x11
 364 000c 01       		.uleb128 0x1
 365 000d 12       		.uleb128 0x12
 366 000e 01       		.uleb128 0x1
 367 000f 10       		.uleb128 0x10
ARM GAS  /var/folders/5n/p_75w94d66l9ssrldxqdhh700000gn/T//cctZ13Fe.s 			page 9


 368 0010 06       		.uleb128 0x6
 369 0011 00       		.byte	0
 370 0012 00       		.byte	0
 371 0013 02       		.uleb128 0x2
 372 0014 24       		.uleb128 0x24
 373 0015 00       		.byte	0
 374 0016 0B       		.uleb128 0xb
 375 0017 0B       		.uleb128 0xb
 376 0018 3E       		.uleb128 0x3e
 377 0019 0B       		.uleb128 0xb
 378 001a 03       		.uleb128 0x3
 379 001b 0E       		.uleb128 0xe
 380 001c 00       		.byte	0
 381 001d 00       		.byte	0
 382 001e 03       		.uleb128 0x3
 383 001f 16       		.uleb128 0x16
 384 0020 00       		.byte	0
 385 0021 03       		.uleb128 0x3
 386 0022 0E       		.uleb128 0xe
 387 0023 3A       		.uleb128 0x3a
 388 0024 0B       		.uleb128 0xb
 389 0025 3B       		.uleb128 0x3b
 390 0026 0B       		.uleb128 0xb
 391 0027 49       		.uleb128 0x49
 392 0028 13       		.uleb128 0x13
 393 0029 00       		.byte	0
 394 002a 00       		.byte	0
 395 002b 04       		.uleb128 0x4
 396 002c 24       		.uleb128 0x24
 397 002d 00       		.byte	0
 398 002e 0B       		.uleb128 0xb
 399 002f 0B       		.uleb128 0xb
 400 0030 3E       		.uleb128 0x3e
 401 0031 0B       		.uleb128 0xb
 402 0032 03       		.uleb128 0x3
 403 0033 08       		.uleb128 0x8
 404 0034 00       		.byte	0
 405 0035 00       		.byte	0
 406 0036 05       		.uleb128 0x5
 407 0037 2E       		.uleb128 0x2e
 408 0038 01       		.byte	0x1
 409 0039 3F       		.uleb128 0x3f
 410 003a 0C       		.uleb128 0xc
 411 003b 03       		.uleb128 0x3
 412 003c 0E       		.uleb128 0xe
 413 003d 3A       		.uleb128 0x3a
 414 003e 0B       		.uleb128 0xb
 415 003f 3B       		.uleb128 0x3b
 416 0040 0B       		.uleb128 0xb
 417 0041 27       		.uleb128 0x27
 418 0042 0C       		.uleb128 0xc
 419 0043 49       		.uleb128 0x49
 420 0044 13       		.uleb128 0x13
 421 0045 11       		.uleb128 0x11
 422 0046 01       		.uleb128 0x1
 423 0047 12       		.uleb128 0x12
 424 0048 01       		.uleb128 0x1
ARM GAS  /var/folders/5n/p_75w94d66l9ssrldxqdhh700000gn/T//cctZ13Fe.s 			page 10


 425 0049 40       		.uleb128 0x40
 426 004a 06       		.uleb128 0x6
 427 004b 9642     		.uleb128 0x2116
 428 004d 0C       		.uleb128 0xc
 429 004e 01       		.uleb128 0x1
 430 004f 13       		.uleb128 0x13
 431 0050 00       		.byte	0
 432 0051 00       		.byte	0
 433 0052 06       		.uleb128 0x6
 434 0053 34       		.uleb128 0x34
 435 0054 00       		.byte	0
 436 0055 03       		.uleb128 0x3
 437 0056 08       		.uleb128 0x8
 438 0057 3A       		.uleb128 0x3a
 439 0058 0B       		.uleb128 0xb
 440 0059 3B       		.uleb128 0x3b
 441 005a 0B       		.uleb128 0xb
 442 005b 49       		.uleb128 0x49
 443 005c 13       		.uleb128 0x13
 444 005d 02       		.uleb128 0x2
 445 005e 0A       		.uleb128 0xa
 446 005f 00       		.byte	0
 447 0060 00       		.byte	0
 448 0061 07       		.uleb128 0x7
 449 0062 26       		.uleb128 0x26
 450 0063 00       		.byte	0
 451 0064 49       		.uleb128 0x49
 452 0065 13       		.uleb128 0x13
 453 0066 00       		.byte	0
 454 0067 00       		.byte	0
 455 0068 08       		.uleb128 0x8
 456 0069 34       		.uleb128 0x34
 457 006a 00       		.byte	0
 458 006b 03       		.uleb128 0x3
 459 006c 0E       		.uleb128 0xe
 460 006d 3A       		.uleb128 0x3a
 461 006e 0B       		.uleb128 0xb
 462 006f 3B       		.uleb128 0x3b
 463 0070 0B       		.uleb128 0xb
 464 0071 49       		.uleb128 0x49
 465 0072 13       		.uleb128 0x13
 466 0073 02       		.uleb128 0x2
 467 0074 0A       		.uleb128 0xa
 468 0075 00       		.byte	0
 469 0076 00       		.byte	0
 470 0077 00       		.byte	0
 471              		.section	.debug_loc,"",%progbits
 472              	.Ldebug_loc0:
 473              	.LLST0:
 474 0000 00000000 		.4byte	.LFB0-.Ltext0
 475 0004 02000000 		.4byte	.LCFI0-.Ltext0
 476 0008 0200     		.2byte	0x2
 477 000a 7D       		.byte	0x7d
 478 000b 00       		.sleb128 0
 479 000c 02000000 		.4byte	.LCFI0-.Ltext0
 480 0010 04000000 		.4byte	.LCFI1-.Ltext0
 481 0014 0200     		.2byte	0x2
ARM GAS  /var/folders/5n/p_75w94d66l9ssrldxqdhh700000gn/T//cctZ13Fe.s 			page 11


 482 0016 7D       		.byte	0x7d
 483 0017 08       		.sleb128 8
 484 0018 04000000 		.4byte	.LCFI1-.Ltext0
 485 001c 06000000 		.4byte	.LCFI2-.Ltext0
 486 0020 0200     		.2byte	0x2
 487 0022 7D       		.byte	0x7d
 488 0023 20       		.sleb128 32
 489 0024 06000000 		.4byte	.LCFI2-.Ltext0
 490 0028 BC000000 		.4byte	.LFE0-.Ltext0
 491 002c 0200     		.2byte	0x2
 492 002e 77       		.byte	0x77
 493 002f 20       		.sleb128 32
 494 0030 00000000 		.4byte	0
 495 0034 00000000 		.4byte	0
 496              		.section	.debug_aranges,"",%progbits
 497 0000 1C000000 		.4byte	0x1c
 498 0004 0200     		.2byte	0x2
 499 0006 00000000 		.4byte	.Ldebug_info0
 500 000a 04       		.byte	0x4
 501 000b 00       		.byte	0
 502 000c 0000     		.2byte	0
 503 000e 0000     		.2byte	0
 504 0010 00000000 		.4byte	.Ltext0
 505 0014 BC000000 		.4byte	.Letext0-.Ltext0
 506 0018 00000000 		.4byte	0
 507 001c 00000000 		.4byte	0
 508              		.section	.debug_line,"",%progbits
 509              	.Ldebug_line0:
 510 0000 C6000000 		.section	.debug_str,"MS",%progbits,1
 510      02007C00 
 510      00000201 
 510      FB0E0D00 
 510      01010101 
 511              	.LASF13:
 512 0000 2F557365 		.ascii	"/Users/sin/Documents/Workspace/STM32F4/yagarto_Test"
 512      72732F73 
 512      696E2F44 
 512      6F63756D 
 512      656E7473 
 513 0033 00       		.ascii	"\000"
 514              	.LASF9:
 515 0034 666C6F61 		.ascii	"float\000"
 515      7400
 516              	.LASF1:
 517 003a 756E7369 		.ascii	"unsigned char\000"
 517      676E6564 
 517      20636861 
 517      7200
 518              	.LASF5:
 519 0048 6C6F6E67 		.ascii	"long unsigned int\000"
 519      20756E73 
 519      69676E65 
 519      6420696E 
 519      7400
 520              	.LASF3:
 521 005a 73686F72 		.ascii	"short unsigned int\000"
 521      7420756E 
ARM GAS  /var/folders/5n/p_75w94d66l9ssrldxqdhh700000gn/T//cctZ13Fe.s 			page 12


 521      7369676E 
 521      65642069 
 521      6E7400
 522              	.LASF15:
 523 006d 6D61696E 		.ascii	"main\000"
 523      00
 524              	.LASF8:
 525 0072 756E7369 		.ascii	"unsigned int\000"
 525      676E6564 
 525      20696E74 
 525      00
 526              	.LASF7:
 527 007f 6C6F6E67 		.ascii	"long long unsigned int\000"
 527      206C6F6E 
 527      6720756E 
 527      7369676E 
 527      65642069 
 528              	.LASF10:
 529 0096 6D757374 		.ascii	"must_zero_after_startup\000"
 529      5F7A6572 
 529      6F5F6166 
 529      7465725F 
 529      73746172 
 530              	.LASF6:
 531 00ae 6C6F6E67 		.ascii	"long long int\000"
 531      206C6F6E 
 531      6720696E 
 531      7400
 532              	.LASF11:
 533 00bc 474E5520 		.ascii	"GNU C 4.7.1\000"
 533      4320342E 
 533      372E3100 
 534              	.LASF12:
 535 00c8 7372632F 		.ascii	"src/main.c\000"
 535      6D61696E 
 535      2E6300
 536              	.LASF2:
 537 00d3 73686F72 		.ascii	"short int\000"
 537      7420696E 
 537      7400
 538              	.LASF14:
 539 00dd 75696E74 		.ascii	"uint32_t\000"
 539      33325F74 
 539      00
 540              	.LASF4:
 541 00e6 6C6F6E67 		.ascii	"long int\000"
 541      20696E74 
 541      00
 542              	.LASF0:
 543 00ef 7369676E 		.ascii	"signed char\000"
 543      65642063 
 543      68617200 
 544              		.ident	"GCC: (GNU) 4.7.1"
ARM GAS  /var/folders/5n/p_75w94d66l9ssrldxqdhh700000gn/T//cctZ13Fe.s 			page 13


DEFINED SYMBOLS
                            *ABS*:0000000000000000 main.c
/var/folders/5n/p_75w94d66l9ssrldxqdhh700000gn/T//cctZ13Fe.s:48     .rodata:0000000000000000 $d
/var/folders/5n/p_75w94d66l9ssrldxqdhh700000gn/T//cctZ13Fe.s:51     .rodata:0000000000000000 d
/var/folders/5n/p_75w94d66l9ssrldxqdhh700000gn/T//cctZ13Fe.s:56     .rodata:0000000000000004 fd
/var/folders/5n/p_75w94d66l9ssrldxqdhh700000gn/T//cctZ13Fe.s:59     .data:0000000000000000 $d
/var/folders/5n/p_75w94d66l9ssrldxqdhh700000gn/T//cctZ13Fe.s:62     .data:0000000000000000 dd
/var/folders/5n/p_75w94d66l9ssrldxqdhh700000gn/T//cctZ13Fe.s:65     .bss:0000000000000000 $d
/var/folders/5n/p_75w94d66l9ssrldxqdhh700000gn/T//cctZ13Fe.s:66     .bss:0000000000000000 must_zero_after_startup
/var/folders/5n/p_75w94d66l9ssrldxqdhh700000gn/T//cctZ13Fe.s:70     .text:0000000000000000 $t
/var/folders/5n/p_75w94d66l9ssrldxqdhh700000gn/T//cctZ13Fe.s:75     .text:0000000000000000 main
/var/folders/5n/p_75w94d66l9ssrldxqdhh700000gn/T//cctZ13Fe.s:179    .text:00000000000000a8 $d
                     .debug_frame:0000000000000010 $d

UNDEFINED SYMBOLS
__aeabi_fadd
