Archive member included because of file (symbol)

/usr/local/cross/lib/gcc/avr/4.7.2/../../../../avr/lib/avr5/libprintf_min.a(vfprintf_min.o)
                              (vfprintf)
/usr/local/cross/lib/gcc/avr/4.7.2/../../../../avr/lib/avr5/libscanf_min.a(vfscanf_min.o)
                              (vfscanf)
/usr/local/cross/lib/gcc/avr/4.7.2/avr5/libgcc.a(_umulhisi3.o)
                              ../../os/hal/platforms/AVR/atmega_timers.o (__umulhisi3)
/usr/local/cross/lib/gcc/avr/4.7.2/avr5/libgcc.a(_mulsi3.o)
                              ../../os/hal/platforms/AVR/atmega_timers.o (__mulsi3)
/usr/local/cross/lib/gcc/avr/4.7.2/avr5/libgcc.a(_udivmodhi4.o)
                              ../../os/hal/platforms/AVR/adc_lld.o (__udivmodhi4)
/usr/local/cross/lib/gcc/avr/4.7.2/avr5/libgcc.a(_udivmodsi4.o)
                              ../../os/hal/platforms/AVR/hal_lld.o (__udivmodsi4)
/usr/local/cross/lib/gcc/avr/4.7.2/avr5/libgcc.a(_divmodsi4.o)
                              ../../os/various/chprintf.o (__divmodsi4)
/usr/local/cross/lib/gcc/avr/4.7.2/avr5/libgcc.a(_prologue.o)
                              /usr/local/cross/lib/gcc/avr/4.7.2/../../../../avr/lib/avr5/libprintf_min.a(vfprintf_min.o) (__prologue_saves__)
/usr/local/cross/lib/gcc/avr/4.7.2/avr5/libgcc.a(_epilogue.o)
                              /usr/local/cross/lib/gcc/avr/4.7.2/../../../../avr/lib/avr5/libprintf_min.a(vfprintf_min.o) (__epilogue_restores__)
/usr/local/cross/lib/gcc/avr/4.7.2/avr5/libgcc.a(_exit.o)
                              /usr/local/cross/lib/gcc/avr/4.7.2/../../../../avr/lib/avr5/crtm644p.o (exit)
/usr/local/cross/lib/gcc/avr/4.7.2/avr5/libgcc.a(_copy_data.o)
                              ../../os/kernel/src/chsys.o (__do_copy_data)
/usr/local/cross/lib/gcc/avr/4.7.2/avr5/libgcc.a(_clear_bss.o)
                              ../../os/kernel/src/chsys.o (__do_clear_bss)
/usr/local/cross/lib/gcc/avr/4.7.2/avr5/libgcc.a(_muluhisi3.o)
                              /usr/local/cross/lib/gcc/avr/4.7.2/avr5/libgcc.a(_mulsi3.o) (__muluhisi3)
/usr/local/cross/lib/gcc/avr/4.7.2/../../../../avr/lib/avr5/libc.a(isspace.o)
                              /usr/local/cross/lib/gcc/avr/4.7.2/../../../../avr/lib/avr5/libscanf_min.a(vfscanf_min.o) (isspace)
/usr/local/cross/lib/gcc/avr/4.7.2/../../../../avr/lib/avr5/libc.a(strchr_P.o)
                              /usr/local/cross/lib/gcc/avr/4.7.2/../../../../avr/lib/avr5/libprintf_min.a(vfprintf_min.o) (strchr_P)
/usr/local/cross/lib/gcc/avr/4.7.2/../../../../avr/lib/avr5/libc.a(fgetc.o)
                              /usr/local/cross/lib/gcc/avr/4.7.2/../../../../avr/lib/avr5/libscanf_min.a(vfscanf_min.o) (fgetc)
/usr/local/cross/lib/gcc/avr/4.7.2/../../../../avr/lib/avr5/libc.a(fputc.o)
                              /usr/local/cross/lib/gcc/avr/4.7.2/../../../../avr/lib/avr5/libprintf_min.a(vfprintf_min.o) (fputc)
/usr/local/cross/lib/gcc/avr/4.7.2/../../../../avr/lib/avr5/libc.a(ungetc.o)
                              /usr/local/cross/lib/gcc/avr/4.7.2/../../../../avr/lib/avr5/libscanf_min.a(vfscanf_min.o) (ungetc)
/usr/local/cross/lib/gcc/avr/4.7.2/../../../../avr/lib/avr5/libc.a(ultoa_invert.o)
                              /usr/local/cross/lib/gcc/avr/4.7.2/../../../../avr/lib/avr5/libprintf_min.a(vfprintf_min.o) (__ultoa_invert)
/usr/local/cross/lib/gcc/avr/4.7.2/../../../../avr/lib/avr5/libc.a(cty_isfalse.o)
                              /usr/local/cross/lib/gcc/avr/4.7.2/../../../../avr/lib/avr5/libc.a(isspace.o) (__ctype_isfalse)

Allocating common symbols
Common symbol       size              file

ADCD1               0x15              ../../os/hal/platforms/AVR/adc_lld.o
SPID1               0x13              ../../os/hal/platforms/AVR/spi_lld.o
PWMD2               0x5               ../../os/hal/platforms/AVR/pwm_lld.o
vtlist              0x8               ../../os/kernel/src/chvt.o
rlist               0xd               ../../os/kernel/src/chschd.o
PWMD1               0x5               ../../os/hal/platforms/AVR/pwm_lld.o
_idle_thread_wa     0x6d              ../../os/kernel/src/chsys.o
SD1                 0x49              ../../os/hal/platforms/AVR/serial_lld.o

Memory Configuration

Name             Origin             Length             Attributes
text             0x0000000000000000 0x0000000000020000 xr
data             0x0000000000800060 0x000000000000ffa0 rw !x
eeprom           0x0000000000810000 0x0000000000010000 rw !x
fuse             0x0000000000820000 0x0000000000000400 rw !x
lock             0x0000000000830000 0x0000000000000400 rw !x
signature        0x0000000000840000 0x0000000000000400 rw !x
*default*        0x0000000000000000 0xffffffffffffffff

Linker script and memory map

Address of section .data set to 0x800100
LOAD /usr/local/cross/lib/gcc/avr/4.7.2/../../../../avr/lib/avr5/crtm644p.o
LOAD ../../os/ports/GCC/AVR/chcore.o
LOAD ../../os/kernel/src/chsys.o
LOAD ../../os/kernel/src/chdebug.o
LOAD ../../os/kernel/src/chlists.o
LOAD ../../os/kernel/src/chvt.o
LOAD ../../os/kernel/src/chschd.o
LOAD ../../os/kernel/src/chthreads.o
LOAD ../../os/kernel/src/chdynamic.o
LOAD ../../os/kernel/src/chregistry.o
LOAD ../../os/kernel/src/chsem.o
LOAD ../../os/kernel/src/chmtx.o
LOAD ../../os/kernel/src/chcond.o
LOAD ../../os/kernel/src/chevents.o
LOAD ../../os/kernel/src/chmsg.o
LOAD ../../os/kernel/src/chmboxes.o
LOAD ../../os/kernel/src/chqueues.o
LOAD ../../os/kernel/src/chmemcore.o
LOAD ../../os/kernel/src/chheap.o
LOAD ../../os/kernel/src/chmempools.o
LOAD ../../os/hal/src/hal.o
LOAD ../../os/hal/src/adc.o
LOAD ../../os/hal/src/can.o
LOAD ../../os/hal/src/ext.o
LOAD ../../os/hal/src/gpt.o
LOAD ../../os/hal/src/i2c.o
LOAD ../../os/hal/src/icu.o
LOAD ../../os/hal/src/mac.o
LOAD ../../os/hal/src/mmc_spi.o
LOAD ../../os/hal/src/mmcsd.o
LOAD ../../os/hal/src/pal.o
LOAD ../../os/hal/src/pwm.o
LOAD ../../os/hal/src/rtc.o
LOAD ../../os/hal/src/sdc.o
LOAD ../../os/hal/src/serial.o
LOAD ../../os/hal/src/serial_usb.o
LOAD ../../os/hal/src/spi.o
LOAD ../../os/hal/src/tm.o
LOAD ../../os/hal/src/uart.o
LOAD ../../os/hal/src/usb.o
LOAD ../../os/hal/platforms/AVR/hal_lld.o
LOAD ../../os/hal/platforms/AVR/pal_lld.o
LOAD ../../os/hal/platforms/AVR/serial_lld.o
LOAD ../../os/hal/platforms/AVR/adc_lld.o
LOAD ../../os/hal/platforms/AVR/i2c_lld.o
LOAD ../../os/hal/platforms/AVR/pwm_lld.o
LOAD ../../os/hal/platforms/AVR/spi_lld.o
LOAD ../../os/hal/platforms/AVR/gpt_lld.o
LOAD ../../os/hal/platforms/AVR/atmega_timers.o
LOAD ../../boards/ARDUINO_GENERIC/board.o
LOAD ../../os/various/evtimer.o
LOAD ../../os/various/chprintf.o
LOAD main.o
LOAD /usr/local/cross/lib/gcc/avr/4.7.2/../../../../avr/lib/avr5/libprintf_min.a
LOAD /usr/local/cross/lib/gcc/avr/4.7.2/../../../../avr/lib/avr5/libscanf_min.a
LOAD /usr/local/cross/lib/gcc/avr/4.7.2/../../../../avr/lib/avr5/libm.a
LOAD /usr/local/cross/lib/gcc/avr/4.7.2/avr5/libgcc.a
LOAD /usr/local/cross/lib/gcc/avr/4.7.2/../../../../avr/lib/avr5/libc.a
LOAD /usr/local/cross/lib/gcc/avr/4.7.2/avr5/libgcc.a

.hash
 *(.hash)

.dynsym
 *(.dynsym)

.dynstr
 *(.dynstr)

.gnu.version
 *(.gnu.version)

.gnu.version_d
 *(.gnu.version_d)

.gnu.version_r
 *(.gnu.version_r)

.rel.init
 *(.rel.init)

.rela.init
 *(.rela.init)

.rel.text
 *(.rel.text)
 *(.rel.text.*)
 *(.rel.gnu.linkonce.t*)

.rela.text
 *(.rela.text)
 *(.rela.text.*)
 *(.rela.gnu.linkonce.t*)

.rel.fini
 *(.rel.fini)

.rela.fini
 *(.rela.fini)

.rel.rodata
 *(.rel.rodata)
 *(.rel.rodata.*)
 *(.rel.gnu.linkonce.r*)

.rela.rodata
 *(.rela.rodata)
 *(.rela.rodata.*)
 *(.rela.gnu.linkonce.r*)

.rel.data
 *(.rel.data)
 *(.rel.data.*)
 *(.rel.gnu.linkonce.d*)

.rela.data
 *(.rela.data)
 *(.rela.data.*)
 *(.rela.gnu.linkonce.d*)

.rel.ctors
 *(.rel.ctors)

.rela.ctors
 *(.rela.ctors)

.rel.dtors
 *(.rel.dtors)

.rela.dtors
 *(.rela.dtors)

.rel.got
 *(.rel.got)

.rela.got
 *(.rela.got)

.rel.bss
 *(.rel.bss)

.rela.bss
 *(.rela.bss)

.rel.plt
 *(.rel.plt)

.rela.plt
 *(.rela.plt)

.text           0x0000000000000000     0x3fd6
 *(.vectors)
 .vectors       0x0000000000000000       0x7c /usr/local/cross/lib/gcc/avr/4.7.2/../../../../avr/lib/avr5/crtm644p.o
                0x0000000000000000                __vectors
                0x0000000000000000                __vector_default
 *(.vectors)
 *(.progmem.gcc*)
 *(.progmem*)
 .progmem.data  0x000000000000007c       0x17 /usr/local/cross/lib/gcc/avr/4.7.2/../../../../avr/lib/avr5/libprintf_min.a(vfprintf_min.o)
 .progmem.data  0x0000000000000093        0xb /usr/local/cross/lib/gcc/avr/4.7.2/../../../../avr/lib/avr5/libscanf_min.a(vfscanf_min.o)
                0x000000000000009e                . = ALIGN (0x2)
                0x000000000000009e                __trampolines_start = .
 *(.trampolines)
 .trampolines   0x000000000000009e        0x0 linker stubs
 *(.trampolines*)
                0x000000000000009e                __trampolines_end = .
 *(.jumptables)
 *(.jumptables*)
 *(.lowtext)
 *(.lowtext*)
                0x000000000000009e                __ctors_start = .
 *(.ctors)
                0x000000000000009e                __ctors_end = .
                0x000000000000009e                __dtors_start = .
 *(.dtors)
                0x000000000000009e                __dtors_end = .
 SORT(*)(.ctors)
 SORT(*)(.dtors)
 *(.init0)
 .init0         0x000000000000009e        0x0 /usr/local/cross/lib/gcc/avr/4.7.2/../../../../avr/lib/avr5/crtm644p.o
                0x000000000000009e                __init
 *(.init0)
 *(.init1)
 *(.init1)
 *(.init2)
 .init2         0x000000000000009e        0xc /usr/local/cross/lib/gcc/avr/4.7.2/../../../../avr/lib/avr5/crtm644p.o
 *(.init2)
 *(.init3)
 *(.init3)
 *(.init4)
 .init4         0x00000000000000aa       0x16 /usr/local/cross/lib/gcc/avr/4.7.2/avr5/libgcc.a(_copy_data.o)
                0x00000000000000aa                __do_copy_data
 .init4         0x00000000000000c0       0x10 /usr/local/cross/lib/gcc/avr/4.7.2/avr5/libgcc.a(_clear_bss.o)
                0x00000000000000c0                __do_clear_bss
 *(.init4)
 *(.init5)
 *(.init5)
 *(.init6)
 *(.init6)
 *(.init7)
 *(.init7)
 *(.init8)
 *(.init8)
 *(.init9)
 .init9         0x00000000000000d0        0x8 /usr/local/cross/lib/gcc/avr/4.7.2/../../../../avr/lib/avr5/crtm644p.o
 *(.init9)
 *(.text)
 .text          0x00000000000000d8        0x4 /usr/local/cross/lib/gcc/avr/4.7.2/../../../../avr/lib/avr5/crtm644p.o
                0x00000000000000d8                __vector_18
                0x00000000000000d8                __vector_28
                0x00000000000000d8                __vector_1
                0x00000000000000d8                __vector_12
                0x00000000000000d8                __bad_interrupt
                0x00000000000000d8                __vector_6
                0x00000000000000d8                __vector_3
                0x00000000000000d8                __vector_23
                0x00000000000000d8                __vector_30
                0x00000000000000d8                __vector_25
                0x00000000000000d8                __vector_17
                0x00000000000000d8                __vector_7
                0x00000000000000d8                __vector_27
                0x00000000000000d8                __vector_5
                0x00000000000000d8                __vector_4
                0x00000000000000d8                __vector_2
                0x00000000000000d8                __vector_29
                0x00000000000000d8                __vector_8
                0x00000000000000d8                __vector_26
                0x00000000000000d8                __vector_22
 .text          0x00000000000000dc       0xc2 ../../os/ports/GCC/AVR/chcore.o
                0x00000000000000dc                __vector_16
                0x000000000000012e                port_switch
                0x000000000000018c                port_halt
                0x0000000000000190                _port_thread_start
 .text          0x000000000000019e      0x10e ../../os/kernel/src/chsys.o
                0x000000000000019e                _idle_thread
                0x00000000000001b0                chSysInit
                0x0000000000000202                chSysTimerHandlerI
 .text          0x00000000000002ac        0x0 ../../os/kernel/src/chdebug.o
 .text          0x00000000000002ac        0x0 ../../os/kernel/src/chlists.o
 .text          0x00000000000002ac      0x112 ../../os/kernel/src/chvt.o
                0x00000000000002ac                _vt_init
                0x00000000000002d2                chVTSetI
                0x000000000000034a                chVTResetI
                0x0000000000000392                chTimeIsWithin
 .text          0x00000000000003be      0x3a6 ../../os/kernel/src/chschd.o
                0x0000000000000456                _scheduler_init
                0x000000000000047c                chSchReadyI
                0x00000000000004c0                chSchGoSleepS
                0x0000000000000502                chSchGoSleepTimeoutS
                0x0000000000000574                chSchWakeupS
                0x0000000000000610                chSchIsPreemptionRequired
                0x000000000000063c                chSchDoRescheduleBehind
                0x00000000000006ba                chSchDoRescheduleAhead
                0x0000000000000730                chSchRescheduleS
                0x0000000000000750                chSchDoReschedule
 .text          0x0000000000000764      0x264 ../../os/kernel/src/chthreads.o
                0x0000000000000764                _thread_init
                0x00000000000007c2                chThdCreateI
                0x0000000000000866                chThdCreateStatic
                0x0000000000000884                chThdSetPriority
                0x00000000000008ac                chThdResume
                0x00000000000008ca                chThdTerminate
                0x00000000000008d8                chThdSleep
                0x00000000000008e6                chThdSleepUntil
                0x0000000000000902                chThdYield
                0x0000000000000926                chThdExitS
                0x000000000000098e                chThdExit
                0x0000000000000994                chThdWait
 .text          0x00000000000009c8        0x0 ../../os/kernel/src/chdynamic.o
 .text          0x00000000000009c8       0x2a ../../os/kernel/src/chregistry.o
                0x00000000000009c8                chRegFirstThread
                0x00000000000009d6                chRegNextThread
 .text          0x00000000000009f2      0x29e ../../os/kernel/src/chsem.o
                0x00000000000009f2                chSemInit
                0x0000000000000a00                chSemResetI
                0x0000000000000a4e                chSemReset
                0x0000000000000a5c                chSemWaitS
                0x0000000000000abc                chSemWait
                0x0000000000000ac6                chSemWaitTimeoutS
                0x0000000000000b26                chSemWaitTimeout
                0x0000000000000b30                chSemSignal
                0x0000000000000b70                chSemSignalI
                0x0000000000000ba8                chSemAddCounterI
                0x0000000000000bee                chSemSignalWait
 .text          0x0000000000000c90      0x3dc ../../os/kernel/src/chmtx.o
                0x0000000000000c90                chMtxInit
                0x0000000000000ca0                chMtxLockS
                0x0000000000000e20                chMtxLock
                0x0000000000000e2a                chMtxTryLock
                0x0000000000000e66                chMtxTryLockS
                0x0000000000000e9c                chMtxUnlock
                0x0000000000000f3a                chMtxUnlockS
                0x0000000000000fce                chMtxUnlockAll
 .text          0x000000000000106c      0x1ee ../../os/kernel/src/chcond.o
                0x000000000000106c                chCondInit
                0x0000000000001078                chCondSignal
                0x00000000000010ac                chCondSignalI
                0x00000000000010de                chCondBroadcastI
                0x0000000000001122                chCondBroadcast
                0x0000000000001130                chCondWaitS
                0x00000000000011ac                chCondWait
                0x00000000000011b6                chCondWaitTimeoutS
                0x0000000000001250                chCondWaitTimeout
 .text          0x000000000000125a      0x33a ../../os/kernel/src/chevents.o
                0x000000000000125a                chEvtRegisterMask
                0x0000000000001282                chEvtUnregister
                0x00000000000012a8                chEvtGetAndClearEvents
                0x00000000000012c2                chEvtAddEvents
                0x00000000000012d6                chEvtGetAndClearFlags
                0x00000000000012e2                chEvtSignalI
                0x0000000000001314                chEvtSignal
                0x0000000000001322                chEvtBroadcastFlagsI
                0x0000000000001364                chEvtBroadcastFlags
                0x0000000000001372                chEvtGetAndClearFlagsI
                0x000000000000137a                chEvtDispatch
                0x00000000000013dc                chEvtWaitOne
                0x000000000000141c                chEvtWaitAny
                0x0000000000001454                chEvtWaitAll
                0x000000000000148c                chEvtWaitOneTimeout
                0x00000000000014ea                chEvtWaitAnyTimeout
                0x0000000000001542                chEvtWaitAllTimeout
 .text          0x0000000000001594       0xb2 ../../os/kernel/src/chmsg.o
                0x0000000000001594                chMsgSend
                0x00000000000015e2                chMsgWait
                0x000000000000163c                chMsgRelease
 .text          0x0000000000001646      0x282 ../../os/kernel/src/chmboxes.o
                0x0000000000001646                chMBInit
                0x000000000000167c                chMBReset
                0x00000000000016ba                chMBPostS
                0x0000000000001714                chMBPost
                0x000000000000171e                chMBPostI
                0x0000000000001760                chMBPostAheadS
                0x00000000000017be                chMBPostAhead
                0x00000000000017c8                chMBPostAheadI
                0x000000000000180e                chMBFetchS
                0x000000000000186e                chMBFetch
                0x0000000000001878                chMBFetchI
 .text          0x00000000000018c8      0x4a0 ../../os/kernel/src/chqueues.o
                0x0000000000001908                chIQInit
                0x000000000000193c                chIQResetI
                0x0000000000001990                chIQPutI
                0x0000000000001a22                chIQGetTimeout
                0x0000000000001a90                chIQReadTimeout
                0x0000000000001b34                chOQInit
                0x0000000000001b68                chOQResetI
                0x0000000000001bc4                chOQPutTimeout
                0x0000000000001c3e                chOQGetI
                0x0000000000001cc0                chOQWriteTimeout
 .text          0x0000000000001d68        0x0 ../../os/kernel/src/chmemcore.o
 .text          0x0000000000001d68        0x0 ../../os/kernel/src/chheap.o
 .text          0x0000000000001d68        0x0 ../../os/kernel/src/chmempools.o
 .text          0x0000000000001d68       0x20 ../../os/hal/src/hal.o
                0x0000000000001d68                halInit
 .text          0x0000000000001d88      0x150 ../../os/hal/src/adc.o
                0x0000000000001d88                adcInit
                0x0000000000001d8c                adcObjectInit
                0x0000000000001dae                adcStart
                0x0000000000001dca                adcStop
                0x0000000000001de2                adcStartConversion
                0x0000000000001dfe                adcStartConversionI
                0x0000000000001e14                adcStopConversion
                0x0000000000001e4c                adcStopConversionI
                0x0000000000001e8a                adcConvert
                0x0000000000001ece                adcAcquireBus
                0x0000000000001ed4                adcReleaseBus
 .text          0x0000000000001ed8        0x0 ../../os/hal/src/can.o
 .text          0x0000000000001ed8        0x0 ../../os/hal/src/ext.o
 .text          0x0000000000001ed8        0x0 ../../os/hal/src/gpt.o
 .text          0x0000000000001ed8        0x0 ../../os/hal/src/i2c.o
 .text          0x0000000000001ed8        0x0 ../../os/hal/src/icu.o
 .text          0x0000000000001ed8        0x0 ../../os/hal/src/mac.o
 .text          0x0000000000001ed8        0x0 ../../os/hal/src/mmc_spi.o
 .text          0x0000000000001ed8        0x0 ../../os/hal/src/mmcsd.o
 .text          0x0000000000001ed8       0x6c ../../os/hal/src/pal.o
                0x0000000000001ed8                palReadBus
                0x0000000000001ef4                palWriteBus
                0x0000000000001f26                palSetBusMode
 .text          0x0000000000001f44       0x74 ../../os/hal/src/pwm.o
                0x0000000000001f44                pwmInit
                0x0000000000001f48                pwmObjectInit
                0x0000000000001f54                pwmStart
                0x0000000000001f7c                pwmStop
                0x0000000000001f94                pwmChangePeriod
                0x0000000000001fa4                pwmEnableChannel
                0x0000000000001fae                pwmDisableChannel
 .text          0x0000000000001fb8        0x0 ../../os/hal/src/rtc.o
 .text          0x0000000000001fb8        0x0 ../../os/hal/src/sdc.o
 .text          0x0000000000001fb8      0x16a ../../os/hal/src/serial.o
                0x0000000000001ff8                sdInit
                0x0000000000001ffc                sdObjectInit
                0x0000000000002056                sdStart
                0x000000000000206e                sdStop
                0x000000000000209a                sdIncomingDataI
                0x00000000000020ea                sdRequestDataI
 .text          0x0000000000002122        0x0 ../../os/hal/src/serial_usb.o
 .text          0x0000000000002122      0x18c ../../os/hal/src/spi.o
                0x0000000000002122                spiInit
                0x0000000000002126                spiObjectInit
                0x000000000000213a                spiStart
                0x0000000000002160                spiStop
                0x0000000000002188                spiSelect
                0x0000000000002196                spiUnselect
                0x00000000000021a4                spiStartIgnore
                0x00000000000021b6                spiStartExchange
                0x00000000000021c8                spiStartSend
                0x00000000000021da                spiStartReceive
                0x00000000000021ec                spiIgnore
                0x000000000000221a                spiExchange
                0x0000000000002248                spiSend
                0x0000000000002276                spiReceive
                0x00000000000022a4                spiAcquireBus
                0x00000000000022aa                spiReleaseBus
 .text          0x00000000000022ae        0x0 ../../os/hal/src/tm.o
 .text          0x00000000000022ae        0x0 ../../os/hal/src/uart.o
 .text          0x00000000000022ae        0x0 ../../os/hal/src/usb.o
 .text          0x00000000000022ae       0x66 ../../os/hal/platforms/AVR/hal_lld.o
                0x00000000000022ae                hal_lld_init
 .text          0x0000000000002314       0x6c ../../os/hal/platforms/AVR/pal_lld.o
                0x0000000000002314                _pal_lld_init
                0x0000000000002338                _pal_lld_setgroupmode
 .text          0x0000000000002380      0x188 ../../os/hal/platforms/AVR/serial_lld.o
                0x000000000000238c                __vector_20
                0x000000000000240c                __vector_21
                0x0000000000002476                sd_lld_init
                0x0000000000002486                sd_lld_start
                0x00000000000024f2                sd_lld_stop
 .text          0x0000000000002508      0x320 ../../os/hal/platforms/AVR/adc_lld.o
                0x0000000000002508                __vector_24
                0x0000000000002766                adc_lld_init
                0x000000000000277e                adc_lld_start
                0x00000000000027b0                adc_lld_stop
                0x00000000000027c6                adc_lld_start_conversion
                0x000000000000281c                adc_lld_stop_conversion
 .text          0x0000000000002828        0x0 ../../os/hal/platforms/AVR/i2c_lld.o
 .text          0x0000000000002828      0x596 ../../os/hal/platforms/AVR/pwm_lld.o
                0x0000000000002828                getTimerIndex
                0x0000000000002834                __vector_15
                0x0000000000002896                __vector_13
                0x00000000000028f8                __vector_14
                0x000000000000295a                __vector_11
                0x00000000000029bc                __vector_9
                0x0000000000002a1e                __vector_10
                0x0000000000002a80                pwm_lld_init
                0x0000000000002aa8                pwm_lld_start
                0x0000000000002af2                pwm_lld_stop
                0x0000000000002b0c                pwm_lld_change_period
                0x0000000000002b0e                pwm_lld_enable_channel
                0x0000000000002d52                pwm_lld_disable_channel
 .text          0x0000000000002dbe      0x22e ../../os/hal/platforms/AVR/spi_lld.o
                0x0000000000002e06                __vector_19
                0x0000000000002f00                spi_lld_init
                0x0000000000002f08                spi_lld_start
                0x0000000000002f4a                spi_lld_stop
                0x0000000000002f60                spi_lld_select
                0x0000000000002f6e                spi_lld_unselect
                0x0000000000002f7c                spi_lld_ignore
                0x0000000000002f8e                spi_lld_exchange
                0x0000000000002fa0                spi_lld_send
                0x0000000000002fb2                spi_lld_receive
                0x0000000000002fc4                spi_lld_polled_exchange
 .text          0x0000000000002fec        0x0 ../../os/hal/platforms/AVR/gpt_lld.o
 .text          0x0000000000002fec      0x11c ../../os/hal/platforms/AVR/atmega_timers.o
                0x0000000000002fec                findBestPrescaler
 .text          0x0000000000003108        0x2 ../../boards/ARDUINO_GENERIC/board.o
                0x0000000000003108                boardInit
 .text          0x000000000000310a       0x58 ../../os/various/evtimer.o
                0x000000000000312c                evtStart
                0x000000000000314e                evtStop
 .text          0x0000000000003162      0x4be ../../os/various/chprintf.o
                0x000000000000324a                chprintf
 .text          0x0000000000003620        0x0 main.o
 .text          0x0000000000003620        0x0 /usr/local/cross/lib/gcc/avr/4.7.2/../../../../avr/lib/avr5/libprintf_min.a(vfprintf_min.o)
 .text          0x0000000000003620        0x0 /usr/local/cross/lib/gcc/avr/4.7.2/../../../../avr/lib/avr5/libscanf_min.a(vfscanf_min.o)
 .text          0x0000000000003620        0x0 /usr/local/cross/lib/gcc/avr/4.7.2/avr5/libgcc.a(_umulhisi3.o)
 .text          0x0000000000003620        0x0 /usr/local/cross/lib/gcc/avr/4.7.2/avr5/libgcc.a(_mulsi3.o)
 .text          0x0000000000003620        0x0 /usr/local/cross/lib/gcc/avr/4.7.2/avr5/libgcc.a(_udivmodhi4.o)
 .text          0x0000000000003620        0x0 /usr/local/cross/lib/gcc/avr/4.7.2/avr5/libgcc.a(_udivmodsi4.o)
 .text          0x0000000000003620        0x0 /usr/local/cross/lib/gcc/avr/4.7.2/avr5/libgcc.a(_divmodsi4.o)
 .text          0x0000000000003620        0x0 /usr/local/cross/lib/gcc/avr/4.7.2/avr5/libgcc.a(_prologue.o)
 .text          0x0000000000003620        0x0 /usr/local/cross/lib/gcc/avr/4.7.2/avr5/libgcc.a(_epilogue.o)
 .text          0x0000000000003620        0x0 /usr/local/cross/lib/gcc/avr/4.7.2/avr5/libgcc.a(_exit.o)
 .text          0x0000000000003620        0x0 /usr/local/cross/lib/gcc/avr/4.7.2/avr5/libgcc.a(_copy_data.o)
 .text          0x0000000000003620        0x0 /usr/local/cross/lib/gcc/avr/4.7.2/avr5/libgcc.a(_clear_bss.o)
 .text          0x0000000000003620        0x0 /usr/local/cross/lib/gcc/avr/4.7.2/avr5/libgcc.a(_muluhisi3.o)
 .text          0x0000000000003620        0x0 /usr/local/cross/lib/gcc/avr/4.7.2/../../../../avr/lib/avr5/libc.a(isspace.o)
 .text          0x0000000000003620        0x0 /usr/local/cross/lib/gcc/avr/4.7.2/../../../../avr/lib/avr5/libc.a(strchr_P.o)
 .text          0x0000000000003620        0x0 /usr/local/cross/lib/gcc/avr/4.7.2/../../../../avr/lib/avr5/libc.a(fgetc.o)
 .text          0x0000000000003620        0x0 /usr/local/cross/lib/gcc/avr/4.7.2/../../../../avr/lib/avr5/libc.a(fputc.o)
 .text          0x0000000000003620        0x0 /usr/local/cross/lib/gcc/avr/4.7.2/../../../../avr/lib/avr5/libc.a(ungetc.o)
 .text          0x0000000000003620        0x0 /usr/local/cross/lib/gcc/avr/4.7.2/../../../../avr/lib/avr5/libc.a(ultoa_invert.o)
 .text          0x0000000000003620        0x0 /usr/local/cross/lib/gcc/avr/4.7.2/../../../../avr/lib/avr5/libc.a(cty_isfalse.o)
                0x0000000000003620                . = ALIGN (0x2)
 *(.text.*)
 .text.startup  0x0000000000003620       0x46 main.o
                0x0000000000003620                main
 .text.avr-libc
                0x0000000000003666      0x26a /usr/local/cross/lib/gcc/avr/4.7.2/../../../../avr/lib/avr5/libprintf_min.a(vfprintf_min.o)
                0x0000000000003666                vfprintf
 .text.avr-libc
                0x00000000000038d0      0x3a8 /usr/local/cross/lib/gcc/avr/4.7.2/../../../../avr/lib/avr5/libscanf_min.a(vfscanf_min.o)
                0x0000000000003a68                vfscanf
 .text.libgcc.mul
                0x0000000000003c78       0x18 /usr/local/cross/lib/gcc/avr/4.7.2/avr5/libgcc.a(_umulhisi3.o)
                0x0000000000003c78                __umulhisi3
 .text.libgcc.div
                0x0000000000003c90        0x0 /usr/local/cross/lib/gcc/avr/4.7.2/avr5/libgcc.a(_umulhisi3.o)
 .text.libgcc   0x0000000000003c90        0x0 /usr/local/cross/lib/gcc/avr/4.7.2/avr5/libgcc.a(_umulhisi3.o)
 .text.libgcc.prologue
                0x0000000000003c90        0x0 /usr/local/cross/lib/gcc/avr/4.7.2/avr5/libgcc.a(_umulhisi3.o)
 .text.libgcc.builtins
                0x0000000000003c90        0x0 /usr/local/cross/lib/gcc/avr/4.7.2/avr5/libgcc.a(_umulhisi3.o)
 .text.libgcc.fmul
                0x0000000000003c90        0x0 /usr/local/cross/lib/gcc/avr/4.7.2/avr5/libgcc.a(_umulhisi3.o)
 .text.libgcc.mul
                0x0000000000003c90       0x20 /usr/local/cross/lib/gcc/avr/4.7.2/avr5/libgcc.a(_mulsi3.o)
                0x0000000000003c90                __mulsi3
 .text.libgcc.div
                0x0000000000003cb0        0x0 /usr/local/cross/lib/gcc/avr/4.7.2/avr5/libgcc.a(_mulsi3.o)
 .text.libgcc   0x0000000000003cb0        0x0 /usr/local/cross/lib/gcc/avr/4.7.2/avr5/libgcc.a(_mulsi3.o)
 .text.libgcc.prologue
                0x0000000000003cb0        0x0 /usr/local/cross/lib/gcc/avr/4.7.2/avr5/libgcc.a(_mulsi3.o)
 .text.libgcc.builtins
                0x0000000000003cb0        0x0 /usr/local/cross/lib/gcc/avr/4.7.2/avr5/libgcc.a(_mulsi3.o)
 .text.libgcc.fmul
                0x0000000000003cb0        0x0 /usr/local/cross/lib/gcc/avr/4.7.2/avr5/libgcc.a(_mulsi3.o)
 .text.libgcc.mul
                0x0000000000003cb0        0x0 /usr/local/cross/lib/gcc/avr/4.7.2/avr5/libgcc.a(_udivmodhi4.o)
 .text.libgcc.div
                0x0000000000003cb0       0x28 /usr/local/cross/lib/gcc/avr/4.7.2/avr5/libgcc.a(_udivmodhi4.o)
                0x0000000000003cb0                __udivmodhi4
 .text.libgcc   0x0000000000003cd8        0x0 /usr/local/cross/lib/gcc/avr/4.7.2/avr5/libgcc.a(_udivmodhi4.o)
 .text.libgcc.prologue
                0x0000000000003cd8        0x0 /usr/local/cross/lib/gcc/avr/4.7.2/avr5/libgcc.a(_udivmodhi4.o)
 .text.libgcc.builtins
                0x0000000000003cd8        0x0 /usr/local/cross/lib/gcc/avr/4.7.2/avr5/libgcc.a(_udivmodhi4.o)
 .text.libgcc.fmul
                0x0000000000003cd8        0x0 /usr/local/cross/lib/gcc/avr/4.7.2/avr5/libgcc.a(_udivmodhi4.o)
 .text.libgcc.mul
                0x0000000000003cd8        0x0 /usr/local/cross/lib/gcc/avr/4.7.2/avr5/libgcc.a(_udivmodsi4.o)
 .text.libgcc.div
                0x0000000000003cd8       0x44 /usr/local/cross/lib/gcc/avr/4.7.2/avr5/libgcc.a(_udivmodsi4.o)
                0x0000000000003cd8                __udivmodsi4
 .text.libgcc   0x0000000000003d1c        0x0 /usr/local/cross/lib/gcc/avr/4.7.2/avr5/libgcc.a(_udivmodsi4.o)
 .text.libgcc.prologue
                0x0000000000003d1c        0x0 /usr/local/cross/lib/gcc/avr/4.7.2/avr5/libgcc.a(_udivmodsi4.o)
 .text.libgcc.builtins
                0x0000000000003d1c        0x0 /usr/local/cross/lib/gcc/avr/4.7.2/avr5/libgcc.a(_udivmodsi4.o)
 .text.libgcc.fmul
                0x0000000000003d1c        0x0 /usr/local/cross/lib/gcc/avr/4.7.2/avr5/libgcc.a(_udivmodsi4.o)
 .text.libgcc.mul
                0x0000000000003d1c        0x0 /usr/local/cross/lib/gcc/avr/4.7.2/avr5/libgcc.a(_divmodsi4.o)
 .text.libgcc.div
                0x0000000000003d1c       0x38 /usr/local/cross/lib/gcc/avr/4.7.2/avr5/libgcc.a(_divmodsi4.o)
                0x0000000000003d1c                __divmodsi4
 .text.libgcc   0x0000000000003d54        0x0 /usr/local/cross/lib/gcc/avr/4.7.2/avr5/libgcc.a(_divmodsi4.o)
 .text.libgcc.prologue
                0x0000000000003d54        0x0 /usr/local/cross/lib/gcc/avr/4.7.2/avr5/libgcc.a(_divmodsi4.o)
 .text.libgcc.builtins
                0x0000000000003d54        0x0 /usr/local/cross/lib/gcc/avr/4.7.2/avr5/libgcc.a(_divmodsi4.o)
 .text.libgcc.fmul
                0x0000000000003d54        0x0 /usr/local/cross/lib/gcc/avr/4.7.2/avr5/libgcc.a(_divmodsi4.o)
 .text.libgcc.mul
                0x0000000000003d54        0x0 /usr/local/cross/lib/gcc/avr/4.7.2/avr5/libgcc.a(_prologue.o)
 .text.libgcc.div
                0x0000000000003d54        0x0 /usr/local/cross/lib/gcc/avr/4.7.2/avr5/libgcc.a(_prologue.o)
 .text.libgcc   0x0000000000003d54        0x0 /usr/local/cross/lib/gcc/avr/4.7.2/avr5/libgcc.a(_prologue.o)
 .text.libgcc.prologue
                0x0000000000003d54       0x38 /usr/local/cross/lib/gcc/avr/4.7.2/avr5/libgcc.a(_prologue.o)
                0x0000000000003d54                __prologue_saves__
 .text.libgcc.builtins
                0x0000000000003d8c        0x0 /usr/local/cross/lib/gcc/avr/4.7.2/avr5/libgcc.a(_prologue.o)
 .text.libgcc.fmul
                0x0000000000003d8c        0x0 /usr/local/cross/lib/gcc/avr/4.7.2/avr5/libgcc.a(_prologue.o)
 .text.libgcc.mul
                0x0000000000003d8c        0x0 /usr/local/cross/lib/gcc/avr/4.7.2/avr5/libgcc.a(_epilogue.o)
 .text.libgcc.div
                0x0000000000003d8c        0x0 /usr/local/cross/lib/gcc/avr/4.7.2/avr5/libgcc.a(_epilogue.o)
 .text.libgcc   0x0000000000003d8c        0x0 /usr/local/cross/lib/gcc/avr/4.7.2/avr5/libgcc.a(_epilogue.o)
 .text.libgcc.prologue
                0x0000000000003d8c       0x36 /usr/local/cross/lib/gcc/avr/4.7.2/avr5/libgcc.a(_epilogue.o)
                0x0000000000003d8c                __epilogue_restores__
 .text.libgcc.builtins
                0x0000000000003dc2        0x0 /usr/local/cross/lib/gcc/avr/4.7.2/avr5/libgcc.a(_epilogue.o)
 .text.libgcc.fmul
                0x0000000000003dc2        0x0 /usr/local/cross/lib/gcc/avr/4.7.2/avr5/libgcc.a(_epilogue.o)
 .text.libgcc.mul
                0x0000000000003dc2        0x0 /usr/local/cross/lib/gcc/avr/4.7.2/avr5/libgcc.a(_exit.o)
 .text.libgcc.div
                0x0000000000003dc2        0x0 /usr/local/cross/lib/gcc/avr/4.7.2/avr5/libgcc.a(_exit.o)
 .text.libgcc   0x0000000000003dc2        0x0 /usr/local/cross/lib/gcc/avr/4.7.2/avr5/libgcc.a(_exit.o)
 .text.libgcc.prologue
                0x0000000000003dc2        0x0 /usr/local/cross/lib/gcc/avr/4.7.2/avr5/libgcc.a(_exit.o)
 .text.libgcc.builtins
                0x0000000000003dc2        0x0 /usr/local/cross/lib/gcc/avr/4.7.2/avr5/libgcc.a(_exit.o)
 .text.libgcc.fmul
                0x0000000000003dc2        0x0 /usr/local/cross/lib/gcc/avr/4.7.2/avr5/libgcc.a(_exit.o)
 .text.libgcc.mul
                0x0000000000003dc2        0x0 /usr/local/cross/lib/gcc/avr/4.7.2/avr5/libgcc.a(_copy_data.o)
 .text.libgcc.div
                0x0000000000003dc2        0x0 /usr/local/cross/lib/gcc/avr/4.7.2/avr5/libgcc.a(_copy_data.o)
 .text.libgcc   0x0000000000003dc2        0x0 /usr/local/cross/lib/gcc/avr/4.7.2/avr5/libgcc.a(_copy_data.o)
 .text.libgcc.prologue
                0x0000000000003dc2        0x0 /usr/local/cross/lib/gcc/avr/4.7.2/avr5/libgcc.a(_copy_data.o)
 .text.libgcc.builtins
                0x0000000000003dc2        0x0 /usr/local/cross/lib/gcc/avr/4.7.2/avr5/libgcc.a(_copy_data.o)
 .text.libgcc.fmul
                0x0000000000003dc2        0x0 /usr/local/cross/lib/gcc/avr/4.7.2/avr5/libgcc.a(_copy_data.o)
 .text.libgcc.mul
                0x0000000000003dc2        0x0 /usr/local/cross/lib/gcc/avr/4.7.2/avr5/libgcc.a(_clear_bss.o)
 .text.libgcc.div
                0x0000000000003dc2        0x0 /usr/local/cross/lib/gcc/avr/4.7.2/avr5/libgcc.a(_clear_bss.o)
 .text.libgcc   0x0000000000003dc2        0x0 /usr/local/cross/lib/gcc/avr/4.7.2/avr5/libgcc.a(_clear_bss.o)
 .text.libgcc.prologue
                0x0000000000003dc2        0x0 /usr/local/cross/lib/gcc/avr/4.7.2/avr5/libgcc.a(_clear_bss.o)
 .text.libgcc.builtins
                0x0000000000003dc2        0x0 /usr/local/cross/lib/gcc/avr/4.7.2/avr5/libgcc.a(_clear_bss.o)
 .text.libgcc.fmul
                0x0000000000003dc2        0x0 /usr/local/cross/lib/gcc/avr/4.7.2/avr5/libgcc.a(_clear_bss.o)
 .text.libgcc.mul
                0x0000000000003dc2       0x16 /usr/local/cross/lib/gcc/avr/4.7.2/avr5/libgcc.a(_muluhisi3.o)
                0x0000000000003dc2                __muluhisi3
 .text.libgcc.div
                0x0000000000003dd8        0x0 /usr/local/cross/lib/gcc/avr/4.7.2/avr5/libgcc.a(_muluhisi3.o)
 .text.libgcc   0x0000000000003dd8        0x0 /usr/local/cross/lib/gcc/avr/4.7.2/avr5/libgcc.a(_muluhisi3.o)
 .text.libgcc.prologue
                0x0000000000003dd8        0x0 /usr/local/cross/lib/gcc/avr/4.7.2/avr5/libgcc.a(_muluhisi3.o)
 .text.libgcc.builtins
                0x0000000000003dd8        0x0 /usr/local/cross/lib/gcc/avr/4.7.2/avr5/libgcc.a(_muluhisi3.o)
 .text.libgcc.fmul
                0x0000000000003dd8        0x0 /usr/local/cross/lib/gcc/avr/4.7.2/avr5/libgcc.a(_muluhisi3.o)
 .text.avr-libc
                0x0000000000003dd8       0x10 /usr/local/cross/lib/gcc/avr/4.7.2/../../../../avr/lib/avr5/libc.a(isspace.o)
                0x0000000000003dd8                isspace
 .text.avr-libc
                0x0000000000003de8       0x16 /usr/local/cross/lib/gcc/avr/4.7.2/../../../../avr/lib/avr5/libc.a(strchr_P.o)
                0x0000000000003de8                strchr_P
 .text.avr-libc
                0x0000000000003dfe       0x80 /usr/local/cross/lib/gcc/avr/4.7.2/../../../../avr/lib/avr5/libc.a(fgetc.o)
                0x0000000000003dfe                fgetc
 .text.avr-libc
                0x0000000000003e7e       0x58 /usr/local/cross/lib/gcc/avr/4.7.2/../../../../avr/lib/avr5/libc.a(fputc.o)
                0x0000000000003e7e                fputc
 .text.avr-libc
                0x0000000000003ed6       0x3a /usr/local/cross/lib/gcc/avr/4.7.2/../../../../avr/lib/avr5/libc.a(ungetc.o)
                0x0000000000003ed6                ungetc
 .text.avr-libc
                0x0000000000003f10       0xbc /usr/local/cross/lib/gcc/avr/4.7.2/../../../../avr/lib/avr5/libc.a(ultoa_invert.o)
                0x0000000000003f10                __ultoa_invert
 .text.avr-libc
                0x0000000000003fcc        0x6 /usr/local/cross/lib/gcc/avr/4.7.2/../../../../avr/lib/avr5/libc.a(cty_isfalse.o)
                0x0000000000003fcc                __ctype_isfalse
                0x0000000000003fd0                __ctype_istrue
                0x0000000000003fd2                . = ALIGN (0x2)
 *(.fini9)
 .fini9         0x0000000000003fd2        0x0 /usr/local/cross/lib/gcc/avr/4.7.2/avr5/libgcc.a(_exit.o)
                0x0000000000003fd2                exit
                0x0000000000003fd2                _exit
 *(.fini9)
 *(.fini8)
 *(.fini8)
 *(.fini7)
 *(.fini7)
 *(.fini6)
 *(.fini6)
 *(.fini5)
 *(.fini5)
 *(.fini4)
 *(.fini4)
 *(.fini3)
 *(.fini3)
 *(.fini2)
 *(.fini2)
 *(.fini1)
 *(.fini1)
 *(.fini0)
 .fini0         0x0000000000003fd2        0x4 /usr/local/cross/lib/gcc/avr/4.7.2/avr5/libgcc.a(_exit.o)
 *(.fini0)
                0x0000000000003fd6                _etext = .

.data           0x0000000000800100       0x9c load address 0x0000000000003fd6
                0x0000000000800100                PROVIDE (__data_start, .)
 *(.data)
 .data          0x0000000000800100        0x0 /usr/local/cross/lib/gcc/avr/4.7.2/../../../../avr/lib/avr5/crtm644p.o
 .data          0x0000000000800100        0x0 ../../os/ports/GCC/AVR/chcore.o
 .data          0x0000000000800100        0x0 ../../os/kernel/src/chsys.o
 .data          0x0000000000800100        0x0 ../../os/kernel/src/chdebug.o
 .data          0x0000000000800100        0x0 ../../os/kernel/src/chlists.o
 .data          0x0000000000800100        0x0 ../../os/kernel/src/chvt.o
 .data          0x0000000000800100        0x0 ../../os/kernel/src/chschd.o
 .data          0x0000000000800100        0x0 ../../os/kernel/src/chthreads.o
 .data          0x0000000000800100        0x0 ../../os/kernel/src/chdynamic.o
 .data          0x0000000000800100        0x0 ../../os/kernel/src/chregistry.o
 .data          0x0000000000800100        0x0 ../../os/kernel/src/chsem.o
 .data          0x0000000000800100        0x0 ../../os/kernel/src/chmtx.o
 .data          0x0000000000800100        0x0 ../../os/kernel/src/chcond.o
 .data          0x0000000000800100        0x0 ../../os/kernel/src/chevents.o
 .data          0x0000000000800100        0x0 ../../os/kernel/src/chmsg.o
 .data          0x0000000000800100        0x0 ../../os/kernel/src/chmboxes.o
 .data          0x0000000000800100        0x0 ../../os/kernel/src/chqueues.o
 .data          0x0000000000800100        0x0 ../../os/kernel/src/chmemcore.o
 .data          0x0000000000800100        0x0 ../../os/kernel/src/chheap.o
 .data          0x0000000000800100        0x0 ../../os/kernel/src/chmempools.o
 .data          0x0000000000800100        0x0 ../../os/hal/src/hal.o
 .data          0x0000000000800100        0x0 ../../os/hal/src/adc.o
 .data          0x0000000000800100        0x0 ../../os/hal/src/can.o
 .data          0x0000000000800100        0x0 ../../os/hal/src/ext.o
 .data          0x0000000000800100        0x0 ../../os/hal/src/gpt.o
 .data          0x0000000000800100        0x0 ../../os/hal/src/i2c.o
 .data          0x0000000000800100        0x0 ../../os/hal/src/icu.o
 .data          0x0000000000800100        0x0 ../../os/hal/src/mac.o
 .data          0x0000000000800100        0x0 ../../os/hal/src/mmc_spi.o
 .data          0x0000000000800100        0x0 ../../os/hal/src/mmcsd.o
 .data          0x0000000000800100        0x0 ../../os/hal/src/pal.o
 .data          0x0000000000800100        0x0 ../../os/hal/src/pwm.o
 .data          0x0000000000800100        0x0 ../../os/hal/src/rtc.o
 .data          0x0000000000800100        0x0 ../../os/hal/src/sdc.o
 .data          0x0000000000800100        0x0 ../../os/hal/src/serial.o
 .data          0x0000000000800100        0x0 ../../os/hal/src/serial_usb.o
 .data          0x0000000000800100        0x0 ../../os/hal/src/spi.o
 .data          0x0000000000800100        0x0 ../../os/hal/src/tm.o
 .data          0x0000000000800100        0x0 ../../os/hal/src/uart.o
 .data          0x0000000000800100        0x0 ../../os/hal/src/usb.o
 .data          0x0000000000800100        0x0 ../../os/hal/platforms/AVR/hal_lld.o
 .data          0x0000000000800100        0x0 ../../os/hal/platforms/AVR/pal_lld.o
 .data          0x0000000000800100        0x0 ../../os/hal/platforms/AVR/serial_lld.o
 .data          0x0000000000800100        0x0 ../../os/hal/platforms/AVR/adc_lld.o
 .data          0x0000000000800100        0x0 ../../os/hal/platforms/AVR/i2c_lld.o
 .data          0x0000000000800100       0x30 ../../os/hal/platforms/AVR/pwm_lld.o
                0x0000000000800100                timer_registers_table
 .data          0x0000000000800130        0x0 ../../os/hal/platforms/AVR/spi_lld.o
 .data          0x0000000000800130        0x0 ../../os/hal/platforms/AVR/gpt_lld.o
 .data          0x0000000000800130       0x24 ../../os/hal/platforms/AVR/atmega_timers.o
                0x0000000000800130                clock_source_extended
                0x0000000000800137                ratio_extended
                0x0000000000800145                clock_source_base
                0x000000000080014a                ratio_base
 .data          0x0000000000800154        0x0 ../../boards/ARDUINO_GENERIC/board.o
 .data          0x0000000000800154        0x0 ../../os/various/evtimer.o
 .data          0x0000000000800154        0x0 ../../os/various/chprintf.o
 .data          0x0000000000800154        0x0 main.o
 .data          0x0000000000800154        0x0 /usr/local/cross/lib/gcc/avr/4.7.2/../../../../avr/lib/avr5/libprintf_min.a(vfprintf_min.o)
 .data          0x0000000000800154        0x0 /usr/local/cross/lib/gcc/avr/4.7.2/../../../../avr/lib/avr5/libscanf_min.a(vfscanf_min.o)
 .data          0x0000000000800154        0x0 /usr/local/cross/lib/gcc/avr/4.7.2/avr5/libgcc.a(_umulhisi3.o)
 .data          0x0000000000800154        0x0 /usr/local/cross/lib/gcc/avr/4.7.2/avr5/libgcc.a(_mulsi3.o)
 .data          0x0000000000800154        0x0 /usr/local/cross/lib/gcc/avr/4.7.2/avr5/libgcc.a(_udivmodhi4.o)
 .data          0x0000000000800154        0x0 /usr/local/cross/lib/gcc/avr/4.7.2/avr5/libgcc.a(_udivmodsi4.o)
 .data          0x0000000000800154        0x0 /usr/local/cross/lib/gcc/avr/4.7.2/avr5/libgcc.a(_divmodsi4.o)
 .data          0x0000000000800154        0x0 /usr/local/cross/lib/gcc/avr/4.7.2/avr5/libgcc.a(_prologue.o)
 .data          0x0000000000800154        0x0 /usr/local/cross/lib/gcc/avr/4.7.2/avr5/libgcc.a(_epilogue.o)
 .data          0x0000000000800154        0x0 /usr/local/cross/lib/gcc/avr/4.7.2/avr5/libgcc.a(_exit.o)
 .data          0x0000000000800154        0x0 /usr/local/cross/lib/gcc/avr/4.7.2/avr5/libgcc.a(_copy_data.o)
 .data          0x0000000000800154        0x0 /usr/local/cross/lib/gcc/avr/4.7.2/avr5/libgcc.a(_clear_bss.o)
 .data          0x0000000000800154        0x0 /usr/local/cross/lib/gcc/avr/4.7.2/avr5/libgcc.a(_muluhisi3.o)
 .data          0x0000000000800154        0x0 /usr/local/cross/lib/gcc/avr/4.7.2/../../../../avr/lib/avr5/libc.a(isspace.o)
 .data          0x0000000000800154        0x0 /usr/local/cross/lib/gcc/avr/4.7.2/../../../../avr/lib/avr5/libc.a(strchr_P.o)
 .data          0x0000000000800154        0x0 /usr/local/cross/lib/gcc/avr/4.7.2/../../../../avr/lib/avr5/libc.a(fgetc.o)
 .data          0x0000000000800154        0x0 /usr/local/cross/lib/gcc/avr/4.7.2/../../../../avr/lib/avr5/libc.a(fputc.o)
 .data          0x0000000000800154        0x0 /usr/local/cross/lib/gcc/avr/4.7.2/../../../../avr/lib/avr5/libc.a(ungetc.o)
 .data          0x0000000000800154        0x0 /usr/local/cross/lib/gcc/avr/4.7.2/../../../../avr/lib/avr5/libc.a(ultoa_invert.o)
 .data          0x0000000000800154        0x0 /usr/local/cross/lib/gcc/avr/4.7.2/../../../../avr/lib/avr5/libc.a(cty_isfalse.o)
 *(.data*)
 *(.rodata)
 .rodata        0x0000000000800154       0x16 ../../os/kernel/src/chregistry.o
                0x0000000000800154                ch_debug
 .rodata        0x000000000080016a       0x10 ../../os/hal/src/serial.o
 .rodata        0x000000000080017a        0x3 ../../os/hal/platforms/AVR/serial_lld.o
 .rodata        0x000000000080017d        0x8 ../../boards/ARDUINO_GENERIC/board.o
                0x000000000080017d                pal_default_config
 *(.rodata*)
 .rodata.str1.1
                0x0000000000800185        0x5 ../../os/kernel/src/chsys.o
 .rodata.str1.1
                0x000000000080018a        0x7 ../../os/various/chprintf.o
 .rodata.str1.1
                0x0000000000800191        0xa main.o
 *(.gnu.linkonce.d*)
                0x000000000080019c                . = ALIGN (0x2)
 *fill*         0x000000000080019b        0x1 00
                0x000000000080019c                _edata = .
                0x000000000080019c                PROVIDE (__data_end, .)

.bss            0x000000000080019c      0x11d
                0x000000000080019c                PROVIDE (__bss_start, .)
 *(.bss)
 .bss           0x000000000080019c        0x0 /usr/local/cross/lib/gcc/avr/4.7.2/../../../../avr/lib/avr5/crtm644p.o
 .bss           0x000000000080019c        0x0 ../../os/ports/GCC/AVR/chcore.o
 .bss           0x000000000080019c       0x20 ../../os/kernel/src/chsys.o
 .bss           0x00000000008001bc        0x0 ../../os/kernel/src/chdebug.o
 .bss           0x00000000008001bc        0x0 ../../os/kernel/src/chlists.o
 .bss           0x00000000008001bc        0x0 ../../os/kernel/src/chvt.o
 .bss           0x00000000008001bc        0x0 ../../os/kernel/src/chschd.o
 .bss           0x00000000008001bc        0x0 ../../os/kernel/src/chthreads.o
 .bss           0x00000000008001bc        0x0 ../../os/kernel/src/chdynamic.o
 .bss           0x00000000008001bc        0x0 ../../os/kernel/src/chregistry.o
 .bss           0x00000000008001bc        0x0 ../../os/kernel/src/chsem.o
 .bss           0x00000000008001bc        0x0 ../../os/kernel/src/chmtx.o
 .bss           0x00000000008001bc        0x0 ../../os/kernel/src/chcond.o
 .bss           0x00000000008001bc        0x0 ../../os/kernel/src/chevents.o
 .bss           0x00000000008001bc        0x0 ../../os/kernel/src/chmsg.o
 .bss           0x00000000008001bc        0x0 ../../os/kernel/src/chmboxes.o
 .bss           0x00000000008001bc        0x0 ../../os/kernel/src/chqueues.o
 .bss           0x00000000008001bc        0x0 ../../os/kernel/src/chmemcore.o
 .bss           0x00000000008001bc        0x0 ../../os/kernel/src/chheap.o
 .bss           0x00000000008001bc        0x0 ../../os/kernel/src/chmempools.o
 .bss           0x00000000008001bc        0x0 ../../os/hal/src/hal.o
 .bss           0x00000000008001bc        0x0 ../../os/hal/src/adc.o
 .bss           0x00000000008001bc        0x0 ../../os/hal/src/can.o
 .bss           0x00000000008001bc        0x0 ../../os/hal/src/ext.o
 .bss           0x00000000008001bc        0x0 ../../os/hal/src/gpt.o
 .bss           0x00000000008001bc        0x0 ../../os/hal/src/i2c.o
 .bss           0x00000000008001bc        0x0 ../../os/hal/src/icu.o
 .bss           0x00000000008001bc        0x0 ../../os/hal/src/mac.o
 .bss           0x00000000008001bc        0x0 ../../os/hal/src/mmc_spi.o
 .bss           0x00000000008001bc        0x0 ../../os/hal/src/mmcsd.o
 .bss           0x00000000008001bc        0x0 ../../os/hal/src/pal.o
 .bss           0x00000000008001bc        0x0 ../../os/hal/src/pwm.o
 .bss           0x00000000008001bc        0x0 ../../os/hal/src/rtc.o
 .bss           0x00000000008001bc        0x0 ../../os/hal/src/sdc.o
 .bss           0x00000000008001bc        0x0 ../../os/hal/src/serial.o
 .bss           0x00000000008001bc        0x0 ../../os/hal/src/serial_usb.o
 .bss           0x00000000008001bc        0x0 ../../os/hal/src/spi.o
 .bss           0x00000000008001bc        0x0 ../../os/hal/src/tm.o
 .bss           0x00000000008001bc        0x0 ../../os/hal/src/uart.o
 .bss           0x00000000008001bc        0x0 ../../os/hal/src/usb.o
 .bss           0x00000000008001bc        0x0 ../../os/hal/platforms/AVR/hal_lld.o
 .bss           0x00000000008001bc        0x0 ../../os/hal/platforms/AVR/pal_lld.o
 .bss           0x00000000008001bc        0x0 ../../os/hal/platforms/AVR/serial_lld.o
 .bss           0x00000000008001bc        0x0 ../../os/hal/platforms/AVR/adc_lld.o
 .bss           0x00000000008001bc        0x0 ../../os/hal/platforms/AVR/i2c_lld.o
 .bss           0x00000000008001bc        0x0 ../../os/hal/platforms/AVR/pwm_lld.o
 .bss           0x00000000008001bc        0x0 ../../os/hal/platforms/AVR/spi_lld.o
 .bss           0x00000000008001bc        0x0 ../../os/hal/platforms/AVR/gpt_lld.o
 .bss           0x00000000008001bc        0x0 ../../os/hal/platforms/AVR/atmega_timers.o
 .bss           0x00000000008001bc        0x0 ../../boards/ARDUINO_GENERIC/board.o
 .bss           0x00000000008001bc        0x0 ../../os/various/evtimer.o
 .bss           0x00000000008001bc        0x0 ../../os/various/chprintf.o
 .bss           0x00000000008001bc        0x0 main.o
 .bss           0x00000000008001bc        0x0 /usr/local/cross/lib/gcc/avr/4.7.2/../../../../avr/lib/avr5/libprintf_min.a(vfprintf_min.o)
 .bss           0x00000000008001bc        0x0 /usr/local/cross/lib/gcc/avr/4.7.2/../../../../avr/lib/avr5/libscanf_min.a(vfscanf_min.o)
 .bss           0x00000000008001bc        0x0 /usr/local/cross/lib/gcc/avr/4.7.2/avr5/libgcc.a(_umulhisi3.o)
 .bss           0x00000000008001bc        0x0 /usr/local/cross/lib/gcc/avr/4.7.2/avr5/libgcc.a(_mulsi3.o)
 .bss           0x00000000008001bc        0x0 /usr/local/cross/lib/gcc/avr/4.7.2/avr5/libgcc.a(_udivmodhi4.o)
 .bss           0x00000000008001bc        0x0 /usr/local/cross/lib/gcc/avr/4.7.2/avr5/libgcc.a(_udivmodsi4.o)
 .bss           0x00000000008001bc        0x0 /usr/local/cross/lib/gcc/avr/4.7.2/avr5/libgcc.a(_divmodsi4.o)
 .bss           0x00000000008001bc        0x0 /usr/local/cross/lib/gcc/avr/4.7.2/avr5/libgcc.a(_prologue.o)
 .bss           0x00000000008001bc        0x0 /usr/local/cross/lib/gcc/avr/4.7.2/avr5/libgcc.a(_epilogue.o)
 .bss           0x00000000008001bc        0x0 /usr/local/cross/lib/gcc/avr/4.7.2/avr5/libgcc.a(_exit.o)
 .bss           0x00000000008001bc        0x0 /usr/local/cross/lib/gcc/avr/4.7.2/avr5/libgcc.a(_copy_data.o)
 .bss           0x00000000008001bc        0x0 /usr/local/cross/lib/gcc/avr/4.7.2/avr5/libgcc.a(_clear_bss.o)
 .bss           0x00000000008001bc        0x0 /usr/local/cross/lib/gcc/avr/4.7.2/avr5/libgcc.a(_muluhisi3.o)
 .bss           0x00000000008001bc        0x0 /usr/local/cross/lib/gcc/avr/4.7.2/../../../../avr/lib/avr5/libc.a(isspace.o)
 .bss           0x00000000008001bc        0x0 /usr/local/cross/lib/gcc/avr/4.7.2/../../../../avr/lib/avr5/libc.a(strchr_P.o)
 .bss           0x00000000008001bc        0x0 /usr/local/cross/lib/gcc/avr/4.7.2/../../../../avr/lib/avr5/libc.a(fgetc.o)
 .bss           0x00000000008001bc        0x0 /usr/local/cross/lib/gcc/avr/4.7.2/../../../../avr/lib/avr5/libc.a(fputc.o)
 .bss           0x00000000008001bc        0x0 /usr/local/cross/lib/gcc/avr/4.7.2/../../../../avr/lib/avr5/libc.a(ungetc.o)
 .bss           0x00000000008001bc        0x0 /usr/local/cross/lib/gcc/avr/4.7.2/../../../../avr/lib/avr5/libc.a(ultoa_invert.o)
 .bss           0x00000000008001bc        0x0 /usr/local/cross/lib/gcc/avr/4.7.2/../../../../avr/lib/avr5/libc.a(cty_isfalse.o)
 *(.bss*)
 *(COMMON)
 COMMON         0x00000000008001bc       0x6d ../../os/kernel/src/chsys.o
                0x00000000008001bc                _idle_thread_wa
 COMMON         0x0000000000800229        0x8 ../../os/kernel/src/chvt.o
                0x0000000000800229                vtlist
 COMMON         0x0000000000800231        0xd ../../os/kernel/src/chschd.o
                0x0000000000800231                rlist
 COMMON         0x000000000080023e       0x49 ../../os/hal/platforms/AVR/serial_lld.o
                0x000000000080023e                SD1
 COMMON         0x0000000000800287       0x15 ../../os/hal/platforms/AVR/adc_lld.o
                0x0000000000800287                ADCD1
 COMMON         0x000000000080029c        0xa ../../os/hal/platforms/AVR/pwm_lld.o
                0x000000000080029c                PWMD2
                0x00000000008002a1                PWMD1
 COMMON         0x00000000008002a6       0x13 ../../os/hal/platforms/AVR/spi_lld.o
                0x00000000008002a6                SPID1
                0x00000000008002b9                PROVIDE (__bss_end, .)
                0x0000000000003fd6                __data_load_start = LOADADDR (.data)
                0x0000000000004072                __data_load_end = (__data_load_start + SIZEOF (.data))

.noinit         0x00000000008002b9        0x0
                0x00000000008002b9                PROVIDE (__noinit_start, .)
 *(.noinit*)
                0x00000000008002b9                PROVIDE (__noinit_end, .)
                0x00000000008002b9                _end = .
                0x00000000008002b9                PROVIDE (__heap_start, .)

.eeprom         0x0000000000810000        0x0
 *(.eeprom*)
                0x0000000000810000                __eeprom_end = .

.fuse
 *(.fuse)
 *(.lfuse)
 *(.hfuse)
 *(.efuse)

.lock
 *(.lock*)

.signature
 *(.signature*)

.stab           0x0000000000000000     0x31bc
 *(.stab)
 .stab          0x0000000000000000      0x6cc /usr/local/cross/lib/gcc/avr/4.7.2/../../../../avr/lib/avr5/crtm644p.o
 .stab          0x00000000000006cc      0x7ec /usr/local/cross/lib/gcc/avr/4.7.2/../../../../avr/lib/avr5/libprintf_min.a(vfprintf_min.o)
                                        0x7f8 (size before relaxing)
 .stab          0x0000000000000eb8      0x9a8 /usr/local/cross/lib/gcc/avr/4.7.2/../../../../avr/lib/avr5/libscanf_min.a(vfscanf_min.o)
                                        0xbc4 (size before relaxing)
 .stab          0x0000000000001860       0xe4 /usr/local/cross/lib/gcc/avr/4.7.2/avr5/libgcc.a(_umulhisi3.o)
                                         0xf0 (size before relaxing)
 .stab          0x0000000000001944      0x108 /usr/local/cross/lib/gcc/avr/4.7.2/avr5/libgcc.a(_mulsi3.o)
                                        0x114 (size before relaxing)
 .stab          0x0000000000001a4c      0x15c /usr/local/cross/lib/gcc/avr/4.7.2/avr5/libgcc.a(_udivmodhi4.o)
                                        0x168 (size before relaxing)
 .stab          0x0000000000001ba8      0x228 /usr/local/cross/lib/gcc/avr/4.7.2/avr5/libgcc.a(_udivmodsi4.o)
                                        0x234 (size before relaxing)
 .stab          0x0000000000001dd0      0x198 /usr/local/cross/lib/gcc/avr/4.7.2/avr5/libgcc.a(_divmodsi4.o)
                                        0x1a4 (size before relaxing)
 .stab          0x0000000000001f68      0x1a4 /usr/local/cross/lib/gcc/avr/4.7.2/avr5/libgcc.a(_prologue.o)
                                        0x1b0 (size before relaxing)
 .stab          0x000000000000210c      0x1a4 /usr/local/cross/lib/gcc/avr/4.7.2/avr5/libgcc.a(_epilogue.o)
                                        0x1b0 (size before relaxing)
 .stab          0x00000000000022b0       0x6c /usr/local/cross/lib/gcc/avr/4.7.2/avr5/libgcc.a(_exit.o)
                                         0x78 (size before relaxing)
 .stab          0x000000000000231c       0xd8 /usr/local/cross/lib/gcc/avr/4.7.2/avr5/libgcc.a(_copy_data.o)
                                         0xe4 (size before relaxing)
 .stab          0x00000000000023f4       0xb4 /usr/local/cross/lib/gcc/avr/4.7.2/avr5/libgcc.a(_clear_bss.o)
                                         0xc0 (size before relaxing)
 .stab          0x00000000000024a8       0xcc /usr/local/cross/lib/gcc/avr/4.7.2/avr5/libgcc.a(_muluhisi3.o)
                                         0xd8 (size before relaxing)
 .stab          0x0000000000002574       0x9c /usr/local/cross/lib/gcc/avr/4.7.2/../../../../avr/lib/avr5/libc.a(isspace.o)
                                         0xa8 (size before relaxing)
 .stab          0x0000000000002610       0x9c /usr/local/cross/lib/gcc/avr/4.7.2/../../../../avr/lib/avr5/libc.a(strchr_P.o)
                                         0xa8 (size before relaxing)
 .stab          0x00000000000026ac      0x264 /usr/local/cross/lib/gcc/avr/4.7.2/../../../../avr/lib/avr5/libc.a(fgetc.o)
                                        0x444 (size before relaxing)
 .stab          0x0000000000002910      0x1e0 /usr/local/cross/lib/gcc/avr/4.7.2/../../../../avr/lib/avr5/libc.a(fputc.o)
                                        0x3c0 (size before relaxing)
 .stab          0x0000000000002af0      0x1ec /usr/local/cross/lib/gcc/avr/4.7.2/../../../../avr/lib/avr5/libc.a(ungetc.o)
                                        0x3cc (size before relaxing)
 .stab          0x0000000000002cdc      0x480 /usr/local/cross/lib/gcc/avr/4.7.2/../../../../avr/lib/avr5/libc.a(ultoa_invert.o)
                                        0x48c (size before relaxing)
 .stab          0x000000000000315c       0x60 /usr/local/cross/lib/gcc/avr/4.7.2/../../../../avr/lib/avr5/libc.a(cty_isfalse.o)
                                         0x6c (size before relaxing)

.stabstr        0x0000000000000000     0x103b
 *(.stabstr)
 .stabstr       0x0000000000000000     0x103b /usr/local/cross/lib/gcc/avr/4.7.2/../../../../avr/lib/avr5/crtm644p.o

.stab.excl
 *(.stab.excl)

.stab.exclstr
 *(.stab.exclstr)

.stab.index
 *(.stab.index)

.stab.indexstr
 *(.stab.indexstr)

.comment        0x0000000000000000       0x11
 *(.comment)
 .comment       0x0000000000000000       0x11 ../../os/ports/GCC/AVR/chcore.o
                                         0x12 (size before relaxing)
 .comment       0x0000000000000000       0x12 ../../os/kernel/src/chsys.o
 .comment       0x0000000000000000       0x12 ../../os/kernel/src/chdebug.o
 .comment       0x0000000000000000       0x12 ../../os/kernel/src/chlists.o
 .comment       0x0000000000000000       0x12 ../../os/kernel/src/chvt.o
 .comment       0x0000000000000000       0x12 ../../os/kernel/src/chschd.o
 .comment       0x0000000000000000       0x12 ../../os/kernel/src/chthreads.o
 .comment       0x0000000000000000       0x12 ../../os/kernel/src/chdynamic.o
 .comment       0x0000000000000000       0x12 ../../os/kernel/src/chregistry.o
 .comment       0x0000000000000000       0x12 ../../os/kernel/src/chsem.o
 .comment       0x0000000000000000       0x12 ../../os/kernel/src/chmtx.o
 .comment       0x0000000000000000       0x12 ../../os/kernel/src/chcond.o
 .comment       0x0000000000000000       0x12 ../../os/kernel/src/chevents.o
 .comment       0x0000000000000000       0x12 ../../os/kernel/src/chmsg.o
 .comment       0x0000000000000000       0x12 ../../os/kernel/src/chmboxes.o
 .comment       0x0000000000000000       0x12 ../../os/kernel/src/chqueues.o
 .comment       0x0000000000000000       0x12 ../../os/kernel/src/chmemcore.o
 .comment       0x0000000000000000       0x12 ../../os/kernel/src/chheap.o
 .comment       0x0000000000000000       0x12 ../../os/kernel/src/chmempools.o
 .comment       0x0000000000000000       0x12 ../../os/hal/src/hal.o
 .comment       0x0000000000000000       0x12 ../../os/hal/src/adc.o
 .comment       0x0000000000000000       0x12 ../../os/hal/src/can.o
 .comment       0x0000000000000000       0x12 ../../os/hal/src/ext.o
 .comment       0x0000000000000000       0x12 ../../os/hal/src/gpt.o
 .comment       0x0000000000000000       0x12 ../../os/hal/src/i2c.o
 .comment       0x0000000000000000       0x12 ../../os/hal/src/icu.o
 .comment       0x0000000000000000       0x12 ../../os/hal/src/mac.o
 .comment       0x0000000000000000       0x12 ../../os/hal/src/mmc_spi.o
 .comment       0x0000000000000000       0x12 ../../os/hal/src/mmcsd.o
 .comment       0x0000000000000000       0x12 ../../os/hal/src/pal.o
 .comment       0x0000000000000000       0x12 ../../os/hal/src/pwm.o
 .comment       0x0000000000000000       0x12 ../../os/hal/src/rtc.o
 .comment       0x0000000000000000       0x12 ../../os/hal/src/sdc.o
 .comment       0x0000000000000000       0x12 ../../os/hal/src/serial.o
 .comment       0x0000000000000000       0x12 ../../os/hal/src/serial_usb.o
 .comment       0x0000000000000000       0x12 ../../os/hal/src/spi.o
 .comment       0x0000000000000000       0x12 ../../os/hal/src/tm.o
 .comment       0x0000000000000000       0x12 ../../os/hal/src/uart.o
 .comment       0x0000000000000000       0x12 ../../os/hal/src/usb.o
 .comment       0x0000000000000000       0x12 ../../os/hal/platforms/AVR/hal_lld.o
 .comment       0x0000000000000000       0x12 ../../os/hal/platforms/AVR/pal_lld.o
 .comment       0x0000000000000000       0x12 ../../os/hal/platforms/AVR/serial_lld.o
 .comment       0x0000000000000000       0x12 ../../os/hal/platforms/AVR/adc_lld.o
 .comment       0x0000000000000000       0x12 ../../os/hal/platforms/AVR/i2c_lld.o
 .comment       0x0000000000000000       0x12 ../../os/hal/platforms/AVR/pwm_lld.o
 .comment       0x0000000000000000       0x12 ../../os/hal/platforms/AVR/spi_lld.o
 .comment       0x0000000000000000       0x12 ../../os/hal/platforms/AVR/gpt_lld.o
 .comment       0x0000000000000000       0x12 ../../os/hal/platforms/AVR/atmega_timers.o
 .comment       0x0000000000000000       0x12 ../../boards/ARDUINO_GENERIC/board.o
 .comment       0x0000000000000000       0x12 ../../os/various/evtimer.o
 .comment       0x0000000000000000       0x12 ../../os/various/chprintf.o
 .comment       0x0000000000000000       0x12 main.o

.debug
 *(.debug)

.line
 *(.line)

.debug_srcinfo
 *(.debug_srcinfo)

.debug_sfnames
 *(.debug_sfnames)

.debug_aranges  0x0000000000000000      0x5d0
 *(.debug_aranges)
 .debug_aranges
                0x0000000000000000       0x20 ../../os/ports/GCC/AVR/chcore.o
 .debug_aranges
                0x0000000000000020       0x20 ../../os/kernel/src/chsys.o
 .debug_aranges
                0x0000000000000040       0x18 ../../os/kernel/src/chdebug.o
 .debug_aranges
                0x0000000000000058       0x18 ../../os/kernel/src/chlists.o
 .debug_aranges
                0x0000000000000070       0x20 ../../os/kernel/src/chvt.o
 .debug_aranges
                0x0000000000000090       0x20 ../../os/kernel/src/chschd.o
 .debug_aranges
                0x00000000000000b0       0x20 ../../os/kernel/src/chthreads.o
 .debug_aranges
                0x00000000000000d0       0x18 ../../os/kernel/src/chdynamic.o
 .debug_aranges
                0x00000000000000e8       0x20 ../../os/kernel/src/chregistry.o
 .debug_aranges
                0x0000000000000108       0x20 ../../os/kernel/src/chsem.o
 .debug_aranges
                0x0000000000000128       0x20 ../../os/kernel/src/chmtx.o
 .debug_aranges
                0x0000000000000148       0x20 ../../os/kernel/src/chcond.o
 .debug_aranges
                0x0000000000000168       0x20 ../../os/kernel/src/chevents.o
 .debug_aranges
                0x0000000000000188       0x20 ../../os/kernel/src/chmsg.o
 .debug_aranges
                0x00000000000001a8       0x20 ../../os/kernel/src/chmboxes.o
 .debug_aranges
                0x00000000000001c8       0x20 ../../os/kernel/src/chqueues.o
 .debug_aranges
                0x00000000000001e8       0x18 ../../os/kernel/src/chmemcore.o
 .debug_aranges
                0x0000000000000200       0x18 ../../os/kernel/src/chheap.o
 .debug_aranges
                0x0000000000000218       0x18 ../../os/kernel/src/chmempools.o
 .debug_aranges
                0x0000000000000230       0x20 ../../os/hal/src/hal.o
 .debug_aranges
                0x0000000000000250       0x20 ../../os/hal/src/adc.o
 .debug_aranges
                0x0000000000000270       0x18 ../../os/hal/src/can.o
 .debug_aranges
                0x0000000000000288       0x18 ../../os/hal/src/ext.o
 .debug_aranges
                0x00000000000002a0       0x18 ../../os/hal/src/gpt.o
 .debug_aranges
                0x00000000000002b8       0x18 ../../os/hal/src/i2c.o
 .debug_aranges
                0x00000000000002d0       0x18 ../../os/hal/src/icu.o
 .debug_aranges
                0x00000000000002e8       0x18 ../../os/hal/src/mac.o
 .debug_aranges
                0x0000000000000300       0x18 ../../os/hal/src/mmc_spi.o
 .debug_aranges
                0x0000000000000318       0x18 ../../os/hal/src/mmcsd.o
 .debug_aranges
                0x0000000000000330       0x20 ../../os/hal/src/pal.o
 .debug_aranges
                0x0000000000000350       0x20 ../../os/hal/src/pwm.o
 .debug_aranges
                0x0000000000000370       0x18 ../../os/hal/src/rtc.o
 .debug_aranges
                0x0000000000000388       0x18 ../../os/hal/src/sdc.o
 .debug_aranges
                0x00000000000003a0       0x20 ../../os/hal/src/serial.o
 .debug_aranges
                0x00000000000003c0       0x18 ../../os/hal/src/serial_usb.o
 .debug_aranges
                0x00000000000003d8       0x20 ../../os/hal/src/spi.o
 .debug_aranges
                0x00000000000003f8       0x18 ../../os/hal/src/tm.o
 .debug_aranges
                0x0000000000000410       0x18 ../../os/hal/src/uart.o
 .debug_aranges
                0x0000000000000428       0x18 ../../os/hal/src/usb.o
 .debug_aranges
                0x0000000000000440       0x20 ../../os/hal/platforms/AVR/hal_lld.o
 .debug_aranges
                0x0000000000000460       0x20 ../../os/hal/platforms/AVR/pal_lld.o
 .debug_aranges
                0x0000000000000480       0x20 ../../os/hal/platforms/AVR/serial_lld.o
 .debug_aranges
                0x00000000000004a0       0x20 ../../os/hal/platforms/AVR/adc_lld.o
 .debug_aranges
                0x00000000000004c0       0x18 ../../os/hal/platforms/AVR/i2c_lld.o
 .debug_aranges
                0x00000000000004d8       0x20 ../../os/hal/platforms/AVR/pwm_lld.o
 .debug_aranges
                0x00000000000004f8       0x20 ../../os/hal/platforms/AVR/spi_lld.o
 .debug_aranges
                0x0000000000000518       0x18 ../../os/hal/platforms/AVR/gpt_lld.o
 .debug_aranges
                0x0000000000000530       0x20 ../../os/hal/platforms/AVR/atmega_timers.o
 .debug_aranges
                0x0000000000000550       0x20 ../../boards/ARDUINO_GENERIC/board.o
 .debug_aranges
                0x0000000000000570       0x20 ../../os/various/evtimer.o
 .debug_aranges
                0x0000000000000590       0x20 ../../os/various/chprintf.o
 .debug_aranges
                0x00000000000005b0       0x20 main.o

.debug_pubnames
 *(.debug_pubnames)

.debug_info     0x0000000000000000     0xed40
 *(.debug_info)
 .debug_info    0x0000000000000000      0x4ff ../../os/ports/GCC/AVR/chcore.o
 .debug_info    0x00000000000004ff      0x870 ../../os/kernel/src/chsys.o
 .debug_info    0x0000000000000d6f       0x64 ../../os/kernel/src/chdebug.o
 .debug_info    0x0000000000000dd3       0x64 ../../os/kernel/src/chlists.o
 .debug_info    0x0000000000000e37      0x27a ../../os/kernel/src/chvt.o
 .debug_info    0x00000000000010b1      0xa91 ../../os/kernel/src/chschd.o
 .debug_info    0x0000000000001b42      0xacf ../../os/kernel/src/chthreads.o
 .debug_info    0x0000000000002611       0x64 ../../os/kernel/src/chdynamic.o
 .debug_info    0x0000000000002675      0x649 ../../os/kernel/src/chregistry.o
 .debug_info    0x0000000000002cbe      0xacc ../../os/kernel/src/chsem.o
 .debug_info    0x000000000000378a      0x9e5 ../../os/kernel/src/chmtx.o
 .debug_info    0x000000000000416f      0x9b8 ../../os/kernel/src/chcond.o
 .debug_info    0x0000000000004b27      0xb5c ../../os/kernel/src/chevents.o
 .debug_info    0x0000000000005683      0x688 ../../os/kernel/src/chmsg.o
 .debug_info    0x0000000000005d0b      0xada ../../os/kernel/src/chmboxes.o
 .debug_info    0x00000000000067e5      0xbd9 ../../os/kernel/src/chqueues.o
 .debug_info    0x00000000000073be       0x64 ../../os/kernel/src/chmemcore.o
 .debug_info    0x0000000000007422       0x64 ../../os/kernel/src/chheap.o
 .debug_info    0x0000000000007486       0x64 ../../os/kernel/src/chmempools.o
 .debug_info    0x00000000000074ea      0x1bb ../../os/hal/src/hal.o
 .debug_info    0x00000000000076a5      0xb5d ../../os/hal/src/adc.o
 .debug_info    0x0000000000008202       0x64 ../../os/hal/src/can.o
 .debug_info    0x0000000000008266       0x64 ../../os/hal/src/ext.o
 .debug_info    0x00000000000082ca       0x64 ../../os/hal/src/gpt.o
 .debug_info    0x000000000000832e       0x64 ../../os/hal/src/i2c.o
 .debug_info    0x0000000000008392       0x64 ../../os/hal/src/icu.o
 .debug_info    0x00000000000083f6       0x64 ../../os/hal/src/mac.o
 .debug_info    0x000000000000845a       0x64 ../../os/hal/src/mmc_spi.o
 .debug_info    0x00000000000084be       0x64 ../../os/hal/src/mmcsd.o
 .debug_info    0x0000000000008522      0x1fc ../../os/hal/src/pal.o
 .debug_info    0x000000000000871e      0x44f ../../os/hal/src/pwm.o
 .debug_info    0x0000000000008b6d       0x64 ../../os/hal/src/rtc.o
 .debug_info    0x0000000000008bd1       0x64 ../../os/hal/src/sdc.o
 .debug_info    0x0000000000008c35     0x1068 ../../os/hal/src/serial.o
 .debug_info    0x0000000000009c9d       0x64 ../../os/hal/src/serial_usb.o
 .debug_info    0x0000000000009d01      0xd17 ../../os/hal/src/spi.o
 .debug_info    0x000000000000aa18       0x64 ../../os/hal/src/tm.o
 .debug_info    0x000000000000aa7c       0x64 ../../os/hal/src/uart.o
 .debug_info    0x000000000000aae0       0x64 ../../os/hal/src/usb.o
 .debug_info    0x000000000000ab44      0x152 ../../os/hal/platforms/AVR/hal_lld.o
 .debug_info    0x000000000000ac96      0x1d3 ../../os/hal/platforms/AVR/pal_lld.o
 .debug_info    0x000000000000ae69      0xb44 ../../os/hal/platforms/AVR/serial_lld.o
 .debug_info    0x000000000000b9ad      0x98f ../../os/hal/platforms/AVR/adc_lld.o
 .debug_info    0x000000000000c33c       0x64 ../../os/hal/platforms/AVR/i2c_lld.o
 .debug_info    0x000000000000c3a0      0x6f1 ../../os/hal/platforms/AVR/pwm_lld.o
 .debug_info    0x000000000000ca91      0xa9e ../../os/hal/platforms/AVR/spi_lld.o
 .debug_info    0x000000000000d52f       0x64 ../../os/hal/platforms/AVR/gpt_lld.o
 .debug_info    0x000000000000d593      0x19c ../../os/hal/platforms/AVR/atmega_timers.o
 .debug_info    0x000000000000d72f      0x120 ../../boards/ARDUINO_GENERIC/board.o
 .debug_info    0x000000000000d84f      0x6e3 ../../os/various/evtimer.o
 .debug_info    0x000000000000df32      0x4c2 ../../os/various/chprintf.o
 .debug_info    0x000000000000e3f4      0x94c main.o
 *(.gnu.linkonce.wi.*)

.debug_abbrev   0x0000000000000000     0x3ed7
 *(.debug_abbrev)
 .debug_abbrev  0x0000000000000000      0x133 ../../os/ports/GCC/AVR/chcore.o
 .debug_abbrev  0x0000000000000133      0x1e4 ../../os/kernel/src/chsys.o
 .debug_abbrev  0x0000000000000317       0x26 ../../os/kernel/src/chdebug.o
 .debug_abbrev  0x000000000000033d       0x26 ../../os/kernel/src/chlists.o
 .debug_abbrev  0x0000000000000363      0x142 ../../os/kernel/src/chvt.o
 .debug_abbrev  0x00000000000004a5      0x326 ../../os/kernel/src/chschd.o
 .debug_abbrev  0x00000000000007cb      0x323 ../../os/kernel/src/chthreads.o
 .debug_abbrev  0x0000000000000aee       0x26 ../../os/kernel/src/chdynamic.o
 .debug_abbrev  0x0000000000000b14      0x126 ../../os/kernel/src/chregistry.o
 .debug_abbrev  0x0000000000000c3a      0x2fd ../../os/kernel/src/chsem.o
 .debug_abbrev  0x0000000000000f37      0x316 ../../os/kernel/src/chmtx.o
 .debug_abbrev  0x000000000000124d      0x2e2 ../../os/kernel/src/chcond.o
 .debug_abbrev  0x000000000000152f      0x307 ../../os/kernel/src/chevents.o
 .debug_abbrev  0x0000000000001836      0x1dc ../../os/kernel/src/chmsg.o
 .debug_abbrev  0x0000000000001a12      0x239 ../../os/kernel/src/chmboxes.o
 .debug_abbrev  0x0000000000001c4b      0x2ea ../../os/kernel/src/chqueues.o
 .debug_abbrev  0x0000000000001f35       0x26 ../../os/kernel/src/chmemcore.o
 .debug_abbrev  0x0000000000001f5b       0x26 ../../os/kernel/src/chheap.o
 .debug_abbrev  0x0000000000001f81       0x26 ../../os/kernel/src/chmempools.o
 .debug_abbrev  0x0000000000001fa7       0xf2 ../../os/hal/src/hal.o
 .debug_abbrev  0x0000000000002099      0x274 ../../os/hal/src/adc.o
 .debug_abbrev  0x000000000000230d       0x26 ../../os/hal/src/can.o
 .debug_abbrev  0x0000000000002333       0x26 ../../os/hal/src/ext.o
 .debug_abbrev  0x0000000000002359       0x26 ../../os/hal/src/gpt.o
 .debug_abbrev  0x000000000000237f       0x26 ../../os/hal/src/i2c.o
 .debug_abbrev  0x00000000000023a5       0x26 ../../os/hal/src/icu.o
 .debug_abbrev  0x00000000000023cb       0x26 ../../os/hal/src/mac.o
 .debug_abbrev  0x00000000000023f1       0x26 ../../os/hal/src/mmc_spi.o
 .debug_abbrev  0x0000000000002417       0x26 ../../os/hal/src/mmcsd.o
 .debug_abbrev  0x000000000000243d       0xf8 ../../os/hal/src/pal.o
 .debug_abbrev  0x0000000000002535      0x156 ../../os/hal/src/pwm.o
 .debug_abbrev  0x000000000000268b       0x26 ../../os/hal/src/rtc.o
 .debug_abbrev  0x00000000000026b1       0x26 ../../os/hal/src/sdc.o
 .debug_abbrev  0x00000000000026d7      0x256 ../../os/hal/src/serial.o
 .debug_abbrev  0x000000000000292d       0x26 ../../os/hal/src/serial_usb.o
 .debug_abbrev  0x0000000000002953      0x20b ../../os/hal/src/spi.o
 .debug_abbrev  0x0000000000002b5e       0x26 ../../os/hal/src/tm.o
 .debug_abbrev  0x0000000000002b84       0x26 ../../os/hal/src/uart.o
 .debug_abbrev  0x0000000000002baa       0x26 ../../os/hal/src/usb.o
 .debug_abbrev  0x0000000000002bd0       0xe7 ../../os/hal/platforms/AVR/hal_lld.o
 .debug_abbrev  0x0000000000002cb7       0xc9 ../../os/hal/platforms/AVR/pal_lld.o
 .debug_abbrev  0x0000000000002d80      0x2f3 ../../os/hal/platforms/AVR/serial_lld.o
 .debug_abbrev  0x0000000000003073      0x28e ../../os/hal/platforms/AVR/adc_lld.o
 .debug_abbrev  0x0000000000003301       0x26 ../../os/hal/platforms/AVR/i2c_lld.o
 .debug_abbrev  0x0000000000003327      0x258 ../../os/hal/platforms/AVR/pwm_lld.o
 .debug_abbrev  0x000000000000357f      0x2fc ../../os/hal/platforms/AVR/spi_lld.o
 .debug_abbrev  0x000000000000387b       0x26 ../../os/hal/platforms/AVR/gpt_lld.o
 .debug_abbrev  0x00000000000038a1       0xc2 ../../os/hal/platforms/AVR/atmega_timers.o
 .debug_abbrev  0x0000000000003963       0x92 ../../boards/ARDUINO_GENERIC/board.o
 .debug_abbrev  0x00000000000039f5      0x15f ../../os/various/evtimer.o
 .debug_abbrev  0x0000000000003b54      0x1dd ../../os/various/chprintf.o
 .debug_abbrev  0x0000000000003d31      0x1a6 main.o

.debug_line     0x0000000000000000     0x32d3
 *(.debug_line)
 .debug_line    0x0000000000000000      0x151 ../../os/ports/GCC/AVR/chcore.o
 .debug_line    0x0000000000000151      0x182 ../../os/kernel/src/chsys.o
 .debug_line    0x00000000000002d3       0x1d ../../os/kernel/src/chdebug.o
 .debug_line    0x00000000000002f0       0x1d ../../os/kernel/src/chlists.o
 .debug_line    0x000000000000030d      0x112 ../../os/kernel/src/chvt.o
 .debug_line    0x000000000000041f      0x226 ../../os/kernel/src/chschd.o
 .debug_line    0x0000000000000645      0x200 ../../os/kernel/src/chthreads.o
 .debug_line    0x0000000000000845       0x1d ../../os/kernel/src/chdynamic.o
 .debug_line    0x0000000000000862      0x16b ../../os/kernel/src/chregistry.o
 .debug_line    0x00000000000009cd      0x203 ../../os/kernel/src/chsem.o
 .debug_line    0x0000000000000bd0      0x238 ../../os/kernel/src/chmtx.o
 .debug_line    0x0000000000000e08      0x1b6 ../../os/kernel/src/chcond.o
 .debug_line    0x0000000000000fbe      0x1ed ../../os/kernel/src/chevents.o
 .debug_line    0x00000000000011ab      0x149 ../../os/kernel/src/chmsg.o
 .debug_line    0x00000000000012f4      0x196 ../../os/kernel/src/chmboxes.o
[...]
                                                  ../../os/hal/src/serial.o
chOQInit                                          ../../os/kernel/src/chqueues.o
                                                  ../../os/hal/src/serial.o
chOQPutTimeout                                    ../../os/kernel/src/chqueues.o
                                                  ../../os/hal/src/serial.o
chOQResetI                                        ../../os/kernel/src/chqueues.o
                                                  ../../os/hal/src/serial.o
chOQWriteTimeout                                  ../../os/kernel/src/chqueues.o
                                                  ../../os/hal/src/serial.o
chRegFirstThread                                  ../../os/kernel/src/chregistry.o
chRegNextThread                                   ../../os/kernel/src/chregistry.o
chSchDoReschedule                                 ../../os/kernel/src/chschd.o
                                                  ../../os/hal/platforms/AVR/spi_lld.o
                                                  ../../os/hal/platforms/AVR/pwm_lld.o
                                                  ../../os/hal/platforms/AVR/adc_lld.o
                                                  ../../os/hal/platforms/AVR/serial_lld.o
                                                  ../../os/ports/GCC/AVR/chcore.o
chSchDoRescheduleAhead                            ../../os/kernel/src/chschd.o
chSchDoRescheduleBehind                           ../../os/kernel/src/chschd.o
                                                  ../../os/kernel/src/chthreads.o
chSchGoSleepS                                     ../../os/kernel/src/chschd.o
                                                  ../../os/hal/src/spi.o
                                                  ../../os/hal/src/adc.o
                                                  ../../os/kernel/src/chmsg.o
                                                  ../../os/kernel/src/chevents.o
                                                  ../../os/kernel/src/chcond.o
                                                  ../../os/kernel/src/chmtx.o
                                                  ../../os/kernel/src/chsem.o
                                                  ../../os/kernel/src/chthreads.o
chSchGoSleepTimeoutS                              ../../os/kernel/src/chschd.o
                                                  ../../os/kernel/src/chqueues.o
                                                  ../../os/kernel/src/chevents.o
                                                  ../../os/kernel/src/chcond.o
                                                  ../../os/kernel/src/chsem.o
                                                  ../../os/kernel/src/chthreads.o
chSchIsPreemptionRequired                         ../../os/kernel/src/chschd.o
                                                  ../../os/hal/platforms/AVR/spi_lld.o
                                                  ../../os/hal/platforms/AVR/pwm_lld.o
                                                  ../../os/hal/platforms/AVR/adc_lld.o
                                                  ../../os/hal/platforms/AVR/serial_lld.o
                                                  ../../os/ports/GCC/AVR/chcore.o
chSchReadyI                                       ../../os/kernel/src/chschd.o
                                                  ../../os/hal/platforms/AVR/spi_lld.o
                                                  ../../os/hal/platforms/AVR/adc_lld.o
                                                  ../../os/hal/src/adc.o
                                                  ../../os/kernel/src/chqueues.o
                                                  ../../os/kernel/src/chmsg.o
                                                  ../../os/kernel/src/chevents.o
                                                  ../../os/kernel/src/chcond.o
                                                  ../../os/kernel/src/chmtx.o
                                                  ../../os/kernel/src/chsem.o
                                                  ../../os/kernel/src/chthreads.o
chSchRescheduleS                                  ../../os/kernel/src/chschd.o
                                                  ../../os/hal/src/serial.o
                                                  ../../os/kernel/src/chmboxes.o
                                                  ../../os/kernel/src/chevents.o
                                                  ../../os/kernel/src/chcond.o
                                                  ../../os/kernel/src/chmtx.o
                                                  ../../os/kernel/src/chsem.o
                                                  ../../os/kernel/src/chthreads.o
chSchWakeupS                                      ../../os/kernel/src/chschd.o
                                                  ../../os/hal/src/adc.o
                                                  ../../os/kernel/src/chmsg.o
                                                  ../../os/kernel/src/chcond.o
                                                  ../../os/kernel/src/chmtx.o
                                                  ../../os/kernel/src/chsem.o
                                                  ../../os/kernel/src/chthreads.o
chSemAddCounterI                                  ../../os/kernel/src/chsem.o
chSemInit                                         ../../os/kernel/src/chsem.o
                                                  ../../os/kernel/src/chmboxes.o
chSemReset                                        ../../os/kernel/src/chsem.o
chSemResetI                                       ../../os/kernel/src/chsem.o
                                                  ../../os/kernel/src/chmboxes.o
chSemSignal                                       ../../os/kernel/src/chsem.o
chSemSignalI                                      ../../os/kernel/src/chsem.o
                                                  ../../os/kernel/src/chmboxes.o
chSemSignalWait                                   ../../os/kernel/src/chsem.o
chSemWait                                         ../../os/kernel/src/chsem.o
chSemWaitS                                        ../../os/kernel/src/chsem.o
chSemWaitTimeout                                  ../../os/kernel/src/chsem.o
chSemWaitTimeoutS                                 ../../os/kernel/src/chsem.o
                                                  ../../os/kernel/src/chmboxes.o
chSysInit                                         ../../os/kernel/src/chsys.o
                                                  main.o
chSysTimerHandlerI                                ../../os/kernel/src/chsys.o
                                                  ../../os/ports/GCC/AVR/chcore.o
chThdCreateI                                      ../../os/kernel/src/chthreads.o
chThdCreateStatic                                 ../../os/kernel/src/chthreads.o
                                                  ../../os/kernel/src/chsys.o
chThdExit                                         ../../os/kernel/src/chthreads.o
                                                  ../../os/ports/GCC/AVR/chcore.o
chThdExitS                                        ../../os/kernel/src/chthreads.o
chThdResume                                       ../../os/kernel/src/chthreads.o
chThdSetPriority                                  ../../os/kernel/src/chthreads.o
chThdSleep                                        ../../os/kernel/src/chthreads.o
                                                  main.o
chThdSleepUntil                                   ../../os/kernel/src/chthreads.o
chThdTerminate                                    ../../os/kernel/src/chthreads.o
chThdWait                                         ../../os/kernel/src/chthreads.o
chThdYield                                        ../../os/kernel/src/chthreads.o
chTimeIsWithin                                    ../../os/kernel/src/chvt.o
chVTResetI                                        ../../os/kernel/src/chvt.o
                                                  ../../os/various/evtimer.o
                                                  ../../os/kernel/src/chschd.o
chVTSetI                                          ../../os/kernel/src/chvt.o
                                                  ../../os/various/evtimer.o
                                                  ../../os/kernel/src/chschd.o
ch_debug                                          ../../os/kernel/src/chregistry.o
                                                  ../../os/kernel/src/chsys.o
chprintf                                          ../../os/various/chprintf.o
                                                  main.o
clock_source_base                                 ../../os/hal/platforms/AVR/atmega_timers.o
                                                  ../../os/hal/platforms/AVR/hal_lld.o
clock_source_extended                             ../../os/hal/platforms/AVR/atmega_timers.o
evtStart                                          ../../os/various/evtimer.o
evtStop                                           ../../os/various/evtimer.o
exit                                              /usr/local/cross/lib/gcc/avr/4.7.2/avr5/libgcc.a(_exit.o)
                                                  /usr/local/cross/lib/gcc/avr/4.7.2/../../../../avr/lib/avr5/crtm644p.o
fgetc                                             /usr/local/cross/lib/gcc/avr/4.7.2/../../../../avr/lib/avr5/libc.a(fgetc.o)
                                                  /usr/local/cross/lib/gcc/avr/4.7.2/../../../../avr/lib/avr5/libscanf_min.a(vfscanf_min.o)
findBestPrescaler                                 ../../os/hal/platforms/AVR/atmega_timers.o
                                                  ../../os/hal/platforms/AVR/hal_lld.o
fputc                                             /usr/local/cross/lib/gcc/avr/4.7.2/../../../../avr/lib/avr5/libc.a(fputc.o)
                                                  /usr/local/cross/lib/gcc/avr/4.7.2/../../../../avr/lib/avr5/libprintf_min.a(vfprintf_min.o)
getTimerIndex                                     ../../os/hal/platforms/AVR/pwm_lld.o
halInit                                           ../../os/hal/src/hal.o
                                                  main.o
hal_lld_init                                      ../../os/hal/platforms/AVR/hal_lld.o
                                                  ../../os/hal/src/hal.o
isspace                                           /usr/local/cross/lib/gcc/avr/4.7.2/../../../../avr/lib/avr5/libc.a(isspace.o)
                                                  /usr/local/cross/lib/gcc/avr/4.7.2/../../../../avr/lib/avr5/libscanf_min.a(vfscanf_min.o)
main                                              main.o
                                                  /usr/local/cross/lib/gcc/avr/4.7.2/../../../../avr/lib/avr5/crtm644p.o
palReadBus                                        ../../os/hal/src/pal.o
palSetBusMode                                     ../../os/hal/src/pal.o
palWriteBus                                       ../../os/hal/src/pal.o
pal_default_config                                ../../boards/ARDUINO_GENERIC/board.o
                                                  ../../os/hal/src/hal.o
port_halt                                         ../../os/ports/GCC/AVR/chcore.o
port_switch                                       ../../os/ports/GCC/AVR/chcore.o
                                                  ../../os/kernel/src/chschd.o
pwmChangePeriod                                   ../../os/hal/src/pwm.o
pwmDisableChannel                                 ../../os/hal/src/pwm.o
pwmEnableChannel                                  ../../os/hal/src/pwm.o
pwmInit                                           ../../os/hal/src/pwm.o
                                                  ../../os/hal/src/hal.o
pwmObjectInit                                     ../../os/hal/src/pwm.o
                                                  ../../os/hal/platforms/AVR/pwm_lld.o
pwmStart                                          ../../os/hal/src/pwm.o
pwmStop                                           ../../os/hal/src/pwm.o
pwm_lld_change_period                             ../../os/hal/platforms/AVR/pwm_lld.o
                                                  ../../os/hal/src/pwm.o
pwm_lld_disable_channel                           ../../os/hal/platforms/AVR/pwm_lld.o
                                                  ../../os/hal/src/pwm.o
pwm_lld_enable_channel                            ../../os/hal/platforms/AVR/pwm_lld.o
                                                  ../../os/hal/src/pwm.o
pwm_lld_init                                      ../../os/hal/platforms/AVR/pwm_lld.o
                                                  ../../os/hal/src/pwm.o
pwm_lld_start                                     ../../os/hal/platforms/AVR/pwm_lld.o
                                                  ../../os/hal/src/pwm.o
pwm_lld_stop                                      ../../os/hal/platforms/AVR/pwm_lld.o
                                                  ../../os/hal/src/pwm.o
ratio_base                                        ../../os/hal/platforms/AVR/atmega_timers.o
                                                  ../../os/hal/platforms/AVR/hal_lld.o
ratio_extended                                    ../../os/hal/platforms/AVR/atmega_timers.o
rlist                                             ../../os/hal/src/spi.o
                                                  ../../os/hal/src/adc.o
                                                  ../../os/kernel/src/chqueues.o
                                                  ../../os/kernel/src/chmsg.o
                                                  ../../os/kernel/src/chevents.o
                                                  ../../os/kernel/src/chcond.o
                                                  ../../os/kernel/src/chmtx.o
                                                  ../../os/kernel/src/chsem.o
                                                  ../../os/kernel/src/chregistry.o
                                                  ../../os/kernel/src/chthreads.o
                                                  ../../os/kernel/src/chschd.o
                                                  ../../os/kernel/src/chsys.o
sdIncomingDataI                                   ../../os/hal/src/serial.o
                                                  ../../os/hal/platforms/AVR/serial_lld.o
sdInit                                            ../../os/hal/src/serial.o
                                                  ../../os/hal/src/hal.o
sdObjectInit                                      ../../os/hal/src/serial.o
                                                  ../../os/hal/platforms/AVR/serial_lld.o
sdRequestDataI                                    ../../os/hal/src/serial.o
                                                  ../../os/hal/platforms/AVR/serial_lld.o
sdStart                                           ../../os/hal/src/serial.o
                                                  main.o
sdStop                                            ../../os/hal/src/serial.o
sd_lld_init                                       ../../os/hal/platforms/AVR/serial_lld.o
                                                  ../../os/hal/src/serial.o
sd_lld_start                                      ../../os/hal/platforms/AVR/serial_lld.o
                                                  ../../os/hal/src/serial.o
sd_lld_stop                                       ../../os/hal/platforms/AVR/serial_lld.o
                                                  ../../os/hal/src/serial.o
spiAcquireBus                                     ../../os/hal/src/spi.o
spiExchange                                       ../../os/hal/src/spi.o
spiIgnore                                         ../../os/hal/src/spi.o
spiInit                                           ../../os/hal/src/spi.o
                                                  ../../os/hal/src/hal.o
spiObjectInit                                     ../../os/hal/src/spi.o
                                                  ../../os/hal/platforms/AVR/spi_lld.o
spiReceive                                        ../../os/hal/src/spi.o
spiReleaseBus                                     ../../os/hal/src/spi.o
spiSelect                                         ../../os/hal/src/spi.o
spiSend                                           ../../os/hal/src/spi.o
spiStart                                          ../../os/hal/src/spi.o
spiStartExchange                                  ../../os/hal/src/spi.o
spiStartIgnore                                    ../../os/hal/src/spi.o
spiStartReceive                                   ../../os/hal/src/spi.o
spiStartSend                                      ../../os/hal/src/spi.o
spiStop                                           ../../os/hal/src/spi.o
spiUnselect                                       ../../os/hal/src/spi.o
spi_lld_exchange                                  ../../os/hal/platforms/AVR/spi_lld.o
                                                  ../../os/hal/src/spi.o
spi_lld_ignore                                    ../../os/hal/platforms/AVR/spi_lld.o
                                                  ../../os/hal/src/spi.o
spi_lld_init                                      ../../os/hal/platforms/AVR/spi_lld.o
                                                  ../../os/hal/src/spi.o
spi_lld_polled_exchange                           ../../os/hal/platforms/AVR/spi_lld.o
spi_lld_receive                                   ../../os/hal/platforms/AVR/spi_lld.o
                                                  ../../os/hal/src/spi.o
spi_lld_select                                    ../../os/hal/platforms/AVR/spi_lld.o
                                                  ../../os/hal/src/spi.o
spi_lld_send                                      ../../os/hal/platforms/AVR/spi_lld.o
                                                  ../../os/hal/src/spi.o
spi_lld_start                                     ../../os/hal/platforms/AVR/spi_lld.o
                                                  ../../os/hal/src/spi.o
spi_lld_stop                                      ../../os/hal/platforms/AVR/spi_lld.o
                                                  ../../os/hal/src/spi.o
spi_lld_unselect                                  ../../os/hal/platforms/AVR/spi_lld.o
                                                  ../../os/hal/src/spi.o
strchr_P                                          /usr/local/cross/lib/gcc/avr/4.7.2/../../../../avr/lib/avr5/libc.a(strchr_P.o)
                                                  /usr/local/cross/lib/gcc/avr/4.7.2/../../../../avr/lib/avr5/libscanf_min.a(vfscanf_min.o)
                                                  /usr/local/cross/lib/gcc/avr/4.7.2/../../../../avr/lib/avr5/libprintf_min.a(vfprintf_min.o)
timer_registers_table                             ../../os/hal/platforms/AVR/pwm_lld.o
ungetc                                            /usr/local/cross/lib/gcc/avr/4.7.2/../../../../avr/lib/avr5/libc.a(ungetc.o)
                                                  /usr/local/cross/lib/gcc/avr/4.7.2/../../../../avr/lib/avr5/libscanf_min.a(vfscanf_min.o)
vfprintf                                          /usr/local/cross/lib/gcc/avr/4.7.2/../../../../avr/lib/avr5/libprintf_min.a(vfprintf_min.o)
vfscanf                                           /usr/local/cross/lib/gcc/avr/4.7.2/../../../../avr/lib/avr5/libscanf_min.a(vfscanf_min.o)
vtlist                                            ../../os/kernel/src/chthreads.o
                                                  ../../os/kernel/src/chvt.o
                                                  ../../os/kernel/src/chsys.o
