   1               		.file	"evtimer.c"
   2               	__SREG__ = 0x3f
   3               	__SP_H__ = 0x3e
   4               	__SP_L__ = 0x3d
   5               	__CCP__  = 0x34
   6               	__tmp_reg__ = 0
   7               	__zero_reg__ = 1
  15               	.Ltext0:
  16               	.global	evtStop
  18               	evtStop:
  19               	.LFB11:
  20               	.LM1:
  21               	.LVL0:
  22               	/* prologue: function */
  23               	/* frame size = 0 */
  24 0000 FC01      		movw r30,r24
  25               	.LM2:
  26               	/* #APP */
  27               	 ;  65 "os/various/evtimer.c" 1
  28 0002 F894      		cli
  29               	 ;  0 "" 2
  30               	/* #NOAPP */
  31 0004 8681      		ldd r24,Z+6
  32 0006 9781      		ldd r25,Z+7
  33               	.LVL1:
  34 0008 892B      		or r24,r25
  35 000a 01F0      		breq .L2
  36 000c CF01      		movw r24,r30
  37 000e 0E94 0000 		call chVTResetI
  38               	.LVL2:
  39               	.L2:
  40               	/* #APP */
  41               	 ;  65 "os/various/evtimer.c" 1
  42 0012 7894      		sei
  43               	 ;  0 "" 2
  44               	/* epilogue start */
  45               	.LM3:
  46               	/* #NOAPP */
  47 0014 0895      		ret
  48               	.LFE11:
  50               	.global	evtStart
  52               	evtStart:
  53               	.LFB10:
  54               	.LM4:
  55               	.LVL3:
  56               	/* prologue: function */
  57               	/* frame size = 0 */
  58 0016 FC01      		movw r30,r24
  59               	.LM5:
  60               	/* #APP */
  61               	 ;  49 "os/various/evtimer.c" 1
  62 0018 F894      		cli
  63               	 ;  0 "" 2
  64               	.LM6:
  65               	/* #NOAPP */
  66 001a 8681      		ldd r24,Z+6
  67 001c 9781      		ldd r25,Z+7
  68               	.LVL4:
  69 001e 892B      		or r24,r25
  70 0020 01F0      		breq .L8
  71               	.L6:
  72               	.LM7:
  73               	/* #APP */
  74               	 ;  54 "os/various/evtimer.c" 1
  75 0022 7894      		sei
  76               	 ;  0 "" 2
  77               	/* epilogue start */
  78               	.LM8:
  79               	/* #NOAPP */
  80 0024 0895      		ret
  81               	.L8:
  82               	.LM9:
  83 0026 6485      		ldd r22,Z+12
  84 0028 7585      		ldd r23,Z+13
  85 002a CF01      		movw r24,r30
  86 002c 40E0      		ldi r20,lo8(gs(tmrcb))
  87 002e 50E0      		ldi r21,hi8(gs(tmrcb))
  88 0030 9F01      		movw r18,r30
  89 0032 0E94 0000 		call chVTSetI
  90               	.LVL5:
  91 0036 00C0      		rjmp .L6
  92               	.LFE10:
  95               	tmrcb:
  96               	.LFB9:
  97               	.LM10:
  98               	.LVL6:
  99 0038 0F93      		push r16
 100 003a 1F93      		push r17
 101               	/* prologue: function */
 102               	/* frame size = 0 */
 103               	.LM11:
 104 003c 8C01      		movw r16,r24
 105               	.LVL7:
 106               	.LM12:
 107 003e 0A96      		adiw r24,10
 108 0040 60E0      		ldi r22,lo8(0)
 109 0042 0E94 0000 		call chEvtBroadcastFlagsI
 110               	.LM13:
 111 0046 F801      		movw r30,r16
 112               	.LVL8:
 113 0048 6485      		ldd r22,Z+12
 114 004a 7585      		ldd r23,Z+13
 115 004c C801      		movw r24,r16
 116 004e 40E0      		ldi r20,lo8(gs(tmrcb))
 117 0050 50E0      		ldi r21,hi8(gs(tmrcb))
 118 0052 9801      		movw r18,r16
 119 0054 0E94 0000 		call chVTSetI
 120               	/* epilogue start */
 121               	.LM14:
 122 0058 1F91      		pop r17
 123 005a 0F91      		pop r16
 124               	.LVL9:
 125 005c 0895      		ret
 126               	.LFE9:
 168               	.Letext0:
DEFINED SYMBOLS
                            *ABS*:00000000 evtimer.c
/var/folders/8w/bxlddk455k9cddvwz9khk6br0000gn/T//ccP0BWsl.s:2      *ABS*:0000003f __SREG__
/var/folders/8w/bxlddk455k9cddvwz9khk6br0000gn/T//ccP0BWsl.s:3      *ABS*:0000003e __SP_H__
/var/folders/8w/bxlddk455k9cddvwz9khk6br0000gn/T//ccP0BWsl.s:4      *ABS*:0000003d __SP_L__
/var/folders/8w/bxlddk455k9cddvwz9khk6br0000gn/T//ccP0BWsl.s:5      *ABS*:00000034 __CCP__
/var/folders/8w/bxlddk455k9cddvwz9khk6br0000gn/T//ccP0BWsl.s:6      *ABS*:00000000 __tmp_reg__
/var/folders/8w/bxlddk455k9cddvwz9khk6br0000gn/T//ccP0BWsl.s:7      *ABS*:00000001 __zero_reg__
/var/folders/8w/bxlddk455k9cddvwz9khk6br0000gn/T//ccP0BWsl.s:18     .text:00000000 evtStop
/var/folders/8w/bxlddk455k9cddvwz9khk6br0000gn/T//ccP0BWsl.s:52     .text:00000016 evtStart
/var/folders/8w/bxlddk455k9cddvwz9khk6br0000gn/T//ccP0BWsl.s:95     .text:00000038 tmrcb

UNDEFINED SYMBOLS
chVTResetI
chVTSetI
chEvtBroadcastFlagsI
