Archive member included because of file (symbol)

/usr/local/CrossPack-AVR-20100115/lib/gcc/avr/4.3.3/../../../../avr/lib/avr51/libprintf_min.a(vfprintf_min.o)
                              (vfprintf)
/usr/local/CrossPack-AVR-20100115/lib/gcc/avr/4.3.3/../../../../avr/lib/avr51/libscanf_min.a(vfscanf_min.o)
                              (vfscanf)
/usr/local/CrossPack-AVR-20100115/lib/gcc/avr/4.3.3/avr51/libgcc.a(_mulsi3.o)
                              test/testbmk.o (__mulsi3)
/usr/local/CrossPack-AVR-20100115/lib/gcc/avr/4.3.3/avr51/libgcc.a(_udivmodsi4.o)
                              test/test.o (__udivmodsi4)
/usr/local/CrossPack-AVR-20100115/lib/gcc/avr/4.3.3/avr51/libgcc.a(_exit.o)
                              /usr/local/CrossPack-AVR-20100115/lib/gcc/avr/4.3.3/../../../../avr/lib/avr51/crtm1284p.o (exit)
/usr/local/CrossPack-AVR-20100115/lib/gcc/avr/4.3.3/avr51/libgcc.a(_clear_bss.o)
                              os/kernel/src/chsys.o (__do_clear_bss)
/usr/local/CrossPack-AVR-20100115/lib/gcc/avr/4.3.3/../../../../avr/lib/avr51/libc.a(isspace.o)
                              /usr/local/CrossPack-AVR-20100115/lib/gcc/avr/4.3.3/../../../../avr/lib/avr51/libscanf_min.a(vfscanf_min.o) (isspace)
/usr/local/CrossPack-AVR-20100115/lib/gcc/avr/4.3.3/../../../../avr/lib/avr51/libc.a(strchr_P.o)
                              /usr/local/CrossPack-AVR-20100115/lib/gcc/avr/4.3.3/../../../../avr/lib/avr51/libprintf_min.a(vfprintf_min.o) (strchr_P)
/usr/local/CrossPack-AVR-20100115/lib/gcc/avr/4.3.3/../../../../avr/lib/avr51/libc.a(fgetc.o)
                              /usr/local/CrossPack-AVR-20100115/lib/gcc/avr/4.3.3/../../../../avr/lib/avr51/libscanf_min.a(vfscanf_min.o) (fgetc)
/usr/local/CrossPack-AVR-20100115/lib/gcc/avr/4.3.3/../../../../avr/lib/avr51/libc.a(fputc.o)
                              /usr/local/CrossPack-AVR-20100115/lib/gcc/avr/4.3.3/../../../../avr/lib/avr51/libprintf_min.a(vfprintf_min.o) (fputc)
/usr/local/CrossPack-AVR-20100115/lib/gcc/avr/4.3.3/../../../../avr/lib/avr51/libc.a(ungetc.o)
                              /usr/local/CrossPack-AVR-20100115/lib/gcc/avr/4.3.3/../../../../avr/lib/avr51/libscanf_min.a(vfscanf_min.o) (ungetc)
/usr/local/CrossPack-AVR-20100115/lib/gcc/avr/4.3.3/../../../../avr/lib/avr51/libc.a(ultoa_invert.o)
                              /usr/local/CrossPack-AVR-20100115/lib/gcc/avr/4.3.3/../../../../avr/lib/avr51/libprintf_min.a(vfprintf_min.o) (__ultoa_invert)
/usr/local/CrossPack-AVR-20100115/lib/gcc/avr/4.3.3/../../../../avr/lib/avr51/libc.a(cty_isfalse.o)
                              /usr/local/CrossPack-AVR-20100115/lib/gcc/avr/4.3.3/../../../../avr/lib/avr51/libc.a(isspace.o) (__ctype_isfalse)

Allocating common symbols
Common symbol       size              file

test_timer_done     0x1               test/test.o
SD2                 0x49              os/hal/platforms/AVR/serial_lld.o
threads             0xa               test/test.o
test                0x2e9             test/test.o
vtlist              0x8               os/kernel/src/chvt.o
rlist               0xd               os/kernel/src/chschd.o
_idle_thread_wa     0x6d              os/kernel/src/chsys.o

Memory Configuration

Name             Origin             Length             Attributes
text             0x00000000         0x00020000         xr
data             0x00800060         0x0000ffa0         rw !x
eeprom           0x00810000         0x00010000         rw !x
fuse             0x00820000         0x00000400         rw !x
lock             0x00830000         0x00000400         rw !x
signature        0x00840000         0x00000400         rw !x
*default*        0x00000000         0xffffffff

Linker script and memory map

Address of section .data set to 0x800100
LOAD /usr/local/CrossPack-AVR-20100115/lib/gcc/avr/4.3.3/../../../../avr/lib/avr51/crtm1284p.o
LOAD os/ports/GCC/AVR/chcore.o
LOAD os/kernel/src/chsys.o
LOAD os/kernel/src/chdebug.o
LOAD os/kernel/src/chlists.o
LOAD os/kernel/src/chvt.o
LOAD os/kernel/src/chschd.o
LOAD os/kernel/src/chthreads.o
LOAD os/kernel/src/chdynamic.o
LOAD os/kernel/src/chregistry.o
LOAD os/kernel/src/chsem.o
LOAD os/kernel/src/chmtx.o
LOAD os/kernel/src/chcond.o
LOAD os/kernel/src/chevents.o
LOAD os/kernel/src/chmsg.o
LOAD os/kernel/src/chmboxes.o
LOAD os/kernel/src/chqueues.o
LOAD os/kernel/src/chmemcore.o
LOAD os/kernel/src/chheap.o
LOAD os/kernel/src/chmempools.o
LOAD test/test.o
LOAD test/testthd.o
LOAD test/testsem.o
LOAD test/testmtx.o
LOAD test/testmsg.o
LOAD test/testmbox.o
LOAD test/testevt.o
LOAD test/testheap.o
LOAD test/testpools.o
LOAD test/testdyn.o
LOAD test/testqueues.o
LOAD test/testbmk.o
LOAD os/hal/src/hal.o
LOAD os/hal/src/adc.o
LOAD os/hal/src/can.o
LOAD os/hal/src/ext.o
LOAD os/hal/src/gpt.o
LOAD os/hal/src/i2c.o
LOAD os/hal/src/icu.o
LOAD os/hal/src/mac.o
LOAD os/hal/src/mmc_spi.o
LOAD os/hal/src/mmcsd.o
LOAD os/hal/src/pal.o
LOAD os/hal/src/pwm.o
LOAD os/hal/src/rtc.o
LOAD os/hal/src/sdc.o
LOAD os/hal/src/serial.o
LOAD os/hal/src/serial_usb.o
LOAD os/hal/src/spi.o
LOAD os/hal/src/tm.o
LOAD os/hal/src/uart.o
LOAD os/hal/src/usb.o
LOAD os/hal/platforms/AVR/hal_lld.o
LOAD os/hal/platforms/AVR/pal_lld.o
LOAD os/hal/platforms/AVR/serial_lld.o
LOAD os/hal/platforms/AVR/i2c_lld.o
LOAD boards/AVR_ATMEGA1284P/board.o
LOAD os/various/evtimer.o
LOAD lcd.o
LOAD main.o
LOAD /usr/local/CrossPack-AVR-20100115/lib/gcc/avr/4.3.3/../../../../avr/lib/avr51/libprintf_min.a
LOAD /usr/local/CrossPack-AVR-20100115/lib/gcc/avr/4.3.3/../../../../avr/lib/avr51/libscanf_min.a
LOAD /usr/local/CrossPack-AVR-20100115/lib/gcc/avr/4.3.3/../../../../avr/lib/avr51/libm.a
LOAD /usr/local/CrossPack-AVR-20100115/lib/gcc/avr/4.3.3/avr51/libgcc.a
LOAD /usr/local/CrossPack-AVR-20100115/lib/gcc/avr/4.3.3/../../../../avr/lib/avr51/libc.a
LOAD /usr/local/CrossPack-AVR-20100115/lib/gcc/avr/4.3.3/avr51/libgcc.a

.hash
 *(.hash)

.dynsym
 *(.dynsym)

.dynstr
 *(.dynstr)

.gnu.version
 *(.gnu.version)

.gnu.version_d
 *(.gnu.version_d)

.gnu.version_r
 *(.gnu.version_r)

.rel.init
 *(.rel.init)

.rela.init
 *(.rela.init)

.rel.text
 *(.rel.text)
 *(.rel.text.*)
 *(.rel.gnu.linkonce.t*)

.rela.text
 *(.rela.text)
 *(.rela.text.*)
 *(.rela.gnu.linkonce.t*)

.rel.fini
 *(.rel.fini)

.rela.fini
 *(.rela.fini)

.rel.rodata
 *(.rel.rodata)
 *(.rel.rodata.*)
 *(.rel.gnu.linkonce.r*)

.rela.rodata
 *(.rela.rodata)
 *(.rela.rodata.*)
 *(.rela.gnu.linkonce.r*)

.rel.data
 *(.rel.data)
 *(.rel.data.*)
 *(.rel.gnu.linkonce.d*)

.rela.data
 *(.rela.data)
 *(.rela.data.*)
 *(.rela.gnu.linkonce.d*)

.rel.ctors
 *(.rel.ctors)

.rela.ctors
 *(.rela.ctors)

.rel.dtors
 *(.rel.dtors)

.rela.dtors
 *(.rela.dtors)

.rel.got
 *(.rel.got)

.rela.got
 *(.rela.got)

.rel.bss
 *(.rel.bss)

.rela.bss
 *(.rela.bss)

.rel.plt
 *(.rel.plt)

.rela.plt
 *(.rela.plt)

.text           0x00000000     0x689e
 *(.vectors)
 .vectors       0x00000000       0x8c /usr/local/CrossPack-AVR-20100115/lib/gcc/avr/4.3.3/../../../../avr/lib/avr51/crtm1284p.o
                0x00000000                __vectors
                0x00000000                __vector_default
 *(.vectors)
 *(.progmem.gcc*)
 *(.progmem*)
 .progmem.data  0x0000008c       0x17 /usr/local/CrossPack-AVR-20100115/lib/gcc/avr/4.3.3/../../../../avr/lib/avr51/libprintf_min.a(vfprintf_min.o)
 .progmem.data  0x000000a3        0xb /usr/local/CrossPack-AVR-20100115/lib/gcc/avr/4.3.3/../../../../avr/lib/avr51/libscanf_min.a(vfscanf_min.o)
                0x000000ae                . = ALIGN (0x2)
                0x000000ae                __trampolines_start = .
 *(.trampolines)
 .trampolines   0x000000ae        0x0 linker stubs
 *(.trampolines*)
                0x000000ae                __trampolines_end = .
 *(.jumptables)
 *(.jumptables*)
 *(.lowtext)
 *(.lowtext*)
                0x000000ae                __ctors_start = .
 *(.ctors)
                0x000000ae                __ctors_end = .
                0x000000ae                __dtors_start = .
 *(.dtors)
                0x000000ae                __dtors_end = .
 SORT(*)(.ctors)
 SORT(*)(.dtors)
 *(.init0)
 .init0         0x000000ae        0x0 /usr/local/CrossPack-AVR-20100115/lib/gcc/avr/4.3.3/../../../../avr/lib/avr51/crtm1284p.o
                0x000000ae                __init
 *(.init0)
 *(.init1)
 *(.init1)
 *(.init2)
 .init2         0x000000ae        0xc /usr/local/CrossPack-AVR-20100115/lib/gcc/avr/4.3.3/../../../../avr/lib/avr51/crtm1284p.o
 *(.init2)
 *(.init3)
 *(.init3)
 *(.init4)
 .init4         0x000000ba       0x1a /usr/local/CrossPack-AVR-20100115/lib/gcc/avr/4.3.3/../../../../avr/lib/avr51/crtm1284p.o
                0x000000ba                __do_copy_data
 .init4         0x000000d4       0x10 /usr/local/CrossPack-AVR-20100115/lib/gcc/avr/4.3.3/avr51/libgcc.a(_clear_bss.o)
                0x000000d4                __do_clear_bss
 *(.init4)
 *(.init5)
 *(.init5)
 *(.init6)
 *(.init6)
 *(.init7)
 *(.init7)
 *(.init8)
 *(.init8)
 *(.init9)
 .init9         0x000000e4        0x8 /usr/local/CrossPack-AVR-20100115/lib/gcc/avr/4.3.3/../../../../avr/lib/avr51/crtm1284p.o
 *(.init9)
 *(.text)
 .text          0x000000ec        0x4 /usr/local/CrossPack-AVR-20100115/lib/gcc/avr/4.3.3/../../../../avr/lib/avr51/crtm1284p.o
                0x000000ec                __vector_22
                0x000000ec                __vector_1
                0x000000ec                __vector_32
                0x000000ec                __vector_34
                0x000000ec                __vector_24
                0x000000ec                __vector_12
                0x000000ec                __bad_interrupt
                0x000000ec                __vector_6
                0x000000ec                __vector_31
                0x000000ec                __vector_3
                0x000000ec                __vector_23
                0x000000ec                __vector_30
                0x000000ec                __vector_25
                0x000000ec                __vector_11
                0x000000ec                __vector_13
                0x000000ec                __vector_17
                0x000000ec                __vector_19
                0x000000ec                __vector_7
                0x000000ec                __vector_27
                0x000000ec                __vector_5
                0x000000ec                __vector_33
                0x000000ec                __vector_4
                0x000000ec                __vector_9
                0x000000ec                __vector_2
                0x000000ec                __vector_21
                0x000000ec                __vector_8
                0x000000ec                __vector_26
                0x000000ec                __vector_14
                0x000000ec                __vector_10
                0x000000ec                __vector_16
                0x000000ec                __vector_18
                0x000000ec                __vector_20
 .text          0x000000f0       0x70 os/ports/GCC/AVR/chcore.o
                0x0000014e                port_halt
                0x000000f0                port_switch
                0x00000152                _port_thread_start
 .text          0x00000160      0x10c os/kernel/src/chsys.o
                0x00000172                chSysTimerHandlerI
                0x00000216                chSysInit
                0x00000160                _idle_thread
 .text          0x0000026c        0x0 os/kernel/src/chdebug.o
 .text          0x0000026c        0x0 os/kernel/src/chlists.o
 .text          0x0000026c      0x130 os/kernel/src/chvt.o
                0x0000026c                _vt_init
                0x00000296                chVTSetI
                0x00000352                chTimeIsWithin
                0x00000314                chVTResetI
 .text          0x0000039c      0x322 os/kernel/src/chschd.o
                0x00000642                chSchGoSleepTimeoutS
                0x000005fc                chSchGoSleepS
                0x000005b6                chSchWakeupS
                0x0000039c                _scheduler_init
                0x00000520                chSchRescheduleS
                0x000003c6                chSchReadyI
                0x00000542                chSchDoRescheduleBehind
                0x0000059c                chSchDoReschedule
                0x000004a0                chSchDoRescheduleAhead
                0x00000470                chSchIsPreemptionRequired
 .text          0x000006be      0x23e os/kernel/src/chthreads.o
                0x0000083e                chThdExit
                0x00000718                chThdCreateI
                0x000008b2                chThdCreateStatic
                0x000007ce                chThdExitS
                0x00000886                chThdSleep
                0x00000894                chThdResume
                0x0000086a                chThdSleepUntil
                0x000008d4                chThdSetPriority
                0x0000079a                chThdWait
                0x000006be                _thread_init
                0x00000846                chThdYield
                0x0000078c                chThdTerminate
 .text          0x000008fc        0x0 os/kernel/src/chdynamic.o
 .text          0x000008fc       0x2a os/kernel/src/chregistry.o
                0x000008fc                chRegFirstThread
                0x0000090a                chRegNextThread
 .text          0x00000926      0x2ba os/kernel/src/chsem.o
                0x00000a84                chSemSignalWait
                0x000009c8                chSemResetI
                0x00000a7a                chSemWait
                0x00000926                chSemInit
                0x00000a24                chSemWaitS
                0x00000b3c                chSemSignal
                0x00000934                chSemAddCounterI
                0x00000bd6                chSemWaitTimeout
                0x00000b2e                chSemReset
                0x0000098e                chSemSignalI
                0x00000b7a                chSemWaitTimeoutS
 .text          0x00000be0      0x3e4 os/kernel/src/chmtx.o
                0x00000e30                chMtxLockS
                0x00000c2c                chMtxTryLockS
                0x00000fba                chMtxLock
                0x00000c62                chMtxUnlockS
                0x00000bf0                chMtxTryLock
                0x00000cfa                chMtxUnlockAll
                0x00000be0                chMtxInit
                0x00000d8e                chMtxUnlock
 .text          0x00000fc4      0x1f6 os/kernel/src/chcond.o
                0x0000114a                chCondSignalI
                0x0000117a                chCondBroadcast
                0x000010f0                chCondWait
                0x00001188                chCondSignal
                0x00001068                chCondWaitTimeout
                0x00000fd0                chCondWaitTimeoutS
                0x00000fc4                chCondInit
                0x00001072                chCondWaitS
                0x000010fa                chCondBroadcastI
 .text          0x000011ba      0x352 os/kernel/src/chevents.o
                0x000014bc                chEvtBroadcastFlagsI
                0x000011e2                chEvtUnregister
                0x0000120e                chEvtGetAndClearEvents
                0x000014ae                chEvtSignal
                0x00001248                chEvtGetAndClearFlagsI
                0x0000123c                chEvtGetAndClearFlags
                0x000012b4                chEvtWaitAllTimeout
                0x00001228                chEvtAddEvents
                0x000014fe                chEvtBroadcastFlags
                0x0000147c                chEvtSignalI
                0x0000143c                chEvtWaitOne
                0x000013c8                chEvtWaitAll
                0x00001250                chEvtDispatch
                0x00001366                chEvtWaitOneTimeout
                0x0000130a                chEvtWaitAnyTimeout
                0x00001400                chEvtWaitAny
                0x000011ba                chEvtRegisterMask
 .text          0x0000150c       0xb8 os/kernel/src/chmsg.o
                0x0000156a                chMsgSend
                0x00001516                chMsgWait
                0x0000150c                chMsgRelease
 .text          0x000015c4      0x2ec os/kernel/src/chmboxes.o
                0x0000186e                chMBInit
                0x000015c4                chMBFetchI
                0x000017ca                chMBPostS
                0x00001634                chMBPostAheadI
                0x000016f6                chMBFetchS
                0x00001698                chMBPostI
                0x00001756                chMBFetch
                0x0000182e                chMBReset
                0x00001760                chMBPostAheadS
                0x00001824                chMBPost
                0x000017c0                chMBPostAhead
 .text          0x000018b0      0x4e4 os/kernel/src/chqueues.o
                0x00001c40                chOQResetI
                0x00001b9c                chOQGetI
                0x00001a86                chIQReadTimeout
                0x000018b0                chIQInit
                0x00001960                chOQWriteTimeout
                0x000018e4                chOQInit
                0x00001b2e                chIQGetTimeout
                0x00001c9e                chIQPutI
                0x00001a0c                chOQPutTimeout
                0x00001d3e                chIQResetI
 .text          0x00001d94       0xa2 os/kernel/src/chmemcore.o
                0x00001de8                chCoreAllocI
                0x00001e1e                chCoreStatus
                0x00001d94                _core_init
                0x00001dae                chCoreAlloc
 .text          0x00001e36        0x0 os/kernel/src/chheap.o
 .text          0x00001e36        0x0 os/kernel/src/chmempools.o
 .text          0x00001e36      0x5b8 test/test.o
                0x00001fa0                _test_assert
                0x00002092                test_wait_tick
                0x00001fbe                _test_assert_sequence
                0x0000200a                test_cpu_pulse
                0x00001f1a                test_print
                0x00001e36                test_printn
                0x000023bc                _test_assert_time_window
                0x000020ea                TestThread
                0x000020c2                test_wait_threads
                0x00002398                test_terminate_threads
                0x00001f72                test_emit_token
                0x00001f4e                test_println
                0x000020a6                test_start_timer
                0x00001f8a                _test_fail
 .text          0x000023ee      0x4b8 test/testthd.o
 .text          0x000028a6      0x5e4 test/testsem.o
 .text          0x00002e8a      0xc20 test/testmtx.o
 .text          0x00003aaa       0xb4 test/testmsg.o
 .text          0x00003b5e      0x712 test/testmbox.o
 .text          0x00004270      0x544 test/testevt.o
 .text          0x000047b4        0x0 test/testheap.o
 .text          0x000047b4        0x0 test/testpools.o
 .text          0x000047b4        0x0 test/testdyn.o
 .text          0x000047b4      0x612 test/testqueues.o
 .text          0x00004dc6      0xb5a test/testbmk.o
                0x000058f8                thread4
 .text          0x00005920       0x16 os/hal/src/hal.o
                0x00005920                halInit
 .text          0x00005936        0x0 os/hal/src/adc.o
 .text          0x00005936        0x0 os/hal/src/can.o
 .text          0x00005936        0x0 os/hal/src/ext.o
 .text          0x00005936        0x0 os/hal/src/gpt.o
 .text          0x00005936        0x0 os/hal/src/i2c.o
 .text          0x00005936        0x0 os/hal/src/icu.o
 .text          0x00005936        0x0 os/hal/src/mac.o
 .text          0x00005936        0x0 os/hal/src/mmc_spi.o
 .text          0x00005936        0x0 os/hal/src/mmcsd.o
 .text          0x00005936       0x7a os/hal/src/pal.o
                0x0000595a                palWriteBus
                0x00005936                palReadBus
                0x00005992                palSetBusMode
 .text          0x000059b0        0x0 os/hal/src/pwm.o
 .text          0x000059b0        0x0 os/hal/src/rtc.o
 .text          0x000059b0        0x0 os/hal/src/sdc.o
 .text          0x000059b0      0x18a os/hal/src/serial.o
                0x000059e8                sdIncomingDataI
                0x000059b0                sdRequestDataI
                0x00005b34                sdInit
                0x00005a68                sdStart
                0x00005a3a                sdStop
                0x00005a82                sdObjectInit
 .text          0x00005b3a        0x0 os/hal/src/serial_usb.o
 .text          0x00005b3a        0x0 os/hal/src/spi.o
 .text          0x00005b3a        0x0 os/hal/src/tm.o
 .text          0x00005b3a        0x0 os/hal/src/uart.o
 .text          0x00005b3a        0x0 os/hal/src/usb.o
 .text          0x00005b3a        0x2 os/hal/platforms/AVR/hal_lld.o
                0x00005b3a                hal_lld_init
 .text          0x00005b3c       0x70 os/hal/platforms/AVR/pal_lld.o
                0x00005b60                _pal_lld_setgroupmode
                0x00005b3c                _pal_lld_init
 .text          0x00005bac      0x19e os/hal/platforms/AVR/serial_lld.o
                0x00005cc2                __vector_28
                0x00005c3c                sd_lld_init
                0x00005c4e                __vector_29
                0x00005c26                sd_lld_stop
                0x00005bb8                sd_lld_start
 .text          0x00005d4a        0x0 os/hal/platforms/AVR/i2c_lld.o
 .text          0x00005d4a       0x7a boards/AVR_ATMEGA1284P/board.o
                0x00005d68                __vector_15
                0x00005d4a                boardInit
 .text          0x00005dc4       0x5e os/various/evtimer.o
                0x00005dda                evtStart
                0x00005dc4                evtStop
 .text          0x00005e22      0x106 lcd.o
                0x00005e4c                lcdPutc
                0x00005ed4                lcdInit
                0x00005e7e                lcdCmd
                0x00005eb0                lcdPuts
 .text          0x00005f28       0x84 main.o
                0x00005f28                main
 .text          0x00005fac        0x0 /usr/local/CrossPack-AVR-20100115/lib/gcc/avr/4.3.3/../../../../avr/lib/avr51/libprintf_min.a(vfprintf_min.o)
 .text          0x00005fac        0x0 /usr/local/CrossPack-AVR-20100115/lib/gcc/avr/4.3.3/../../../../avr/lib/avr51/libscanf_min.a(vfscanf_min.o)
 .text          0x00005fac        0x0 /usr/local/CrossPack-AVR-20100115/lib/gcc/avr/4.3.3/avr51/libgcc.a(_mulsi3.o)
 .text          0x00005fac        0x0 /usr/local/CrossPack-AVR-20100115/lib/gcc/avr/4.3.3/avr51/libgcc.a(_udivmodsi4.o)
 .text          0x00005fac        0x0 /usr/local/CrossPack-AVR-20100115/lib/gcc/avr/4.3.3/avr51/libgcc.a(_exit.o)
 .text          0x00005fac        0x0 /usr/local/CrossPack-AVR-20100115/lib/gcc/avr/4.3.3/avr51/libgcc.a(_clear_bss.o)
 .text          0x00005fac        0x0 /usr/local/CrossPack-AVR-20100115/lib/gcc/avr/4.3.3/../../../../avr/lib/avr51/libc.a(isspace.o)
 .text          0x00005fac        0x0 /usr/local/CrossPack-AVR-20100115/lib/gcc/avr/4.3.3/../../../../avr/lib/avr51/libc.a(strchr_P.o)
 .text          0x00005fac        0x0 /usr/local/CrossPack-AVR-20100115/lib/gcc/avr/4.3.3/../../../../avr/lib/avr51/libc.a(fgetc.o)
 .text          0x00005fac        0x0 /usr/local/CrossPack-AVR-20100115/lib/gcc/avr/4.3.3/../../../../avr/lib/avr51/libc.a(fputc.o)
 .text          0x00005fac        0x0 /usr/local/CrossPack-AVR-20100115/lib/gcc/avr/4.3.3/../../../../avr/lib/avr51/libc.a(ungetc.o)
 .text          0x00005fac        0x0 /usr/local/CrossPack-AVR-20100115/lib/gcc/avr/4.3.3/../../../../avr/lib/avr51/libc.a(ultoa_invert.o)
 .text          0x00005fac        0x0 /usr/local/CrossPack-AVR-20100115/lib/gcc/avr/4.3.3/../../../../avr/lib/avr51/libc.a(cty_isfalse.o)
                0x00005fac                . = ALIGN (0x2)
 *(.text.*)
 .text.avr-libc
                0x00005fac      0x280 /usr/local/CrossPack-AVR-20100115/lib/gcc/avr/4.3.3/../../../../avr/lib/avr51/libprintf_min.a(vfprintf_min.o)
                0x00005fac                vfprintf
 .text.avr-libc
                0x0000622c      0x3f4 /usr/local/CrossPack-AVR-20100115/lib/gcc/avr/4.3.3/../../../../avr/lib/avr51/libscanf_min.a(vfscanf_min.o)
                0x000063f6                vfscanf
 .text.libgcc   0x00006620       0x3e /usr/local/CrossPack-AVR-20100115/lib/gcc/avr/4.3.3/avr51/libgcc.a(_mulsi3.o)
                0x00006620                __mulsi3
 .text.libgcc   0x0000665e       0x44 /usr/local/CrossPack-AVR-20100115/lib/gcc/avr/4.3.3/avr51/libgcc.a(_udivmodsi4.o)
                0x0000665e                __udivmodsi4
 .text.libgcc   0x000066a2        0x0 /usr/local/CrossPack-AVR-20100115/lib/gcc/avr/4.3.3/avr51/libgcc.a(_exit.o)
 .text.libgcc   0x000066a2        0x0 /usr/local/CrossPack-AVR-20100115/lib/gcc/avr/4.3.3/avr51/libgcc.a(_clear_bss.o)
 .text.avr-libc
                0x000066a2       0x10 /usr/local/CrossPack-AVR-20100115/lib/gcc/avr/4.3.3/../../../../avr/lib/avr51/libc.a(isspace.o)
                0x000066a2                isspace
 .text.avr-libc
                0x000066b2       0x16 /usr/local/CrossPack-AVR-20100115/lib/gcc/avr/4.3.3/../../../../avr/lib/avr51/libc.a(strchr_P.o)
                0x000066b2                strchr_P
 .text.avr-libc
                0x000066c8       0x84 /usr/local/CrossPack-AVR-20100115/lib/gcc/avr/4.3.3/../../../../avr/lib/avr51/libc.a(fgetc.o)
                0x000066c8                fgetc
 .text.avr-libc
                0x0000674c       0x58 /usr/local/CrossPack-AVR-20100115/lib/gcc/avr/4.3.3/../../../../avr/lib/avr51/libc.a(fputc.o)
                0x0000674c                fputc
 .text.avr-libc
                0x000067a4       0x34 /usr/local/CrossPack-AVR-20100115/lib/gcc/avr/4.3.3/../../../../avr/lib/avr51/libc.a(ungetc.o)
                0x000067a4                ungetc
 .text.avr-libc
                0x000067d8       0xbc /usr/local/CrossPack-AVR-20100115/lib/gcc/avr/4.3.3/../../../../avr/lib/avr51/libc.a(ultoa_invert.o)
                0x000067d8                __ultoa_invert
 .text.avr-libc
                0x00006894        0x6 /usr/local/CrossPack-AVR-20100115/lib/gcc/avr/4.3.3/../../../../avr/lib/avr51/libc.a(cty_isfalse.o)
                0x00006898                __ctype_istrue
                0x00006894                __ctype_isfalse
                0x0000689a                . = ALIGN (0x2)
 *(.fini9)
 .fini9         0x0000689a        0x0 /usr/local/CrossPack-AVR-20100115/lib/gcc/avr/4.3.3/avr51/libgcc.a(_exit.o)
                0x0000689a                exit
                0x0000689a                _exit
 *(.fini9)
 *(.fini8)
 *(.fini8)
 *(.fini7)
 *(.fini7)
 *(.fini6)
 *(.fini6)
 *(.fini5)
 *(.fini5)
 *(.fini4)
 *(.fini4)
 *(.fini3)
 *(.fini3)
 *(.fini2)
 *(.fini2)
 *(.fini1)
 *(.fini1)
 *(.fini0)
 .fini0         0x0000689a        0x4 /usr/local/CrossPack-AVR-20100115/lib/gcc/avr/4.3.3/avr51/libgcc.a(_exit.o)
 *(.fini0)
                0x0000689e                _etext = .

.data           0x00800100      0x8f0 load address 0x0000689e
                0x00800100                PROVIDE (__data_start, .)
 *(.data)
 .data          0x00800100        0x0 /usr/local/CrossPack-AVR-20100115/lib/gcc/avr/4.3.3/../../../../avr/lib/avr51/crtm1284p.o
 .data          0x00800100        0x0 os/ports/GCC/AVR/chcore.o
 .data          0x00800100        0x5 os/kernel/src/chsys.o
 .data          0x00800105        0x0 os/kernel/src/chdebug.o
 .data          0x00800105        0x0 os/kernel/src/chlists.o
 .data          0x00800105        0x0 os/kernel/src/chvt.o
 .data          0x00800105        0x0 os/kernel/src/chschd.o
 .data          0x00800105        0x0 os/kernel/src/chthreads.o
 .data          0x00800105        0x0 os/kernel/src/chdynamic.o
 .data          0x00800105       0x16 os/kernel/src/chregistry.o
                0x00800105                ch_debug
 .data          0x0080011b        0x0 os/kernel/src/chsem.o
 .data          0x0080011b        0x0 os/kernel/src/chmtx.o
 .data          0x0080011b        0x0 os/kernel/src/chcond.o
 .data          0x0080011b        0x0 os/kernel/src/chevents.o
 .data          0x0080011b        0x0 os/kernel/src/chmsg.o
 .data          0x0080011b        0x0 os/kernel/src/chmboxes.o
 .data          0x0080011b        0x0 os/kernel/src/chqueues.o
 .data          0x0080011b        0x0 os/kernel/src/chmemcore.o
 .data          0x0080011b        0x0 os/kernel/src/chheap.o
 .data          0x0080011b        0x0 os/kernel/src/chmempools.o
 .data          0x0080011b      0x19c test/test.o
                0x00800295                wa
 .data          0x008002b7       0x99 test/testthd.o
                0x00800346                patternthd
                0x008002e2                testthd1
                0x00800326                testthd3
                0x00800305                testthd2
                0x0080033e                testthd4
 .data          0x00800350       0xa9 test/testsem.o
                0x008003ea                patternsem
                0x008003e2                testsem4
                0x00800376                testsem1
                0x008003b9                testsem3
                0x00800392                testsem2
 .data          0x008003f9      0x15c test/testmtx.o
                0x0080050b                testmtx7
                0x00800495                testmtx3
                0x008004ce                testmtx5
                0x008004eb                testmtx6
                0x00800527                testmtx8
                0x0080052f                patternmtx
                0x0080042e                testmtx1
                0x00800461                testmtx2
                0x008004b6                testmtx4
 .data          0x00800555       0x1f test/testmsg.o
                0x00800570                patternmsg
                0x00800568                testmsg1
 .data          0x00800574       0x44 test/testmbox.o
                0x008005a2                patternmbox
                0x0080059a                testmbox1
 .data          0x008005b8       0x7e test/testevt.o
                0x00800603                testevt2
                0x008005e0                testevt1
                0x00800624                patternevt
                0x0080061c                testevt3
 .data          0x00800636        0x2 test/testheap.o
                0x00800636                patternheap
 .data          0x00800638        0x2 test/testpools.o
                0x00800638                patternpools
 .data          0x0080063a        0x2 test/testdyn.o
                0x0080063a                patterndyn
 .data          0x0080063c       0x6a test/testqueues.o
                0x00800674                testqueues2
                0x00800656                testqueues1
                0x0080067c                patternqueues
 .data          0x008006a6      0x307 test/testbmk.o
                0x00800989                testbmk13
                0x00800991                patternbmk
                0x008007d3                testbmk2
                0x00800891                testbmk7
                0x00800968                testbmk12
                0x008008eb                testbmk9
                0x008007f2                testbmk3
                0x0080083b                testbmk5
                0x008008c2                testbmk8
                0x00800941                testbmk11
                0x00800917                testbmk10
                0x008007b4                testbmk1
                0x00800814                testbmk4
                0x00800863                testbmk6
 .data          0x008009ad        0x0 os/hal/src/hal.o
 .data          0x008009ad        0x0 os/hal/src/adc.o
 .data          0x008009ad        0x0 os/hal/src/can.o
 .data          0x008009ad        0x0 os/hal/src/ext.o
 .data          0x008009ad        0x0 os/hal/src/gpt.o
 .data          0x008009ad        0x0 os/hal/src/i2c.o
 .data          0x008009ad        0x0 os/hal/src/icu.o
 .data          0x008009ad        0x0 os/hal/src/mac.o
 .data          0x008009ad        0x0 os/hal/src/mmc_spi.o
 .data          0x008009ad        0x0 os/hal/src/mmcsd.o
 .data          0x008009ad        0x0 os/hal/src/pal.o
 .data          0x008009ad        0x0 os/hal/src/pwm.o
 .data          0x008009ad        0x0 os/hal/src/rtc.o
 .data          0x008009ad        0x0 os/hal/src/sdc.o
 .data          0x008009ad       0x10 os/hal/src/serial.o
 .data          0x008009bd        0x0 os/hal/src/serial_usb.o
 .data          0x008009bd        0x0 os/hal/src/spi.o
 .data          0x008009bd        0x0 os/hal/src/tm.o
 .data          0x008009bd        0x0 os/hal/src/uart.o
 .data          0x008009bd        0x0 os/hal/src/usb.o
 .data          0x008009bd        0x0 os/hal/platforms/AVR/hal_lld.o
 .data          0x008009bd        0x0 os/hal/platforms/AVR/pal_lld.o
 .data          0x008009bd        0x3 os/hal/platforms/AVR/serial_lld.o
 .data          0x008009c0        0x0 os/hal/platforms/AVR/i2c_lld.o
 .data          0x008009c0        0xe boards/AVR_ATMEGA1284P/board.o
                0x008009c0                pal_default_config
 .data          0x008009ce        0x0 os/various/evtimer.o
 .data          0x008009ce        0x0 lcd.o
 .data          0x008009ce       0x22 main.o
 .data          0x008009f0        0x0 /usr/local/CrossPack-AVR-20100115/lib/gcc/avr/4.3.3/../../../../avr/lib/avr51/libprintf_min.a(vfprintf_min.o)
 .data          0x008009f0        0x0 /usr/local/CrossPack-AVR-20100115/lib/gcc/avr/4.3.3/../../../../avr/lib/avr51/libscanf_min.a(vfscanf_min.o)
 .data          0x008009f0        0x0 /usr/local/CrossPack-AVR-20100115/lib/gcc/avr/4.3.3/avr51/libgcc.a(_mulsi3.o)
 .data          0x008009f0        0x0 /usr/local/CrossPack-AVR-20100115/lib/gcc/avr/4.3.3/avr51/libgcc.a(_udivmodsi4.o)
 .data          0x008009f0        0x0 /usr/local/CrossPack-AVR-20100115/lib/gcc/avr/4.3.3/avr51/libgcc.a(_exit.o)
 .data          0x008009f0        0x0 /usr/local/CrossPack-AVR-20100115/lib/gcc/avr/4.3.3/avr51/libgcc.a(_clear_bss.o)
 .data          0x008009f0        0x0 /usr/local/CrossPack-AVR-20100115/lib/gcc/avr/4.3.3/../../../../avr/lib/avr51/libc.a(isspace.o)
 .data          0x008009f0        0x0 /usr/local/CrossPack-AVR-20100115/lib/gcc/avr/4.3.3/../../../../avr/lib/avr51/libc.a(strchr_P.o)
 .data          0x008009f0        0x0 /usr/local/CrossPack-AVR-20100115/lib/gcc/avr/4.3.3/../../../../avr/lib/avr51/libc.a(fgetc.o)
 .data          0x008009f0        0x0 /usr/local/CrossPack-AVR-20100115/lib/gcc/avr/4.3.3/../../../../avr/lib/avr51/libc.a(fputc.o)
 .data          0x008009f0        0x0 /usr/local/CrossPack-AVR-20100115/lib/gcc/avr/4.3.3/../../../../avr/lib/avr51/libc.a(ungetc.o)
 .data          0x008009f0        0x0 /usr/local/CrossPack-AVR-20100115/lib/gcc/avr/4.3.3/../../../../avr/lib/avr51/libc.a(ultoa_invert.o)
 .data          0x008009f0        0x0 /usr/local/CrossPack-AVR-20100115/lib/gcc/avr/4.3.3/../../../../avr/lib/avr51/libc.a(cty_isfalse.o)
 *(.data*)
 *(.rodata)
 *(.rodata*)
 *(.gnu.linkonce.d*)
                0x008009f0                . = ALIGN (0x2)
                0x008009f0                _edata = .
                0x008009f0                PROVIDE (__data_end, .)

.bss            0x008009f0      0x54d
                0x008009f0                PROVIDE (__bss_start, .)
 *(.bss)
 .bss           0x008009f0        0x0 /usr/local/CrossPack-AVR-20100115/lib/gcc/avr/4.3.3/../../../../avr/lib/avr51/crtm1284p.o
 .bss           0x008009f0        0x0 os/ports/GCC/AVR/chcore.o
 .bss           0x008009f0       0x20 os/kernel/src/chsys.o
 .bss           0x00800a10        0x0 os/kernel/src/chdebug.o
 .bss           0x00800a10        0x0 os/kernel/src/chlists.o
 .bss           0x00800a10        0x0 os/kernel/src/chvt.o
 .bss           0x00800a10        0x0 os/kernel/src/chschd.o
 .bss           0x00800a10        0x0 os/kernel/src/chthreads.o
 .bss           0x00800a10        0x0 os/kernel/src/chdynamic.o
 .bss           0x00800a10        0x0 os/kernel/src/chregistry.o
 .bss           0x00800a10        0x0 os/kernel/src/chsem.o
 .bss           0x00800a10        0x0 os/kernel/src/chmtx.o
 .bss           0x00800a10        0x0 os/kernel/src/chcond.o
 .bss           0x00800a10        0x0 os/kernel/src/chevents.o
 .bss           0x00800a10        0x0 os/kernel/src/chmsg.o
 .bss           0x00800a10        0x0 os/kernel/src/chmboxes.o
 .bss           0x00800a10        0x0 os/kernel/src/chqueues.o
 .bss           0x00800a10       0x84 os/kernel/src/chmemcore.o
 .bss           0x00800a94        0x0 os/kernel/src/chheap.o
 .bss           0x00800a94        0x0 os/kernel/src/chmempools.o
 .bss           0x00800a94       0x22 test/test.o
 .bss           0x00800ab6        0x0 test/testthd.o
 .bss           0x00800ab6        0x0 test/testsem.o
 .bss           0x00800ab6        0x0 test/testmtx.o
 .bss           0x00800ab6        0x0 test/testmsg.o
 .bss           0x00800ab6        0x0 test/testmbox.o
 .bss           0x00800ab6        0x0 test/testevt.o
 .bss           0x00800ab6        0x0 test/testheap.o
 .bss           0x00800ab6        0x0 test/testpools.o
 .bss           0x00800ab6        0x0 test/testdyn.o
 .bss           0x00800ab6        0x0 test/testqueues.o
 .bss           0x00800ab6       0x43 test/testbmk.o
 .bss           0x00800af9        0x0 os/hal/src/hal.o
 .bss           0x00800af9        0x0 os/hal/src/adc.o
 .bss           0x00800af9        0x0 os/hal/src/can.o
 .bss           0x00800af9        0x0 os/hal/src/ext.o
 .bss           0x00800af9        0x0 os/hal/src/gpt.o
 .bss           0x00800af9        0x0 os/hal/src/i2c.o
 .bss           0x00800af9        0x0 os/hal/src/icu.o
 .bss           0x00800af9        0x0 os/hal/src/mac.o
 .bss           0x00800af9        0x0 os/hal/src/mmc_spi.o
 .bss           0x00800af9        0x0 os/hal/src/mmcsd.o
 .bss           0x00800af9        0x0 os/hal/src/pal.o
 .bss           0x00800af9        0x0 os/hal/src/pwm.o
 .bss           0x00800af9        0x0 os/hal/src/rtc.o
 .bss           0x00800af9        0x0 os/hal/src/sdc.o
 .bss           0x00800af9        0x0 os/hal/src/serial.o
 .bss           0x00800af9        0x0 os/hal/src/serial_usb.o
 .bss           0x00800af9        0x0 os/hal/src/spi.o
 .bss           0x00800af9        0x0 os/hal/src/tm.o
 .bss           0x00800af9        0x0 os/hal/src/uart.o
 .bss           0x00800af9        0x0 os/hal/src/usb.o
 .bss           0x00800af9        0x0 os/hal/platforms/AVR/hal_lld.o
 .bss           0x00800af9        0x0 os/hal/platforms/AVR/pal_lld.o
 .bss           0x00800af9        0x0 os/hal/platforms/AVR/serial_lld.o
 .bss           0x00800af9        0x0 os/hal/platforms/AVR/i2c_lld.o
 .bss           0x00800af9        0x0 boards/AVR_ATMEGA1284P/board.o
 .bss           0x00800af9        0x0 os/various/evtimer.o
 .bss           0x00800af9        0x0 lcd.o
 .bss           0x00800af9       0x85 main.o
 .bss           0x00800b7e        0x0 /usr/local/CrossPack-AVR-20100115/lib/gcc/avr/4.3.3/../../../../avr/lib/avr51/libprintf_min.a(vfprintf_min.o)
 .bss           0x00800b7e        0x0 /usr/local/CrossPack-AVR-20100115/lib/gcc/avr/4.3.3/../../../../avr/lib/avr51/libscanf_min.a(vfscanf_min.o)
 .bss           0x00800b7e        0x0 /usr/local/CrossPack-AVR-20100115/lib/gcc/avr/4.3.3/avr51/libgcc.a(_mulsi3.o)
 .bss           0x00800b7e        0x0 /usr/local/CrossPack-AVR-20100115/lib/gcc/avr/4.3.3/avr51/libgcc.a(_udivmodsi4.o)
 .bss           0x00800b7e        0x0 /usr/local/CrossPack-AVR-20100115/lib/gcc/avr/4.3.3/avr51/libgcc.a(_exit.o)
 .bss           0x00800b7e        0x0 /usr/local/CrossPack-AVR-20100115/lib/gcc/avr/4.3.3/avr51/libgcc.a(_clear_bss.o)
 .bss           0x00800b7e        0x0 /usr/local/CrossPack-AVR-20100115/lib/gcc/avr/4.3.3/../../../../avr/lib/avr51/libc.a(isspace.o)
 .bss           0x00800b7e        0x0 /usr/local/CrossPack-AVR-20100115/lib/gcc/avr/4.3.3/../../../../avr/lib/avr51/libc.a(strchr_P.o)
 .bss           0x00800b7e        0x0 /usr/local/CrossPack-AVR-20100115/lib/gcc/avr/4.3.3/../../../../avr/lib/avr51/libc.a(fgetc.o)
 .bss           0x00800b7e        0x0 /usr/local/CrossPack-AVR-20100115/lib/gcc/avr/4.3.3/../../../../avr/lib/avr51/libc.a(fputc.o)
 .bss           0x00800b7e        0x0 /usr/local/CrossPack-AVR-20100115/lib/gcc/avr/4.3.3/../../../../avr/lib/avr51/libc.a(ungetc.o)
 .bss           0x00800b7e        0x0 /usr/local/CrossPack-AVR-20100115/lib/gcc/avr/4.3.3/../../../../avr/lib/avr51/libc.a(ultoa_invert.o)
 .bss           0x00800b7e        0x0 /usr/local/CrossPack-AVR-20100115/lib/gcc/avr/4.3.3/../../../../avr/lib/avr51/libc.a(cty_isfalse.o)
 *(.bss*)
 *(COMMON)
 COMMON         0x00800b7e       0x6d os/kernel/src/chsys.o
                0x00800b7e                _idle_thread_wa
 COMMON         0x00800beb        0x8 os/kernel/src/chvt.o
                0x00800beb                vtlist
 COMMON         0x00800bf3        0xd os/kernel/src/chschd.o
                0x00800bf3                rlist
 COMMON         0x00800c00      0x2f4 test/test.o
                0x00800c00                test_timer_done
                0x00800c01                threads
                0x00800c0b                test
 COMMON         0x00800ef4       0x49 os/hal/platforms/AVR/serial_lld.o
                0x00800ef4                SD2
                0x00800f3d                PROVIDE (__bss_end, .)
                0x0000689e                __data_load_start = LOADADDR (.data)
                0x0000718e                __data_load_end = (__data_load_start + SIZEOF (.data))

.noinit         0x00800f3d        0x0
                0x00800f3d                PROVIDE (__noinit_start, .)
 *(.noinit*)
                0x00800f3d                PROVIDE (__noinit_end, .)
                0x00800f3d                _end = .
                0x00800f3d                PROVIDE (__heap_start, .)

.eeprom         0x00810000        0x0
 *(.eeprom*)
                0x00810000                __eeprom_end = .

.fuse
 *(.fuse)
 *(.lfuse)
 *(.hfuse)
 *(.efuse)

.lock
 *(.lock*)

.signature
 *(.signature*)

.stab           0x00000000      0xd68
 *(.stab)
 .stab          0x00000000      0x750 /usr/local/CrossPack-AVR-20100115/lib/gcc/avr/4.3.3/../../../../avr/lib/avr51/crtm1284p.o
 .stab          0x00000750       0x9c /usr/local/CrossPack-AVR-20100115/lib/gcc/avr/4.3.3/../../../../avr/lib/avr51/libc.a(isspace.o)
                                 0xa8 (size before relaxing)
 .stab          0x000007ec       0x9c /usr/local/CrossPack-AVR-20100115/lib/gcc/avr/4.3.3/../../../../avr/lib/avr51/libc.a(strchr_P.o)
                                 0xa8 (size before relaxing)
 .stab          0x00000888      0x480 /usr/local/CrossPack-AVR-20100115/lib/gcc/avr/4.3.3/../../../../avr/lib/avr51/libc.a(ultoa_invert.o)
                                0x48c (size before relaxing)
 .stab          0x00000d08       0x60 /usr/local/CrossPack-AVR-20100115/lib/gcc/avr/4.3.3/../../../../avr/lib/avr51/libc.a(cty_isfalse.o)
                                 0x6c (size before relaxing)

.stabstr        0x00000000      0x1fa
 *(.stabstr)
 .stabstr       0x00000000      0x1fa /usr/local/CrossPack-AVR-20100115/lib/gcc/avr/4.3.3/../../../../avr/lib/avr51/crtm1284p.o

.stab.excl
 *(.stab.excl)

.stab.exclstr
 *(.stab.exclstr)

.stab.index
 *(.stab.index)

.stab.indexstr
 *(.stab.indexstr)

.comment
 *(.comment)

.debug
 *(.debug)

.line
 *(.line)

.debug_srcinfo
 *(.debug_srcinfo)

.debug_sfnames
 *(.debug_sfnames)

.debug_aranges  0x00000000      0x4e0
 *(.debug_aranges)
 .debug_aranges
                0x00000000       0x20 os/ports/GCC/AVR/chcore.o
 .debug_aranges
                0x00000020       0x20 os/kernel/src/chsys.o
 .debug_aranges
                0x00000040       0x20 os/kernel/src/chvt.o
 .debug_aranges
                0x00000060       0x20 os/kernel/src/chschd.o
 .debug_aranges
                0x00000080       0x20 os/kernel/src/chthreads.o
 .debug_aranges
                0x000000a0       0x20 os/kernel/src/chregistry.o
 .debug_aranges
                0x000000c0       0x20 os/kernel/src/chsem.o
 .debug_aranges
                0x000000e0       0x20 os/kernel/src/chmtx.o
 .debug_aranges
                0x00000100       0x20 os/kernel/src/chcond.o
 .debug_aranges
                0x00000120       0x20 os/kernel/src/chevents.o
 .debug_aranges
                0x00000140       0x20 os/kernel/src/chmsg.o
 .debug_aranges
                0x00000160       0x20 os/kernel/src/chmboxes.o
 .debug_aranges
                0x00000180       0x20 os/kernel/src/chqueues.o
 .debug_aranges
                0x000001a0       0x20 os/kernel/src/chmemcore.o
 .debug_aranges
                0x000001c0       0x20 test/test.o
 .debug_aranges
                0x000001e0       0x20 test/testthd.o
 .debug_aranges
                0x00000200       0x20 test/testsem.o
 .debug_aranges
                0x00000220       0x20 test/testmtx.o
 .debug_aranges
                0x00000240       0x20 test/testmsg.o
 .debug_aranges
                0x00000260       0x20 test/testmbox.o
 .debug_aranges
                0x00000280       0x20 test/testevt.o
 .debug_aranges
                0x000002a0       0x20 test/testqueues.o
 .debug_aranges
                0x000002c0       0x20 test/testbmk.o
 .debug_aranges
                0x000002e0       0x20 os/hal/src/hal.o
 .debug_aranges
                0x00000300       0x20 os/hal/src/pal.o
 .debug_aranges
                0x00000320       0x20 os/hal/src/serial.o
 .debug_aranges
                0x00000340       0x20 os/hal/platforms/AVR/hal_lld.o
 .debug_aranges
                0x00000360       0x20 os/hal/platforms/AVR/pal_lld.o
 .debug_aranges
                0x00000380       0x20 os/hal/platforms/AVR/serial_lld.o
 .debug_aranges
                0x000003a0       0x20 boards/AVR_ATMEGA1284P/board.o
 .debug_aranges
                0x000003c0       0x20 os/various/evtimer.o
 .debug_aranges
                0x000003e0       0x20 lcd.o
 .debug_aranges
                0x00000400       0x20 main.o
 .debug_aranges
                0x00000420       0x20 /usr/local/CrossPack-AVR-20100115/lib/gcc/avr/4.3.3/../../../../avr/lib/avr51/libprintf_min.a(vfprintf_min.o)
 .debug_aranges
                0x00000440       0x40 /usr/local/CrossPack-AVR-20100115/lib/gcc/avr/4.3.3/../../../../avr/lib/avr51/libscanf_min.a(vfscanf_min.o)
 .debug_aranges
                0x00000480       0x20 /usr/local/CrossPack-AVR-20100115/lib/gcc/avr/4.3.3/../../../../avr/lib/avr51/libc.a(fgetc.o)
 .debug_aranges
                0x000004a0       0x20 /usr/local/CrossPack-AVR-20100115/lib/gcc/avr/4.3.3/../../../../avr/lib/avr51/libc.a(fputc.o)
 .debug_aranges
                0x000004c0       0x20 /usr/local/CrossPack-AVR-20100115/lib/gcc/avr/4.3.3/../../../../avr/lib/avr51/libc.a(ungetc.o)

.debug_pubnames
                0x00000000     0x1068
 *(.debug_pubnames)
 .debug_pubnames
                0x00000000       0x47 os/ports/GCC/AVR/chcore.o
 .debug_pubnames
                0x00000047       0x5c os/kernel/src/chsys.o
 .debug_pubnames
                0x000000a3       0x59 os/kernel/src/chvt.o
 .debug_pubnames
                0x000000fc       0xfc os/kernel/src/chschd.o
 .debug_pubnames
                0x000001f8       0xdf os/kernel/src/chthreads.o
 .debug_pubnames
                0x000002d7       0x48 os/kernel/src/chregistry.o
 .debug_pubnames
                0x0000031f       0xd1 os/kernel/src/chsem.o
 .debug_pubnames
                0x000003f0       0x94 os/kernel/src/chmtx.o
 .debug_pubnames
                0x00000484       0xb9 os/kernel/src/chcond.o
 .debug_pubnames
                0x0000053d      0x17e os/kernel/src/chevents.o
 .debug_pubnames
                0x000006bb       0x3f os/kernel/src/chmsg.o
 .debug_pubnames
                0x000006fa       0xba os/kernel/src/chmboxes.o
 .debug_pubnames
                0x000007b4       0xb3 os/kernel/src/chqueues.o
 .debug_pubnames
                0x00000867       0x53 os/kernel/src/chmemcore.o
 .debug_pubnames
                0x000008ba      0x158 test/test.o
 .debug_pubnames
                0x00000a12       0x55 test/testthd.o
 .debug_pubnames
                0x00000a67       0x55 test/testsem.o
 .debug_pubnames
                0x00000abc       0x89 test/testmtx.o
 .debug_pubnames
                0x00000b45       0x2e test/testmsg.o
 .debug_pubnames
                0x00000b73       0x30 test/testmbox.o
 .debug_pubnames
                0x00000ba3       0x48 test/testevt.o
 .debug_pubnames
                0x00000beb       0x22 test/testheap.o
 .debug_pubnames
                0x00000c0d       0x23 test/testpools.o
 .debug_pubnames
                0x00000c30       0x21 test/testdyn.o
 .debug_pubnames
                0x00000c51       0x44 test/testqueues.o
 .debug_pubnames
                0x00000c95       0xda test/testbmk.o
 .debug_pubnames
                0x00000d6f       0x1e os/hal/src/hal.o
 .debug_pubnames
                0x00000d8d       0x43 os/hal/src/pal.o
 .debug_pubnames
                0x00000dd0       0x6c os/hal/src/serial.o
 .debug_pubnames
                0x00000e3c       0x23 os/hal/platforms/AVR/hal_lld.o
 .debug_pubnames
                0x00000e5f       0x3e os/hal/platforms/AVR/pal_lld.o
 .debug_pubnames
                0x00000e9d       0x6b os/hal/platforms/AVR/serial_lld.o
 .debug_pubnames
                0x00000f08       0x47 boards/AVR_ATMEGA1284P/board.o
 .debug_pubnames
                0x00000f4f       0x2b os/various/evtimer.o
 .debug_pubnames
                0x00000f7a       0x41 lcd.o
 .debug_pubnames
                0x00000fbb       0x1b main.o
 .debug_pubnames
                0x00000fd6       0x1f /usr/local/CrossPack-AVR-20100115/lib/gcc/avr/4.3.3/../../../../avr/lib/avr51/libprintf_min.a(vfprintf_min.o)
 .debug_pubnames
                0x00000ff5       0x1e /usr/local/CrossPack-AVR-20100115/lib/gcc/avr/4.3.3/../../../../avr/lib/avr51/libscanf_min.a(vfscanf_min.o)
 .debug_pubnames
                0x00001013       0x1c /usr/local/CrossPack-AVR-20100115/lib/gcc/avr/4.3.3/../../../../avr/lib/avr51/libc.a(fgetc.o)
 .debug_pubnames
                0x0000102f       0x1c /usr/local/CrossPack-AVR-20100115/lib/gcc/avr/4.3.3/../../../../avr/lib/avr51/libc.a(fputc.o)
 .debug_pubnames
                0x0000104b       0x1d /usr/local/CrossPack-AVR-20100115/lib/gcc/avr/4.3.3/../../../../avr/lib/avr51/libc.a(ungetc.o)

.debug_info     0x00000000     0xf900
 *(.debug_info)
 .debug_info    0x00000000      0x487 os/ports/GCC/AVR/chcore.o
 .debug_info    0x00000487      0x77a os/kernel/src/chsys.o
 .debug_info    0x00000c01       0x68 os/kernel/src/chdebug.o
 .debug_info    0x00000c69       0x68 os/kernel/src/chlists.o
 .debug_info    0x00000cd1      0x274 os/kernel/src/chvt.o
 .debug_info    0x00000f45      0x85f os/kernel/src/chschd.o
 .debug_info    0x000017a4      0x8e3 os/kernel/src/chthreads.o
 .debug_info    0x00002087       0x68 os/kernel/src/chdynamic.o
 .debug_info    0x000020ef      0x633 os/kernel/src/chregistry.o
 .debug_info    0x00002722      0x90b os/kernel/src/chsem.o
 .debug_info    0x0000302d      0x8bd os/kernel/src/chmtx.o
 .debug_info    0x000038ea      0x7e3 os/kernel/src/chcond.o
 .debug_info    0x000040cd      0x9ce os/kernel/src/chevents.o
 .debug_info    0x00004a9b      0x5cb os/kernel/src/chmsg.o
 .debug_info    0x00005066      0x828 os/kernel/src/chmboxes.o
 .debug_info    0x0000588e      0xa0c os/kernel/src/chqueues.o
 .debug_info    0x0000629a      0x1ac os/kernel/src/chmemcore.o
 .debug_info    0x00006446       0x68 os/kernel/src/chheap.o
 .debug_info    0x000064ae       0x68 os/kernel/src/chmempools.o
 .debug_info    0x00006516      0xdd0 test/test.o
 .debug_info    0x000072e6      0x720 test/testthd.o
 .debug_info    0x00007a06      0x85d test/testsem.o
 .debug_info    0x00008263      0xb8b test/testmtx.o
 .debug_info    0x00008dee      0x5c3 test/testmsg.o
 .debug_info    0x000093b1      0x680 test/testmbox.o
 .debug_info    0x00009a31      0x8f9 test/testevt.o
 .debug_info    0x0000a32a       0xf6 test/testheap.o
 .debug_info    0x0000a420       0xf6 test/testpools.o
 .debug_info    0x0000a516       0xf6 test/testdyn.o
 .debug_info    0x0000a60c      0x824 test/testqueues.o
 .debug_info    0x0000ae30      0xc45 test/testbmk.o
 .debug_info    0x0000ba75      0x116 os/hal/src/hal.o
 .debug_info    0x0000bb8b       0x68 os/hal/src/adc.o
 .debug_info    0x0000bbf3       0x68 os/hal/src/can.o
 .debug_info    0x0000bc5b       0x68 os/hal/src/ext.o
 .debug_info    0x0000bcc3       0x68 os/hal/src/gpt.o
 .debug_info    0x0000bd2b       0x68 os/hal/src/i2c.o
 .debug_info    0x0000bd93       0x68 os/hal/src/icu.o
 .debug_info    0x0000bdfb       0x68 os/hal/src/mac.o
 .debug_info    0x0000be63       0x68 os/hal/src/mmc_spi.o
 .debug_info    0x0000becb       0x68 os/hal/src/mmcsd.o
 .debug_info    0x0000bf33      0x1c1 os/hal/src/pal.o
 .debug_info    0x0000c0f4       0x68 os/hal/src/pwm.o
 .debug_info    0x0000c15c       0x68 os/hal/src/rtc.o
 .debug_info    0x0000c1c4       0x68 os/hal/src/sdc.o
 .debug_info    0x0000c22c      0xb41 os/hal/src/serial.o
 .debug_info    0x0000cd6d       0x68 os/hal/src/serial_usb.o
 .debug_info    0x0000cdd5       0x68 os/hal/src/spi.o
 .debug_info    0x0000ce3d       0x68 os/hal/src/tm.o
 .debug_info    0x0000cea5       0x68 os/hal/src/uart.o
 .debug_info    0x0000cf0d       0x68 os/hal/src/usb.o
 .debug_info    0x0000cf75       0x7c os/hal/platforms/AVR/hal_lld.o
 .debug_info    0x0000cff1      0x1c9 os/hal/platforms/AVR/pal_lld.o
 .debug_info    0x0000d1ba      0x9d6 os/hal/platforms/AVR/serial_lld.o
 .debug_info    0x0000db90       0x68 os/hal/platforms/AVR/i2c_lld.o
 .debug_info    0x0000dbf8      0x158 boards/AVR_ATMEGA1284P/board.o
 .debug_info    0x0000dd50      0x5ee os/various/evtimer.o
 .debug_info    0x0000e33e      0x179 lcd.o
 .debug_info    0x0000e4b7      0x869 main.o
 .debug_info    0x0000ed20      0x308 /usr/local/CrossPack-AVR-20100115/lib/gcc/avr/4.3.3/../../../../avr/lib/avr51/libprintf_min.a(vfprintf_min.o)
 .debug_info    0x0000f028      0x499 /usr/local/CrossPack-AVR-20100115/lib/gcc/avr/4.3.3/../../../../avr/lib/avr51/libscanf_min.a(vfscanf_min.o)
 .debug_info    0x0000f4c1      0x16b /usr/local/CrossPack-AVR-20100115/lib/gcc/avr/4.3.3/../../../../avr/lib/avr51/libc.a(fgetc.o)
 .debug_info    0x0000f62c      0x16a /usr/local/CrossPack-AVR-20100115/lib/gcc/avr/4.3.3/../../../../avr/lib/avr51/libc.a(fputc.o)
 .debug_info    0x0000f796      0x16a /usr/local/CrossPack-AVR-20100115/lib/gcc/avr/4.3.3/../../../../avr/lib/avr51/libc.a(ungetc.o)
 *(.gnu.linkonce.wi.*)

.debug_abbrev   0x00000000     0x4055
 *(.debug_abbrev)
 .debug_abbrev  0x00000000       0xed os/ports/GCC/AVR/chcore.o
 .debug_abbrev  0x000000ed      0x14e os/kernel/src/chsys.o
 .debug_abbrev  0x0000023b       0x33 os/kernel/src/chdebug.o
 .debug_abbrev  0x0000026e       0x33 os/kernel/src/chlists.o
 .debug_abbrev  0x000002a1      0x142 os/kernel/src/chvt.o
 .debug_abbrev  0x000003e3      0x230 os/kernel/src/chschd.o
 .debug_abbrev  0x00000613      0x218 os/kernel/src/chthreads.o
 .debug_abbrev  0x0000082b       0x33 os/kernel/src/chdynamic.o
 .debug_abbrev  0x0000085e      0x11d os/kernel/src/chregistry.o
 .debug_abbrev  0x0000097b      0x234 os/kernel/src/chsem.o
 .debug_abbrev  0x00000baf      0x23c os/kernel/src/chmtx.o
 .debug_abbrev  0x00000deb      0x1f1 os/kernel/src/chcond.o
 .debug_abbrev  0x00000fdc      0x1d6 os/kernel/src/chevents.o
 .debug_abbrev  0x000011b2      0x175 os/kernel/src/chmsg.o
 .debug_abbrev  0x00001327      0x188 os/kernel/src/chmboxes.o
 .debug_abbrev  0x000014af      0x253 os/kernel/src/chqueues.o
 .debug_abbrev  0x00001702      0x14a os/kernel/src/chmemcore.o
 .debug_abbrev  0x0000184c       0x33 os/kernel/src/chheap.o
 .debug_abbrev  0x0000187f       0x33 os/kernel/src/chmempools.o
 .debug_abbrev  0x000018b2      0x3ad test/test.o
 .debug_abbrev  0x00001c5f      0x188 test/testthd.o
 .debug_abbrev  0x00001de7      0x1c4 test/testsem.o
 .debug_abbrev  0x00001fab      0x205 test/testmtx.o
 .debug_abbrev  0x000021b0      0x156 test/testmsg.o
 .debug_abbrev  0x00002306      0x18c test/testmbox.o
 .debug_abbrev  0x00002492      0x1ec test/testevt.o
 .debug_abbrev  0x0000267e       0x94 test/testheap.o
 .debug_abbrev  0x00002712       0x94 test/testpools.o
 .debug_abbrev  0x000027a6       0x94 test/testdyn.o
 .debug_abbrev  0x0000283a      0x1df test/testqueues.o
 .debug_abbrev  0x00002a19      0x25a test/testbmk.o
 .debug_abbrev  0x00002c73       0x98 os/hal/src/hal.o
 .debug_abbrev  0x00002d0b       0x33 os/hal/src/adc.o
 .debug_abbrev  0x00002d3e       0x33 os/hal/src/can.o
 .debug_abbrev  0x00002d71       0x33 os/hal/src/ext.o
 .debug_abbrev  0x00002da4       0x33 os/hal/src/gpt.o
 .debug_abbrev  0x00002dd7       0x33 os/hal/src/i2c.o
 .debug_abbrev  0x00002e0a       0x33 os/hal/src/icu.o
 .debug_abbrev  0x00002e3d       0x33 os/hal/src/mac.o
 .debug_abbrev  0x00002e70       0x33 os/hal/src/mmc_spi.o
 .debug_abbrev  0x00002ea3       0x33 os/hal/src/mmcsd.o
 .debug_abbrev  0x00002ed6       0xde os/hal/src/pal.o
 .debug_abbrev  0x00002fb4       0x33 os/hal/src/pwm.o
 .debug_abbrev  0x00002fe7       0x33 os/hal/src/rtc.o
 .debug_abbrev  0x0000301a       0x33 os/hal/src/sdc.o
 .debug_abbrev  0x0000304d      0x1ad os/hal/src/serial.o
 .debug_abbrev  0x000031fa       0x33 os/hal/src/serial_usb.o
 .debug_abbrev  0x0000322d       0x33 os/hal/src/spi.o
 .debug_abbrev  0x00003260       0x33 os/hal/src/tm.o
 .debug_abbrev  0x00003293       0x33 os/hal/src/uart.o
 .debug_abbrev  0x000032c6       0x33 os/hal/src/usb.o
 .debug_abbrev  0x000032f9       0x48 os/hal/platforms/AVR/hal_lld.o
 .debug_abbrev  0x00003341       0xcc os/hal/platforms/AVR/pal_lld.o
 .debug_abbrev  0x0000340d      0x22b os/hal/platforms/AVR/serial_lld.o
 .debug_abbrev  0x00003638       0x33 os/hal/platforms/AVR/i2c_lld.o
 .debug_abbrev  0x0000366b       0x98 boards/AVR_ATMEGA1284P/board.o
 .debug_abbrev  0x00003703      0x10a os/various/evtimer.o
 .debug_abbrev  0x0000380d       0xda lcd.o
 .debug_abbrev  0x000038e7      0x15b main.o
 .debug_abbrev  0x00003a42      0x179 /usr/local/CrossPack-AVR-20100115/lib/gcc/avr/4.3.3/../../../../avr/lib/avr51/libprintf_min.a(vfprintf_min.o)
 .debug_abbrev  0x00003bbb      0x209 /usr/local/CrossPack-AVR-20100115/lib/gcc/avr/4.3.3/../../../../avr/lib/avr51/libscanf_min.a(vfscanf_min.o)
 .debug_abbrev  0x00003dc4       0xdb /usr/local/CrossPack-AVR-20100115/lib/gcc/avr/4.3.3/../../../../avr/lib/avr51/libc.a(fgetc.o)
 .debug_abbrev  0x00003e9f       0xdb /usr/local/CrossPack-AVR-20100115/lib/gcc/avr/4.3.3/../../../../avr/lib/avr51/libc.a(fputc.o)
 .debug_abbrev  0x00003f7a       0xdb /usr/local/CrossPack-AVR-20100115/lib/gcc/avr/4.3.3/../../../../avr/lib/avr51/libc.a(ungetc.o)

.debug_line     0x00000000     0x87ce
 *(.debug_line)
 .debug_line    0x00000000      0x2e8 os/ports/GCC/AVR/chcore.o
 .debug_line    0x000002e8      0x1cd os/kernel/src/chsys.o
 .debug_line    0x000004b5       0x3e os/kernel/src/chdebug.o
 .debug_line    0x000004f3       0x3e os/kernel/src/chlists.o
 .debug_line    0x00000531      0x212 os/kernel/src/chvt.o
 .debug_line    0x00000743      0x462 os/kernel/src/chschd.o
 .debug_line    0x00000ba5      0x440 os/kernel/src/chthreads.o
 .debug_line    0x00000fe5       0x3e os/kernel/src/chdynamic.o
 .debug_line    0x00001023      0x197 os/kernel/src/chregistry.o
 .debug_line    0x000011ba      0x4c1 os/kernel/src/chsem.o
 .debug_line    0x0000167b      0x54f os/kernel/src/chmtx.o
 .debug_line    0x00001bca      0x373 os/kernel/src/chcond.o
 .debug_line    0x00001f3d      0x5e6 os/kernel/src/chevents.o
 .debug_line    0x00002523      0x216 os/kernel/src/chmsg.o
 .debug_line    0x00002739      0x3f9 os/kernel/src/chmboxes.o
 .debug_line    0x00002b32      0x5fd os/kernel/src/chqueues.o
 .debug_line    0x0000312f      0x1cd os/kernel/src/chmemcore.o
 .debug_line    0x000032fc       0x3e os/kernel/src/chheap.o
 .debug_line    0x0000333a       0x3e os/kernel/src/chmempools.o
 .debug_line    0x00003378      0x70e test/test.o
 .debug_line    0x00003a86      0x37d test/testthd.o
 .debug_line    0x00003e03      0x4d6 test/testsem.o
 .debug_line    0x000042d9      0x9c2 test/testmtx.o
 .debug_line    0x00004c9b      0x1cd test/testmsg.o
 .debug_line    0x00004e68      0x483 test/testmbox.o
 .debug_line    0x000052eb      0x4c1 test/testevt.o
 .debug_line    0x000057ac       0x5b test/testheap.o
 .debug_line    0x00005807       0x5c test/testpools.o
 .debug_line    0x00005863       0x5a test/testdyn.o
 .debug_line    0x000058bd      0x4fa test/testqueues.o
 .debug_line    0x00005db7      0x9df test/testbmk.o
 .debug_line    0x00006796       0xfd os/hal/src/hal.o
 .debug_line    0x00006893       0x3e os/hal/src/adc.o
 .debug_line    0x000068d1       0x3e os/hal/src/can.o
 .debug_line    0x0000690f       0x3e os/hal/src/ext.o
 .debug_line    0x0000694d       0x3e os/hal/src/gpt.o
 .debug_line    0x0000698b       0x3e os/hal/src/i2c.o
 .debug_line    0x000069c9       0x3e os/hal/src/icu.o
 .debug_line    0x00006a07       0x3e os/hal/src/mac.o
 .debug_line    0x00006a45       0x3e os/hal/src/mmc_spi.o
 .debug_line    0x00006a83       0x3e os/hal/src/mmcsd.o
 .debug_line    0x00006ac1      0x12e os/hal/src/pal.o
 .debug_line    0x00006bef       0x3e os/hal/src/pwm.o
 .debug_line    0x00006c2d       0x3e os/hal/src/rtc.o
 .debug_line    0x00006c6b       0x3e os/hal/src/sdc.o
 .debug_line    0x00006ca9      0x3c2 os/hal/src/serial.o
 .debug_line    0x0000706b       0x3e os/hal/src/serial_usb.o
 .debug_line    0x000070a9       0x3e os/hal/src/spi.o
 .debug_line    0x000070e7       0x3e os/hal/src/tm.o
 .debug_line    0x00007125       0x3e os/hal/src/uart.o
 .debug_line    0x00007163       0x3e os/hal/src/usb.o
 .debug_line    0x000071a1       0x70 os/hal/platforms/AVR/hal_lld.o
 .debug_line    0x00007211      0x175 os/hal/platforms/AVR/pal_lld.o
 .debug_line    0x00007386      0x361 os/hal/platforms/AVR/serial_lld.o
 .debug_line    0x000076e7       0x3e os/hal/platforms/AVR/i2c_lld.o
 .debug_line    0x00007725      0x15e boards/AVR_ATMEGA1284P/board.o
 .debug_line    0x00007883      0x1ac os/various/evtimer.o
 .debug_line    0x00007a2f      0x1e9 lcd.o
 .debug_line    0x00007c18      0x24a main.o
 .debug_line    0x00007e62      0x283 /usr/local/CrossPack-AVR-20100115/lib/gcc/avr/4.3.3/../../../../avr/lib/avr51/libprintf_min.a(vfprintf_min.o)
 .debug_line    0x000080e5      0x433 /usr/local/CrossPack-AVR-20100115/lib/gcc/avr/4.3.3/../../../../avr/lib/avr51/libscanf_min.a(vfscanf_min.o)
 .debug_line    0x00008518      0x117 /usr/local/CrossPack-AVR-20100115/lib/gcc/avr/4.3.3/../../../../avr/lib/avr51/libc.a(fgetc.o)
 .debug_line    0x0000862f       0xd7 /usr/local/CrossPack-AVR-20100115/lib/gcc/avr/4.3.3/../../../../avr/lib/avr51/libc.a(fputc.o)
 .debug_line    0x00008706       0xc8 /usr/local/CrossPack-AVR-20100115/lib/gcc/avr/4.3.3/../../../../avr/lib/avr51/libc.a(ungetc.o)

.debug_frame    0x00000000     0x12e0
 *(.debug_frame)
 .debug_frame   0x00000000       0x40 os/ports/GCC/AVR/chcore.o
 .debug_frame   0x00000040       0x40 os/kernel/src/chsys.o
 .debug_frame   0x00000080       0x50 os/kernel/src/chvt.o
 .debug_frame   0x000000d0       0xc0 os/kernel/src/chschd.o
 .debug_frame   0x00000190       0xd0 os/kernel/src/chthreads.o
 .debug_frame   0x00000260       0x30 os/kernel/src/chregistry.o
 .debug_frame   0x00000290       0xc0 os/kernel/src/chsem.o
 .debug_frame   0x00000350       0x90 os/kernel/src/chmtx.o
 .debug_frame   0x000003e0       0xa0 os/kernel/src/chcond.o
 .debug_frame   0x00000480      0x120 os/kernel/src/chevents.o
 .debug_frame   0x000005a0       0x40 os/kernel/src/chmsg.o
 .debug_frame   0x000005e0       0xc0 os/kernel/src/chmboxes.o
 .debug_frame   0x000006a0       0xc0 os/kernel/src/chqueues.o
 .debug_frame   0x00000760       0x50 os/kernel/src/chmemcore.o
 .debug_frame   0x000007b0      0x110 test/test.o
 .debug_frame   0x000008c0       0x60 test/testthd.o
 .debug_frame   0x00000920       0xc0 test/testsem.o
 .debug_frame   0x000009e0      0x1f0 test/testmtx.o
 .debug_frame   0x00000bd0       0x30 test/testmsg.o
 .debug_frame   0x00000c00       0x30 test/testmbox.o
 .debug_frame   0x00000c30       0xc0 test/testevt.o
 .debug_frame   0x00000cf0       0x80 test/testqueues.o
 .debug_frame   0x00000d70      0x180 test/testbmk.o
 .debug_frame   0x00000ef0       0x20 os/hal/src/hal.o
 .debug_frame   0x00000f10       0x40 os/hal/src/pal.o
 .debug_frame   0x00000f50       0xf0 os/hal/src/serial.o
 .debug_frame   0x00001040       0x20 os/hal/platforms/AVR/hal_lld.o
 .debug_frame   0x00001060       0x30 os/hal/platforms/AVR/pal_lld.o
 .debug_frame   0x00001090       0x70 os/hal/platforms/AVR/serial_lld.o
 .debug_frame   0x00001100       0x30 boards/AVR_ATMEGA1284P/board.o
 .debug_frame   0x00001130       0x40 os/various/evtimer.o
 .debug_frame   0x00001170       0x60 lcd.o
 .debug_frame   0x000011d0       0x30 main.o
 .debug_frame   0x00001200       0x20 /usr/local/CrossPack-AVR-20100115/lib/gcc/avr/4.3.3/../../../../avr/lib/avr51/libprintf_min.a(vfprintf_min.o)
 .debug_frame   0x00001220       0x60 /usr/local/CrossPack-AVR-20100115/lib/gcc/avr/4.3.3/../../../../avr/lib/avr51/libscanf_min.a(vfscanf_min.o)
 .debug_frame   0x00001280       0x20 /usr/local/CrossPack-AVR-20100115/lib/gcc/avr/4.3.3/../../../../avr/lib/avr51/libc.a(fgetc.o)
 .debug_frame   0x000012a0       0x20 /usr/local/CrossPack-AVR-20100115/lib/gcc/avr/4.3.3/../../../../avr/lib/avr51/libc.a(fputc.o)
 .debug_frame   0x000012c0       0x20 /usr/local/CrossPack-AVR-20100115/lib/gcc/avr/4.3.3/../../../../avr/lib/avr51/libc.a(ungetc.o)

.debug_str      0x00000000     0x1bd0
 *(.debug_str)
 .debug_str     0x00000000      0x1f9 os/ports/GCC/AVR/chcore.o
                                0x247 (size before relaxing)
 .debug_str     0x000001f9      0x1ea os/kernel/src/chsys.o
                                0x3ee (size before relaxing)
 .debug_str     0x000003e3       0x18 os/kernel/src/chdebug.o
                                 0xc6 (size before relaxing)
 .debug_str     0x000003fb       0x18 os/kernel/src/chlists.o
                                 0xc6 (size before relaxing)
 .debug_str     0x00000413       0x4f os/kernel/src/chvt.o
                                0x178 (size before relaxing)
 .debug_str     0x00000462      0x107 os/kernel/src/chschd.o
                                0x3a4 (size before relaxing)
 .debug_str     0x00000569       0xe6 os/kernel/src/chthreads.o
                                0x396 (size before relaxing)
 .debug_str     0x0000064f       0x1a os/kernel/src/chdynamic.o
                                 0xc8 (size before relaxing)
 .debug_str     0x00000669       0x3c os/kernel/src/chregistry.o
                                0x36e (size before relaxing)
 .debug_str     0x000006a5       0xc2 os/kernel/src/chsem.o
                                0x33b (size before relaxing)
 .debug_str     0x00000767       0x84 os/kernel/src/chmtx.o
                                0x2f1 (size before relaxing)
 .debug_str     0x000007eb       0xaa os/kernel/src/chcond.o
                                0x30a (size before relaxing)
 .debug_str     0x00000895      0x1b3 os/kernel/src/chevents.o
                                0x406 (size before relaxing)
 .debug_str     0x00000a48       0x37 os/kernel/src/chmsg.o
                                0x293 (size before relaxing)
 .debug_str     0x00000a7f       0xdc os/kernel/src/chmboxes.o
                                0x30a (size before relaxing)
 .debug_str     0x00000b5b      0x113 os/kernel/src/chqueues.o
                                0x385 (size before relaxing)
 .debug_str     0x00000c6e       0x5a os/kernel/src/chmemcore.o
                                0x12e (size before relaxing)
 .debug_str     0x00000cc8       0x17 os/kernel/src/chheap.o
                                 0xc5 (size before relaxing)
 .debug_str     0x00000cdf       0x1b os/kernel/src/chmempools.o
                                 0xc9 (size before relaxing)
 .debug_str     0x00000cfa      0x260 test/test.o
                                0x55c (size before relaxing)
 .debug_str     0x00000f5a       0x67 test/testthd.o
                                0x349 (size before relaxing)
 .debug_str     0x00000fc1       0xd0 test/testsem.o
                                0x3cb (size before relaxing)
 .debug_str     0x00001091      0x18e test/testmtx.o
                                0x48f (size before relaxing)
 .debug_str     0x0000121f       0x25 test/testmsg.o
                                0x2a7 (size before relaxing)
 .debug_str     0x00001244       0x39 test/testmbox.o
                                0x2fe (size before relaxing)
 .debug_str     0x0000127d       0x79 test/testevt.o
                                0x3cf (size before relaxing)
 .debug_str     0x000012f6       0x10 test/testheap.o
                                 0xef (size before relaxing)
 .debug_str     0x00001306       0x11 test/testpools.o
                                 0xf1 (size before relaxing)
 .debug_str     0x00001317        0xf test/testdyn.o
                                 0xed (size before relaxing)
 .debug_str     0x00001326       0x66 test/testqueues.o
                                0x397 (size before relaxing)
 .debug_str     0x0000138c      0x179 test/testbmk.o
                                0x511 (size before relaxing)
 .debug_str     0x00001505       0x5f os/hal/src/hal.o
                                0x115 (size before relaxing)
 .debug_str     0x00001564       0x11 os/hal/src/adc.o
                                 0xbf (size before relaxing)
 .debug_str     0x00001575       0x11 os/hal/src/can.o
                                 0xbf (size before relaxing)
 .debug_str     0x00001586       0x11 os/hal/src/ext.o
                                 0xbf (size before relaxing)
 .debug_str     0x00001597       0x11 os/hal/src/gpt.o
                                 0xbf (size before relaxing)
 .debug_str     0x000015a8       0x11 os/hal/src/i2c.o
                                 0xbf (size before relaxing)
 .debug_str     0x000015b9       0x11 os/hal/src/icu.o
                                 0xbf (size before relaxing)
 .debug_str     0x000015ca       0x11 os/hal/src/mac.o
                                 0xbf (size before relaxing)
 .debug_str     0x000015db       0x15 os/hal/src/mmc_spi.o
                                 0xc3 (size before relaxing)
 .debug_str     0x000015f0       0x13 os/hal/src/mmcsd.o
                                 0xc1 (size before relaxing)
 .debug_str     0x00001603       0x92 os/hal/src/pal.o
                                0x152 (size before relaxing)
 .debug_str     0x00001695       0x11 os/hal/src/pwm.o
                                 0xbf (size before relaxing)
 .debug_str     0x000016a6       0x11 os/hal/src/rtc.o
                                 0xbf (size before relaxing)
 .debug_str     0x000016b7       0x11 os/hal/src/sdc.o
                                 0xbf (size before relaxing)
 .debug_str     0x000016c8      0x100 os/hal/src/serial.o
                                0x3ec (size before relaxing)
 .debug_str     0x000017c8       0x18 os/hal/src/serial_usb.o
                                 0xc6 (size before relaxing)
 .debug_str     0x000017e0       0x11 os/hal/src/spi.o
                                 0xbf (size before relaxing)
 .debug_str     0x000017f1       0x10 os/hal/src/tm.o
                                 0xbe (size before relaxing)
 .debug_str     0x00001801       0x12 os/hal/src/uart.o
                                 0xc0 (size before relaxing)
 .debug_str     0x00001813       0x11 os/hal/src/usb.o
                                 0xbf (size before relaxing)
 .debug_str     0x00001824       0x2c os/hal/platforms/AVR/hal_lld.o
                                 0xda (size before relaxing)
 .debug_str     0x00001850       0x48 os/hal/platforms/AVR/pal_lld.o
                                0x178 (size before relaxing)
 .debug_str     0x00001898       0x8b os/hal/platforms/AVR/serial_lld.o
                                0x413 (size before relaxing)
 .debug_str     0x00001923       0x1f os/hal/platforms/AVR/i2c_lld.o
                                 0xcd (size before relaxing)
 .debug_str     0x00001942       0x48 boards/AVR_ATMEGA1284P/board.o
                                0x144 (size before relaxing)
 .debug_str     0x0000198a       0x4c os/various/evtimer.o
                                0x2e0 (size before relaxing)
 .debug_str     0x000019d6       0x3b lcd.o
                                 0xf1 (size before relaxing)
 .debug_str     0x00001a11       0x16 main.o
                                0x376 (size before relaxing)
 .debug_str     0x00001a27       0xd1 /usr/local/CrossPack-AVR-20100115/lib/gcc/avr/4.3.3/../../../../avr/lib/avr51/libprintf_min.a(vfprintf_min.o)
                                0x164 (size before relaxing)
 .debug_str     0x00001af8       0x70 /usr/local/CrossPack-AVR-20100115/lib/gcc/avr/4.3.3/../../../../avr/lib/avr51/libscanf_min.a(vfscanf_min.o)
                                0x1a1 (size before relaxing)
 .debug_str     0x00001b68       0x22 /usr/local/CrossPack-AVR-20100115/lib/gcc/avr/4.3.3/../../../../avr/lib/avr51/libc.a(fgetc.o)
                                0x12a (size before relaxing)
 .debug_str     0x00001b8a       0x22 /usr/local/CrossPack-AVR-20100115/lib/gcc/avr/4.3.3/../../../../avr/lib/avr51/libc.a(fputc.o)
                                0x12a (size before relaxing)
 .debug_str     0x00001bac       0x24 /usr/local/CrossPack-AVR-20100115/lib/gcc/avr/4.3.3/../../../../avr/lib/avr51/libc.a(ungetc.o)
                                0x12c (size before relaxing)

.debug_loc      0x00000000     0x4101
 *(.debug_loc)
 .debug_loc     0x00000000       0x58 os/kernel/src/chsys.o
 .debug_loc     0x00000058       0xa8 os/kernel/src/chvt.o
 .debug_loc     0x00000100      0x1fc os/kernel/src/chschd.o
 .debug_loc     0x000002fc      0x2b4 os/kernel/src/chthreads.o
 .debug_loc     0x000005b0       0x68 os/kernel/src/chregistry.o
 .debug_loc     0x00000618      0x3db os/kernel/src/chsem.o
 .debug_loc     0x000009f3      0x36c os/kernel/src/chmtx.o
 .debug_loc     0x00000d5f      0x2b0 os/kernel/src/chcond.o
 .debug_loc     0x0000100f      0x607 os/kernel/src/chevents.o
 .debug_loc     0x00001616       0xc8 os/kernel/src/chmsg.o
 .debug_loc     0x000016de      0x549 os/kernel/src/chmboxes.o
 .debug_loc     0x00001c27      0x638 os/kernel/src/chqueues.o
 .debug_loc     0x0000225f       0xa0 os/kernel/src/chmemcore.o
 .debug_loc     0x000022ff      0x2b6 test/test.o
 .debug_loc     0x000025b5      0x149 test/testthd.o
 .debug_loc     0x000026fe       0xc0 test/testsem.o
 .debug_loc     0x000027be      0x2a2 test/testmtx.o
 .debug_loc     0x00002a60       0xa8 test/testmsg.o
 .debug_loc     0x00002b08       0xd0 test/testmbox.o
 .debug_loc     0x00002bd8       0xa2 test/testevt.o
 .debug_loc     0x00002c7a       0xc0 test/testqueues.o
 .debug_loc     0x00002d3a      0x2b6 test/testbmk.o
 .debug_loc     0x00002ff0       0xa9 os/hal/src/pal.o
 .debug_loc     0x00003099      0x3c7 os/hal/src/serial.o
 .debug_loc     0x00003460       0x50 os/hal/platforms/AVR/pal_lld.o
 .debug_loc     0x000034b0       0xf7 os/hal/platforms/AVR/serial_lld.o
 .debug_loc     0x000035a7       0x90 os/various/evtimer.o
 .debug_loc     0x00003637       0x77 lcd.o
 .debug_loc     0x000036ae       0x28 main.o
 .debug_loc     0x000036d6      0x271 /usr/local/CrossPack-AVR-20100115/lib/gcc/avr/4.3.3/../../../../avr/lib/avr51/libprintf_min.a(vfprintf_min.o)
 .debug_loc     0x00003947      0x67a /usr/local/CrossPack-AVR-20100115/lib/gcc/avr/4.3.3/../../../../avr/lib/avr51/libscanf_min.a(vfscanf_min.o)
 .debug_loc     0x00003fc1       0x80 /usr/local/CrossPack-AVR-20100115/lib/gcc/avr/4.3.3/../../../../avr/lib/avr51/libc.a(fgetc.o)
 .debug_loc     0x00004041       0x60 /usr/local/CrossPack-AVR-20100115/lib/gcc/avr/4.3.3/../../../../avr/lib/avr51/libc.a(fputc.o)
 .debug_loc     0x000040a1       0x60 /usr/local/CrossPack-AVR-20100115/lib/gcc/avr/4.3.3/../../../../avr/lib/avr51/libc.a(ungetc.o)

.debug_macinfo
 *(.debug_macinfo)
OUTPUT(ch.elf elf32-avr)
LOAD linker stubs

.debug_ranges   0x00000000      0x230
 .debug_ranges  0x00000000       0x60 os/kernel/src/chsem.o
 .debug_ranges  0x00000060       0x48 os/kernel/src/chmtx.o
 .debug_ranges  0x000000a8       0x30 os/kernel/src/chmemcore.o
 .debug_ranges  0x000000d8       0x60 test/test.o
 .debug_ranges  0x00000138       0x48 os/hal/platforms/AVR/serial_lld.o
 .debug_ranges  0x00000180       0x30 /usr/local/CrossPack-AVR-20100115/lib/gcc/avr/4.3.3/../../../../avr/lib/avr51/libprintf_min.a(vfprintf_min.o)
 .debug_ranges  0x000001b0       0x38 /usr/local/CrossPack-AVR-20100115/lib/gcc/avr/4.3.3/../../../../avr/lib/avr51/libscanf_min.a(vfscanf_min.o)
 .debug_ranges  0x000001e8       0x18 /usr/local/CrossPack-AVR-20100115/lib/gcc/avr/4.3.3/../../../../avr/lib/avr51/libc.a(fgetc.o)
 .debug_ranges  0x00000200       0x18 /usr/local/CrossPack-AVR-20100115/lib/gcc/avr/4.3.3/../../../../avr/lib/avr51/libc.a(fputc.o)
 .debug_ranges  0x00000218       0x18 /usr/local/CrossPack-AVR-20100115/lib/gcc/avr/4.3.3/../../../../avr/lib/avr51/libc.a(ungetc.o)

Cross Reference Table

Symbol                                            File
SD2                                               main.o
                                                  os/hal/platforms/AVR/serial_lld.o
TestThread                                        test/test.o
                                                  main.o
__bad_interrupt                                   /usr/local/CrossPack-AVR-20100115/lib/gcc/avr/4.3.3/../../../../avr/lib/avr51/crtm1284p.o
__bss_end                                         /usr/local/CrossPack-AVR-20100115/lib/gcc/avr/4.3.3/avr51/libgcc.a(_clear_bss.o)
__bss_start                                       /usr/local/CrossPack-AVR-20100115/lib/gcc/avr/4.3.3/avr51/libgcc.a(_clear_bss.o)
__ctype_isfalse                                   /usr/local/CrossPack-AVR-20100115/lib/gcc/avr/4.3.3/../../../../avr/lib/avr51/libc.a(cty_isfalse.o)
                                                  /usr/local/CrossPack-AVR-20100115/lib/gcc/avr/4.3.3/../../../../avr/lib/avr51/libc.a(isspace.o)
__ctype_istrue                                    /usr/local/CrossPack-AVR-20100115/lib/gcc/avr/4.3.3/../../../../avr/lib/avr51/libc.a(cty_isfalse.o)
__data_end                                        /usr/local/CrossPack-AVR-20100115/lib/gcc/avr/4.3.3/../../../../avr/lib/avr51/crtm1284p.o
__data_load_start                                 /usr/local/CrossPack-AVR-20100115/lib/gcc/avr/4.3.3/../../../../avr/lib/avr51/crtm1284p.o
__data_start                                      /usr/local/CrossPack-AVR-20100115/lib/gcc/avr/4.3.3/../../../../avr/lib/avr51/crtm1284p.o
__do_clear_bss                                    /usr/local/CrossPack-AVR-20100115/lib/gcc/avr/4.3.3/avr51/libgcc.a(_clear_bss.o)
                                                  main.o
                                                  os/hal/platforms/AVR/serial_lld.o
                                                  test/testbmk.o
                                                  test/test.o
                                                  os/kernel/src/chmemcore.o
                                                  os/kernel/src/chschd.o
                                                  os/kernel/src/chvt.o
[...]
                                                  os/kernel/src/chmtx.o
                                                  os/kernel/src/chsem.o
                                                  os/kernel/src/chthreads.o
chSemAddCounterI                                  os/kernel/src/chsem.o
                                                  test/testsem.o
chSemInit                                         os/kernel/src/chsem.o
                                                  test/testbmk.o
                                                  test/testsem.o
                                                  os/kernel/src/chmboxes.o
chSemReset                                        os/kernel/src/chsem.o
                                                  test/testbmk.o
                                                  test/testsem.o
chSemResetI                                       os/kernel/src/chsem.o
                                                  os/kernel/src/chmboxes.o
chSemSignal                                       os/kernel/src/chsem.o
                                                  test/testbmk.o
                                                  test/testsem.o
chSemSignalI                                      os/kernel/src/chsem.o
                                                  test/testsem.o
                                                  os/kernel/src/chmboxes.o
chSemSignalWait                                   os/kernel/src/chsem.o
                                                  test/testsem.o
chSemWait                                         os/kernel/src/chsem.o
                                                  test/testbmk.o
                                                  test/testsem.o
chSemWaitS                                        os/kernel/src/chsem.o
chSemWaitTimeout                                  os/kernel/src/chsem.o
                                                  test/testsem.o
chSemWaitTimeoutS                                 os/kernel/src/chsem.o
                                                  os/kernel/src/chmboxes.o
chSysInit                                         os/kernel/src/chsys.o
                                                  main.o
chSysTimerHandlerI                                os/kernel/src/chsys.o
                                                  boards/AVR_ATMEGA1284P/board.o
chThdCreateI                                      os/kernel/src/chthreads.o
                                                  test/testthd.o
chThdCreateStatic                                 os/kernel/src/chthreads.o
                                                  main.o
                                                  test/testbmk.o
                                                  test/testqueues.o
                                                  test/testevt.o
                                                  test/testmsg.o
                                                  test/testmtx.o
                                                  test/testsem.o
                                                  test/testthd.o
                                                  os/kernel/src/chsys.o
chThdExit                                         os/kernel/src/chthreads.o
                                                  os/ports/GCC/AVR/chcore.o
chThdExitS                                        os/kernel/src/chthreads.o
chThdResume                                       os/kernel/src/chthreads.o
                                                  test/testthd.o
chThdSetPriority                                  os/kernel/src/chthreads.o
                                                  test/testthd.o
chThdSleep                                        os/kernel/src/chthreads.o
                                                  main.o
                                                  lcd.o
                                                  test/testbmk.o
                                                  test/testevt.o
                                                  test/testmtx.o
                                                  test/testsem.o
                                                  test/testthd.o
                                                  test/test.o
chThdSleepUntil                                   os/kernel/src/chthreads.o
                                                  test/testthd.o
chThdTerminate                                    os/kernel/src/chthreads.o
                                                  test/test.o
chThdWait                                         os/kernel/src/chthreads.o
                                                  test/testbmk.o
                                                  test/test.o
chThdYield                                        os/kernel/src/chthreads.o
                                                  test/testbmk.o
chTimeIsWithin                                    os/kernel/src/chvt.o
                                                  test/test.o
chVTResetI                                        os/kernel/src/chvt.o
                                                  os/various/evtimer.o
                                                  test/testbmk.o
                                                  os/kernel/src/chschd.o
chVTSetI                                          os/kernel/src/chvt.o
                                                  os/various/evtimer.o
                                                  test/testbmk.o
                                                  test/test.o
                                                  os/kernel/src/chschd.o
ch_debug                                          os/kernel/src/chregistry.o
                                                  os/kernel/src/chsys.o
evtStart                                          os/various/evtimer.o
evtStop                                           os/various/evtimer.o
exit                                              /usr/local/CrossPack-AVR-20100115/lib/gcc/avr/4.3.3/avr51/libgcc.a(_exit.o)
                                                  /usr/local/CrossPack-AVR-20100115/lib/gcc/avr/4.3.3/../../../../avr/lib/avr51/crtm1284p.o
fgetc                                             /usr/local/CrossPack-AVR-20100115/lib/gcc/avr/4.3.3/../../../../avr/lib/avr51/libc.a(fgetc.o)
                                                  /usr/local/CrossPack-AVR-20100115/lib/gcc/avr/4.3.3/../../../../avr/lib/avr51/libscanf_min.a(vfscanf_min.o)
fputc                                             /usr/local/CrossPack-AVR-20100115/lib/gcc/avr/4.3.3/../../../../avr/lib/avr51/libc.a(fputc.o)
                                                  /usr/local/CrossPack-AVR-20100115/lib/gcc/avr/4.3.3/../../../../avr/lib/avr51/libprintf_min.a(vfprintf_min.o)
halInit                                           os/hal/src/hal.o
                                                  main.o
hal_lld_init                                      os/hal/platforms/AVR/hal_lld.o
                                                  os/hal/src/hal.o
isspace                                           /usr/local/CrossPack-AVR-20100115/lib/gcc/avr/4.3.3/../../../../avr/lib/avr51/libc.a(isspace.o)
                                                  /usr/local/CrossPack-AVR-20100115/lib/gcc/avr/4.3.3/../../../../avr/lib/avr51/libscanf_min.a(vfscanf_min.o)
lcdCmd                                            lcd.o
                                                  main.o
lcdInit                                           lcd.o
                                                  main.o
lcdPutc                                           lcd.o
lcdPuts                                           lcd.o
                                                  main.o
main                                              main.o
                                                  /usr/local/CrossPack-AVR-20100115/lib/gcc/avr/4.3.3/../../../../avr/lib/avr51/crtm1284p.o
palReadBus                                        os/hal/src/pal.o
palSetBusMode                                     os/hal/src/pal.o
palWriteBus                                       os/hal/src/pal.o
pal_default_config                                boards/AVR_ATMEGA1284P/board.o
                                                  os/hal/src/hal.o
patternbmk                                        test/testbmk.o
                                                  test/test.o
patterndyn                                        test/testdyn.o
                                                  test/test.o
patternevt                                        test/testevt.o
                                                  test/test.o
patternheap                                       test/testheap.o
                                                  test/test.o
patternmbox                                       test/testmbox.o
                                                  test/test.o
patternmsg                                        test/testmsg.o
                                                  test/test.o
patternmtx                                        test/testmtx.o
                                                  test/test.o
patternpools                                      test/testpools.o
                                                  test/test.o
patternqueues                                     test/testqueues.o
                                                  test/test.o
patternsem                                        test/testsem.o
                                                  test/test.o
patternthd                                        test/testthd.o
                                                  test/test.o
port_halt                                         os/ports/GCC/AVR/chcore.o
port_switch                                       os/ports/GCC/AVR/chcore.o
                                                  os/kernel/src/chschd.o
rlist                                             test/testbmk.o
                                                  test/testqueues.o
                                                  test/testevt.o
                                                  test/testmsg.o
                                                  test/testmtx.o
                                                  test/testsem.o
                                                  test/testthd.o
                                                  test/test.o
                                                  os/kernel/src/chqueues.o
                                                  os/kernel/src/chmsg.o
                                                  os/kernel/src/chevents.o
                                                  os/kernel/src/chcond.o
                                                  os/kernel/src/chmtx.o
                                                  os/kernel/src/chsem.o
                                                  os/kernel/src/chregistry.o
                                                  os/kernel/src/chthreads.o
                                                  os/kernel/src/chschd.o
                                                  os/kernel/src/chsys.o
sdIncomingDataI                                   os/hal/src/serial.o
                                                  os/hal/platforms/AVR/serial_lld.o
sdInit                                            os/hal/src/serial.o
                                                  os/hal/src/hal.o
sdObjectInit                                      os/hal/src/serial.o
                                                  os/hal/platforms/AVR/serial_lld.o
sdRequestDataI                                    os/hal/src/serial.o
                                                  os/hal/platforms/AVR/serial_lld.o
sdStart                                           os/hal/src/serial.o
                                                  main.o
sdStop                                            os/hal/src/serial.o
sd_lld_init                                       os/hal/platforms/AVR/serial_lld.o
                                                  os/hal/src/serial.o
sd_lld_start                                      os/hal/platforms/AVR/serial_lld.o
                                                  os/hal/src/serial.o
sd_lld_stop                                       os/hal/platforms/AVR/serial_lld.o
                                                  os/hal/src/serial.o
strchr_P                                          /usr/local/CrossPack-AVR-20100115/lib/gcc/avr/4.3.3/../../../../avr/lib/avr51/libc.a(strchr_P.o)
                                                  /usr/local/CrossPack-AVR-20100115/lib/gcc/avr/4.3.3/../../../../avr/lib/avr51/libscanf_min.a(vfscanf_min.o)
                                                  /usr/local/CrossPack-AVR-20100115/lib/gcc/avr/4.3.3/../../../../avr/lib/avr51/libprintf_min.a(vfprintf_min.o)
test                                              test/testqueues.o
                                                  test/testmbox.o
                                                  test/test.o
test_cpu_pulse                                    test/test.o
                                                  test/testmtx.o
test_emit_token                                   test/test.o
                                                  test/testqueues.o
                                                  test/testevt.o
                                                  test/testmbox.o
                                                  test/testmsg.o
                                                  test/testmtx.o
                                                  test/testsem.o
                                                  test/testthd.o
test_print                                        test/test.o
                                                  test/testbmk.o
test_println                                      test/test.o
                                                  test/testbmk.o
test_printn                                       test/test.o
                                                  test/testbmk.o
test_start_timer                                  test/test.o
                                                  test/testbmk.o
test_terminate_threads                            test/test.o
                                                  test/testbmk.o
test_timer_done                                   test/testbmk.o
                                                  test/test.o
test_wait_threads                                 test/test.o
                                                  test/testbmk.o
                                                  test/testqueues.o
                                                  test/testevt.o
                                                  test/testmtx.o
                                                  test/testsem.o
                                                  test/testthd.o
test_wait_tick                                    test/test.o
                                                  test/testbmk.o
                                                  test/testevt.o
                                                  test/testmtx.o
                                                  test/testsem.o
                                                  test/testthd.o
testbmk1                                          test/testbmk.o
testbmk10                                         test/testbmk.o
testbmk11                                         test/testbmk.o
testbmk12                                         test/testbmk.o
testbmk13                                         test/testbmk.o
testbmk2                                          test/testbmk.o
testbmk3                                          test/testbmk.o
testbmk4                                          test/testbmk.o
testbmk5                                          test/testbmk.o
testbmk6                                          test/testbmk.o
testbmk7                                          test/testbmk.o
testbmk8                                          test/testbmk.o
testbmk9                                          test/testbmk.o
testevt1                                          test/testevt.o
testevt2                                          test/testevt.o
testevt3                                          test/testevt.o
testmbox1                                         test/testmbox.o
testmsg1                                          test/testmsg.o
testmtx1                                          test/testmtx.o
testmtx2                                          test/testmtx.o
testmtx3                                          test/testmtx.o
testmtx4                                          test/testmtx.o
testmtx5                                          test/testmtx.o
testmtx6                                          test/testmtx.o
testmtx7                                          test/testmtx.o
testmtx8                                          test/testmtx.o
testqueues1                                       test/testqueues.o
testqueues2                                       test/testqueues.o
testsem1                                          test/testsem.o
testsem2                                          test/testsem.o
testsem3                                          test/testsem.o
testsem4                                          test/testsem.o
testthd1                                          test/testthd.o
testthd2                                          test/testthd.o
testthd3                                          test/testthd.o
testthd4                                          test/testthd.o
thread4                                           test/testbmk.o
threads                                           test/testbmk.o
                                                  test/testqueues.o
                                                  test/testevt.o
                                                  test/testmsg.o
                                                  test/testmtx.o
                                                  test/testsem.o
                                                  test/testthd.o
                                                  test/test.o
ungetc                                            /usr/local/CrossPack-AVR-20100115/lib/gcc/avr/4.3.3/../../../../avr/lib/avr51/libc.a(ungetc.o)
                                                  /usr/local/CrossPack-AVR-20100115/lib/gcc/avr/4.3.3/../../../../avr/lib/avr51/libscanf_min.a(vfscanf_min.o)
vfprintf                                          /usr/local/CrossPack-AVR-20100115/lib/gcc/avr/4.3.3/../../../../avr/lib/avr51/libprintf_min.a(vfprintf_min.o)
vfscanf                                           /usr/local/CrossPack-AVR-20100115/lib/gcc/avr/4.3.3/../../../../avr/lib/avr51/libscanf_min.a(vfscanf_min.o)
vtlist                                            test/testevt.o
                                                  test/testmtx.o
                                                  test/testsem.o
                                                  test/testthd.o
                                                  test/test.o
                                                  os/kernel/src/chthreads.o
                                                  os/kernel/src/chvt.o
                                                  os/kernel/src/chsys.o
wa                                                test/test.o
                                                  test/testbmk.o
                                                  test/testqueues.o
                                                  test/testevt.o
                                                  test/testmsg.o
                                                  test/testmtx.o
                                                  test/testsem.o
                                                  test/testthd.o
