   1               		.file	"main.c"
   2               	__SREG__ = 0x3f
   3               	__SP_H__ = 0x3e
   4               	__SP_L__ = 0x3d
   5               	__CCP__  = 0x34
   6               	__tmp_reg__ = 0
   7               	__zero_reg__ = 1
  15               	.Ltext0:
  16               		.data
  17               	.LC0:
  18 0000 2020 2043 		.string	"   ChibiOS/RT   "
  18      6869 6269 
  18      4F53 2F52 
  18      5420 2020 
  18      00
  19               	.LC1:
  20 0011 2020 4865 		.string	"  Hello World!  "
  20      6C6C 6F20 
  20      576F 726C 
  20      6421 2020 
  20      00
  21               		.text
  22               	.global	main
  24               	main:
  25               	.LFB10:
  26               	.LM1:
  27 0000 0F93      		push r16
  28 0002 1F93      		push r17
  29               	/* prologue: function */
  30               	/* frame size = 0 */
  31               	.LM2:
  32 0004 0E94 0000 		call halInit
  33               	.LM3:
  34 0008 0E94 0000 		call chSysInit
  35               	.LM4:
  36 000c 80E0      		ldi r24,lo8(SD2)
  37 000e 90E0      		ldi r25,hi8(SD2)
  38 0010 60E0      		ldi r22,lo8(0)
  39 0012 70E0      		ldi r23,hi8(0)
  40 0014 0E94 0000 		call sdStart
  41               	.LM5:
  42 0018 0E94 0000 		call lcdInit
  43               	.LM6:
  44 001c 81E0      		ldi r24,lo8(1)
  45 001e 0E94 0000 		call lcdCmd
  46               	.LM7:
  47 0022 80E0      		ldi r24,lo8(0)
  48 0024 60E0      		ldi r22,lo8(.LC0)
  49 0026 70E0      		ldi r23,hi8(.LC0)
  50 0028 0E94 0000 		call lcdPuts
  51               	.LM8:
  52 002c 88E2      		ldi r24,lo8(40)
  53 002e 60E0      		ldi r22,lo8(.LC1)
  54 0030 70E0      		ldi r23,hi8(.LC1)
  55 0032 0E94 0000 		call lcdPuts
  56               	.LM9:
  57 0036 80E0      		ldi r24,lo8(waThread1)
  58 0038 90E0      		ldi r25,hi8(waThread1)
  59 003a 65E8      		ldi r22,lo8(133)
  60 003c 70E0      		ldi r23,hi8(133)
  61 003e 40E4      		ldi r20,lo8(64)
  62 0040 20E0      		ldi r18,lo8(gs(Thread1))
  63 0042 30E0      		ldi r19,hi8(gs(Thread1))
  64 0044 00E0      		ldi r16,lo8(0)
  65 0046 10E0      		ldi r17,hi8(0)
  66 0048 0E94 0000 		call chThdCreateStatic
  67 004c 00C0      		rjmp .L3
  68               	.L2:
  69               	.LM10:
  70 004e 84EF      		ldi r24,lo8(500)
  71 0050 91E0      		ldi r25,hi8(500)
  72 0052 0E94 0000 		call chThdSleep
  73               	.L3:
  74               	.LM11:
  75 0056 0099      		sbic 32-32,0
  76 0058 00C0      		rjmp .L2
  77               	.LM12:
  78 005a 80E0      		ldi r24,lo8(SD2)
  79 005c 90E0      		ldi r25,hi8(SD2)
  80 005e 0E94 0000 		call TestThread
  81 0062 00C0      		rjmp .L2
  82               	.LFE10:
  85               	Thread1:
  86               	.LFB9:
  87               	.LM13:
  88               	.LVL0:
  89 0064 1F93      		push r17
  90 0066 CF93      		push r28
  91 0068 DF93      		push r29
  92               	/* prologue: function */
  93               	/* frame size = 0 */
  94               	.LM14:
  95 006a C0E2      		ldi r28,lo8(32)
  96 006c D0E0      		ldi r29,hi8(32)
  97               	.LM15:
  98 006e 10E4      		ldi r17,lo8(64)
  99               	.L8:
 100               	.LM16:
 101 0070 0199      		sbic 32-32,1
 102 0072 00C0      		rjmp .L7
 103               	.LM17:
 104 0074 82B1      		in r24,34-32
 105               	.LVL1:
 106 0076 8127      		eor r24,r17
 107 0078 8A83      		std Y+2,r24
 108               	.LVL2:
 109               	.L7:
 110               	.LM18:
 111 007a 88EE      		ldi r24,lo8(1000)
 112 007c 93E0      		ldi r25,hi8(1000)
 113               	.LVL3:
 114 007e 0E94 0000 		call chThdSleep
 115 0082 00C0      		rjmp .L8
 116               	.LFE9:
 118               		.lcomm waThread1,133
 151               	.Letext0:
DEFINED SYMBOLS
                            *ABS*:00000000 main.c
/var/folders/8w/bxlddk455k9cddvwz9khk6br0000gn/T//ccERA50m.s:2      *ABS*:0000003f __SREG__
/var/folders/8w/bxlddk455k9cddvwz9khk6br0000gn/T//ccERA50m.s:3      *ABS*:0000003e __SP_H__
/var/folders/8w/bxlddk455k9cddvwz9khk6br0000gn/T//ccERA50m.s:4      *ABS*:0000003d __SP_L__
/var/folders/8w/bxlddk455k9cddvwz9khk6br0000gn/T//ccERA50m.s:5      *ABS*:00000034 __CCP__
/var/folders/8w/bxlddk455k9cddvwz9khk6br0000gn/T//ccERA50m.s:6      *ABS*:00000000 __tmp_reg__
/var/folders/8w/bxlddk455k9cddvwz9khk6br0000gn/T//ccERA50m.s:7      *ABS*:00000001 __zero_reg__
/var/folders/8w/bxlddk455k9cddvwz9khk6br0000gn/T//ccERA50m.s:24     .text:00000000 main
                             .bss:00000000 waThread1
/var/folders/8w/bxlddk455k9cddvwz9khk6br0000gn/T//ccERA50m.s:85     .text:00000064 Thread1

UNDEFINED SYMBOLS
halInit
chSysInit
SD2
sdStart
lcdInit
lcdCmd
lcdPuts
chThdCreateStatic
chThdSleep
TestThread
__do_copy_data
__do_clear_bss
