Archive member included because of file (symbol)

/usr/local/CrossPack-AVR-20100115/lib/gcc/avr/4.3.3/avr5/libgcc.a(_mulsi3.o)
                              ./home_libraries/SD_SPI/utility/SdVolume.o (__mulsi3)
/usr/local/CrossPack-AVR-20100115/lib/gcc/avr/4.3.3/avr5/libgcc.a(_udivmodqi4.o)
                              ./libraries/Servo/Servo.o (__udivmodqi4)
/usr/local/CrossPack-AVR-20100115/lib/gcc/avr/4.3.3/avr5/libgcc.a(_divmodhi4.o)
                              ./src/MultiTaskEthernetTerminal.o (__divmodhi4)
/usr/local/CrossPack-AVR-20100115/lib/gcc/avr/4.3.3/avr5/libgcc.a(_udivmodsi4.o)
                              ./home_libraries/Ethernet_W5100/Dhcp.o (__udivmodsi4)
/usr/local/CrossPack-AVR-20100115/lib/gcc/avr/4.3.3/avr5/libgcc.a(_divmodsi4.o)
                              ./libraries/Stepper/Stepper.o (__divmodsi4)
/usr/local/CrossPack-AVR-20100115/lib/gcc/avr/4.3.3/avr5/libgcc.a(_exit.o)
                              /usr/local/CrossPack-AVR-20100115/lib/gcc/avr/4.3.3/../../../../avr/lib/avr5/crtm328p.o (exit)
/usr/local/CrossPack-AVR-20100115/lib/gcc/avr/4.3.3/avr5/libgcc.a(_copy_data.o)
                              ./src/MultiTaskEthernetTerminal.o (__do_copy_data)
/usr/local/CrossPack-AVR-20100115/lib/gcc/avr/4.3.3/avr5/libgcc.a(_clear_bss.o)
                              ./src/MultiTaskEthernetTerminal.o (__do_clear_bss)
/usr/local/CrossPack-AVR-20100115/lib/gcc/avr/4.3.3/avr5/libgcc.a(_ctors.o)
                              ./src/MultiTaskEthernetTerminal.o (__do_global_ctors)
/usr/local/CrossPack-AVR-20100115/lib/gcc/avr/4.3.3/avr5/libgcc.a(_fixunssfsi.o)
                              ./cores/arduino/Print.o (__fixunssfsi)
/usr/local/CrossPack-AVR-20100115/lib/gcc/avr/4.3.3/avr5/libgcc.a(_addsub_sf.o)
                              ./cores/arduino/Print.o (__subsf3)
/usr/local/CrossPack-AVR-20100115/lib/gcc/avr/4.3.3/avr5/libgcc.a(_mul_sf.o)
                              ./home_libraries/RTC_DS3234/DS3234.o (__mulsf3)
/usr/local/CrossPack-AVR-20100115/lib/gcc/avr/4.3.3/avr5/libgcc.a(_div_sf.o)
                              ./cores/arduino/Print.o (__divsf3)
/usr/local/CrossPack-AVR-20100115/lib/gcc/avr/4.3.3/avr5/libgcc.a(_ge_sf.o)
                              /usr/local/CrossPack-AVR-20100115/lib/gcc/avr/4.3.3/avr5/libgcc.a(_fixunssfsi.o) (__gesf2)
/usr/local/CrossPack-AVR-20100115/lib/gcc/avr/4.3.3/avr5/libgcc.a(_lt_sf.o)
                              ./cores/arduino/Print.o (__ltsf2)
/usr/local/CrossPack-AVR-20100115/lib/gcc/avr/4.3.3/avr5/libgcc.a(_si_to_sf.o)
                              ./home_libraries/RTC_DS3234/DS3234.o (__floatsisf)
/usr/local/CrossPack-AVR-20100115/lib/gcc/avr/4.3.3/avr5/libgcc.a(_sf_to_si.o)
                              ./home_libraries/RTC_DS3234/DS3234.o (__fixsfsi)
/usr/local/CrossPack-AVR-20100115/lib/gcc/avr/4.3.3/avr5/libgcc.a(_thenan_sf.o)
                              /usr/local/CrossPack-AVR-20100115/lib/gcc/avr/4.3.3/avr5/libgcc.a(_addsub_sf.o) (__thenan_sf)
/usr/local/CrossPack-AVR-20100115/lib/gcc/avr/4.3.3/avr5/libgcc.a(_usi_to_sf.o)
                              ./cores/arduino/Print.o (__floatunsisf)
/usr/local/CrossPack-AVR-20100115/lib/gcc/avr/4.3.3/avr5/libgcc.a(_udivmodhi4.o)
                              /usr/local/CrossPack-AVR-20100115/lib/gcc/avr/4.3.3/avr5/libgcc.a(_divmodhi4.o) (__udivmodhi4)
/usr/local/CrossPack-AVR-20100115/lib/gcc/avr/4.3.3/avr5/libgcc.a(_prologue.o)
                              /usr/local/CrossPack-AVR-20100115/lib/gcc/avr/4.3.3/avr5/libgcc.a(_addsub_sf.o) (__prologue_saves__)
/usr/local/CrossPack-AVR-20100115/lib/gcc/avr/4.3.3/avr5/libgcc.a(_epilogue.o)
                              /usr/local/CrossPack-AVR-20100115/lib/gcc/avr/4.3.3/avr5/libgcc.a(_addsub_sf.o) (__epilogue_restores__)
/usr/local/CrossPack-AVR-20100115/lib/gcc/avr/4.3.3/avr5/libgcc.a(_tablejump.o)
                              /usr/local/CrossPack-AVR-20100115/lib/gcc/avr/4.3.3/avr5/libgcc.a(_ctors.o) (__tablejump__)
/usr/local/CrossPack-AVR-20100115/lib/gcc/avr/4.3.3/avr5/libgcc.a(_clzsi2.o)
                              /usr/local/CrossPack-AVR-20100115/lib/gcc/avr/4.3.3/avr5/libgcc.a(_si_to_sf.o) (__clzsi2)
/usr/local/CrossPack-AVR-20100115/lib/gcc/avr/4.3.3/avr5/libgcc.a(_pack_sf.o)
                              /usr/local/CrossPack-AVR-20100115/lib/gcc/avr/4.3.3/avr5/libgcc.a(_addsub_sf.o) (__pack_f)
/usr/local/CrossPack-AVR-20100115/lib/gcc/avr/4.3.3/avr5/libgcc.a(_unpack_sf.o)
                              /usr/local/CrossPack-AVR-20100115/lib/gcc/avr/4.3.3/avr5/libgcc.a(_addsub_sf.o) (__unpack_f)
/usr/local/CrossPack-AVR-20100115/lib/gcc/avr/4.3.3/avr5/libgcc.a(_fpcmp_parts_sf.o)
                              /usr/local/CrossPack-AVR-20100115/lib/gcc/avr/4.3.3/avr5/libgcc.a(_ge_sf.o) (__fpcmp_parts_f)
/usr/local/CrossPack-AVR-20100115/lib/gcc/avr/4.3.3/avr5/libgcc.a(_clz.o)
                              /usr/local/CrossPack-AVR-20100115/lib/gcc/avr/4.3.3/avr5/libgcc.a(_clzsi2.o) (__clz_tab)
[...]
Memory Configuration

Name             Origin             Length             Attributes
text             0x00000000         0x00020000         xr
data             0x00800060         0x0000ffa0         rw !x
eeprom           0x00810000         0x00010000         rw !x
fuse             0x00820000         0x00000400         rw !x
lock             0x00830000         0x00000400         rw !x
signature        0x00840000         0x00000400         rw !x
*default*        0x00000000         0xffffffff

Linker script and memory map

Address of section .data set to 0x800100
LOAD /usr/local/CrossPack-AVR-20100115/lib/gcc/avr/4.3.3/../../../../avr/lib/avr5/crtm328p.o
LOAD ./src/MultiTaskEthernetTerminal.o
LOAD ./libraries/Wire/utility/twi.o
LOAD ./libraries/Wire/Wire.o
LOAD ./libraries/Stepper/Stepper.o
LOAD ./libraries/SoftwareSerial/SoftwareSerial.o
LOAD ./libraries/Servo/Servo.o
LOAD ./libraries/SPI/SPI.o
LOAD ./libraries/LiquidCrystal/LiquidCrystal.o
LOAD ./libraries/Firmata/Firmata.o
LOAD ./libraries/EEPROM/EEPROM.o
LOAD ./home_libraries/SPISRAM_Microchip/SPISRAM.o
LOAD ./home_libraries/SD_SPI/utility/Sd2Card.o
LOAD ./home_libraries/SD_SPI/utility/SdFile.o
LOAD ./home_libraries/SD_SPI/utility/SdVolume.o
LOAD ./home_libraries/SD_SPI/File.o
LOAD ./home_libraries/SD_SPI/SD_SPI.o
LOAD ./home_libraries/RTC_DS3234/DS3234.o
LOAD ./home_libraries/RFID_PN532_I2C/PN532_I2C.o
LOAD ./home_libraries/Monitor/Monitor.o
LOAD ./home_libraries/Ethernet_W5100/utility/socket.o
LOAD ./home_libraries/Ethernet_W5100/utility/w5100.o
LOAD ./home_libraries/Ethernet_W5100/Dhcp.o
LOAD ./home_libraries/Ethernet_W5100/Dns.o
LOAD ./home_libraries/Ethernet_W5100/EthernetClient.o
LOAD ./home_libraries/Ethernet_W5100/EthernetServer.o
LOAD ./home_libraries/Ethernet_W5100/EthernetUdp.o
LOAD ./home_libraries/Ethernet_W5100/Ethernet_SPI.o
LOAD ./home_libraries/Des/Des.o
LOAD ./home_libraries/DataFlash/DataFlash.o
LOAD ./home_libraries/AES128/AES128.o
LOAD ./cores/arduino/CDC.o
LOAD ./cores/arduino/HID.o
LOAD ./cores/arduino/HardwareSerial.o
LOAD ./cores/arduino/IPAddress.o
LOAD ./cores/arduino/Print.o
LOAD ./cores/arduino/Stream.o
LOAD ./cores/arduino/Tone.o
LOAD ./cores/arduino/USBCore.o
LOAD ./cores/arduino/WInterrupts.o
LOAD ./cores/arduino/WMath.o
LOAD ./cores/arduino/WString.o
LOAD ./cores/arduino/new.o
LOAD ./cores/arduino/wiring.o
LOAD ./cores/arduino/wiring_analog.o
LOAD ./cores/arduino/wiring_digital.o
LOAD ./cores/arduino/wiring_pulse.o
LOAD ./cores/arduino/wiring_shift.o
LOAD /usr/local/CrossPack-AVR-20100115/lib/gcc/avr/4.3.3/avr5/libgcc.a
LOAD /usr/local/CrossPack-AVR-20100115/lib/gcc/avr/4.3.3/../../../../avr/lib/avr5/libm.a
LOAD /usr/local/CrossPack-AVR-20100115/lib/gcc/avr/4.3.3/avr5/libgcc.a
LOAD /usr/local/CrossPack-AVR-20100115/lib/gcc/avr/4.3.3/../../../../avr/lib/avr5/libc.a
LOAD /usr/local/CrossPack-AVR-20100115/lib/gcc/avr/4.3.3/avr5/libgcc.a

.hash
 *(.hash)

.dynsym
 *(.dynsym)

.dynstr
 *(.dynstr)

.gnu.version
 *(.gnu.version)

.gnu.version_d
 *(.gnu.version_d)

.gnu.version_r
 *(.gnu.version_r)

.rel.init
 *(.rel.init)

.rela.init
 *(.rela.init)

.rel.text
 *(.rel.text)
 *(.rel.text.*)
 *(.rel.gnu.linkonce.t*)

.rela.text
 *(.rela.text)
 *(.rela.text.*)
 *(.rela.gnu.linkonce.t*)

.rel.fini
 *(.rel.fini)

.rela.fini
 *(.rela.fini)

.rel.rodata
 *(.rel.rodata)
 *(.rel.rodata.*)
 *(.rel.gnu.linkonce.r*)

.rela.rodata
 *(.rela.rodata)
 *(.rela.rodata.*)
 *(.rela.gnu.linkonce.r*)

.rel.data
 *(.rel.data)
 *(.rel.data.*)
 *(.rel.gnu.linkonce.d*)

.rela.data
 *(.rela.data)
 *(.rela.data.*)
 *(.rela.gnu.linkonce.d*)

.rel.ctors
 *(.rel.ctors)

.rela.ctors
 *(.rela.ctors)

.rel.dtors
 *(.rel.dtors)

.rela.dtors
 *(.rela.dtors)

.rel.got
 *(.rel.got)

.rela.got
 *(.rela.got)

.rel.bss
 *(.rel.bss)

.rela.bss
 *(.rela.bss)

.rel.plt
 *(.rel.plt)

.rela.plt
 *(.rela.plt)

.text           0x00000000    0x15e5c
 *(.vectors)
 .vectors       0x00000000       0x68 /usr/local/CrossPack-AVR-20100115/lib/gcc/avr/4.3.3/../../../../avr/lib/avr5/crtm328p.o
                0x00000000                __vectors
                0x00000000                __vector_default
 *(.vectors)
 *(.progmem.gcc*)
 *(.progmem*)
 .progmem.data  0x00000068       0x90 ./libraries/SoftwareSerial/SoftwareSerial.o
 .progmem.data  0x000000f8       0x10 ./home_libraries/SD_SPI/utility/SdFile.o
 .progmem.data  0x00000108       0x60 ./home_libraries/RTC_DS3234/DS3234.o
                0x00000108                DS3234::NameOfDay
                0x0000012c                DS3234::NameOfMonth
 .progmem.data  0x00000168      0x880 ./home_libraries/Des/Des.o
                0x00000668                Des::sbox6
                0x00000468                Des::sbox4
                0x00000768                Des::sbox7
                0x00000268                Des::sbox2
                0x00000968                Des::leftkey_swap
                0x000009a8                Des::rightkey_swap
                0x00000168                Des::sbox1
                0x00000568                Des::sbox5
                0x00000868                Des::sbox8
                0x00000368                Des::sbox3
 .progmem.data  0x000009e8      0x20d ./home_libraries/AES128/AES128.o
                0x000009e8                AES128::Sbox
                0x00000be8                AES128::rcon
                0x00000ae8                AES128::inv_Sbox
 .progmem.data  0x00000bf5        0x1 ./cores/arduino/Tone.o
 .progmem.data  0x00000bf6       0x5a ./cores/arduino/wiring_digital.o
                0x00000bf6                port_to_mode_PGM
                0x00000c14                digital_pin_to_port_PGM
                0x00000c28                digital_pin_to_bit_mask_PGM
                0x00000c00                port_to_output_PGM
                0x00000c0a                port_to_input_PGM
                0x00000c3c                digital_pin_to_timer_PGM
                0x00000c50                . = ALIGN (0x2)
                0x00000c50                __trampolines_start = .
 *(.trampolines)
 .trampolines   0x00000c50        0x0 linker stubs
 *(.trampolines*)
                0x00000c50                __trampolines_end = .
 *(.jumptables)
 *(.jumptables*)
 *(.lowtext)
 *(.lowtext*)
                0x00000c50                __ctors_start = .
 *(.ctors)
 .ctors         0x00000c50        0x2 ./src/MultiTaskEthernetTerminal.o
 .ctors         0x00000c52        0x2 ./libraries/Wire/Wire.o
 .ctors         0x00000c54        0x2 ./libraries/Firmata/Firmata.o
 .ctors         0x00000c56        0x2 ./home_libraries/Ethernet_W5100/Dhcp.o
 .ctors         0x00000c58        0x2 ./home_libraries/Ethernet_W5100/Dns.o
 .ctors         0x00000c5a        0x2 ./home_libraries/Ethernet_W5100/EthernetClient.o
 .ctors         0x00000c5c        0x2 ./home_libraries/Ethernet_W5100/EthernetServer.o
 .ctors         0x00000c5e        0x2 ./home_libraries/Ethernet_W5100/EthernetUdp.o
 .ctors         0x00000c60        0x2 ./home_libraries/Ethernet_W5100/Ethernet_SPI.o
 .ctors         0x00000c62        0x2 ./cores/arduino/HardwareSerial.o
 .ctors         0x00000c64        0x2 ./cores/arduino/IPAddress.o
                0x00000c66                __ctors_end = .
                0x00000c66                __dtors_start = .
 *(.dtors)
                0x00000c66                __dtors_end = .
 SORT(*)(.ctors)
 SORT(*)(.dtors)
 *(.init0)
 .init0         0x00000c66        0x0 /usr/local/CrossPack-AVR-20100115/lib/gcc/avr/4.3.3/../../../../avr/lib/avr5/crtm328p.o
                0x00000c66                __init
 *(.init0)
 *(.init1)
 *(.init1)
 *(.init2)
 .init2         0x00000c66        0xc /usr/local/CrossPack-AVR-20100115/lib/gcc/avr/4.3.3/../../../../avr/lib/avr5/crtm328p.o
 *(.init2)
 *(.init3)
 *(.init3)
 *(.init4)
 .init4         0x00000c72       0x16 /usr/local/CrossPack-AVR-20100115/lib/gcc/avr/4.3.3/avr5/libgcc.a(_copy_data.o)
                0x00000c72                __do_copy_data
 .init4         0x00000c88       0x10 /usr/local/CrossPack-AVR-20100115/lib/gcc/avr/4.3.3/avr5/libgcc.a(_clear_bss.o)
                0x00000c88                __do_clear_bss
 *(.init4)
 *(.init5)
 *(.init5)
 *(.init6)
 .init6         0x00000c98       0x16 /usr/local/CrossPack-AVR-20100115/lib/gcc/avr/4.3.3/avr5/libgcc.a(_ctors.o)
                0x00000c98                __do_global_ctors
 *(.init6)
 *(.init7)
 *(.init7)
 *(.init8)
 *(.init8)
 *(.init9)
 .init9         0x00000cae        0x8 /usr/local/CrossPack-AVR-20100115/lib/gcc/avr/4.3.3/../../../../avr/lib/avr5/crtm328p.o
 *(.init9)
 *(.text)
 .text          0x00000cb6        0x4 /usr/local/CrossPack-AVR-20100115/lib/gcc/avr/4.3.3/../../../../avr/lib/avr5/crtm328p.o
                0x00000cb6                __vector_22
                0x00000cb6                __vector_12
                0x00000cb6                __bad_interrupt
                0x00000cb6                __vector_6
                0x00000cb6                __vector_23
                0x00000cb6                __vector_25
                0x00000cb6                __vector_13
                0x00000cb6                __vector_17
                0x00000cb6                __vector_9
                0x00000cb6                __vector_21
                0x00000cb6                __vector_15
                0x00000cb6                __vector_8
                0x00000cb6                __vector_14
                0x00000cb6                __vector_10
                0x00000cb6                __vector_20
 .text          0x00000cba     0x13bc ./src/MultiTaskEthernetTerminal.o
                0x00000d10                Monitor::peek()
                0x00000cba                Monitor::write(unsigned char)
                0x0000115c                rom_macaddr()
                0x00000cd4                Monitor::available()
                0x000011a4                loop
                0x00000cf2                Monitor::read()
                0x00000e3a                Queue::operator[](int)
                0x00000d2e                Monitor::flush()
                0x00000d4c                Queue::add(long, long, unsigned char, unsigned char*, char*)
                0x00002058                main
                0x00000fb0                PN532_init()
                0x00001ed4                setup
                0x00000e68                ISO14443::clear()
 .text          0x00002076      0x51c ./libraries/Wire/utility/twi.o
                0x000021ba                twi_transmit
                0x00002234                __vector_24
                0x00002228                twi_releaseBus
                0x000021f0                twi_attachSlaveRxEvent
                0x00002556                twi_init
                0x00002110                twi_writeTo
                0x000021fa                twi_attachSlaveTxEvent
                0x0000207e                twi_readFrom
                0x00002204                twi_reply
                0x00002214                twi_stop
                0x00002076                twi_setAddress
 .text          0x00002592      0x2d0 ./libraries/Wire/Wire.o
                0x00002816                TwoWire::requestFrom(unsigned char, unsigned char)
                0x000025d2                TwoWire::beginTransmission(unsigned char)
                0x00002592                TwoWire::TwoWire()
                0x000025b2                TwoWire::TwoWire()
                0x000027c0                TwoWire::endTransmission(unsigned char)
                0x0000260c                TwoWire::read()
                0x0000285c                TwoWire::begin(int)
                0x000025fa                TwoWire::available()
                0x000027ee                TwoWire::requestFrom(unsigned char, unsigned char, unsigned char)
                0x000026c6                TwoWire::onRequest(void (*)())
                0x00002834                TwoWire::begin(unsigned char)
                0x0000265a                TwoWire::onReceiveService(unsigned char*, int)
                0x000027e6                TwoWire::endTransmission()
                0x000026bc                TwoWire::onReceive(void (*)(int))
                0x0000280e                TwoWire::requestFrom(int, int)
                0x000025e6                TwoWire::beginTransmission(int)
                0x000026a4                TwoWire::onRequestService()
                0x00002760                TwoWire::write(unsigned char)
                0x00002636                TwoWire::peek()
                0x00002658                TwoWire::flush()
                0x000026fe                TwoWire::write(unsigned char const*, unsigned int)
                0x0000281e                TwoWire::begin()
                0x00002808                TwoWire::requestFrom(int, int, int)
 .text          0x00002862      0x396 ./libraries/Stepper/Stepper.o
                0x00002862                Stepper::setSpeed(long)
                0x00002a68                Stepper::Stepper(int, int, int, int, int)
                0x00002ba6                Stepper::Stepper(int, int, int)
                0x000028b8                Stepper::stepMotor(int)
                0x00002b54                Stepper::Stepper(int, int, int)
                0x000029a4                Stepper::step(int)
                0x00002ade                Stepper::Stepper(int, int, int, int, int)
                0x000028b2                Stepper::version()
 .text          0x00002bf8      0x79c ./libraries/SoftwareSerial/SoftwareSerial.o
                0x00002e20                SoftwareSerial::begin(long)
                0x00002bf8                SoftwareSerial::listen()
                0x00003338                SoftwareSerial::SoftwareSerial(unsigned char, unsigned char, bool)
                0x00002d48                __vector_3
                0x00003286                SoftwareSerial::setTX(unsigned char)
                0x00003000                SoftwareSerial::read()
                0x00002d04                SoftwareSerial::tx_pin_write(unsigned char)
                0x000031fc                SoftwareSerial::peek()
                0x00003076                SoftwareSerial::write(unsigned char)
                0x00002c30                SoftwareSerial::recv()
                0x00002fee                SoftwareSerial::~SoftwareSerial()
                0x00002dd8                __vector_5
                0x00003042                SoftwareSerial::available()
                0x00002f72                SoftwareSerial::end()
                0x00002d90                __vector_4
                0x00002d36                SoftwareSerial::handle_interrupt()
                0x00002d22                SoftwareSerial::rx_pin_read()
                0x00002fdc                SoftwareSerial::~SoftwareSerial()
                0x00003230                SoftwareSerial::setRX(unsigned char)
                0x000031da                SoftwareSerial::flush()
                0x000032dc                SoftwareSerial::SoftwareSerial(unsigned char, unsigned char, bool)
 .text          0x00003394      0x5ae ./libraries/Servo/Servo.o
                0x000037b8                Servo::attach(int)
                0x0000351c                Servo::attached()
                0x000034de                Servo::readMicroseconds()
                0x000037c6                __vector_11
                0x00003394                Servo::Servo()
                0x000033fc                Servo::detach()
                0x000033c8                Servo::Servo()
                0x000036ba                Servo::attach(int, int, int)
                0x00003540                Servo::read()
                0x000035ea                Servo::write(int)
                0x00003450                Servo::writeMicroseconds(int)
 .text          0x00003942       0x84 ./libraries/SPI/SPI.o
                0x00003942                SPIClass::end()
                0x0000394a                SPIClass::setBitOrder(unsigned char)
                0x00003988                SPIClass::begin()
                0x00003966                SPIClass::setClockDivider(unsigned char)
                0x0000395c                SPIClass::setDataMode(unsigned char)
 .text          0x000039c6      0x8be ./libraries/LiquidCrystal/LiquidCrystal.o
                0x00003bde                LiquidCrystal::scrollDisplayRight()
                0x00003a74                LiquidCrystal::write4bits(unsigned char)
                0x00003b3e                LiquidCrystal::command(unsigned char)
                0x00003b96                LiquidCrystal::noAutoscroll()
                0x00003c36                LiquidCrystal::display()
                0x00003eb6                LiquidCrystal::LiquidCrystal(unsigned char, unsigned char, unsigned char, unsigned char, unsigned char, unsigned char)
                0x00003b32                LiquidCrystal::write(unsigned char)
                0x00003cb8                LiquidCrystal::home()
                0x00003b46                LiquidCrystal::createChar(unsigned char, unsigned char*)
                0x00003c4a                LiquidCrystal::noDisplay()
                0x00003a08                LiquidCrystal::write8bits(unsigned char)
                0x00003e44                LiquidCrystal::LiquidCrystal(unsigned char, unsigned char, unsigned char, unsigned char, unsigned char, unsigned char)
                0x00003c12                LiquidCrystal::cursor()
                0x00003cd8                LiquidCrystal::begin(unsigned char, unsigned char, unsigned char)
                0x00003db6                LiquidCrystal::init(unsigned char, unsigned char, unsigned char, unsigned char, unsigned char, unsigned char, unsigned char, unsigned char, unsigned char, unsigned char, unsigned char, unsigned char)
                0x00003bba                LiquidCrystal::rightToLeft()
                0x00004024                LiquidCrystal::LiquidCrystal(unsigned char, unsigned char, unsigned char, unsigned char, unsigned char, unsigned char, unsigned char, unsigned char, unsigned char, unsigned char)
                0x0000414c                LiquidCrystal::LiquidCrystal(unsigned char, unsigned char, unsigned char, unsigned char, unsigned char, unsigned char, unsigned char, unsigned char, unsigned char, unsigned char, unsigned char)
                0x00003c02                LiquidCrystal::noBlink()
                0x000039c6                LiquidCrystal::pulseEnable()
                0x00003c26                LiquidCrystal::noCursor()
                0x00003f28                LiquidCrystal::LiquidCrystal(unsigned char, unsigned char, unsigned char, unsigned char, unsigned char, unsigned char, unsigned char)
                0x00003bca                LiquidCrystal::leftToRight()
                0x00003cc8                LiquidCrystal::clear()
                0x00003c5a                LiquidCrystal::setCursor(unsigned char, unsigned char)
                0x00003be6                LiquidCrystal::scrollDisplayLeft()
                0x00003bee                LiquidCrystal::blink()
                0x00003ae0                LiquidCrystal::send(unsigned char, unsigned char)
                0x00003ba6                LiquidCrystal::autoscroll()
                0x00003fa6                LiquidCrystal::LiquidCrystal(unsigned char, unsigned char, unsigned char, unsigned char, unsigned char, unsigned char, unsigned char)
                0x000041e8                LiquidCrystal::LiquidCrystal(unsigned char, unsigned char, unsigned char, unsigned char, unsigned char, unsigned char, unsigned char, unsigned char, unsigned char, unsigned char, unsigned char)
                0x000040b8                LiquidCrystal::LiquidCrystal(unsigned char, unsigned char, unsigned char, unsigned char, unsigned char, unsigned char, unsigned char, unsigned char, unsigned char, unsigned char)
 .text          0x00004284      0x7fc ./libraries/Firmata/Firmata.o
                0x00004612                FirmataClass::FirmataClass(Stream&)
                0x000043da                FirmataClass::available()
                0x00004530                FirmataClass::attach(unsigned char, void (*)())
                0x00004740                FirmataClass::processSysexMessage()
                0x00004604                FirmataClass::FirmataClass(Stream&)
                0x000046ce                FirmataClass::blinkVersion()
                0x00004a0a                FirmataClass::begin(long)
                0x0000442a                FirmataClass::sendDigitalPort(unsigned char, int)
                0x00004284                FirmataClass::sendValueAsTwo7bitBytes(int)
                0x00004304                FirmataClass::printVersion()
                0x0000453c                FirmataClass::attach(unsigned char, void (*)(char*))
                0x00004a72                FirmataClass::begin()
                0x0000448e                FirmataClass::sendSysex(unsigned char, unsigned char, unsigned char*)
                0x0000471e                FirmataClass::sendString(unsigned char, char const*)
                0x0000492c                FirmataClass::setFirmwareNameAndVersion(char const*, unsigned char, unsigned char)
                0x00004550                FirmataClass::detach(unsigned char)
                0x000042ea                FirmataClass::endSysex()
                0x000044f4                FirmataClass::attach(unsigned char, void (*)(unsigned char, int))
                0x00004548                FirmataClass::attach(unsigned char, void (*)(unsigned char, unsigned char, unsigned char*))
                0x000047ce                FirmataClass::processInput()
                0x000042d0                FirmataClass::startSysex()
                0x00004428                FirmataClass::sendDigital(unsigned char, int)
                0x00004352                FirmataClass::printFirmwareVersion()
                0x000045aa                FirmataClass::begin(Stream&)
                0x0000457c                FirmataClass::systemReset()
                0x000043f2                FirmataClass::sendAnalog(unsigned char, int)
                0x00004736                FirmataClass::sendString(char const*)
                0x0000462e                FirmataClass::pin13strobe(int, int, int)
 .text          0x00004a80       0x12 ./libraries/EEPROM/EEPROM.o
                0x00004a8a                EEPROMClass::read(int)
                0x00004a80                EEPROMClass::write(int, unsigned char)
 .text          0x00004a92      0x232 ./home_libraries/SPISRAM_Microchip/SPISRAM.o
                0x00004c82                SPISRAM::init()
                0x00004a9e                SPISRAM::select()
                0x00004ba0                SPISRAM::read(unsigned int const&, unsigned char*, unsigned int const&)
                0x00004b48                SPISRAM::write(unsigned int const&, unsigned char)
                0x00004ac6                SPISRAM::write(unsigned int const&, unsigned char*, unsigned int const&)
                0x00004a98                SPISRAM::SPISRAM(unsigned char)
                0x00004c2e                SPISRAM::read(unsigned int const&)
                0x00004a92                SPISRAM::SPISRAM(unsigned char)
 .text          0x00004cc4      0x9ce ./home_libraries/SD_SPI/utility/Sd2Card.o
                0x0000533c                Sd2Card::readBlock(unsigned long, unsigned char*)
                0x00004f8a                Sd2Card::writeStart(unsigned long, unsigned long)
                0x00004cd8                Sd2Card::chipSelectHigh()
                0x0000502a                Sd2Card::readRegister(unsigned char, void*)
                0x00005202                Sd2Card::readData(unsigned long, unsigned int, unsigned int, unsigned char*)
                0x00004d5c                Sd2Card::readEnd()
                0x000050ac                Sd2Card::eraseSingleBlockEnable()
                0x0000567c                Sd2Card::setSPIMode()
                0x00004da2                Sd2Card::partialBlockRead(unsigned char)
                0x000054de                Sd2Card::init(unsigned char)
                0x0000535c                Sd2Card::writeBlock(unsigned long, unsigned char const*)
                0x00005416                Sd2Card::erase(unsigned long, unsigned long)
                0x00004e5a                Sd2Card::writeStop()
                0x00004cc4                Sd2Card::setSckRate(unsigned char)
                0x00004ea2                Sd2Card::writeData(unsigned char const*)
                0x00004e16                Sd2Card::waitNotBusy(unsigned int)
                0x000050ec                Sd2Card::cardSize()
                0x00004dbc                Sd2Card::waitStartBlock()
                0x00004ce4                Sd2Card::writeData(unsigned char, unsigned char const*)
                0x00004edc                Sd2Card::cardCommand(unsigned char, unsigned long)
 .text          0x00005692     0x1b30 ./home_libraries/SD_SPI/utility/SdFile.o
                0x000068a4                SdFile::addCluster()
                0x0000705a                SdFile::makeDir(SdFile*, char const*)
                0x00005b2e                SdFile::close()
                0x00006c78                SdFile::write(unsigned char)
                0x00006c62                SdFile::write(char const*)
                0x000068f2                SdFile::write(void const*, unsigned int)
                0x000060fc                SdFile::rmDir()
                0x0000579e                SdFile::seekSet(unsigned long)
                0x0000626c                SdFile::printFatDate(unsigned int)
                0x000058f0                SdFile::contiguousRange(unsigned long*, unsigned long*)
                0x000063da                SdFile::openCachedEntry(unsigned char, unsigned char)
                0x000056d4                SdFile::make83Name(char const*, unsigned char*)
                0x00005b46                SdFile::timestamp(unsigned char, unsigned int, unsigned char, unsigned char, unsigned char, unsigned char, unsigned char)
                0x00006d62                SdFile::open(SdFile*, char const*, unsigned char)
                0x00006c9a                SdFile::addDirCluster()
                0x000066d2                SdFile::ls(unsigned char, unsigned char)
                0x00006536                SdFile::rmRfStar()
                0x00005788                SdFile::writeln_P(char const*)
                0x00006216                SdFile::printFatTime(unsigned int)
                0x000061d8                SdFile::printTwoDigits(unsigned char)
                0x0000616e                SdFile::readDir(directoryEntry*)
                0x00006068                SdFile::readDirCache()
                0x00005e3e                SdFile::read(void*, unsigned int)
                0x00005a9a                SdFile::sync()
                0x00005756                SdFile::write_P(char const*)
                0x000064b6                SdFile::open(SdFile*, unsigned int, unsigned char)
                0x0000668a                SdFile::dirEntry(directoryEntry*)
                0x00006fca                SdFile::createContiguous(SdFile*, char const*, unsigned long)
                0x00006338                SdFile::openRoot(SdVolume*)
                0x00006f70                SdFile::remove(SdFile*, char const*)
                0x00005a60                SdFile::cacheDirEntry(unsigned char)
                0x00005c70                SdFile::truncate(unsigned long)
                0x00005692                SdFile::dirName(directoryEntry const&, char*)
                0x000062c4                SdFile::printDirName(directoryEntry const&, unsigned char)
                0x00005e06                SdFile::remove()
 .text          0x000071c2      0x98a ./home_libraries/SD_SPI/utility/SdVolume.o
                0x0000792e                SdVolume::allocContiguous(unsigned long, unsigned long*)
                0x00007280                SdVolume::cacheRawBlock(unsigned long, unsigned char)
                0x0000779e                SdVolume::freeChain(unsigned long)
                0x000072f6                SdVolume::init(Sd2Card*, unsigned char)
                0x00007238                SdVolume::cacheZeroBlock(unsigned long)
                0x00007580                SdVolume::fatPut(unsigned long, unsigned long)
                0x000076b8                SdVolume::fatGet(unsigned long, unsigned long*) const
                0x000071c2                SdVolume::cacheFlush()
                0x00007850                SdVolume::chainSize(unsigned long, unsigned long*) const
 .text          0x00007b4c      0x3b2 ./home_libraries/SD_SPI/File.o
                0x00007e8c                File::File(SdFile, char const*)
                0x00007cf0                File::flush()
                0x00007dce                File::write(unsigned char const*, unsigned int)
                0x00007ba4                File::~File()
                0x00007b72                File::File()
                0x00007c0a                File::available()
                0x00007c9e                File::operator bool()
                0x00007d56                File::peek()
                0x00007b98                File::~File()
                0x00007bba                File::isDirectory()
                0x00007e1a                File::File(SdFile, char const*)
                0x00007cb8                File::close()
                0x00007bb0                File::name()
                0x00007c52                File::position()
                0x00007bda                File::write(unsigned char)
                0x00007cdc                File::seek(unsigned long)
                0x00007c78                File::size()
                0x00007d1a                File::read()
                0x00007e08                File::~File()
                0x00007d00                File::read(void*, unsigned int)
                0x00007b4c                File::File()
 .text          0x00007efe      0x7b4 ./home_libraries/SD_SPI/SD_SPI.o
                0x000082ee                SDClass::exists(char*)
                0x00007efe                getNextPathComponent(char*, unsigned int*, char*)
                0x0000818a                walkPath(char*, SdFile&, unsigned char (*)(SdFile&, char*, unsigned char, void*), void*)
                0x00008452                SDClass::open(char const*, unsigned char)
                0x000082d6                SDClass::mkdir(char*)
                0x00008590                SDClass::begin(unsigned char)
                0x00008126                callback_pathExists(SdFile&, char*, unsigned char, void*)
                0x000085e2                callback_rmdir(SdFile&, char*, unsigned char, void*)
                0x0000800a                File::rewindDirectory()
                0x000082be                SDClass::rmdir(char*)
                0x00008646                callback_remove(SdFile&, char*, unsigned char, void*)
                0x00008032                File::openNextFile(unsigned char)
                0x00008306                SDClass::getParentDir(char const*, int*)
                0x00007f78                SdFile::SdFile(SdFile const&)
                0x000082a6                SDClass::remove(char*)
                0x00008654                callback_makeDirPath(SdFile&, char*, unsigned char, void*)
 .text          0x000086b2      0x384 ./home_libraries/RTC_DS3234/DS3234.o
                0x00008940                DS3234::updateCalendar()
                0x00008856                DS3234::transfer(unsigned char, unsigned char*, int)
                0x00008838                DS3234::dayOfWeek()
                0x000089aa                DS3234::setCalendar(long const&)
                0x000086b2                DS3234::JD2000(unsigned char, unsigned char, unsigned char)
                0x000087a6                DS3234::JD2000(long const&)
                0x000089e0                DS3234::setTime(long const&)
                0x00008974                DS3234::updateTime()
                0x00008a16                DS3234::init()
                0x000088da                DS3234::updateTemperature()
 .text          0x00008a36     0x1090 ./home_libraries/RFID_PN532_I2C/PN532_I2C.o
                0x00009884                PN532::GetGeneralStatus()
                0x00008a46                PN532::targetSet(unsigned char, unsigned char const*, unsigned char)
                0x00008a5e                PN532::IRQ_wait(long)
                0x00009642                PN532::InDataExchange(unsigned char, unsigned char const*, unsigned char)
                0x00009384                PN532::felica_RequestService(unsigned int)
                0x00008e88                PN532::checkACKframe(long)
                0x000097b8                PN532::PowerDown(unsigned char, unsigned char)
                0x000099f0                PN532::init()
                0x0000957c                PN532::mifare_AuthenticateBlock(unsigned int, unsigned char const*)
                0x00008b02                PN532::receive()
                0x00009938                PN532::send_nack()
                0x000090be                PN532::felica_ReadBlocksWithoutEncryption(unsigned char*, unsigned int, unsigned char, unsigned int const*)
                0x00009a36                PN532::PN532(unsigned char, unsigned char, unsigned char)
                0x00009822                PN532::SAMConfiguration(unsigned char, unsigned char, unsigned char)
                0x00008d36                PN532::getAutoPollResponse(unsigned char*)
                0x000096be                PN532::InAutoPoll(unsigned char, unsigned char, unsigned char const*, unsigned char)
                0x00008cb0                PN532::getCommunicateThruResponse(unsigned char*)
                0x000094dc                PN532::mifare_ReadDataBlock(unsigned char, unsigned char*)
                0x00008a36                PN532::targetClear()
                0x000091d4                PN532::felica_ReadWithoutEncryption(unsigned char*, unsigned int, unsigned char, unsigned int const*)
                0x00008adc                PN532::IRQ_ready()
                0x0000973c                PN532::InListPassiveTarget(unsigned char, unsigned char, unsigned char*, unsigned char)
                0x000093da                PN532::felica_Polling(unsigned char*, unsigned int)
                0x000092e4                PN532::felica_RequestService(unsigned char*, unsigned int const*, unsigned char)
                0x00008c20                PN532::getCommandResponse(unsigned char*, long const&)
                0x00009a7e                PN532::PN532(unsigned char, unsigned char, unsigned char)
                0x000098dc                PN532::GetFirmwareVersion()
                0x00008f26                PN532::send(unsigned char)
                0x00009288                PN532::felica_RequestSystemCode(unsigned char*)
                0x00008dca                PN532::receivepacket(int)
                0x00008fde                PN532::WriteRegister(unsigned int, unsigned char)
                0x00008f48                PN532::sendpacket(unsigned char)
                0x00008b1e                PN532::receivepacket()
                0x00009994                PN532::send_ack()
                0x00009040                PN532::InCommunicateThru(unsigned char const*, unsigned char)
                0x0000944c                PN532::InDataExchange(unsigned char, unsigned char, unsigned char, unsigned char const*, unsigned char)
 .text          0x00009ac6      0x43a ./home_libraries/Monitor/Monitor.o
                0x00009bb6                Monitor::ithToken(char const*, int, int&)
                0x00009dee                Monitor::printHex(char const*, int, char)
                0x00009c76                Monitor::readToken(char*, long)
                0x00009ac6                Monitor::printHex(unsigned char)
                0x00009e80                Monitor::printHex(unsigned char const*, int, char)
                0x00009d88                Monitor::printHex(unsigned int const*, int, char)
                0x00009b06                Monitor::readLine(char*, int, long)
 .text          0x00009f00      0x704 ./home_libraries/Ethernet_W5100/utility/socket.o
                0x00009f5a                sendUDP(unsigned char)
                0x0000a568                peek(unsigned char, unsigned char*)
                0x0000a03c                socket(unsigned char, unsigned char, unsigned int, unsigned char)
                0x0000a018                W5100Class::writeSnPORT(unsigned char, unsigned int)
                0x00009f00                disconnect(unsigned char)
                0x0000a3ca                recvfrom(unsigned char, unsigned char*, unsigned int, unsigned char*, unsigned int*)
                0x0000a31e                send(unsigned char, unsigned char const*, unsigned int)
                0x0000a0ac                W5100Class::writeSnDIPR(unsigned char, unsigned char*)
                0x00009fb0                close(unsigned char)
                0x00009fd0                W5100Class::writeSnDPORT(unsigned char, unsigned int)
                0x0000a1d6                igmpsend(unsigned char, unsigned char const*, unsigned int)
                0x0000a10c                connect(unsigned char, unsigned char*, unsigned int)
                0x0000a25a                sendto(unsigned char, unsigned char const*, unsigned int, unsigned char*, unsigned int)
                0x00009f20                listen(unsigned char)
                0x00009f46                W5100Class::writeSn(unsigned char, unsigned int, unsigned char)
                0x00009f0e                W5100Class::readSn(unsigned char, unsigned int)
                0x0000a176                bufferData(unsigned char, unsigned int, unsigned char const*, unsigned int)
                0x00009ff4                W5100Class::writeSnRX_RD(unsigned char, unsigned int)
                0x0000a586                recv(unsigned char, unsigned char*, int)
                0x0000a0c0                startUDP(unsigned char, unsigned char*, unsigned int)
 .text          0x0000a604      0x51a ./home_libraries/Ethernet_W5100/utility/w5100.o
                0x0000a7d4                W5100Class::readSnTX_FSR(unsigned char)
                0x0000a604                W5100Class::setSS()
                0x0000a83a                W5100Class::write(unsigned int, unsigned char const*, unsigned int)
                0x0000a920                W5100Class::recv_data_processing(unsigned char, unsigned char*, unsigned int, unsigned char)
                0x0000a620                W5100Class::resetSS()
                0x0000a62a                W5100Class::read(unsigned int, unsigned char*, unsigned int)
                0x0000a6a6                W5100Class::read_data(unsigned char, unsigned char volatile*, unsigned char volatile*, unsigned int)
                0x0000a8fc                W5100Class::execCmdSn(unsigned char, SockCMD)
                0x0000a9b6                W5100Class::send_data_processing_offset(unsigned char, unsigned int, unsigned char const*, unsigned int)
                0x0000a8b6                W5100Class::write(unsigned int, unsigned char)
                0x0000a71c                W5100Class::read(unsigned int)
                0x0000a79c                W5100Class::getRXReceivedSize(unsigned char)
                0x0000aab0                W5100Class::init()
                0x0000a76e                W5100Class::readSnRX_RSR(unsigned char)
                0x0000aa98                W5100Class::send_data_processing(unsigned char, unsigned char const*, unsigned int)
                0x0000a802                W5100Class::getTXFreeSize(unsigned char)
 .text          0x0000ab1e      0xdba ./home_libraries/Ethernet_W5100/Dhcp.o
                0x0000ab72                DhcpClass::getDhcpServerIp()
                0x0000ab5c                DhcpClass::getDnsServerIp()
                0x0000ab1e                DhcpClass::presend_DHCP()
                0x0000abb4                DhcpClass::getLocalIp()
                0x0000b0ae                DhcpClass::send_DHCP_MESSAGE(unsigned char, unsigned int)
                0x0000b842                DhcpClass::beginWithDHCP(unsigned char*, unsigned long, unsigned long)
                0x0000ab9e                DhcpClass::getSubnetMask()
                0x0000b65a                DhcpClass::checkLease()
                0x0000ab20                DhcpClass::printByte(char*, unsigned char)
                0x0000abca                DhcpClass::parseDHCPResponse(unsigned long, unsigned long&)
                0x0000b35a                DhcpClass::request_DHCP_lease()
                0x0000b09e                DhcpClass::reset_DHCP_lease()
                0x0000ab88                DhcpClass::getGatewayIp()
 .text          0x0000b8d8      0x626 ./home_libraries/Ethernet_W5100/Dns.o
                0x0000b998                DNSClient::ProcessResponse(unsigned int, IPAddress&)
                0x0000b8d8                DNSClient::begin(IPAddress const&)
                0x0000b8f4                DNSClient::inet_aton(char const*, IPAddress&)
                0x0000bdd2                DNSClient::getHostByName(char const*, IPAddress&)
                0x0000bc6c                DNSClient::BuildRequest(char const*)
 .text          0x0000befe      0x4a6 ./home_libraries/Ethernet_W5100/EthernetClient.o
                0x0000c028                EthernetClient::connected()
                0x0000bf22                EthernetClient::EthernetClient()
                0x0000c13e                EthernetClient::read(unsigned char*, unsigned int)
                0x0000c2c4                EthernetClient::connect(char const*, unsigned int)
                0x0000c1d8                EthernetClient::connect(IPAddress, unsigned int)
                0x0000bf46                EthernetClient::EthernetClient(unsigned char)
                0x0000c0f4                EthernetClient::peek()
                0x0000bf68                EthernetClient::EthernetClient(unsigned char)
                0x0000c00e                EthernetClient::status()
                0x0000c148                EthernetClient::read()
                0x0000bfe8                EthernetClient::operator bool()
                0x0000befe                EthernetClient::EthernetClient()
                0x0000c070                EthernetClient::stop()
                0x0000c19c                EthernetClient::write(unsigned char const*, unsigned int)
                0x0000bfba                EthernetClient::flush()
                0x0000bf8a                EthernetClient::write(unsigned char)
                0x0000c180                EthernetClient::available()
 .text          0x0000c3a4      0x374 ./home_libraries/Ethernet_W5100/EthernetServer.o
                0x0000c684                EthernetServer::begin()
                0x0000c412                EthernetServer::accept()
                0x0000c3a4                EthernetServer::EthernetServer(unsigned int)
                0x0000c3b8                EthernetServer::EthernetServer(unsigned int)
                0x0000c594                EthernetServer::available()
                0x0000c3cc                EthernetServer::write(unsigned char)
                0x0000c4d6                EthernetServer::write(unsigned char const*, unsigned int)
 .text          0x0000c718      0x450 ./home_libraries/Ethernet_W5100/EthernetUdp.o
                0x0000c9bc                EthernetUDP::EthernetUDP()
                0x0000c896                EthernetUDP::parsePacket()
                0x0000c74a                EthernetUDP::remotePort()
                0x0000c75a                EthernetUDP::write(unsigned char)
                0x0000c93e                EthernetUDP::write(unsigned char const*, unsigned int)
                0x0000c7c4                EthernetUDP::peek()
                0x0000c9e8                EthernetUDP::beginPacket(char const*, unsigned int)
                0x0000c990                EthernetUDP::EthernetUDP()
                0x0000c752                EthernetUDP::available()
                0x0000c840                EthernetUDP::read()
                0x0000c728                EthernetUDP::remoteIP()
                0x0000c718                EthernetUDP::read(char*, unsigned int)
                0x0000caf2                EthernetUDP::begin(unsigned int)
                0x0000c97e                EthernetUDP::beginPacket(IPAddress, unsigned int)
                0x0000c7fa                EthernetUDP::read(unsigned char*, unsigned int)
                0x0000c78a                EthernetUDP::flush()
                0x0000c974                EthernetUDP::endPacket()
                0x0000cac8                EthernetUDP::stop()
 .text          0x0000cb68      0x5a4 ./home_libraries/Ethernet_W5100/Ethernet_SPI.o
                0x0000cfce                EthernetClass::begin(unsigned char*)
                0x0000cb68                EthernetClass::dnsServerIP()
                0x0000cbe2                EthernetClass::subnetMask()
                0x0000cc1c                EthernetClass::localIP()
                0x0000cec6                EthernetClass::begin(unsigned char*, IPAddress, IPAddress)
                0x0000cd36                EthernetClass::begin(unsigned char*, IPAddress, IPAddress, IPAddress, IPAddress)
                0x0000cc56                EthernetClass::maintain()
                0x0000cba8                EthernetClass::gatewayIP()
                0x0000cf5e                EthernetClass::begin(unsigned char*, IPAddress)
                0x0000cdd8                EthernetClass::begin(unsigned char*, IPAddress, IPAddress, IPAddress)
 .text          0x0000d10c     0x2ec6 ./home_libraries/Des/Des.o
                0x0000ddc4                Des::Des(unsigned char const*)
                0x0000dd6a                Des::key_set(unsigned char const*)
                0x0000d1ce                Des::Des()
                0x0000ddca                Des::Des(unsigned char const*)
                0x0000ddd0                Des::subkey(int, unsigned char)
                0x0000d1d0                Des::key_schedule(unsigned char const*, unsigned long*)
                0x0000d1cc                Des::Des()
                0x0000d10c                Des::read64bit(unsigned char const*, unsigned long&, unsigned long&)
                0x0000de06                Des::ecb_crypt(char const*, char*, int)
 .text          0x0000ffd2      0xa6a ./home_libraries/DataFlash/DataFlash.o
                0x00010722                DataFlash::Page_Buffer_Compare(unsigned int)
                0x00010448                DataFlash::Buffer_Write_Enable(unsigned int)
                0x0001003a                DataFlash::read()
                0x00010852                DataFlash::flush()
                0x000106f0                DataFlash::ReadStatusRegister()
                0x000102b8                DataFlash::Cont_Flash_Read_Enable(unsigned int, unsigned int)
                0x0000fffc                DataFlash::DataFlash(unsigned char)
                0x000100cc                DataFlash::status()
                0x000100fc                DataFlash::Page_Erase(unsigned int)
                0x000100e4                DataFlash::select()
                0x000103d6                DataFlash::BufferWrite(unsigned int, unsigned char, unsigned char)
                0x000109ce                DataFlash::init()
                0x0001062c                DataFlash::read(unsigned long)
                0x000108a2                DataFlash::write(unsigned char, unsigned long)
                0x000107b4                DataFlash::BufferToPageTransfer(unsigned int, unsigned char)
                0x00010516                DataFlash::BufferRead(unsigned int, unsigned char)
                0x000100f0                DataFlash::deselect()
                0x000100ae                DataFlash::notBusy()
                0x00010026                DataFlash::reset()
                0x00010074                DataFlash::write(unsigned char)
                0x0001058e                DataFlash::PageToBufferTransfer(unsigned int, unsigned char)
                0x00010184                DataFlash::ContinuousArrayRead(unsigned long, unsigned char*, unsigned char, bool)
                0x0000ffd2                DataFlash::DataFlash(unsigned char)
                0x0001035e                DataFlash::BufferWrite(unsigned int, unsigned int, unsigned char*)
                0x00010492                DataFlash::BufferRead(unsigned int, unsigned int, unsigned char*)
 .text          0x00010a3c      0x5b4 ./home_libraries/AES128/AES128.o
                0x00010c78                AES128::computeKey(unsigned char)
                0x00010d6a                AES128::inv_addRoundKey(int)
                0x00010ab2                AES128::inv_subBytes()
                0x00010b1e                AES128::mixColumns()
                0x00010a3c                AES128::addRoundKey()
                0x00010e8a                AES128::encrypt(unsigned char*)
                0x00010d2a                AES128::computeKeyRound(int)
                0x00010fd0                AES128::AES128(unsigned char const*)
                0x00010d18                AES128::initKey()
                0x00010b0c                AES128::xtime(unsigned char)
                0x00010b9c                AES128::inv_mixColumns()
                0x00010a7e                AES128::shiftRows()
                0x00010fe0                AES128::AES128(unsigned char const*)
                0x00010a58                AES128::subBytes()
                0x00010ad8                AES128::inv_shiftRows()
                0x00010d9c                AES128::decrypt(unsigned char*)
 .text          0x00010ff0        0x0 ./cores/arduino/CDC.o
 .text          0x00010ff0        0x0 ./cores/arduino/HID.o
 .text          0x00010ff0      0x5c8 ./cores/arduino/HardwareSerial.o
                0x000110f6                HardwareSerial::HardwareSerial(ring_buffer*, ring_buffer*, unsigned char volatile*, unsigned char volatile*, unsigned char volatile*, unsigned char volatile*, unsigned char volatile*, unsigned char, unsigned char, unsigned char, unsigned char, unsigned char)
                0x000113ec                HardwareSerial::peek()
                0x000113ca                HardwareSerial::available()
                0x000114a2                HardwareSerial::write(unsigned char)
                0x000111f2                HardwareSerial::begin(unsigned long)
                0x0001105a                serialEventRun()
                0x0001147e                HardwareSerial::flush()
                0x00011080                __vector_19
                0x000112fe                HardwareSerial::end()
                0x00010ff0                serialEvent()
                0x00011514                HardwareSerial::operator bool()
                0x0001142c                HardwareSerial::read()
                0x00010ff2                __vector_18
                0x00011174                HardwareSerial::HardwareSerial(ring_buffer*, ring_buffer*, unsigned char volatile*, unsigned char volatile*, unsigned char volatile*, unsigned char volatile*, unsigned char volatile*, unsigned char, unsigned char, unsigned char, unsigned char, unsigned char)
 .text          0x000115b8      0x1f2 ./cores/arduino/IPAddress.o
                0x000115d0                IPAddress::IPAddress(unsigned char, unsigned char, unsigned char, unsigned char)
                0x00011796                IPAddress::IPAddress()
                0x00011606                IPAddress::printTo(Print&) const
                0x0001168a                IPAddress::operator==(unsigned char const*)
                0x000116e6                IPAddress::IPAddress(unsigned char const*)
                0x000116a8                IPAddress::operator=(unsigned long)
                0x00011782                IPAddress::IPAddress()
                0x000115b8                IPAddress::IPAddress(unsigned char, unsigned char, unsigned char, unsigned char)
                0x00011756                IPAddress::IPAddress(unsigned long)
                0x0001172a                IPAddress::IPAddress(unsigned long)
                0x00011708                IPAddress::IPAddress(unsigned char const*)
                0x000116cc                IPAddress::operator=(unsigned char const*)
 .text          0x000117aa      0x6a6 ./cores/arduino/Print.o
                0x00011e28                Print::println(String const&)
                0x00011a8e                Print::println(unsigned int, int)
                0x00011902                Print::println(Printable const&)
                0x0001186a                Print::println()
                0x00011bf6                Print::println(int, int)
                0x0001195e                Print::printNumber(unsigned long, unsigned char)
                0x000117aa                Print::write(unsigned char const*, unsigned int)
                0x00011d70                Print::print(double, int)
                0x000118aa                Print::println(__FlashStringHelper const*)
                0x000118d2                Print::println(char)
                0x00011936                Print::write(char const*)
                0x00011c3a                Print::printFloat(double, unsigned char)
                0x00011854                Print::print(Printable const&)
                0x00011bd0                Print::print(int, int)
                0x000117fe                Print::print(__FlashStringHelper const*)
                0x00011ac8                Print::print(unsigned char, int)
                0x00011d9c                Print::println(char const*)
                0x00011844                Print::print(char)
                0x00011aec                Print::println(unsigned char, int)
                0x00011a6c                Print::print(unsigned int, int)
                0x00011c34                Print::print(char const*)
                0x00011a26                Print::print(unsigned long, int)
                0x00011ba8                Print::println(long, int)
                0x00011d76                Print::println(double, int)
                0x00011b28                Print::print(long, int)
                0x00011a44                Print::println(unsigned long, int)
                0x00011dc2                Print::print(String const&)
 .text          0x00011e50      0x554 ./cores/arduino/Stream.o
                0x00012012                Stream::parseFloat()
                0x00011eb4                Stream::peekNextDigit()
                0x00012156                Stream::readStringUntil(char)
                0x00012298                Stream::findUntil(char*, unsigned int, char*, unsigned int)
                0x00011e50                Stream::setTimeout(unsigned long)
                0x00012352                Stream::findUntil(char*, char*)
                0x00011eea                Stream::parseFloat(char)
                0x00012384                Stream::find(char*)
                0x000120f6                Stream::parseInt()
                0x00011e5c                Stream::timedPeek()
                0x00012250                Stream::readBytes(char*, unsigned int)
                0x000121ea                Stream::readBytesUntil(char, char*, unsigned int)
                0x000121b0                Stream::readString()
                0x0001238e                Stream::find(char*, unsigned int)
                0x0001201a                Stream::parseInt(char)
                0x000120fe                Stream::timedRead()
 .text          0x000123a4      0x552 ./cores/arduino/Tone.o
                0x000123e6                noTone(unsigned char)
                0x000124cc                tone(unsigned char, unsigned int, unsigned long)
                0x000123a4                disableTimer(unsigned char)
                0x00012414                __vector_7
 .text          0x000128f6        0x0 ./cores/arduino/USBCore.o
 .text          0x000128f6      0x120 ./cores/arduino/WInterrupts.o
                0x00012962                __vector_1
                0x000128f6                attachInterrupt
                0x0001293c                detachInterrupt
                0x000129bc                __vector_2
 .text          0x00012a16      0x132 ./cores/arduino/WMath.o
                0x00012aaa                makeWord(unsigned char, unsigned char)
                0x00012afc                random(long, long)
                0x00012b38                randomSeed(unsigned int)
                0x00012a16                map(long, long, long, long, long)
                0x00012aa8                makeWord(unsigned int)
                0x00012ab8                random(long)
 .text          0x00012b48     0x129a ./cores/arduino/WString.o
                0x00013ada                String::String(int, unsigned char)
                0x00012b6a                String::setCharAt(unsigned int, char)
                0x00012e10                String::lastIndexOf(String const&) const
                0x000130e6                String::startsWith(String const&, unsigned int) const
                0x00013078                String::operator>=(String const&) const
                0x00013d58                String::substring(unsigned int) const
                0x00012c10                String::trim()
                0x00013cca                String::substring(unsigned int, unsigned int) const
                0x00012b84                String::operator[](unsigned int)
                0x00013d9e                String::String(String const&)
                0x00012e2c                String::indexOf(String const&, unsigned int) const
                0x000135a8                String::concat(unsigned char)
                0x00013600                String::concat(char)
                0x00013b9e                String::String(unsigned char, unsigned char)
                0x00012bae                String::operator[](unsigned int) const
                0x00013c02                String::String(unsigned char, unsigned char)
                0x00013c98                String::String(char)
                0x00013646                String::concat(String const&)
                0x00013b3c                String::String(int, unsigned char)
                0x00012b48                String::charAt(unsigned int) const
                0x0001394e                String::String(long, unsigned char)
                0x00013152                String::changeBuffer(unsigned int)
                0x00013702                operator+(StringSumHelper const&, unsigned char)
                0x00013390                String::reserve(unsigned int)
                0x00013a78                String::String(unsigned int, unsigned char)
                0x00012f2e                String::getBytes(unsigned char*, unsigned int, unsigned int) const
                0x0001312c                String::startsWith(String const&) const
                0x00012bd0                String::replace(char, char)
                0x00013dca                String::~String()
                0x00013db4                String::String(String const&)
                0x0001377e                operator+(StringSumHelper const&, String const&)
                0x000137aa                String::copy(char const*, unsigned int)
                0x00012f24                String::indexOf(char) const
                0x00013422                String::concat(unsigned long)
                0x00013dd6                String::~String()
                0x000138ea                String::String(unsigned long, unsigned char)
                0x00013d70                String::operator=(String const&)
                0x00013746                operator+(StringSumHelper const&, char const*)
                0x0001367a                operator+(StringSumHelper const&, unsigned long)
                0x00012f88                String::endsWith(String const&) const
                0x00013626                String::concat(char const*)
                0x00013656                String::invalidate()
                0x00012d74                String::lastIndexOf(String const&, unsigned int) const
                0x000137ec                String::String(char const*)
                0x00013012                String::compareTo(String const&) const
                0x000136be                operator+(StringSumHelper const&, unsigned int)
                0x00012fcc                String::equals(char const*) const
                0x00012e72                String::lastIndexOf(char, unsigned int) const
                0x000133c8                String::concat(char const*, unsigned int)
                0x00012bee                String::toInt() const
                0x00012ce0                String::toLowerCase()
                0x00012e68                String::indexOf(String const&) const
                0x000130ba                String::equals(String const&) const
                0x000130ac                String::operator<(String const&) const
                0x00013854                String::operator=(char const*)
                0x00013088                String::operator<=(String const&) const
                0x00013486                String::concat(long)
                0x00013820                String::String(char const*)
                0x00013724                operator+(StringSumHelper const&, char)
                0x00012d04                String::equalsIgnoreCase(String const&) const
                0x00012edc                String::lastIndexOf(char) const
                0x00013a16                String::String(unsigned int, unsigned char)
                0x000134ea                String::concat(unsigned int)
                0x00013886                String::String(unsigned long, unsigned char)
                0x000136e0                operator+(StringSumHelper const&, int)
                0x00013c66                String::String(char)
                0x00012eec                String::indexOf(char, unsigned int) const
                0x0001369c                operator+(StringSumHelper const&, long)
                0x00013186                String::replace(String const&, String const&)
                0x000139b2                String::String(long, unsigned char)
                0x00012cbc                String::toUpperCase()
                0x0001309a                String::operator>(String const&) const
                0x00013546                String::concat(int)
 .text          0x00013de2       0x2c ./cores/arduino/new.o
                0x00013e02                operator delete(void*)
                0x00013e00                __cxa_pure_virtual
                0x00013df6                __cxa_guard_release
                0x00013dfe                __cxa_guard_abort
                0x00013e08                operator new(unsigned int)
                0x00013de2                __cxa_guard_acquire
 .text          0x00013e0e      0x1ce ./cores/arduino/wiring.o
                0x00013f66                init
                0x00013eba                micros
                0x00013f06                delay
                0x00013e0e                __vector_16
                0x00013e9e                millis
                0x00013f52                delayMicroseconds
 .text          0x00013fdc      0x10a ./cores/arduino/wiring_analog.o
                0x00014026                analogWrite
                0x00013fdc                analogReference
                0x00013fe2                analogRead
 .text          0x000140e6      0x19e ./cores/arduino/wiring_digital.o
                0x00014224                digitalRead
                0x000141be                digitalWrite
                0x000140e6                pinMode
 .text          0x00014284      0x138 ./cores/arduino/wiring_pulse.o
                0x00014284                pulseIn
 .text          0x000143bc      0x104 ./cores/arduino/wiring_shift.o
                0x00014440                shiftIn
                0x000143bc                shiftOut
 .text          0x000144c0        0x0 /usr/local/CrossPack-AVR-20100115/lib/gcc/avr/4.3.3/avr5/libgcc.a(_mulsi3.o)
 .text          0x000144c0        0x0 /usr/local/CrossPack-AVR-20100115/lib/gcc/avr/4.3.3/avr5/libgcc.a(_udivmodqi4.o)
 .text          0x000144c0        0x0 /usr/local/CrossPack-AVR-20100115/lib/gcc/avr/4.3.3/avr5/libgcc.a(_divmodhi4.o)
 .text          0x000144c0        0x0 /usr/local/CrossPack-AVR-20100115/lib/gcc/avr/4.3.3/avr5/libgcc.a(_udivmodsi4.o)
 .text          0x000144c0        0x0 /usr/local/CrossPack-AVR-20100115/lib/gcc/avr/4.3.3/avr5/libgcc.a(_divmodsi4.o)
 .text          0x000144c0        0x0 /usr/local/CrossPack-AVR-20100115/lib/gcc/avr/4.3.3/avr5/libgcc.a(_exit.o)
 .text          0x000144c0        0x0 /usr/local/CrossPack-AVR-20100115/lib/gcc/avr/4.3.3/avr5/libgcc.a(_copy_data.o)
 .text          0x000144c0        0x0 /usr/local/CrossPack-AVR-20100115/lib/gcc/avr/4.3.3/avr5/libgcc.a(_clear_bss.o)
 .text          0x000144c0        0x0 /usr/local/CrossPack-AVR-20100115/lib/gcc/avr/4.3.3/avr5/libgcc.a(_ctors.o)
 .text          0x000144c0       0x58 /usr/local/CrossPack-AVR-20100115/lib/gcc/avr/4.3.3/avr5/libgcc.a(_fixunssfsi.o)
                0x000144c0                __fixunssfsi
 .text          0x00014518      0x354 /usr/local/CrossPack-AVR-20100115/lib/gcc/avr/4.3.3/avr5/libgcc.a(_addsub_sf.o)
                0x000147b0                __subsf3
                0x00014812                __addsf3
 .text          0x0001486c      0x1f4 /usr/local/CrossPack-AVR-20100115/lib/gcc/avr/4.3.3/avr5/libgcc.a(_mul_sf.o)
                0x0001486c                __mulsf3
 .text          0x00014a60      0x158 /usr/local/CrossPack-AVR-20100115/lib/gcc/avr/4.3.3/avr5/libgcc.a(_div_sf.o)
                0x00014a60                __divsf3
 .text          0x00014bb8       0x60 /usr/local/CrossPack-AVR-20100115/lib/gcc/avr/4.3.3/avr5/libgcc.a(_ge_sf.o)
                0x00014bb8                __gesf2
 .text          0x00014c18       0x60 /usr/local/CrossPack-AVR-20100115/lib/gcc/avr/4.3.3/avr5/libgcc.a(_lt_sf.o)
                0x00014c18                __ltsf2
 .text          0x00014c78       0xbc /usr/local/CrossPack-AVR-20100115/lib/gcc/avr/4.3.3/avr5/libgcc.a(_si_to_sf.o)
                0x00014c78                __floatsisf
 .text          0x00014d34       0xa8 /usr/local/CrossPack-AVR-20100115/lib/gcc/avr/4.3.3/avr5/libgcc.a(_sf_to_si.o)
                0x00014d34                __fixsfsi
 .text          0x00014ddc        0x0 /usr/local/CrossPack-AVR-20100115/lib/gcc/avr/4.3.3/avr5/libgcc.a(_thenan_sf.o)
 .text          0x00014ddc       0xf2 /usr/local/CrossPack-AVR-20100115/lib/gcc/avr/4.3.3/avr5/libgcc.a(_usi_to_sf.o)
                0x00014ddc                __floatunsisf
 .text          0x00014ece        0x0 /usr/local/CrossPack-AVR-20100115/lib/gcc/avr/4.3.3/avr5/libgcc.a(_udivmodhi4.o)
 .text          0x00014ece        0x0 /usr/local/CrossPack-AVR-20100115/lib/gcc/avr/4.3.3/avr5/libgcc.a(_prologue.o)
 .text          0x00014ece        0x0 /usr/local/CrossPack-AVR-20100115/lib/gcc/avr/4.3.3/avr5/libgcc.a(_epilogue.o)
 .text          0x00014ece        0x0 /usr/local/CrossPack-AVR-20100115/lib/gcc/avr/4.3.3/avr5/libgcc.a(_tablejump.o)
 .text          0x00014ece       0x9e /usr/local/CrossPack-AVR-20100115/lib/gcc/avr/4.3.3/avr5/libgcc.a(_clzsi2.o)
                0x00014ece                __clzsi2
 .text          0x00014f6c      0x1aa /usr/local/CrossPack-AVR-20100115/lib/gcc/avr/4.3.3/avr5/libgcc.a(_pack_sf.o)
                0x00014f6c                __pack_f
 .text          0x00015116       0xf0 /usr/local/CrossPack-AVR-20100115/lib/gcc/avr/4.3.3/avr5/libgcc.a(_unpack_sf.o)
                0x00015116                __unpack_f
 .text          0x00015206       0xb2 /usr/local/CrossPack-AVR-20100115/lib/gcc/avr/4.3.3/avr5/libgcc.a(_fpcmp_parts_sf.o)
                0x00015206                __fpcmp_parts_f
 .text          0x000152b8        0x0 /usr/local/CrossPack-AVR-20100115/lib/gcc/avr/4.3.3/avr5/libgcc.a(_clz.o)
 .text          0x000152b8        0x0 /usr/local/CrossPack-AVR-20100115/lib/gcc/avr/4.3.3/../../../../avr/lib/avr5/libc.a(malloc.o)
 .text          0x000152b8        0x0 /usr/local/CrossPack-AVR-20100115/lib/gcc/avr/4.3.3/../../../../avr/lib/avr5/libc.a(random.o)
 .text          0x000152b8        0x0 /usr/local/CrossPack-AVR-20100115/lib/gcc/avr/4.3.3/../../../../avr/lib/avr5/libc.a(realloc.o)
 .text          0x000152b8        0x0 /usr/local/CrossPack-AVR-20100115/lib/gcc/avr/4.3.3/../../../../avr/lib/avr5/libc.a(strtol.o)
 .text          0x000152b8        0x0 /usr/local/CrossPack-AVR-20100115/lib/gcc/avr/4.3.3/../../../../avr/lib/avr5/libc.a(atol.o)
 .text          0x000152b8        0x0 /usr/local/CrossPack-AVR-20100115/lib/gcc/avr/4.3.3/../../../../avr/lib/avr5/libc.a(iscntrl.o)
 .text          0x000152b8        0x0 /usr/local/CrossPack-AVR-20100115/lib/gcc/avr/4.3.3/../../../../avr/lib/avr5/libc.a(isprint.o)
 .text          0x000152b8        0x0 /usr/local/CrossPack-AVR-20100115/lib/gcc/avr/4.3.3/../../../../avr/lib/avr5/libc.a(isspace.o)
 .text          0x000152b8        0x0 /usr/local/CrossPack-AVR-20100115/lib/gcc/avr/4.3.3/../../../../avr/lib/avr5/libc.a(tolower.o)
 .text          0x000152b8        0x0 /usr/local/CrossPack-AVR-20100115/lib/gcc/avr/4.3.3/../../../../avr/lib/avr5/libc.a(toupper.o)
 .text          0x000152b8        0x0 /usr/local/CrossPack-AVR-20100115/lib/gcc/avr/4.3.3/../../../../avr/lib/avr5/libc.a(memcmp.o)
 .text          0x000152b8        0x0 /usr/local/CrossPack-AVR-20100115/lib/gcc/avr/4.3.3/../../../../avr/lib/avr5/libc.a(memcpy.o)
 .text          0x000152b8        0x0 /usr/local/CrossPack-AVR-20100115/lib/gcc/avr/4.3.3/../../../../avr/lib/avr5/libc.a(memmove.o)
 .text          0x000152b8        0x0 /usr/local/CrossPack-AVR-20100115/lib/gcc/avr/4.3.3/../../../../avr/lib/avr5/libc.a(strchr.o)
 .text          0x000152b8        0x0 /usr/local/CrossPack-AVR-20100115/lib/gcc/avr/4.3.3/../../../../avr/lib/avr5/libc.a(strcmp.o)
 .text          0x000152b8        0x0 /usr/local/CrossPack-AVR-20100115/lib/gcc/avr/4.3.3/../../../../avr/lib/avr5/libc.a(strcpy.o)
 .text          0x000152b8        0x0 /usr/local/CrossPack-AVR-20100115/lib/gcc/avr/4.3.3/../../../../avr/lib/avr5/libc.a(strncmp.o)
 .text          0x000152b8        0x0 /usr/local/CrossPack-AVR-20100115/lib/gcc/avr/4.3.3/../../../../avr/lib/avr5/libc.a(strncpy.o)
 .text          0x000152b8        0x0 /usr/local/CrossPack-AVR-20100115/lib/gcc/avr/4.3.3/../../../../avr/lib/avr5/libc.a(strrchr.o)
 .text          0x000152b8        0x0 /usr/local/CrossPack-AVR-20100115/lib/gcc/avr/4.3.3/../../../../avr/lib/avr5/libc.a(strstr.o)
 .text          0x000152b8        0x0 /usr/local/CrossPack-AVR-20100115/lib/gcc/avr/4.3.3/../../../../avr/lib/avr5/libc.a(itoa.o)
 .text          0x000152b8        0x0 /usr/local/CrossPack-AVR-20100115/lib/gcc/avr/4.3.3/../../../../avr/lib/avr5/libc.a(ltoa.o)
 .text          0x000152b8        0x0 /usr/local/CrossPack-AVR-20100115/lib/gcc/avr/4.3.3/../../../../avr/lib/avr5/libc.a(mulsi10.o)
 .text          0x000152b8        0x0 /usr/local/CrossPack-AVR-20100115/lib/gcc/avr/4.3.3/../../../../avr/lib/avr5/libc.a(ultoa.o)
 .text          0x000152b8        0x0 /usr/local/CrossPack-AVR-20100115/lib/gcc/avr/4.3.3/../../../../avr/lib/avr5/libc.a(utoa.o)
 .text          0x000152b8        0x0 /usr/local/CrossPack-AVR-20100115/lib/gcc/avr/4.3.3/../../../../avr/lib/avr5/libc.a(eerd_byte_atmega328p.o)
 .text          0x000152b8        0x0 /usr/local/CrossPack-AVR-20100115/lib/gcc/avr/4.3.3/../../../../avr/lib/avr5/libc.a(eewr_byte_atmega328p.o)
 .text          0x000152b8        0x0 /usr/local/CrossPack-AVR-20100115/lib/gcc/avr/4.3.3/../../../../avr/lib/avr5/libc.a(errno.o)
 .text          0x000152b8        0x0 /usr/local/CrossPack-AVR-20100115/lib/gcc/avr/4.3.3/../../../../avr/lib/avr5/libc.a(cty_isfalse.o)
 .text          0x000152b8        0x0 /usr/local/CrossPack-AVR-20100115/lib/gcc/avr/4.3.3/../../../../avr/lib/avr5/libc.a(strrev.o)
                0x000152b8                . = ALIGN (0x2)
 *(.text.*)
 .text.libgcc   0x000152b8       0x3e /usr/local/CrossPack-AVR-20100115/lib/gcc/avr/4.3.3/avr5/libgcc.a(_mulsi3.o)
                0x000152b8                __mulsi3
 .text.libgcc   0x000152f6       0x18 /usr/local/CrossPack-AVR-20100115/lib/gcc/avr/4.3.3/avr5/libgcc.a(_udivmodqi4.o)
                0x000152f6                __udivmodqi4
 .text.libgcc   0x0001530e       0x26 /usr/local/CrossPack-AVR-20100115/lib/gcc/avr/4.3.3/avr5/libgcc.a(_divmodhi4.o)
                0x0001530e                __divmodhi4
                0x0001530e                _div
 .text.libgcc   0x00015334       0x44 /usr/local/CrossPack-AVR-20100115/lib/gcc/avr/4.3.3/avr5/libgcc.a(_udivmodsi4.o)
                0x00015334                __udivmodsi4
 .text.libgcc   0x00015378       0x36 /usr/local/CrossPack-AVR-20100115/lib/gcc/avr/4.3.3/avr5/libgcc.a(_divmodsi4.o)
                0x00015378                __divmodsi4
 .text.libgcc   0x000153ae        0x0 /usr/local/CrossPack-AVR-20100115/lib/gcc/avr/4.3.3/avr5/libgcc.a(_exit.o)
 .text.libgcc   0x000153ae        0x0 /usr/local/CrossPack-AVR-20100115/lib/gcc/avr/4.3.3/avr5/libgcc.a(_copy_data.o)
 .text.libgcc   0x000153ae        0x0 /usr/local/CrossPack-AVR-20100115/lib/gcc/avr/4.3.3/avr5/libgcc.a(_clear_bss.o)
 .text.libgcc   0x000153ae        0x0 /usr/local/CrossPack-AVR-20100115/lib/gcc/avr/4.3.3/avr5/libgcc.a(_ctors.o)
 .text.libgcc   0x000153ae       0x28 /usr/local/CrossPack-AVR-20100115/lib/gcc/avr/4.3.3/avr5/libgcc.a(_udivmodhi4.o)
                0x000153ae                __udivmodhi4
 .text.libgcc   0x000153d6       0x38 /usr/local/CrossPack-AVR-20100115/lib/gcc/avr/4.3.3/avr5/libgcc.a(_prologue.o)
                0x000153d6                __prologue_saves__
 .text.libgcc   0x0001540e       0x36 /usr/local/CrossPack-AVR-20100115/lib/gcc/avr/4.3.3/avr5/libgcc.a(_epilogue.o)
                0x0001540e                __epilogue_restores__
 .text.libgcc   0x00015444        0xc /usr/local/CrossPack-AVR-20100115/lib/gcc/avr/4.3.3/avr5/libgcc.a(_tablejump.o)
                0x00015448                __tablejump__
                0x00015444                __tablejump2__
 .text.avr-libc
                0x00015450      0x20a /usr/local/CrossPack-AVR-20100115/lib/gcc/avr/4.3.3/../../../../avr/lib/avr5/libc.a(malloc.o)
                0x00015450                malloc
                0x000155aa                free
 .text.avr-libc
                0x0001565a       0xc2 /usr/local/CrossPack-AVR-20100115/lib/gcc/avr/4.3.3/../../../../avr/lib/avr5/libc.a(random.o)
                0x00015700                random
                0x000156fa                random_r
                0x0001570a                srandom
 .text.avr-libc
                0x0001571c      0x19c /usr/local/CrossPack-AVR-20100115/lib/gcc/avr/4.3.3/../../../../avr/lib/avr5/libc.a(realloc.o)
                0x0001571c                realloc
 .text.avr-libc
                0x000158b8      0x25e /usr/local/CrossPack-AVR-20100115/lib/gcc/avr/4.3.3/../../../../avr/lib/avr5/libc.a(strtol.o)
                0x000158b8                strtol
 .text.avr-libc
                0x00015b16       0x4e /usr/local/CrossPack-AVR-20100115/lib/gcc/avr/4.3.3/../../../../avr/lib/avr5/libc.a(atol.o)
                0x00015b16                atol
 .text.avr-libc
                0x00015b64        0xe /usr/local/CrossPack-AVR-20100115/lib/gcc/avr/4.3.3/../../../../avr/lib/avr5/libc.a(iscntrl.o)
                0x00015b64                iscntrl
 .text.avr-libc
                0x00015b72       0x10 /usr/local/CrossPack-AVR-20100115/lib/gcc/avr/4.3.3/../../../../avr/lib/avr5/libc.a(isprint.o)
                0x00015b72                isgraph
                0x00015b76                isprint
 .text.avr-libc
                0x00015b82       0x10 /usr/local/CrossPack-AVR-20100115/lib/gcc/avr/4.3.3/../../../../avr/lib/avr5/libc.a(isspace.o)
                0x00015b82                isspace
 .text.avr-libc
                0x00015b92       0x10 /usr/local/CrossPack-AVR-20100115/lib/gcc/avr/4.3.3/../../../../avr/lib/avr5/libc.a(tolower.o)
                0x00015b92                tolower
 .text.avr-libc
                0x00015ba2       0x10 /usr/local/CrossPack-AVR-20100115/lib/gcc/avr/4.3.3/../../../../avr/lib/avr5/libc.a(toupper.o)
                0x00015ba2                toupper
 .text.avr-libc
                0x00015bb2       0x1a /usr/local/CrossPack-AVR-20100115/lib/gcc/avr/4.3.3/../../../../avr/lib/avr5/libc.a(memcmp.o)
                0x00015bb2                memcmp
 .text.avr-libc
                0x00015bcc       0x12 /usr/local/CrossPack-AVR-20100115/lib/gcc/avr/4.3.3/../../../../avr/lib/avr5/libc.a(memcpy.o)
                0x00015bcc                memcpy
 .text.avr-libc
                0x00015bde       0x24 /usr/local/CrossPack-AVR-20100115/lib/gcc/avr/4.3.3/../../../../avr/lib/avr5/libc.a(memmove.o)
                0x00015bde                memmove
 .text.avr-libc
                0x00015c02       0x16 /usr/local/CrossPack-AVR-20100115/lib/gcc/avr/4.3.3/../../../../avr/lib/avr5/libc.a(strchr.o)
                0x00015c02                strchr
 .text.avr-libc
                0x00015c18       0x12 /usr/local/CrossPack-AVR-20100115/lib/gcc/avr/4.3.3/../../../../avr/lib/avr5/libc.a(strcmp.o)
                0x00015c18                strcmp
 .text.avr-libc
                0x00015c2a        0xe /usr/local/CrossPack-AVR-20100115/lib/gcc/avr/4.3.3/../../../../avr/lib/avr5/libc.a(strcpy.o)
                0x00015c2a                strcpy
 .text.avr-libc
                0x00015c38       0x1c /usr/local/CrossPack-AVR-20100115/lib/gcc/avr/4.3.3/../../../../avr/lib/avr5/libc.a(strncmp.o)
                0x00015c38                strncmp
 .text.avr-libc
                0x00015c54       0x1e /usr/local/CrossPack-AVR-20100115/lib/gcc/avr/4.3.3/../../../../avr/lib/avr5/libc.a(strncpy.o)
                0x00015c54                strncpy
 .text.avr-libc
                0x00015c72       0x16 /usr/local/CrossPack-AVR-20100115/lib/gcc/avr/4.3.3/../../../../avr/lib/avr5/libc.a(strrchr.o)
                0x00015c72                strrchr
 .text.avr-libc
                0x00015c88       0x34 /usr/local/CrossPack-AVR-20100115/lib/gcc/avr/4.3.3/../../../../avr/lib/avr5/libc.a(strstr.o)
                0x00015c88                strstr
 .text.avr-libc
                0x00015cbc       0x42 /usr/local/CrossPack-AVR-20100115/lib/gcc/avr/4.3.3/../../../../avr/lib/avr5/libc.a(itoa.o)
                0x00015cbc                itoa
 .text.avr-libc
                0x00015cfe       0x68 /usr/local/CrossPack-AVR-20100115/lib/gcc/avr/4.3.3/../../../../avr/lib/avr5/libc.a(ltoa.o)
                0x00015cfe                ltoa
 .text.avr-libc
                0x00015d66       0x2a /usr/local/CrossPack-AVR-20100115/lib/gcc/avr/4.3.3/../../../../avr/lib/avr5/libc.a(mulsi10.o)
                0x00015d66                __mulsi_const_10
 .text.avr-libc
                0x00015d90       0x4a /usr/local/CrossPack-AVR-20100115/lib/gcc/avr/4.3.3/../../../../avr/lib/avr5/libc.a(ultoa.o)
                0x00015d90                ultoa
 .text.avr-libc
                0x00015dda       0x2c /usr/local/CrossPack-AVR-20100115/lib/gcc/avr/4.3.3/../../../../avr/lib/avr5/libc.a(utoa.o)
                0x00015dda                utoa
 .text.avr-libc
                0x00015e06       0x10 /usr/local/CrossPack-AVR-20100115/lib/gcc/avr/4.3.3/../../../../avr/lib/avr5/libc.a(eerd_byte_atmega328p.o)
                0x00015e06                __eerd_byte_m328p
 .text.avr-libc
                0x00015e16       0x1c /usr/local/CrossPack-AVR-20100115/lib/gcc/avr/4.3.3/../../../../avr/lib/avr5/libc.a(eewr_byte_atmega328p.o)
                0x00015e16                __eewr_byte_m328p
                0x00015e18                __eewr_r18_m328p
 .text.avr-libc
                0x00015e32        0x6 /usr/local/CrossPack-AVR-20100115/lib/gcc/avr/4.3.3/../../../../avr/lib/avr5/libc.a(cty_isfalse.o)
                0x00015e36                __ctype_istrue
                0x00015e32                __ctype_isfalse
 .text.avr-libc
                0x00015e38       0x20 /usr/local/CrossPack-AVR-20100115/lib/gcc/avr/4.3.3/../../../../avr/lib/avr5/libc.a(strrev.o)
                0x00015e38                strrev
                0x00015e58                . = ALIGN (0x2)
 *(.fini9)
 .fini9         0x00015e58        0x0 /usr/local/CrossPack-AVR-20100115/lib/gcc/avr/4.3.3/avr5/libgcc.a(_exit.o)
                0x00015e58                exit
                0x00015e58                _exit
 *(.fini9)
 *(.fini8)
 *(.fini8)
 *(.fini7)
 *(.fini7)
 *(.fini6)
 *(.fini6)
 *(.fini5)
 *(.fini5)
 *(.fini4)
 *(.fini4)
 *(.fini3)
 *(.fini3)
 *(.fini2)
 *(.fini2)
 *(.fini1)
 *(.fini1)
 *(.fini0)
 .fini0         0x00015e58        0x4 /usr/local/CrossPack-AVR-20100115/lib/gcc/avr/4.3.3/avr5/libgcc.a(_exit.o)
 *(.fini0)
                0x00015e5c                _etext = .

.data           0x00800100      0x59c load address 0x00015e5c
                0x00800100                PROVIDE (__data_start, .)
 *(.data)
 .data          0x00800100        0x0 /usr/local/CrossPack-AVR-20100115/lib/gcc/avr/4.3.3/../../../../avr/lib/avr5/crtm328p.o
 .data          0x00800100      0x285 ./src/MultiTaskEthernetTerminal.o
                0x0080034a                mac
                0x00800350                vtable for Monitor
                0x0080037f                vtable for Printable
                0x00800347                polling
                0x00800360                vtable for Stream
 .data          0x00800385        0x0 ./libraries/Wire/utility/twi.o
 .data          0x00800385       0x20 ./libraries/Wire/Wire.o
                0x00800385                vtable for TwoWire
 .data          0x008003a5        0x0 ./libraries/Stepper/Stepper.o
 .data          0x008003a5       0x20 ./libraries/SoftwareSerial/SoftwareSerial.o
                0x008003a5                vtable for SoftwareSerial
 .data          0x008003c5        0x0 ./libraries/Servo/Servo.o
 .data          0x008003c5        0x0 ./libraries/SPI/SPI.o
 .data          0x008003c5       0x10 ./libraries/LiquidCrystal/LiquidCrystal.o
                0x008003c5                vtable for LiquidCrystal
 .data          0x008003d5        0x5 ./libraries/Firmata/Firmata.o
 .data          0x008003da        0x0 ./libraries/EEPROM/EEPROM.o
 .data          0x008003da        0x0 ./home_libraries/SPISRAM_Microchip/SPISRAM.o
 .data          0x008003da        0x0 ./home_libraries/SD_SPI/utility/Sd2Card.o
 .data          0x008003da        0x8 ./home_libraries/SD_SPI/utility/SdFile.o
                0x008003da                vtable for SdFile
 .data          0x008003e2        0x4 ./home_libraries/SD_SPI/utility/SdVolume.o
                0x008003e2                SdVolume::cacheBlockNumber_
 .data          0x008003e6       0x24 ./home_libraries/SD_SPI/File.o
                0x008003e6                vtable for File
 .data          0x0080040a        0x2 ./home_libraries/SD_SPI/SD_SPI.o
 .data          0x0080040c        0x0 ./home_libraries/RTC_DS3234/DS3234.o
 .data          0x0080040c        0x7 ./home_libraries/RFID_PN532_I2C/PN532_I2C.o
 .data          0x00800413        0x2 ./home_libraries/Monitor/Monitor.o
 .data          0x00800415        0x0 ./home_libraries/Ethernet_W5100/utility/socket.o
 .data          0x00800415        0x0 ./home_libraries/Ethernet_W5100/utility/w5100.o
 .data          0x00800415        0xd ./home_libraries/Ethernet_W5100/Dhcp.o
 .data          0x00800422        0x6 ./home_libraries/Ethernet_W5100/Dns.o
 .data          0x00800428       0x50 ./home_libraries/Ethernet_W5100/EthernetClient.o
                0x0080044c                vtable for Client
                0x00800428                EthernetClient::_srcport
                0x0080042a                vtable for EthernetClient
 .data          0x00800478       0x40 ./home_libraries/Ethernet_W5100/EthernetServer.o
                0x00800478                vtable for EthernetServer
                0x008004ae                vtable for Server
 .data          0x008004b8       0x5e ./home_libraries/Ethernet_W5100/EthernetUdp.o
                0x008004b8                vtable for EthernetUDP
                0x008004e2                vtable for UDP
 .data          0x00800516        0x6 ./home_libraries/Ethernet_W5100/Ethernet_SPI.o
 .data          0x0080051c       0x10 ./home_libraries/Des/Des.o
                0x0080051c                Des::encrypt_rotate_tab
 .data          0x0080052c       0x24 ./home_libraries/DataFlash/DataFlash.o
                0x0080052c                vtable for DataFlash
 .data          0x00800550        0x0 ./home_libraries/AES128/AES128.o
 .data          0x00800550        0x0 ./cores/arduino/CDC.o
 .data          0x00800550        0x0 ./cores/arduino/HID.o
 .data          0x00800550       0x20 ./cores/arduino/HardwareSerial.o
                0x00800550                vtable for HardwareSerial
 .data          0x00800570        0xc ./cores/arduino/IPAddress.o
                0x00800570                vtable for IPAddress
 .data          0x0080057c        0xa ./cores/arduino/Print.o
                0x0080057e                vtable for Print
 .data          0x00800586        0x1 ./cores/arduino/Stream.o
 .data          0x00800587        0x1 ./cores/arduino/Tone.o
 .data          0x00800588        0x0 ./cores/arduino/USBCore.o
 .data          0x00800588        0x0 ./cores/arduino/WInterrupts.o
 .data          0x00800588        0x0 ./cores/arduino/WMath.o
 .data          0x00800588        0x1 ./cores/arduino/WString.o
 .data          0x00800589        0x0 ./cores/arduino/new.o
 .data          0x00800589        0x0 ./cores/arduino/wiring.o
 .data          0x00800589        0x1 ./cores/arduino/wiring_analog.o
                0x00800589                analog_reference
 .data          0x0080058a        0x0 ./cores/arduino/wiring_digital.o
 .data          0x0080058a        0x0 ./cores/arduino/wiring_pulse.o
 .data          0x0080058a        0x0 ./cores/arduino/wiring_shift.o
 .data          0x0080058a        0x0 /usr/local/CrossPack-AVR-20100115/lib/gcc/avr/4.3.3/avr5/libgcc.a(_mulsi3.o)
 .data          0x0080058a        0x0 /usr/local/CrossPack-AVR-20100115/lib/gcc/avr/4.3.3/avr5/libgcc.a(_udivmodqi4.o)
 .data          0x0080058a        0x0 /usr/local/CrossPack-AVR-20100115/lib/gcc/avr/4.3.3/avr5/libgcc.a(_divmodhi4.o)
 .data          0x0080058a        0x0 /usr/local/CrossPack-AVR-20100115/lib/gcc/avr/4.3.3/avr5/libgcc.a(_udivmodsi4.o)
 .data          0x0080058a        0x0 /usr/local/CrossPack-AVR-20100115/lib/gcc/avr/4.3.3/avr5/libgcc.a(_divmodsi4.o)
 .data          0x0080058a        0x0 /usr/local/CrossPack-AVR-20100115/lib/gcc/avr/4.3.3/avr5/libgcc.a(_exit.o)
 .data          0x0080058a        0x0 /usr/local/CrossPack-AVR-20100115/lib/gcc/avr/4.3.3/avr5/libgcc.a(_copy_data.o)
 .data          0x0080058a        0x0 /usr/local/CrossPack-AVR-20100115/lib/gcc/avr/4.3.3/avr5/libgcc.a(_clear_bss.o)
 .data          0x0080058a        0x0 /usr/local/CrossPack-AVR-20100115/lib/gcc/avr/4.3.3/avr5/libgcc.a(_ctors.o)
 .data          0x0080058a        0x0 /usr/local/CrossPack-AVR-20100115/lib/gcc/avr/4.3.3/avr5/libgcc.a(_fixunssfsi.o)
 .data          0x0080058a        0x0 /usr/local/CrossPack-AVR-20100115/lib/gcc/avr/4.3.3/avr5/libgcc.a(_addsub_sf.o)
 .data          0x0080058a        0x0 /usr/local/CrossPack-AVR-20100115/lib/gcc/avr/4.3.3/avr5/libgcc.a(_mul_sf.o)
 .data          0x0080058a        0x0 /usr/local/CrossPack-AVR-20100115/lib/gcc/avr/4.3.3/avr5/libgcc.a(_div_sf.o)
 .data          0x0080058a        0x0 /usr/local/CrossPack-AVR-20100115/lib/gcc/avr/4.3.3/avr5/libgcc.a(_ge_sf.o)
 .data          0x0080058a        0x0 /usr/local/CrossPack-AVR-20100115/lib/gcc/avr/4.3.3/avr5/libgcc.a(_lt_sf.o)
 .data          0x0080058a        0x0 /usr/local/CrossPack-AVR-20100115/lib/gcc/avr/4.3.3/avr5/libgcc.a(_si_to_sf.o)
 .data          0x0080058a        0x0 /usr/local/CrossPack-AVR-20100115/lib/gcc/avr/4.3.3/avr5/libgcc.a(_sf_to_si.o)
 .data          0x0080058a        0x8 /usr/local/CrossPack-AVR-20100115/lib/gcc/avr/4.3.3/avr5/libgcc.a(_thenan_sf.o)
                0x0080058a                __thenan_sf
 .data          0x00800592        0x0 /usr/local/CrossPack-AVR-20100115/lib/gcc/avr/4.3.3/avr5/libgcc.a(_usi_to_sf.o)
 .data          0x00800592        0x0 /usr/local/CrossPack-AVR-20100115/lib/gcc/avr/4.3.3/avr5/libgcc.a(_udivmodhi4.o)
 .data          0x00800592        0x0 /usr/local/CrossPack-AVR-20100115/lib/gcc/avr/4.3.3/avr5/libgcc.a(_prologue.o)
 .data          0x00800592        0x0 /usr/local/CrossPack-AVR-20100115/lib/gcc/avr/4.3.3/avr5/libgcc.a(_epilogue.o)
 .data          0x00800592        0x0 /usr/local/CrossPack-AVR-20100115/lib/gcc/avr/4.3.3/avr5/libgcc.a(_tablejump.o)
 .data          0x00800592        0x0 /usr/local/CrossPack-AVR-20100115/lib/gcc/avr/4.3.3/avr5/libgcc.a(_clzsi2.o)
 .data          0x00800592        0x0 /usr/local/CrossPack-AVR-20100115/lib/gcc/avr/4.3.3/avr5/libgcc.a(_pack_sf.o)
 .data          0x00800592        0x0 /usr/local/CrossPack-AVR-20100115/lib/gcc/avr/4.3.3/avr5/libgcc.a(_unpack_sf.o)
 .data          0x00800592        0x0 /usr/local/CrossPack-AVR-20100115/lib/gcc/avr/4.3.3/avr5/libgcc.a(_fpcmp_parts_sf.o)
 .data          0x00800592      0x100 /usr/local/CrossPack-AVR-20100115/lib/gcc/avr/4.3.3/avr5/libgcc.a(_clz.o)
                0x00800592                __clz_tab
 .data          0x00800692        0x6 /usr/local/CrossPack-AVR-20100115/lib/gcc/avr/4.3.3/../../../../avr/lib/avr5/libc.a(malloc.o)
                0x00800694                __malloc_heap_start
                0x00800696                __malloc_heap_end
                0x00800692                __malloc_margin
 .data          0x00800698        0x4 /usr/local/CrossPack-AVR-20100115/lib/gcc/avr/4.3.3/../../../../avr/lib/avr5/libc.a(random.o)
 .data          0x0080069c        0x0 /usr/local/CrossPack-AVR-20100115/lib/gcc/avr/4.3.3/../../../../avr/lib/avr5/libc.a(realloc.o)
 .data          0x0080069c        0x0 /usr/local/CrossPack-AVR-20100115/lib/gcc/avr/4.3.3/../../../../avr/lib/avr5/libc.a(strtol.o)
 .data          0x0080069c        0x0 /usr/local/CrossPack-AVR-20100115/lib/gcc/avr/4.3.3/../../../../avr/lib/avr5/libc.a(atol.o)
 .data          0x0080069c        0x0 /usr/local/CrossPack-AVR-20100115/lib/gcc/avr/4.3.3/../../../../avr/lib/avr5/libc.a(iscntrl.o)
 .data          0x0080069c        0x0 /usr/local/CrossPack-AVR-20100115/lib/gcc/avr/4.3.3/../../../../avr/lib/avr5/libc.a(isprint.o)
 .data          0x0080069c        0x0 /usr/local/CrossPack-AVR-20100115/lib/gcc/avr/4.3.3/../../../../avr/lib/avr5/libc.a(isspace.o)
 .data          0x0080069c        0x0 /usr/local/CrossPack-AVR-20100115/lib/gcc/avr/4.3.3/../../../../avr/lib/avr5/libc.a(tolower.o)
 .data          0x0080069c        0x0 /usr/local/CrossPack-AVR-20100115/lib/gcc/avr/4.3.3/../../../../avr/lib/avr5/libc.a(toupper.o)
 .data          0x0080069c        0x0 /usr/local/CrossPack-AVR-20100115/lib/gcc/avr/4.3.3/../../../../avr/lib/avr5/libc.a(memcmp.o)
 .data          0x0080069c        0x0 /usr/local/CrossPack-AVR-20100115/lib/gcc/avr/4.3.3/../../../../avr/lib/avr5/libc.a(memcpy.o)
 .data          0x0080069c        0x0 /usr/local/CrossPack-AVR-20100115/lib/gcc/avr/4.3.3/../../../../avr/lib/avr5/libc.a(memmove.o)
 .data          0x0080069c        0x0 /usr/local/CrossPack-AVR-20100115/lib/gcc/avr/4.3.3/../../../../avr/lib/avr5/libc.a(strchr.o)
 .data          0x0080069c        0x0 /usr/local/CrossPack-AVR-20100115/lib/gcc/avr/4.3.3/../../../../avr/lib/avr5/libc.a(strcmp.o)
 .data          0x0080069c        0x0 /usr/local/CrossPack-AVR-20100115/lib/gcc/avr/4.3.3/../../../../avr/lib/avr5/libc.a(strcpy.o)
 .data          0x0080069c        0x0 /usr/local/CrossPack-AVR-20100115/lib/gcc/avr/4.3.3/../../../../avr/lib/avr5/libc.a(strncmp.o)
 .data          0x0080069c        0x0 /usr/local/CrossPack-AVR-20100115/lib/gcc/avr/4.3.3/../../../../avr/lib/avr5/libc.a(strncpy.o)
 .data          0x0080069c        0x0 /usr/local/CrossPack-AVR-20100115/lib/gcc/avr/4.3.3/../../../../avr/lib/avr5/libc.a(strrchr.o)
 .data          0x0080069c        0x0 /usr/local/CrossPack-AVR-20100115/lib/gcc/avr/4.3.3/../../../../avr/lib/avr5/libc.a(strstr.o)
 .data          0x0080069c        0x0 /usr/local/CrossPack-AVR-20100115/lib/gcc/avr/4.3.3/../../../../avr/lib/avr5/libc.a(itoa.o)
 .data          0x0080069c        0x0 /usr/local/CrossPack-AVR-20100115/lib/gcc/avr/4.3.3/../../../../avr/lib/avr5/libc.a(ltoa.o)
 .data          0x0080069c        0x0 /usr/local/CrossPack-AVR-20100115/lib/gcc/avr/4.3.3/../../../../avr/lib/avr5/libc.a(mulsi10.o)
 .data          0x0080069c        0x0 /usr/local/CrossPack-AVR-20100115/lib/gcc/avr/4.3.3/../../../../avr/lib/avr5/libc.a(ultoa.o)
 .data          0x0080069c        0x0 /usr/local/CrossPack-AVR-20100115/lib/gcc/avr/4.3.3/../../../../avr/lib/avr5/libc.a(utoa.o)
 .data          0x0080069c        0x0 /usr/local/CrossPack-AVR-20100115/lib/gcc/avr/4.3.3/../../../../avr/lib/avr5/libc.a(eerd_byte_atmega328p.o)
 .data          0x0080069c        0x0 /usr/local/CrossPack-AVR-20100115/lib/gcc/avr/4.3.3/../../../../avr/lib/avr5/libc.a(eewr_byte_atmega328p.o)
 .data          0x0080069c        0x0 /usr/local/CrossPack-AVR-20100115/lib/gcc/avr/4.3.3/../../../../avr/lib/avr5/libc.a(errno.o)
 .data          0x0080069c        0x0 /usr/local/CrossPack-AVR-20100115/lib/gcc/avr/4.3.3/../../../../avr/lib/avr5/libc.a(cty_isfalse.o)
 .data          0x0080069c        0x0 /usr/local/CrossPack-AVR-20100115/lib/gcc/avr/4.3.3/../../../../avr/lib/avr5/libc.a(strrev.o)
 *(.data*)
 *(.rodata)
 *(.rodata*)
 *(.gnu.linkonce.d*)
                0x0080069c                . = ALIGN (0x2)
                0x0080069c                _edata = .
                0x0080069c                PROVIDE (__data_end, .)

.bss            0x0080069c      0x7b6
                0x0080069c                PROVIDE (__bss_start, .)
 *(.bss)
 .bss           0x0080069c        0x0 /usr/local/CrossPack-AVR-20100115/lib/gcc/avr/4.3.3/../../../../avr/lib/avr5/crtm328p.o
 .bss           0x0080069c      0x2d0 ./src/MultiTaskEthernetTerminal.o
                0x00800705                card
                0x008008e1                spisram
                0x00800813                ip
                0x00800858                lastrtcupdate
                0x00800704                reader_status
                0x00800962                stwatch
                0x008008a6                volume
                0x0080081f                subnet
                0x0080070f                cardlog
                0x00800825                server