Archive member included because of file (symbol)

/home/user/rxduino63/lib/gcc/libc.a(lib_a-printf.o)
                              sample/servo/servo.o (printf)
/home/user/rxduino63/lib/gcc/libc.a(lib_a-vfprintf.o)
                              /home/user/rxduino63/lib/gcc/libc.a(lib_a-printf.o) (_vfprintf_r)
/home/user/rxduino63/lib/gcc/libc.a(lib_a-wsetup.o)
                              /home/user/rxduino63/lib/gcc/libc.a(lib_a-vfprintf.o) (__swsetup_r)
/home/user/rxduino63/lib/gcc/libc.a(lib_a-dtoa.o)
                              /home/user/rxduino63/lib/gcc/libc.a(lib_a-vfprintf.o) (_dtoa_r)
/home/user/rxduino63/lib/gcc/libc.a(lib_a-fflush.o)
                              /home/user/rxduino63/lib/gcc/libc.a(lib_a-vfprintf.o) (_fflush_r)
/home/user/rxduino63/lib/gcc/libc.a(lib_a-findfp.o)
                              /home/user/rxduino63/lib/gcc/libc.a(lib_a-vfprintf.o) (__sinit)
/home/user/rxduino63/lib/gcc/libc.a(lib_a-freer.o)
                              /home/user/rxduino63/lib/gcc/libc.a(lib_a-wsetup.o) (_free_r)
/home/user/rxduino63/lib/gcc/libc.a(lib_a-fwalk.o)
                              /home/user/rxduino63/lib/gcc/libc.a(lib_a-findfp.o) (_fwalk)
/home/user/rxduino63/lib/gcc/libc.a(lib_a-impure.o)
                              /home/user/rxduino63/lib/gcc/libc.a(lib_a-fflush.o) (_global_impure_ptr)
/home/user/rxduino63/lib/gcc/libc.a(lib_a-locale.o)
                              /home/user/rxduino63/lib/gcc/libc.a(lib_a-vfprintf.o) (_localeconv_r)
/home/user/rxduino63/lib/gcc/libc.a(lib_a-makebuf.o)
                              /home/user/rxduino63/lib/gcc/libc.a(lib_a-wsetup.o) (__smakebuf_r)
/home/user/rxduino63/lib/gcc/libc.a(lib_a-mallocr.o)
                              /home/user/rxduino63/lib/gcc/libc.a(lib_a-findfp.o) (_malloc_r)
/home/user/rxduino63/lib/gcc/libc.a(lib_a-memchr.o)
                              /home/user/rxduino63/lib/gcc/libc.a(lib_a-vfprintf.o) (memchr)
/home/user/rxduino63/lib/gcc/libc.a(lib_a-memcpy.o)
                              /home/user/rxduino63/lib/gcc/libc.a(lib_a-dtoa.o) (memcpy)
/home/user/rxduino63/lib/gcc/libc.a(lib_a-memset.o)
                              /home/user/rxduino63/lib/gcc/libc.a(lib_a-findfp.o) (memset)
/home/user/rxduino63/lib/gcc/libc.a(lib_a-mlock.o)
                              /home/user/rxduino63/lib/gcc/libc.a(lib_a-freer.o) (__malloc_lock)
/home/user/rxduino63/lib/gcc/libc.a(lib_a-mprec.o)
                              /home/user/rxduino63/lib/gcc/libc.a(lib_a-dtoa.o) (_Balloc)
/home/user/rxduino63/lib/gcc/libc.a(lib_a-sbrkr.o)
                              /home/user/rxduino63/lib/gcc/libc.a(lib_a-freer.o) (_sbrk_r)
/home/user/rxduino63/lib/gcc/libc.a(lib_a-sf_fpclassify.o)
                              /home/user/rxduino63/lib/gcc/libc.a(lib_a-vfprintf.o) (__fpclassifyf)
/home/user/rxduino63/lib/gcc/libc.a(lib_a-stdio.o)
                              /home/user/rxduino63/lib/gcc/libc.a(lib_a-findfp.o) (__sread)
/home/user/rxduino63/lib/gcc/libc.a(lib_a-strcmp.o)
                              /home/user/rxduino63/lib/gcc/libc.a(lib_a-locale.o) (strcmp)
/home/user/rxduino63/lib/gcc/libc.a(lib_a-strlen.o)
                              /home/user/rxduino63/lib/gcc/libc.a(lib_a-vfprintf.o) (strlen)
/home/user/rxduino63/lib/gcc/libc.a(lib_a-vfiprintf.o)
                              /home/user/rxduino63/lib/gcc/libc.a(lib_a-vfprintf.o) (__sprint_r)
/home/user/rxduino63/lib/gcc/libc.a(lib_a-writer.o)
                              /home/user/rxduino63/lib/gcc/libc.a(lib_a-stdio.o) (_write_r)
/home/user/rxduino63/lib/gcc/libc.a(lib_a-callocr.o)
                              /home/user/rxduino63/lib/gcc/libc.a(lib_a-mprec.o) (_calloc_r)
/home/user/rxduino63/lib/gcc/libc.a(lib_a-closer.o)
                              /home/user/rxduino63/lib/gcc/libc.a(lib_a-stdio.o) (_close_r)
/home/user/rxduino63/lib/gcc/libc.a(lib_a-fclose.o)
                              /home/user/rxduino63/lib/gcc/libc.a(lib_a-findfp.o) (fclose)
/home/user/rxduino63/lib/gcc/libc.a(lib_a-fputwc.o)
                              /home/user/rxduino63/lib/gcc/libc.a(lib_a-vfiprintf.o) (_fputwc_r)
/home/user/rxduino63/lib/gcc/libc.a(lib_a-fstatr.o)
                              /home/user/rxduino63/lib/gcc/libc.a(lib_a-makebuf.o) (_fstat_r)
/home/user/rxduino63/lib/gcc/libc.a(lib_a-fvwrite.o)
                              /home/user/rxduino63/lib/gcc/libc.a(lib_a-vfiprintf.o) (__sfvwrite_r)
/home/user/rxduino63/lib/gcc/libc.a(lib_a-isattyr.o)
                              /home/user/rxduino63/lib/gcc/libc.a(lib_a-makebuf.o) (_isatty_r)
/home/user/rxduino63/lib/gcc/libc.a(lib_a-lseekr.o)
                              /home/user/rxduino63/lib/gcc/libc.a(lib_a-stdio.o) (_lseek_r)
/home/user/rxduino63/lib/gcc/libc.a(lib_a-memmove.o)
                              /home/user/rxduino63/lib/gcc/libc.a(lib_a-fvwrite.o) (memmove)
/home/user/rxduino63/lib/gcc/libc.a(lib_a-readr.o)
                              /home/user/rxduino63/lib/gcc/libc.a(lib_a-stdio.o) (_read_r)
[...]
Memory Configuration

Name             Origin             Length             Attributes
*default*        0x00000000         0xffffffff

Linker script and memory map


.text           0xfff00000     0x9ac0
 gstart.o(P)
 P              0xfff00000       0x90 /home/user/rxduino63/lib/gstart.o
                0xfff00000                start
                0xfff00000                PowerON_Reset_PC
                0xfff0008e                _rx_fini
                0xfff0008f                __cxa_atexit
 *(.text)
 .text          0xfff00090        0xf /home/user/rxduino63/lib/gcc/libc.a(lib_a-memchr.o)
                0xfff00090                memchr
 .text          0xfff0009f        0x7 /home/user/rxduino63/lib/gcc/libc.a(lib_a-memcpy.o)
                0xfff0009f                memcpy
 .text          0xfff000a6        0x7 /home/user/rxduino63/lib/gcc/libc.a(lib_a-memset.o)
                0xfff000a6                memset
 .text          0xfff000ad        0xf /home/user/rxduino63/lib/gcc/libc.a(lib_a-strcmp.o)
                0xfff000ad                strcmp
 .text          0xfff000bc       0x10 /home/user/rxduino63/lib/gcc/libc.a(lib_a-strlen.o)
                0xfff000bc                strlen
 .text          0xfff000cc       0x17 /home/user/rxduino63/lib/gcc/libc.a(lib_a-memmove.o)
                0xfff000cc                memmove
 *(.text.*)
 *fill*         0xfff000e3        0x5 00
 .text.startup  0xfff000e8      0x178 sample/servo/servo.o
                0xfff000e8                main
 .text._printf_r
                0xfff00260       0x11 /home/user/rxduino63/lib/gcc/libc.a(lib_a-printf.o)
                0xfff00260                _printf_r
 .text.printf   0xfff00271       0x19 /home/user/rxduino63/lib/gcc/libc.a(lib_a-printf.o)
                0xfff00271                printf
 *fill*         0xfff0028a        0x6 00
 .text._vfprintf_r
                0xfff00290     0x1600 /home/user/rxduino63/lib/gcc/libc.a(lib_a-vfprintf.o)
                0xfff00290                _vfprintf_r
 .text.vfprintf
                0xfff01890       0x16 /home/user/rxduino63/lib/gcc/libc.a(lib_a-vfprintf.o)
                0xfff01890                vfprintf
 *fill*         0xfff018a6        0x2 00
 .text.__swsetup_r
                0xfff018a8       0xd8 /home/user/rxduino63/lib/gcc/libc.a(lib_a-wsetup.o)
                0xfff018a8                __swsetup_r
 .text.quorem   0xfff01980      0x160 /home/user/rxduino63/lib/gcc/libc.a(lib_a-dtoa.o)
 .text._dtoa_r  0xfff01ae0      0xcd8 /home/user/rxduino63/lib/gcc/libc.a(lib_a-dtoa.o)
                0xfff01ae0                _dtoa_r
 .text._fflush_r
                0xfff027b8      0x190 /home/user/rxduino63/lib/gcc/libc.a(lib_a-fflush.o)
                0xfff027b8                _fflush_r
 .text.fflush   0xfff02948       0x23 /home/user/rxduino63/lib/gcc/libc.a(lib_a-fflush.o)
                0xfff02948                fflush
 .text.__fp_lock
                0xfff0296b        0x3 /home/user/rxduino63/lib/gcc/libc.a(lib_a-findfp.o)
 .text.__fp_unlock
                0xfff0296e        0x3 /home/user/rxduino63/lib/gcc/libc.a(lib_a-findfp.o)
 .text._cleanup_r
                0xfff02971        0xa /home/user/rxduino63/lib/gcc/libc.a(lib_a-findfp.o)
                0xfff02971                _cleanup_r
 .text.std.isra.0
                0xfff0297b       0x49 /home/user/rxduino63/lib/gcc/libc.a(lib_a-findfp.o)
 *fill*         0xfff029c4        0x4 00
 .text.__sfmoreglue
                0xfff029c8       0x30 /home/user/rxduino63/lib/gcc/libc.a(lib_a-findfp.o)
                0xfff029c8                __sfmoreglue
 .text._cleanup
                0xfff029f8        0xc /home/user/rxduino63/lib/gcc/libc.a(lib_a-findfp.o)
                0xfff029f8                _cleanup
 .text.__sinit  0xfff02a04       0x48 /home/user/rxduino63/lib/gcc/libc.a(lib_a-findfp.o)
                0xfff02a04                __sinit
 *fill*         0xfff02a4c        0x4 00
 .text.__sfp    0xfff02a50       0xb0 /home/user/rxduino63/lib/gcc/libc.a(lib_a-findfp.o)
                0xfff02a50                __sfp
 .text.__sfp_lock_acquire
                0xfff02b00        0x1 /home/user/rxduino63/lib/gcc/libc.a(lib_a-findfp.o)
                0xfff02b00                __sfp_lock_acquire
 .text.__sfp_lock_release
                0xfff02b01        0x1 /home/user/rxduino63/lib/gcc/libc.a(lib_a-findfp.o)
                0xfff02b01                __sfp_lock_release
 .text.__sinit_lock_acquire
                0xfff02b02        0x1 /home/user/rxduino63/lib/gcc/libc.a(lib_a-findfp.o)
                0xfff02b02                __sinit_lock_acquire
 .text.__sinit_lock_release
                0xfff02b03        0x1 /home/user/rxduino63/lib/gcc/libc.a(lib_a-findfp.o)
                0xfff02b03                __sinit_lock_release
 .text.__fp_lock_all
                0xfff02b04       0x12 /home/user/rxduino63/lib/gcc/libc.a(lib_a-findfp.o)
                0xfff02b04                __fp_lock_all
 .text.__fp_unlock_all
                0xfff02b16       0x12 /home/user/rxduino63/lib/gcc/libc.a(lib_a-findfp.o)
                0xfff02b16                __fp_unlock_all
 .text._malloc_trim_r
                0xfff02b28       0xb0 /home/user/rxduino63/lib/gcc/libc.a(lib_a-freer.o)
                0xfff02b28                _malloc_trim_r
 .text._free_r  0xfff02bd8      0x1d8 /home/user/rxduino63/lib/gcc/libc.a(lib_a-freer.o)
                0xfff02bd8                _free_r
 .text._fwalk   0xfff02db0       0x60 /home/user/rxduino63/lib/gcc/libc.a(lib_a-fwalk.o)
                0xfff02db0                _fwalk
 .text._fwalk_reent
                0xfff02e10       0x60 /home/user/rxduino63/lib/gcc/libc.a(lib_a-fwalk.o)
                0xfff02e10                _fwalk_reent
 .text._setlocale_r
                0xfff02e70       0x50 /home/user/rxduino63/lib/gcc/libc.a(lib_a-locale.o)
                0xfff02e70                _setlocale_r
 .text.__locale_charset
                0xfff02ec0        0x7 /home/user/rxduino63/lib/gcc/libc.a(lib_a-locale.o)
                0xfff02ec0                __locale_charset
 .text.__locale_msgcharset
                0xfff02ec7        0x7 /home/user/rxduino63/lib/gcc/libc.a(lib_a-locale.o)
                0xfff02ec7                __locale_msgcharset
 .text.__locale_cjk_lang
                0xfff02ece        0x3 /home/user/rxduino63/lib/gcc/libc.a(lib_a-locale.o)
                0xfff02ece                __locale_cjk_lang
 .text._localeconv_r
                0xfff02ed1        0x7 /home/user/rxduino63/lib/gcc/libc.a(lib_a-locale.o)
                0xfff02ed1                _localeconv_r
 .text.setlocale
                0xfff02ed8       0x12 /home/user/rxduino63/lib/gcc/libc.a(lib_a-locale.o)
                0xfff02ed8                setlocale
 .text.localeconv
                0xfff02eea        0x7 /home/user/rxduino63/lib/gcc/libc.a(lib_a-locale.o)
                0xfff02eea                localeconv
 *fill*         0xfff02ef1        0x7 00
 .text.__smakebuf_r
                0xfff02ef8      0x100 /home/user/rxduino63/lib/gcc/libc.a(lib_a-makebuf.o)
                0xfff02ef8                __smakebuf_r
 .text._malloc_r
                0xfff02ff8      0x550 /home/user/rxduino63/lib/gcc/libc.a(lib_a-mallocr.o)
                0xfff02ff8                _malloc_r
 .text.__malloc_lock
                0xfff03548        0x1 /home/user/rxduino63/lib/gcc/libc.a(lib_a-mlock.o)
                0xfff03548                __malloc_lock
 .text.__malloc_unlock
                0xfff03549        0x1 /home/user/rxduino63/lib/gcc/libc.a(lib_a-mlock.o)
                0xfff03549                __malloc_unlock
 *fill*         0xfff0354a        0x6 00
 .text._Balloc  0xfff03550       0x60 /home/user/rxduino63/lib/gcc/libc.a(lib_a-mprec.o)
                0xfff03550                _Balloc
 .text._Bfree   0xfff035b0       0x18 /home/user/rxduino63/lib/gcc/libc.a(lib_a-mprec.o)
                0xfff035b0                _Bfree
 .text.__multadd
                0xfff035c8       0x88 /home/user/rxduino63/lib/gcc/libc.a(lib_a-mprec.o)
                0xfff035c8                __multadd
 .text.__s2b    0xfff03650       0x90 /home/user/rxduino63/lib/gcc/libc.a(lib_a-mprec.o)
                0xfff03650                __s2b
 .text.__hi0bits
                0xfff036e0       0x58 /home/user/rxduino63/lib/gcc/libc.a(lib_a-mprec.o)
                0xfff036e0                __hi0bits
 .text.__lo0bits
                0xfff03738       0x70 /home/user/rxduino63/lib/gcc/libc.a(lib_a-mprec.o)
                0xfff03738                __lo0bits
 .text.__i2b    0xfff037a8       0x12 /home/user/rxduino63/lib/gcc/libc.a(lib_a-mprec.o)
                0xfff037a8                __i2b
 *fill*         0xfff037ba        0x6 00
 .text.__multiply
                0xfff037c0      0x150 /home/user/rxduino63/lib/gcc/libc.a(lib_a-mprec.o)
                0xfff037c0                __multiply
 .text.__pow5mult
                0xfff03910       0xa0 /home/user/rxduino63/lib/gcc/libc.a(lib_a-mprec.o)
                0xfff03910                __pow5mult
 .text.__lshift
                0xfff039b0       0xb8 /home/user/rxduino63/lib/gcc/libc.a(lib_a-mprec.o)
                0xfff039b0                __lshift
 .text.__mcmp   0xfff03a68       0x38 /home/user/rxduino63/lib/gcc/libc.a(lib_a-mprec.o)
                0xfff03a68                __mcmp
 .text.__mdiff  0xfff03aa0       0xf0 /home/user/rxduino63/lib/gcc/libc.a(lib_a-mprec.o)
                0xfff03aa0                __mdiff
 .text.__ulp    0xfff03b90       0x28 /home/user/rxduino63/lib/gcc/libc.a(lib_a-mprec.o)
                0xfff03b90                __ulp
 .text.__b2d    0xfff03bb8       0x80 /home/user/rxduino63/lib/gcc/libc.a(lib_a-mprec.o)
                0xfff03bb8                __b2d
 .text.__d2b    0xfff03c38       0x78 /home/user/rxduino63/lib/gcc/libc.a(lib_a-mprec.o)
                0xfff03c38                __d2b
 .text.__ratio  0xfff03cb0       0x48 /home/user/rxduino63/lib/gcc/libc.a(lib_a-mprec.o)
                0xfff03cb0                __ratio
 .text._mprec_log10
                0xfff03cf8       0x28 /home/user/rxduino63/lib/gcc/libc.a(lib_a-mprec.o)
                0xfff03cf8                _mprec_log10
 .text.__copybits
                0xfff03d20       0x48 /home/user/rxduino63/lib/gcc/libc.a(lib_a-mprec.o)
                0xfff03d20                __copybits
 .text.__any_on
                0xfff03d68       0x60 /home/user/rxduino63/lib/gcc/libc.a(lib_a-mprec.o)
                0xfff03d68                __any_on
 .text._sbrk_r  0xfff03dc8       0x28 /home/user/rxduino63/lib/gcc/libc.a(lib_a-sbrkr.o)
                0xfff03dc8                _sbrk_r
 .text.__fpclassifyf
                0xfff03df0       0x60 /home/user/rxduino63/lib/gcc/libc.a(lib_a-sf_fpclassify.o)
                0xfff03df0                __fpclassifyf
 .text.__sread  0xfff03e50       0x26 /home/user/rxduino63/lib/gcc/libc.a(lib_a-stdio.o)
                0xfff03e50                __sread
 .text.__seofread
                0xfff03e76        0x3 /home/user/rxduino63/lib/gcc/libc.a(lib_a-stdio.o)
                0xfff03e76                __seofread
 *fill*         0xfff03e79        0x7 00
 .text.__swrite
                0xfff03e80       0x38 /home/user/rxduino63/lib/gcc/libc.a(lib_a-stdio.o)
                0xfff03e80                __swrite
 .text.__sseek  0xfff03eb8       0x28 /home/user/rxduino63/lib/gcc/libc.a(lib_a-stdio.o)
                0xfff03eb8                __sseek
 .text.__sclose
                0xfff03ee0        0x6 /home/user/rxduino63/lib/gcc/libc.a(lib_a-stdio.o)
                0xfff03ee0                __sclose
 *fill*         0xfff03ee6        0x2 00
 .text.__sprint_r
                0xfff03ee8       0x78 /home/user/rxduino63/lib/gcc/libc.a(lib_a-vfiprintf.o)
                0xfff03ee8                __sprint_r
 .text._vfiprintf_r
                0xfff03f60      0xb30 /home/user/rxduino63/lib/gcc/libc.a(lib_a-vfiprintf.o)
                0xfff03f60                _vfiprintf_r
 .text.vfiprintf
                0xfff04a90       0x16 /home/user/rxduino63/lib/gcc/libc.a(lib_a-vfiprintf.o)
                0xfff04a90                vfiprintf
 *fill*         0xfff04aa6        0x2 00
 .text._write_r
                0xfff04aa8       0x30 /home/user/rxduino63/lib/gcc/libc.a(lib_a-writer.o)
                0xfff04aa8                _write_r
 .text._calloc_r
                0xfff04ad8       0x78 /home/user/rxduino63/lib/gcc/libc.a(lib_a-callocr.o)
                0xfff04ad8                _calloc_r
 .text._close_r
                0xfff04b50       0x28 /home/user/rxduino63/lib/gcc/libc.a(lib_a-closer.o)
                0xfff04b50                _close_r
 .text._fclose_r
                0xfff04b78       0xa8 /home/user/rxduino63/lib/gcc/libc.a(lib_a-fclose.o)
                0xfff04b78                _fclose_r
 .text.fclose   0xfff04c20        0xe /home/user/rxduino63/lib/gcc/libc.a(lib_a-fclose.o)
                0xfff04c20                fclose
 *fill*         0xfff04c2e        0x2 00
 .text._fputwc_r
                0xfff04c30       0xd8 /home/user/rxduino63/lib/gcc/libc.a(lib_a-fputwc.o)
                0xfff04c30                _fputwc_r
 .text.fputwc   0xfff04d08       0x38 /home/user/rxduino63/lib/gcc/libc.a(lib_a-fputwc.o)
                0xfff04d08                fputwc
 .text._fstat_r
                0xfff04d40       0x28 /home/user/rxduino63/lib/gcc/libc.a(lib_a-fstatr.o)
                0xfff04d40                _fstat_r
 .text.__sfvwrite_r
                0xfff04d68      0x308 /home/user/rxduino63/lib/gcc/libc.a(lib_a-fvwrite.o)
                0xfff04d68                __sfvwrite_r
 .text._isatty_r
                0xfff05070       0x28 /home/user/rxduino63/lib/gcc/libc.a(lib_a-isattyr.o)
                0xfff05070                _isatty_r
 .text._lseek_r
                0xfff05098       0x30 /home/user/rxduino63/lib/gcc/libc.a(lib_a-lseekr.o)
                0xfff05098                _lseek_r
 .text._read_r  0xfff050c8       0x30 /home/user/rxduino63/lib/gcc/libc.a(lib_a-readr.o)
                0xfff050c8                _read_r
 .text._realloc_r
                0xfff050f8      0x410 /home/user/rxduino63/lib/gcc/libc.a(lib_a-reallocr.o)
                0xfff050f8                _realloc_r
 .text.cleanup_glue
                0xfff05508       0x20 /home/user/rxduino63/lib/gcc/libc.a(lib_a-reent.o)
                0xfff05508                cleanup_glue
 .text._reclaim_reent
                0xfff05528       0xa8 /home/user/rxduino63/lib/gcc/libc.a(lib_a-reent.o)
                0xfff05528                _reclaim_reent
 .text._wrapup_reent
                0xfff055d0       0x50 /home/user/rxduino63/lib/gcc/libc.a(lib_a-reent.o)
                0xfff055d0                _wrapup_reent
 .text.__swbuf_r
                0xfff05620       0xf0 /home/user/rxduino63/lib/gcc/libc.a(lib_a-wbuf.o)
                0xfff05620                __swbuf_r
 .text.__swbuf  0xfff05710       0x12 /home/user/rxduino63/lib/gcc/libc.a(lib_a-wbuf.o)
                0xfff05710                __swbuf
 *fill*         0xfff05722        0x6 00
 .text._wcrtomb_r
                0xfff05728       0x50 /home/user/rxduino63/lib/gcc/libc.a(lib_a-wcrtomb.o)
                0xfff05728                _wcrtomb_r
 .text.wcrtomb  0xfff05778       0x68 /home/user/rxduino63/lib/gcc/libc.a(lib_a-wcrtomb.o)
                0xfff05778                wcrtomb
 .text.__ascii_wctomb
                0xfff057e0       0x1d /home/user/rxduino63/lib/gcc/libc.a(lib_a-wctomb_r.o)
                0xfff057e0                __ascii_wctomb
 .text._wctomb_r
                0xfff057fd       0x29 /home/user/rxduino63/lib/gcc/libc.a(lib_a-wctomb_r.o)
                0xfff057fd                _wctomb_r
 *(P)
 P              0xfff05826        0xa sample/servo/servo.o
                0xfff05826                ledbright(unsigned char)
 P              0xfff05830      0x185 /home/user/rxduino63/common/intvect.o
                0xfff05830                Excep_SuperVisorInst
                0xfff05832                Excep_UndefinedInst
                0xfff05834                Excep_FloatingPoint
                0xfff05836                NonMaskableInterrupt
                0xfff05838                Excep_BRK
                0xfff0583a                Excep_FCUIF_FIFEERR
                0xfff0583c                Excep_FCUIF_FRDYI
                0xfff0583e                Excep_ICU_SWINT
                0xfff05840                Excep_CMT1_CMI1
                0xfff05842                Excep_CMT2_CMI2
                0xfff05844                Excep_CMT3_CMI3
                0xfff05846                Excep_USB0_D0FIFO0
                0xfff05848                Excep_USB0_D1FIFO0
                0xfff0584a                Excep_USB0_USBI0
                0xfff05872                Excep_USB1_D0FIFO1
                0xfff05874                Excep_USB1_D1FIFO1
                0xfff05876                Excep_USB1_USBI1
                0xfff0589e                Excep_RSPI0_SPRI0
                0xfff058a0                Excep_RSPI0_SPTI0
                0xfff058a2                Excep_RSPI0_SPII0
                0xfff058a4                Excep_RSPI1_SPRI1
                0xfff058a6                Excep_RSPI1_SPTI1
                0xfff058a8                Excep_RSPI1_SPII1
                0xfff058aa                Excep_RSPI2_SPRI2
                0xfff058ac                Excep_RSPI2_SPTI2
                0xfff058ae                Excep_RSPI2_SPII2
                0xfff058b0                Excep_CAN0_RXF0
                0xfff058b2                Excep_CAN0_TXF0
                0xfff058b4                Excep_CAN0_RXM0
                0xfff058b6                Excep_CAN0_TXM0
                0xfff058b8                Excep_CAN1_RXF1
                0xfff058ba                Excep_CAN1_TXF1
                0xfff058bc                Excep_CAN1_RXM1
                0xfff058be                Excep_CAN1_TXM1
                0xfff058c0                Excep_RTC_CUP
                0xfff058c2                Excep_IRQ8
                0xfff058c4                Excep_IRQ9
                0xfff058c6                Excep_IRQ10
                0xfff058c8                Excep_IRQ11
                0xfff058ca                Excep_IRQ12
                0xfff058cc                Excep_IRQ13
                0xfff058ce                Excep_IRQ14
                0xfff058d0                Excep_IRQ15
                0xfff058d2                Excep_USB_USBR0
                0xfff058d4                Excep_USB_USBR1
                0xfff058d6                Excep_RTC_ALM
                0xfff058d8                Excep_ADA0_ADI0
                0xfff058da                Excep_S12AD0_S12ADI0
                0xfff058dc                Excep_GROUP_E0
                0xfff058de                Excep_GROUP_E1
                0xfff058e0                Excep_GROUP_E2
                0xfff058e2                Excep_GROUP_E3
                0xfff058e4                Excep_GROUP_E4
                0xfff058e6                Excep_GROUP_E5
                0xfff058e8                Excep_GROUP_E6
                0xfff058ea                Excep_GROUP_L0
                0xfff058ec                Excep_SCIX_SCIX0
                0xfff058ee                Excep_SCIX_SCIX1
                0xfff058f0                Excep_SCIX_SCIX2
                0xfff058f2                Excep_SCIX_SCIX3
                0xfff058f4                Excep_TPU0_TGIA0
                0xfff058f6                Excep_TPU0_TGIB0
                0xfff058f8                Excep_TPU0_TGIC0
                0xfff058fa                Excep_TPU0_TGID0
                0xfff058fc                Excep_TPU1_TGIA1
                0xfff058fe                Excep_TPU1_TGIB1
                0xfff05900                Excep_TPU2_TGIA2
                0xfff05902                Excep_TPU2_TGIB2
                0xfff05904                Excep_TPU3_TGIA3
                0xfff05906                Excep_TPU3_TGIB3
                0xfff05908                Excep_TPU3_TGIC3
                0xfff0590a                Excep_TPU3_TGID3
                0xfff0590c                Excep_TPU4_TGIA4
                0xfff0590e                Excep_TPU4_TGIB4
                0xfff05910                Excep_TPU5_TGIA5
                0xfff05912                Excep_TPU5_TGIB5
                0xfff05914                Excep_TPU7_TGIB7
                0xfff05916                Excep_TPU8_TGIB8
                0xfff05918                Excep_TPU9_TGIC9
                0xfff0591a                Excep_TPU9_TGID9
                0xfff0591c                Excep_TPU10_TGIA10
                0xfff0591e                Excep_TPU10_TGIB10
                0xfff05920                Excep_TPU10_TGIC10
                0xfff05922                Excep_TPU10_TGID10
                0xfff05924                Excep_TPU10_TGIV10
                0xfff05926                Excep_MTU5_TGIU5
                0xfff05928                Excep_MTU5_TGIV5
                0xfff0592a                Excep_MTU5_TGIW5
                0xfff0592c                Excep_TPU11_TGIA11
                0xfff0592e                Excep_TPU11_TGIB11
                0xfff05930                Excep_POE2_OEI1
                0xfff05932                Excep_POE2_OEI2
                0xfff05934                Excep_TMR0_CMIA0
                0xfff05936                Excep_TMR0_CMIB0
                0xfff05938                Excep_TMR0_OVI0
                0xfff0593a                Excep_TMR1_CMIA1
                0xfff0593c                Excep_TMR1_CMIB1
                0xfff0593e                Excep_TMR1_OVI1
                0xfff05940                Excep_TMR2_CMIA2
                0xfff05942                Excep_TMR2_CMIB2
                0xfff05944                Excep_TMR2_OVI2
                0xfff05946                Excep_TMR3_CMIA3
                0xfff05948                Excep_TMR3_CMIB3
                0xfff0594a                Excep_TMR3_OVI3
                0xfff0594c                Excep_RIIC0_EEI0
                0xfff0594e                Excep_RIIC0_RXI0
                0xfff05950                Excep_RIIC0_TXI0
                0xfff05952                Excep_RIIC0_TEI0
                0xfff05954                Excep_RIIC1_EEI0
                0xfff05956                Excep_RIIC1_RXI0
                0xfff05958                Excep_RIIC1_TXI0
                0xfff0595a                Excep_RIIC1_TEI0
                0xfff0595c                Excep_RIIC2_EEI0
                0xfff0595e                Excep_RIIC2_RXI0
                0xfff05960                Excep_RIIC2_TXI0
                0xfff05962                Excep_RIIC2_TEI0
                0xfff05964                Excep_RIIC3_EEI0
                0xfff05966                Excep_RIIC3_RXI0
                0xfff05968                Excep_RIIC3_TXI0
                0xfff0596a                Excep_RIIC3_TEI0
                0xfff0596c                Excep_DMACA_DMAC0
                0xfff0596e                Excep_DMACA_DMAC1
                0xfff05970                Excep_DMACA_DMAC2
                0xfff05972                Excep_DMACA_DMAC3
                0xfff05974                Excep_EXDMAC_DMAC0
                0xfff05976                Excep_EXDMAC_DMAC1
                0xfff05978                Excep_SCI3_RXI3
                0xfff0597a                Excep_SCI3_TXI3
                0xfff0597c                Excep_SCI3_TEI3
                0xfff0597e                Excep_SCI4_RXI4
                0xfff05980                Excep_SCI4_TXI4
                0xfff05982                Excep_SCI4_TEI4
                0xfff05984                Excep_SCI5_RXI5
                0xfff05986                Excep_SCI5_TXI5
                0xfff05988                Excep_SCI5_TEI5
                0xfff0598a                Excep_SCI7_RXI7
                0xfff0598c                Excep_SCI7_TXI7
                0xfff0598e                Excep_SCI7_TEI7
                0xfff05990                Excep_SCI8_RXI8
                0xfff05992                Excep_SCI8_TXI8
                0xfff05994                Excep_SCI8_TEI8
                0xfff05996                Excep_SCI9_RXI9
                0xfff05998                Excep_SCI9_TXI9
                0xfff0599a                Excep_SCI9_TEI9
                0xfff0599c                Excep_SCI10_RXI10
                0xfff0599e                Excep_SCI10_TXI10
                0xfff059a0                Excep_SCI10_TEI10
                0xfff059a2                Excep_SCI11_RXI11
                0xfff059a4                Excep_SCI11_TXI11
                0xfff059a6                Excep_SCI11_TEI11
                0xfff059a8                Excep_SCI12_RXI12
                0xfff059aa                Excep_SCI12_TXI12
                0xfff059ac                Excep_SCI12_TEI12
                0xfff059ae                Excep_IEBUS_IEBINT
                0xfff059b0                Dummy
                0xfff059b2                Excep_BUSERR
                0xfff059b4                Excep_RTC_SLEEP
 P              0xfff059b5        0x0 /home/user/rxduino63/lib/gcc/libc.a(lib_a-printf.o)
 P              0xfff059b5        0x0 /home/user/rxduino63/lib/gcc/libc.a(lib_a-vfprintf.o)
 P              0xfff059b5        0x0 /home/user/rxduino63/lib/gcc/libc.a(lib_a-wsetup.o)
 P              0xfff059b5        0x0 /home/user/rxduino63/lib/gcc/libc.a(lib_a-dtoa.o)
 P              0xfff059b5        0x0 /home/user/rxduino63/lib/gcc/libc.a(lib_a-fflush.o)
 P              0xfff059b5        0x0 /home/user/rxduino63/lib/gcc/libc.a(lib_a-findfp.o)
 P              0xfff059b5        0x0 /home/user/rxduino63/lib/gcc/libc.a(lib_a-freer.o)
 P              0xfff059b5        0x0 /home/user/rxduino63/lib/gcc/libc.a(lib_a-fwalk.o)
 P              0xfff059b5        0x0 /home/user/rxduino63/lib/gcc/libc.a(lib_a-impure.o)
 P              0xfff059b5        0x0 /home/user/rxduino63/lib/gcc/libc.a(lib_a-locale.o)
 P              0xfff059b5        0x0 /home/user/rxduino63/lib/gcc/libc.a(lib_a-makebuf.o)
 P              0xfff059b5        0x0 /home/user/rxduino63/lib/gcc/libc.a(lib_a-mallocr.o)
 P              0xfff059b5        0x0 /home/user/rxduino63/lib/gcc/libc.a(lib_a-memchr.o)
 P              0xfff059b5        0x0 /home/user/rxduino63/lib/gcc/libc.a(lib_a-memcpy.o)
 P              0xfff059b5        0x0 /home/user/rxduino63/lib/gcc/libc.a(lib_a-memset.o)
 P              0xfff059b5        0x0 /home/user/rxduino63/lib/gcc/libc.a(lib_a-mlock.o)
 P              0xfff059b5        0x0 /home/user/rxduino63/lib/gcc/libc.a(lib_a-mprec.o)
 P              0xfff059b5        0x0 /home/user/rxduino63/lib/gcc/libc.a(lib_a-sbrkr.o)
 P              0xfff059b5        0x0 /home/user/rxduino63/lib/gcc/libc.a(lib_a-sf_fpclassify.o)
 P              0xfff059b5        0x0 /home/user/rxduino63/lib/gcc/libc.a(lib_a-stdio.o)
 P              0xfff059b5        0x0 /home/user/rxduino63/lib/gcc/libc.a(lib_a-strcmp.o)
 P              0xfff059b5        0x0 /home/user/rxduino63/lib/gcc/libc.a(lib_a-strlen.o)
 P              0xfff059b5        0x0 /home/user/rxduino63/lib/gcc/libc.a(lib_a-vfiprintf.o)
 P              0xfff059b5        0x0 /home/user/rxduino63/lib/gcc/libc.a(lib_a-writer.o)
 P              0xfff059b5        0x0 /home/user/rxduino63/lib/gcc/libc.a(lib_a-callocr.o)
 P              0xfff059b5        0x0 /home/user/rxduino63/lib/gcc/libc.a(lib_a-closer.o)
 P              0xfff059b5        0x0 /home/user/rxduino63/lib/gcc/libc.a(lib_a-fclose.o)
 P              0xfff059b5        0x0 /home/user/rxduino63/lib/gcc/libc.a(lib_a-fputwc.o)
 P              0xfff059b5        0x0 /home/user/rxduino63/lib/gcc/libc.a(lib_a-fstatr.o)
 P              0xfff059b5        0x0 /home/user/rxduino63/lib/gcc/libc.a(lib_a-fvwrite.o)
 P              0xfff059b5        0x0 /home/user/rxduino63/lib/gcc/libc.a(lib_a-isattyr.o)
 P              0xfff059b5        0x0 /home/user/rxduino63/lib/gcc/libc.a(lib_a-lseekr.o)
 P              0xfff059b5        0x0 /home/user/rxduino63/lib/gcc/libc.a(lib_a-memmove.o)
 P              0xfff059b5        0x0 /home/user/rxduino63/lib/gcc/libc.a(lib_a-readr.o)
 P              0xfff059b5        0x0 /home/user/rxduino63/lib/gcc/libc.a(lib_a-reallocr.o)
 P              0xfff059b5        0x0 /home/user/rxduino63/lib/gcc/libc.a(lib_a-reent.o)
 P              0xfff059b5        0x0 /home/user/rxduino63/lib/gcc/libc.a(lib_a-wbuf.o)
 P              0xfff059b5        0x0 /home/user/rxduino63/lib/gcc/libc.a(lib_a-wcrtomb.o)
 P              0xfff059b5        0x0 /home/user/rxduino63/lib/gcc/libc.a(lib_a-wctomb_r.o)
 P              0xfff059b5       0x1a /home/user/rxduino63/lib/gcc/libsim.a(sbrk.o)
                0xfff059b5                sbrk
                0xfff059b5                _sbrk
 P              0xfff059cf        0x6 /home/user/rxduino63/lib/gcc/libsim.a(heaptop.o)
                0xfff059cf                __set_heaptop
                0xfff059cf                _set_heaptop
 P              0xfff059d5        0x6 /home/user/rxduino63/lib/gcc/libsim.a(close.o)
                0xfff059d5                _close
                0xfff059d5                close
 P              0xfff059db        0x6 /home/user/rxduino63/lib/gcc/libsim.a(read.o)
                0xfff059db                _read
                0xfff059db                read
 P              0xfff059e1        0x6 /home/user/rxduino63/lib/gcc/libsim.a(write.o)
                0xfff059e1                _write
                0xfff059e1                write
 P              0xfff059e7        0x6 /home/user/rxduino63/lib/gcc/libsim.a(lseek.o)
                0xfff059e7                lseek
                0xfff059e7                _lseek
 P              0xfff059ed        0x6 /home/user/rxduino63/lib/gcc/libsim.a(fstat.o)
                0xfff059ed                fstat
                0xfff059ed                _fstat
 P              0xfff059f3        0x3 /home/user/rxduino63/lib/gcc/libsim.a(isatty.o)
                0xfff059f3                isatty
                0xfff059f3                _isatty
 *fill*         0xfff059f6        0x2 00
 P              0xfff059f8      0x3c8 /home/user/rxduino63/lib/gcc/libgcc.a(_udivdi3.o)
                0xfff059f8                __udivdi3
                0xfff059f8                _COM_DIV64u
 P              0xfff05dc0      0x398 /home/user/rxduino63/lib/gcc/libgcc.a(_umoddi3.o)
                0xfff05dc0                _COM_MOD64u
                0xfff05dc0                __umoddi3
 P              0xfff06158        0x0 /home/user/rxduino63/lib/gcc/libgcc.a(_clz.o)
 P              0xfff06158       0xe2 /home/user/rxduino63/lib/libtkdnhal.a(hwsetup.o)
                0xfff06158                sdram_init
                0xfff06159                tkdn_hwsetup
 *fill*         0xfff0623a        0x6 00
 P              0xfff06240      0xf90 /home/user/rxduino63/lib/libtkdnhal.a(tkdn_sci.o)
                0xfff0654b                sci_getport
                0xfff06557                sci_readdata
                0xfff06558                sci_convert_crlf
                0xfff06567                Excep_SCI0_ERI0
                0xfff06590                Excep_SCI0_RXI0
                0xfff065b9                Excep_SCI0_TXI0
                0xfff06605                Excep_SCI0_TEI0
                0xfff0661d                Excep_SCI1_ERI1
                0xfff06647                Excep_SCI1_RXI1
                0xfff06671                Excep_SCI1_TXI1
                0xfff066be                Excep_SCI1_TEI1
                0xfff066d6                Excep_SCI2_ERI2
                0xfff06700                Excep_SCI2_RXI2
                0xfff0672a                Excep_SCI2_TXI2
                0xfff06777                Excep_SCI2_TEI2
                0xfff0678f                Excep_SCI6_ERI6
                0xfff067b9                Excep_SCI6_RXI6
                0xfff067e3                Excep_SCI6_TXI6
                0xfff06830                Excep_SCI6_TEI6
                0xfff06848                sci_putc_ex
                0xfff06902                sci_putc
                0xfff06910                sci_puts_ex
                0xfff06940                sci_puts
                0xfff0694e                sci_getc_ex
                0xfff069a2                sci_getc
                0xfff069ae                sci_writedata_ex
                0xfff06aa9                sci_writedata
                0xfff06abb                sci_readdata_ex
                0xfff06abc                sci_rxcount_ex
                0xfff06ad7                sci_gets_ex
                0xfff06b4a                sci_gets
                0xfff06b5c                sci_rxcount
                0xfff06b68                sci_init_ex
                0xfff07176                sci_init
                0xfff07192                sci_getport_ex
                0xfff07196                sci_convert_crlf_ex
                0xfff0719d                sci_peek_ex
                0xfff071bf                sci_flush_ex
 P              0xfff071d0      0x5e8 /home/user/rxduino63/lib/libtkdnhal.a(tkdn_ether.o)
                0xfff071d0                ether_close
                0xfff071e7                ether_write
                0xfff072a5                _eth_fifoInit
                0xfff07316                _eth_fifoWrite
                0xfff07354                _eth_fifoRead
                0xfff073a8                ether_read
                0xfff07467                ether_regist_user_rx_procedure
                0xfff07470                ether_is_linkup
                0xfff0747c                ether_autonegotiate
                0xfff074f1                ether_open
                0xfff07719                Excep_ETHER_EINT
                0xfff07798                ether_is_100M
                0xfff077a1                ether_is_fullduplex
                0xfff077aa                ether_link_changed
 P              0xfff077b8      0x140 /home/user/rxduino63/lib/libtkdnhal.a(tkdn_timer.o)
                0xfff077b8                timer_init
                0xfff077cb                timer_wait_ms
                0xfff077dc                timer_wait_us
                0xfff07856                timer_get_ms
                0xfff0785f                timer_get_us
                0xfff07896                timer_regist_userfunc
                0xfff078a1                timer_regist_disktimer
                0xfff078ac                Excep_CMT0_CMI0
                0xfff078f5                Excep_CMT1_CMI2
 P              0xfff078f8       0xf8 /home/user/rxduino63/lib/libtkdnhal.a(tkdn_gpio.o)
                0xfff07941                gpio_set_pinmode
                0xfff0797f                gpio_write_port
                0xfff079bd                gpio_read_port
 P              0xfff079f0      0x4c8 /home/user/rxduino63/lib/libtkdnhal.a(tkdn_pwm.o)
                0xfff079f0                pwm_init
                0xfff07baf                pwm_output
                0xfff07cdc                pwm_stop
                0xfff07d74                Excep_TPU7_TGIA7
                0xfff07da8                Excep_TPU6_TGIA6
                0xfff07dd4                Excep_TPU6_TGIB6
                0xfff07e01                Excep_TPU6_TGIC6
                0xfff07e2e                Excep_TPU6_TGID6
                0xfff07e5b                Excep_TPU6_TGIE6
                0xfff07e88                Excep_TPU6_TGIF6
 P              0xfff07eb8      0x1b0 /home/user/rxduino63/lib/libtkdnhal.a(tkdn_tone.o)
                0xfff07eb8                tone_start
                0xfff0802c                tone_stop
                0xfff08046                Excep_TPU8_TGIA8
 P              0xfff08068      0x240 /home/user/rxduino63/lib/libtkdnhal.a(phy.o)
                0xfff08068                _phy_reg_read
                0xfff080a6                _phy_ta_z0
                0xfff080cc                _phy_mii_write_1
                0xfff080f2                _phy_preamble
                0xfff0810a                _phy_mii_write_0
                0xfff08130                _phy_ta_10
                0xfff08138                _phy_reg_write
                0xfff08173                _phy_reg_set
                0xfff081c1                _phy_write
                0xfff081e7                phy_set_10half
                0xfff081ef                phy_set_100full
                0xfff081f9                _phy_read
                0xfff08220                phy_set_autonegotiate
                0xfff08270                phy_init
 P              0xfff082a8       0x18 /home/user/rxduino63/lib/libtkdnhal.a(eidi.o)
                0xfff082a8                enable_interrupt
                0xfff082b4                disable_interrupt
 P              0xfff082c0      0x118 /home/user/rxduino63/lib/libtkdnhal.a(usb_cdc.o)
                0xfff0835c                TKUSB_Init
                0xfff083c9                TKUSB_IsConnected
 P              0xfff083d8      0x338 /home/user/rxduino63/lib/libtkdnhal.a(usb_core.o)
                0xfff08696                USBCORE_Init
 P              0xfff08710      0xfd0 /home/user/rxduino63/lib/libtkdnhal.a(usb_hal.o)
                0xfff087e1                TKUSB_RecvByte
                0xfff08840                TKUSB_PeekByte
                0xfff08866                TKUSB_RecvDataCount
                0xfff08880                TKUSB_SendByte
                0xfff088da                TKUSB_SendDataCount
                0xfff088f4                USBHAL_Init
                0xfff08b5d                USBHAL_Disable
                0xfff08b6d                USBHAL_Control_Status
                0xfff08b99                USBHAL_Control_IN
                0xfff08bbe                USBHAL_Control_OUT
                0xfff08c08                USBHAL_Bulk_OUT
                0xfff08c40                ClearOUTBusy
                0xfff08c4b                USBHAL_Bulk_IN
                0xfff08c8b                USBHAL_Interrupt_IN
                0xfff08ccb                USBHAL_Control_Stall
                0xfff08cf5                USBHAL_Bulk_IN_Stall
                0xfff08d14                USBHAL_Bulk_OUT_Stall
                0xfff08d33                USBHAL_Interrupt_IN_Stall
                0xfff08d52                USBHAL_Bulk_IN_Stall_Clear
                0xfff08d8c                USBHAL_Bulk_OUT_Stall_Clear
                0xfff08de8                USBHAL_Interrupt_IN_Stall_Clear
                0xfff08e22                USBHAL_Bulk_IN_Is_Stalled
                0xfff08e42                USBHAL_Bulk_OUT_Is_Stalled
                0xfff08e62                USBHAL_Interrupt_IN_Is_Stalled
                0xfff08e82                USBHAL_Config_Get
                0xfff08e89                USBHAL_Config_Set
                0xfff08e9f                USBHAL_Reset
                0xfff0901a                USBHAL_Cancel
                0xfff09068                USBHAL_ResetEndpoints
                0xfff0913a                USBHALInterruptHandler
 P              0xfff096e0        0x0 /home/user/rxduino63/lib/libtkdnhal.a(usbdescriptors.o)
 P              0xfff096e0      0x250 /home/user/rxduino63/lib/libtkdnhal.a(tkdn_interrupt.o)
                0xfff096e2                attach_interrupt
                0xfff097d0                detach_interrupt
                0xfff097e8                Excep_IRQ0
                0xfff09810                Excep_IRQ1
                0xfff09839                Excep_IRQ2
                0xfff09862                Excep_IRQ3
                0xfff0988b                Excep_IRQ4
                0xfff098b4                Excep_IRQ5
                0xfff098dd                Excep_IRQ6
                0xfff09906                Excep_IRQ7
 P              0xfff09930      0x190 /home/user/rxduino63/lib/libtkdnhal.a(tkdn_servo.o)
                0xfff09930                servo_attach
                0xfff09a08                servo_write
                0xfff09a30                servo_write_us
                0xfff09a3f                servo_read
                0xfff09a42                servo_detach
                0xfff09a64                Excep_TPU9_TGIA9
                0xfff09a92                Excep_TPU9_TGIB9
                0xfff09ac0                etext = .

.rvectors       0xfff09ac0      0x400
                0xfff09ac0                _rvectors_start = .
 *(.rvectors)
 .rvectors      0xfff09ac0      0x400 /home/user/rxduino63/common/intvect.o
                0xfff09ac0                Relocatable_Vectors
                0xfff09ec0                _rvectors_end = .

.init           0xfff09ec0        0x0
 *(.init)
                0xfff09ec0                __preinit_array_start = .
 *(.preinit_array)
                0xfff09ec0                __preinit_array_end = .
                0xfff09ec0                __init_array_start = ((. + 0x3) & 0xfffffffc)
 *(.init_array)
 *(SORT(.init_array.*))
                0xfff09ec0                __init_array_end = .
                0xfff09ec0                __fini_array_start = .
 *(.fini_array)
 *(SORT(.fini_array.*))
                0xfff09ec0                __fini_array_end = .

.fini
 *(.fini)

.got
 *(.got)
 *(.got.plt)

.rodata         0xfff09ec0      0x72c
 *(.rodata)
 *(.rodata.*)
 .rodata.str1.1
                0xfff09ec0       0x3f sample/servo/servo.o
                                 0x43 (size before relaxing)
 .rodata.str1.1
                0xfff09eff       0x39 /home/user/rxduino63/lib/gcc/libc.a(lib_a-vfprintf.o)
                                 0x3b (size before relaxing)
 .rodata._vfprintf_r
                0xfff09f38      0x164 /home/user/rxduino63/lib/gcc/libc.a(lib_a-vfprintf.o)
 .rodata.blanks.3874
                0xfff0a09c       0x10 /home/user/rxduino63/lib/gcc/libc.a(lib_a-vfprintf.o)
 .rodata.zeroes.3875
                0xfff0a0ac       0x10 /home/user/rxduino63/lib/gcc/libc.a(lib_a-vfprintf.o)
 .rodata.str1.1
                0xfff0a0bc        0xd /home/user/rxduino63/lib/gcc/libc.a(lib_a-dtoa.o)
                                  0xf (size before relaxing)
 *fill*         0xfff0a0c9        0x3 00
 .rodata._global_impure_ptr
                0xfff0a0cc        0x4 /home/user/rxduino63/lib/gcc/libc.a(lib_a-impure.o)
                0xfff0a0cc                _global_impure_ptr
 .rodata.str1.1
                0xfff0a0d0        0x2 /home/user/rxduino63/lib/gcc/libc.a(lib_a-impure.o)
 .rodata.str1.1
                0xfff0a0d2        0x6 /home/user/rxduino63/lib/gcc/libc.a(lib_a-locale.o)
                                  0xb (size before relaxing)
 .rodata.lconv  0xfff0a0d8       0x38 /home/user/rxduino63/lib/gcc/libc.a(lib_a-locale.o)
 .rodata.__mprec_tinytens
                0xfff0a110        0x8 /home/user/rxduino63/lib/gcc/libc.a(lib_a-mprec.o)
                0xfff0a110                __mprec_tinytens
 .rodata.__mprec_bigtens
                0xfff0a118        0x8 /home/user/rxduino63/lib/gcc/libc.a(lib_a-mprec.o)
                0xfff0a118                __mprec_bigtens
 .rodata.__mprec_tens
                0xfff0a120       0x64 /home/user/rxduino63/lib/gcc/libc.a(lib_a-mprec.o)
                0xfff0a120                __mprec_tens
 .rodata.p05.2377
                0xfff0a184        0xc /home/user/rxduino63/lib/gcc/libc.a(lib_a-mprec.o)
 .rodata.str1.1
                0x00000000       0x29 /home/user/rxduino63/lib/gcc/libc.a(lib_a-vfiprintf.o)
 .rodata._vfiprintf_r
                0xfff0a190      0x164 /home/user/rxduino63/lib/gcc/libc.a(lib_a-vfiprintf.o)
 .rodata.blanks.3818
                0xfff0a2f4       0x10 /home/user/rxduino63/lib/gcc/libc.a(lib_a-vfiprintf.o)
 .rodata.zeroes.3819
                0xfff0a304       0x10 /home/user/rxduino63/lib/gcc/libc.a(lib_a-vfiprintf.o)
 .rodata.str1.1
                0xfff0a314        0x5 /home/user/rxduino63/lib/libtkdnhal.a(tkdn_ether.o)
 *fill*         0xfff0a319        0x3 00
 .rodata.cst4   0xfff0a31c        0x4 /home/user/rxduino63/lib/libtkdnhal.a(tkdn_ether.o)
 *(C_1)
 *(C_2)
 *(C)
 C              0xfff0a320      0x100 /home/user/rxduino63/lib/gcc/libgcc.a(_clz.o)
                0xfff0a320                __clz_tab
 C              0xfff0a420       0x84 /home/user/rxduino63/lib/libtkdnhal.a(tkdn_gpio.o)
                0xfff0a420                SFP_PINMAP
                0xfff0a434                GPIO_PINMAP
 C              0xfff0a4a4       0x30 /home/user/rxduino63/lib/libtkdnhal.a(tkdn_pwm.o)
 C              0xfff0a4d4        0x8 /home/user/rxduino63/lib/libtkdnhal.a(usb_cdc.o)
 C              0xfff0a4dc       0x2c /home/user/rxduino63/lib/libtkdnhal.a(usb_core.o)
                0xfff0a504                gStringDescriptorLanguageIDsData
 C              0xfff0a508       0xc4 /home/user/rxduino63/lib/libtkdnhal.a(usbdescriptors.o)
                0xfff0a508                gStringDescriptorSerialNum
                0xfff0a510                gStringDescriptorProduct
                0xfff0a518                gStringDescriptorManufacturer
                0xfff0a520                gConfigurationDescriptor
                0xfff0a528                gDeviceDescriptor
 C              0xfff0a5cc       0x20 /home/user/rxduino63/lib/libtkdnhal.a(tkdn_interrupt.o)
                0xfff0a5ec                _erodata = .

.fvectors       0xfff0a5ec       0x30
 *.o(.fvectors)
 .fvectors      0xfff0a5ec       0x30 /home/user/rxduino63/common/intvect.o
                0xfff0a5ec                Fixed_Vectors

.eh_frame_hdr
 *(.eh_frame_hdr)

.eh_frame
 *(.eh_frame)

.jcr
 *(.jcr)

.tors           0xfff0a61c        0x0
                0xfff0a61c                __CTOR_LIST__ = .
                0xfff0a61c                ___ctors = .
 *(.ctors)
                0xfff0a61c                ___ctors_end = .
                0xfff0a61c                __CTOR_END__ = .
                0xfff0a61c                __DTOR_LIST__ = .
                0xfff0a61c                ___dtors = .
 *(.dtors)
                0xfff0a61c                ___dtors_end = .
                0xfff0a61c                __DTOR_END__ = .
                0xfff0a61c                _mdata = .

.istack         0x00020000        0x0
                0x00020000                _istack = .

.ustack         0x0001ff00        0x0
                0x0001ff00                _ustack = .

.data           0x00001000      0x958 load address 0xfff0a61c
                0x00001000                _data = .
 *(.data)
 .data          0x00001000        0x4 /home/user/rxduino63/lib/gstart.o
                0x00001000                __dso_handle
 *(.data.*)
 .data._impure_ptr
                0x00001004        0x4 /home/user/rxduino63/lib/gcc/libc.a(lib_a-impure.o)
                0x00001004                _impure_ptr
 .data.impure_data
                0x00001008      0x424 /home/user/rxduino63/lib/gcc/libc.a(lib_a-impure.o)
 .data.__mb_cur_max
                0x0000142c        0x4 /home/user/rxduino63/lib/gcc/libc.a(lib_a-locale.o)
                0x0000142c                __mb_cur_max
 .data.lc_ctype_charset
                0x00001430       0x20 /home/user/rxduino63/lib/gcc/libc.a(lib_a-locale.o)
 .data.lc_message_charset
                0x00001450       0x20 /home/user/rxduino63/lib/gcc/libc.a(lib_a-locale.o)
 .data.__malloc_sbrk_base
                0x00001470        0x4 /home/user/rxduino63/lib/gcc/libc.a(lib_a-mallocr.o)
                0x00001470                __malloc_sbrk_base
 .data.__malloc_trim_threshold
                0x00001474        0x4 /home/user/rxduino63/lib/gcc/libc.a(lib_a-mallocr.o)
                0x00001474                __malloc_trim_threshold
 .data.__malloc_av_
                0x00001478      0x408 /home/user/rxduino63/lib/gcc/libc.a(lib_a-mallocr.o)
                0x00001478                __malloc_av_
 .data.__wctomb
                0x00001880        0x4 /home/user/rxduino63/lib/gcc/libc.a(lib_a-wctomb_r.o)
                0x00001880                __wctomb
 *(D)
 D              0x00001884        0x4 /home/user/rxduino63/lib/gcc/libsim.a(sbrk.o)
 D              0x00001888       0x6c /home/user/rxduino63/lib/libtkdnhal.a(tkdn_ether.o)
                0x00001888                le0
 D              0x000018f4        0x4 /home/user/rxduino63/lib/libtkdnhal.a(tkdn_pwm.o)
 D              0x000018f8        0x4 /home/user/rxduino63/lib/libtkdnhal.a(tkdn_tone.o)
 D              0x000018fc       0x30 /home/user/rxduino63/lib/libtkdnhal.a(usb_core.o)
 D              0x0000192c       0x24 /home/user/rxduino63/lib/libtkdnhal.a(usb_hal.o)
 D              0x00001950        0x8 /home/user/rxduino63/lib/libtkdnhal.a(tkdn_interrupt.o)
                0x00001950                USBI1_handler
                0x00001954                USBI0_handler
 *(D_1)
 D_1            0x00001958        0x0 /home/user/rxduino63/lib/gstart.o
 D_1            0x00001958        0x0 sample/servo/servo.o
 D_1            0x00001958        0x0 /home/user/rxduino63/common/intvect.o
 D_1            0x00001958        0x0 /home/user/rxduino63/lib/gcc/libc.a(lib_a-printf.o)
 D_1            0x00001958        0x0 /home/user/rxduino63/lib/gcc/libc.a(lib_a-vfprintf.o)
 D_1            0x00001958        0x0 /home/user/rxduino63/lib/gcc/libc.a(lib_a-wsetup.o)
 D_1            0x00001958        0x0 /home/user/rxduino63/lib/gcc/libc.a(lib_a-dtoa.o)
 D_1            0x00001958        0x0 /home/user/rxduino63/lib/gcc/libc.a(lib_a-fflush.o)
 D_1            0x00001958        0x0 /home/user/rxduino63/lib/gcc/libc.a(lib_a-findfp.o)
 D_1            0x00001958        0x0 /home/user/rxduino63/lib/gcc/libc.a(lib_a-freer.o)
 D_1            0x00001958        0x0 /home/user/rxduino63/lib/gcc/libc.a(lib_a-fwalk.o)
 D_1            0x00001958        0x0 /home/user/rxduino63/lib/gcc/libc.a(lib_a-impure.o)
 D_1            0x00001958        0x0 /home/user/rxduino63/lib/gcc/libc.a(lib_a-locale.o)
 D_1            0x00001958        0x0 /home/user/rxduino63/lib/gcc/libc.a(lib_a-makebuf.o)
 D_1            0x00001958        0x0 /home/user/rxduino63/lib/gcc/libc.a(lib_a-mallocr.o)
 D_1            0x00001958        0x0 /home/user/rxduino63/lib/gcc/libc.a(lib_a-memchr.o)
 D_1            0x00001958        0x0 /home/user/rxduino63/lib/gcc/libc.a(lib_a-memcpy.o)
 D_1            0x00001958        0x0 /home/user/rxduino63/lib/gcc/libc.a(lib_a-memset.o)
 D_1            0x00001958        0x0 /home/user/rxduino63/lib/gcc/libc.a(lib_a-mlock.o)
 D_1            0x00001958        0x0 /home/user/rxduino63/lib/gcc/libc.a(lib_a-mprec.o)
 D_1            0x00001958        0x0 /home/user/rxduino63/lib/gcc/libc.a(lib_a-sbrkr.o)
 D_1            0x00001958        0x0 /home/user/rxduino63/lib/gcc/libc.a(lib_a-sf_fpclassify.o)
 D_1            0x00001958        0x0 /home/user/rxduino63/lib/gcc/libc.a(lib_a-stdio.o)
 D_1            0x00001958        0x0 /home/user/rxduino63/lib/gcc/libc.a(lib_a-strcmp.o)
 D_1            0x00001958        0x0 /home/user/rxduino63/lib/gcc/libc.a(lib_a-strlen.o)
 D_1            0x00001958        0x0 /home/user/rxduino63/lib/gcc/libc.a(lib_a-vfiprintf.o)
 D_1            0x00001958        0x0 /home/user/rxduino63/lib/gcc/libc.a(lib_a-writer.o)
 D_1            0x00001958        0x0 /home/user/rxduino63/lib/gcc/libc.a(lib_a-callocr.o)
 D_1            0x00001958        0x0 /home/user/rxduino63/lib/gcc/libc.a(lib_a-closer.o)
 D_1            0x00001958        0x0 /home/user/rxduino63/lib/gcc/libc.a(lib_a-fclose.o)
 D_1            0x00001958        0x0 /home/user/rxduino63/lib/gcc/libc.a(lib_a-fputwc.o)
 D_1            0x00001958        0x0 /home/user/rxduino63/lib/gcc/libc.a(lib_a-fstatr.o)
 D_1            0x00001958        0x0 /home/user/rxduino63/lib/gcc/libc.a(lib_a-fvwrite.o)
 D_1            0x00001958        0x0 /home/user/rxduino63/lib/gcc/libc.a(lib_a-isattyr.o)
 D_1            0x00001958        0x0 /home/user/rxduino63/lib/gcc/libc.a(lib_a-lseekr.o)
 D_1            0x00001958        0x0 /home/user/rxduino63/lib/gcc/libc.a(lib_a-memmove.o)
 D_1            0x00001958        0x0 /home/user/rxduino63/lib/gcc/libc.a(lib_a-readr.o)
 D_1            0x00001958        0x0 /home/user/rxduino63/lib/gcc/libc.a(lib_a-reallocr.o)
 D_1            0x00001958        0x0 /home/user/rxduino63/lib/gcc/libc.a(lib_a-reent.o)
 D_1            0x00001958        0x0 /home/user/rxduino63/lib/gcc/libc.a(lib_a-wbuf.o)
 D_1            0x00001958        0x0 /home/user/rxduino63/lib/gcc/libc.a(lib_a-wcrtomb.o)
 D_1            0x00001958        0x0 /home/user/rxduino63/lib/gcc/libc.a(lib_a-wctomb_r.o)
 D_1            0x00001958        0x0 /home/user/rxduino63/lib/gcc/libsim.a(sbrk.o)
 D_1            0x00001958        0x0 /home/user/rxduino63/lib/gcc/libsim.a(heaptop.o)
 D_1            0x00001958        0x0 /home/user/rxduino63/lib/gcc/libsim.a(close.o)
 D_1            0x00001958        0x0 /home/user/rxduino63/lib/gcc/libsim.a(read.o)
 D_1            0x00001958        0x0 /home/user/rxduino63/lib/gcc/libsim.a(write.o)
 D_1            0x00001958        0x0 /home/user/rxduino63/lib/gcc/libsim.a(lseek.o)
 D_1            0x00001958        0x0 /home/user/rxduino63/lib/gcc/libsim.a(fstat.o)
 D_1            0x00001958        0x0 /home/user/rxduino63/lib/gcc/libsim.a(isatty.o)
 D_1            0x00001958        0x0 /home/user/rxduino63/lib/gcc/libgcc.a(_udivdi3.o)
 D_1            0x00001958        0x0 /home/user/rxduino63/lib/gcc/libgcc.a(_umoddi3.o)
 D_1            0x00001958        0x0 /home/user/rxduino63/lib/gcc/libgcc.a(_clz.o)
 D_1            0x00001958        0x0 /home/user/rxduino63/lib/libtkdnhal.a(hwsetup.o)
 D_1            0x00001958        0x0 /home/user/rxduino63/lib/libtkdnhal.a(tkdn_sci.o)
 D_1            0x00001958        0x0 /home/user/rxduino63/lib/libtkdnhal.a(tkdn_ether.o)
 D_1            0x00001958        0x0 /home/user/rxduino63/lib/libtkdnhal.a(tkdn_timer.o)
 D_1            0x00001958        0x0 /home/user/rxduino63/lib/libtkdnhal.a(tkdn_gpio.o)
 D_1            0x00001958        0x0 /home/user/rxduino63/lib/libtkdnhal.a(tkdn_pwm.o)
 D_1            0x00001958        0x0 /home/user/rxduino63/lib/libtkdnhal.a(tkdn_tone.o)
 D_1            0x00001958        0x0 /home/user/rxduino63/lib/libtkdnhal.a(phy.o)
 D_1            0x00001958        0x0 /home/user/rxduino63/lib/libtkdnhal.a(eidi.o)
 D_1            0x00001958        0x0 /home/user/rxduino63/lib/libtkdnhal.a(usb_cdc.o)
 D_1            0x00001958        0x0 /home/user/rxduino63/lib/libtkdnhal.a(usb_core.o)
 D_1            0x00001958        0x0 /home/user/rxduino63/lib/libtkdnhal.a(usb_hal.o)
 D_1            0x00001958        0x0 /home/user/rxduino63/lib/libtkdnhal.a(usbdescriptors.o)
 D_1            0x00001958        0x0 /home/user/rxduino63/lib/libtkdnhal.a(tkdn_interrupt.o)
 D_1            0x00001958        0x0 /home/user/rxduino63/lib/libtkdnhal.a(tkdn_servo.o)
 *(D_2)
                0x00001958                _edata = .

.etherdesc      0x00001958     0x1100 load address 0xfff0af74
 .etherdesc     0x00001958     0x1100 /home/user/rxduino63/lib/libtkdnhal.a(tkdn_ether.o)

.gcc_exc
 *(.gcc_exc)

.bss            0x00002a58      0x540 load address 0xfff0c074
                0x00002a58                _bss = .
 *(.bss)
 *(.bss.*)
 .bss._PathLocale
                0x00002a58        0x4 /home/user/rxduino63/lib/gcc/libc.a(lib_a-locale.o)
                0x00002a58                _PathLocale
 .bss.__mlocale_changed
                0x00002a5c        0x4 /home/user/rxduino63/lib/gcc/libc.a(lib_a-locale.o)
                0x00002a5c                __mlocale_changed
 .bss.__nlocale_changed
                0x00002a60        0x4 /home/user/rxduino63/lib/gcc/libc.a(lib_a-locale.o)
                0x00002a60                __nlocale_changed
 .bss.__malloc_current_mallinfo
                0x00002a64       0x28 /home/user/rxduino63/lib/gcc/libc.a(lib_a-mallocr.o)
                0x00002a64                __malloc_current_mallinfo
 .bss.__malloc_max_total_mem
                0x00002a8c        0x4 /home/user/rxduino63/lib/gcc/libc.a(lib_a-mallocr.o)
                0x00002a8c                __malloc_max_total_mem
 .bss.__malloc_max_sbrked_mem
                0x00002a90        0x4 /home/user/rxduino63/lib/gcc/libc.a(lib_a-mallocr.o)
                0x00002a90                __malloc_max_sbrked_mem
 .bss.__malloc_top_pad
                0x00002a94        0x4 /home/user/rxduino63/lib/gcc/libc.a(lib_a-mallocr.o)
                0x00002a94                __malloc_top_pad
 *(COMMON)
 COMMON         0x00002a98        0x4 /home/user/rxduino63/lib/gcc/libc.a(lib_a-reent.o)
                0x00002a98                errno
 COMMON         0x00002a9c       0x1c /home/user/rxduino63/lib/libtkdnhal.a(tkdn_sci.o)
                0x00002a9c                sci_default
                0x00002aa0                sci_handles
 COMMON         0x00002ab8        0x4 /home/user/rxduino63/lib/libtkdnhal.a(tkdn_ether.o)
                0x00002ab8                user_rx_func
 COMMON         0x00002abc       0x20 /home/user/rxduino63/lib/libtkdnhal.a(tkdn_interrupt.o)
                0x00002abc                ifunc
 COMMON         0x00002adc        0x4 /home/user/rxduino63/lib/libtkdnhal.a(tkdn_servo.o)
                0x00002adc                default_servo
 *(B)
 B              0x00002ae0        0x8 sample/servo/servo.o
                0x00002ae0                x
                0x00002ae4                servo
 B              0x00002ae8        0xc /home/user/rxduino63/lib/libtkdnhal.a(tkdn_timer.o)
                0x00002ae8                disktimer
                0x00002aec                userfunc
                0x00002af0                tim_1ms
 B              0x00002af4        0x4 /home/user/rxduino63/lib/libtkdnhal.a(tkdn_pwm.o)
                0x00002af4                pwmpincount
 *(B_1)
 B_1            0x00002af8        0x0 /home/user/rxduino63/lib/gstart.o
 B_1            0x00002af8        0x0 sample/servo/servo.o
 B_1            0x00002af8        0x0 /home/user/rxduino63/common/intvect.o
 B_1            0x00002af8        0x0 /home/user/rxduino63/lib/gcc/libc.a(lib_a-printf.o)
 B_1            0x00002af8        0x0 /home/user/rxduino63/lib/gcc/libc.a(lib_a-vfprintf.o)
 B_1            0x00002af8        0x0 /home/user/rxduino63/lib/gcc/libc.a(lib_a-wsetup.o)
 B_1            0x00002af8        0x0 /home/user/rxduino63/lib/gcc/libc.a(lib_a-dtoa.o)
 B_1            0x00002af8        0x0 /home/user/rxduino63/lib/gcc/libc.a(lib_a-fflush.o)
 B_1            0x00002af8        0x0 /home/user/rxduino63/lib/gcc/libc.a(lib_a-findfp.o)
 B_1            0x00002af8        0x0 /home/user/rxduino63/lib/gcc/libc.a(lib_a-freer.o)
 B_1            0x00002af8        0x0 /home/user/rxduino63/lib/gcc/libc.a(lib_a-fwalk.o)
 B_1            0x00002af8        0x0 /home/user/rxduino63/lib/gcc/libc.a(lib_a-impure.o)
 B_1            0x00002af8        0x0 /home/user/rxduino63/lib/gcc/libc.a(lib_a-locale.o)
 B_1            0x00002af8        0x0 /home/user/rxduino63/lib/gcc/libc.a(lib_a-makebuf.o)
 B_1            0x00002af8        0x0 /home/user/rxduino63/lib/gcc/libc.a(lib_a-mallocr.o)
 B_1            0x00002af8        0x0 /home/user/rxduino63/lib/gcc/libc.a(lib_a-memchr.o)
 B_1            0x00002af8        0x0 /home/user/rxduino63/lib/gcc/libc.a(lib_a-memcpy.o)
 B_1            0x00002af8        0x0 /home/user/rxduino63/lib/gcc/libc.a(lib_a-memset.o)
 B_1            0x00002af8        0x0 /home/user/rxduino63/lib/gcc/libc.a(lib_a-mlock.o)
 B_1            0x00002af8        0x0 /home/user/rxduino63/lib/gcc/libc.a(lib_a-mprec.o)
 B_1            0x00002af8        0x0 /home/user/rxduino63/lib/gcc/libc.a(lib_a-sbrkr.o)
 B_1            0x00002af8        0x0 /home/user/rxduino63/lib/gcc/libc.a(lib_a-sf_fpclassify.o)
 B_1            0x00002af8        0x0 /home/user/rxduino63/lib/gcc/libc.a(lib_a-stdio.o)
 B_1            0x00002af8        0x0 /home/user/rxduino63/lib/gcc/libc.a(lib_a-strcmp.o)
 B_1            0x00002af8        0x0 /home/user/rxduino63/lib/gcc/libc.a(lib_a-strlen.o)
 B_1            0x00002af8        0x0 /home/user/rxduino63/lib/gcc/libc.a(lib_a-vfiprintf.o)
 B_1            0x00002af8        0x0 /home/user/rxduino63/lib/gcc/libc.a(lib_a-writer.o)
 B_1            0x00002af8        0x0 /home/user/rxduino63/lib/gcc/libc.a(lib_a-callocr.o)
 B_1            0x00002af8        0x0 /home/user/rxduino63/lib/gcc/libc.a(lib_a-closer.o)
 B_1            0x00002af8        0x0 /home/user/rxduino63/lib/gcc/libc.a(lib_a-fclose.o)
 B_1            0x00002af8        0x0 /home/user/rxduino63/lib/gcc/libc.a(lib_a-fputwc.o)
 B_1            0x00002af8        0x0 /home/user/rxduino63/lib/gcc/libc.a(lib_a-fstatr.o)
 B_1            0x00002af8        0x0 /home/user/rxduino63/lib/gcc/libc.a(lib_a-fvwrite.o)
 B_1            0x00002af8        0x0 /home/user/rxduino63/lib/gcc/libc.a(lib_a-isattyr.o)
 B_1            0x00002af8        0x0 /home/user/rxduino63/lib/gcc/libc.a(lib_a-lseekr.o)
 B_1            0x00002af8        0x0 /home/user/rxduino63/lib/gcc/libc.a(lib_a-memmove.o)
 B_1            0x00002af8        0x0 /home/user/rxduino63/lib/gcc/libc.a(lib_a-readr.o)
 B_1            0x00002af8        0x0 /home/user/rxduino63/lib/gcc/libc.a(lib_a-reallocr.o)
 B_1            0x00002af8        0x0 /home/user/rxduino63/lib/gcc/libc.a(lib_a-reent.o)
 B_1            0x00002af8        0x0 /home/user/rxduino63/lib/gcc/libc.a(lib_a-wbuf.o)
 B_1            0x00002af8        0x0 /home/user/rxduino63/lib/gcc/libc.a(lib_a-wcrtomb.o)
 B_1            0x00002af8        0x0 /home/user/rxduino63/lib/gcc/libc.a(lib_a-wctomb_r.o)
 B_1            0x00002af8        0x0 /home/user/rxduino63/lib/gcc/libsim.a(sbrk.o)
 B_1            0x00002af8        0x0 /home/user/rxduino63/lib/gcc/libsim.a(heaptop.o)
 B_1            0x00002af8        0x0 /home/user/rxduino63/lib/gcc/libsim.a(close.o)
 B_1            0x00002af8        0x0 /home/user/rxduino63/lib/gcc/libsim.a(read.o)
 B_1            0x00002af8        0x0 /home/user/rxduino63/lib/gcc/libsim.a(write.o)
 B_1            0x00002af8        0x0 /home/user/rxduino63/lib/gcc/libsim.a(lseek.o)
 B_1            0x00002af8        0x0 /home/user/rxduino63/lib/gcc/libsim.a(fstat.o)
 B_1            0x00002af8        0x0 /home/user/rxduino63/lib/gcc/libsim.a(isatty.o)
 B_1            0x00002af8        0x0 /home/user/rxduino63/lib/gcc/libgcc.a(_udivdi3.o)
 B_1            0x00002af8        0x0 /home/user/rxduino63/lib/gcc/libgcc.a(_umoddi3.o)
 B_1            0x00002af8        0x0 /home/user/rxduino63/lib/gcc/libgcc.a(_clz.o)
 B_1            0x00002af8        0x0 /home/user/rxduino63/lib/libtkdnhal.a(hwsetup.o)
 B_1            0x00002af8        0x0 /home/user/rxduino63/lib/libtkdnhal.a(tkdn_sci.o)
 B_1            0x00002af8        0x4 /home/user/rxduino63/lib/libtkdnhal.a(tkdn_ether.o)
 B_1            0x00002afc        0x0 /home/user/rxduino63/lib/libtkdnhal.a(tkdn_timer.o)
 B_1            0x00002afc        0x0 /home/user/rxduino63/lib/libtkdnhal.a(tkdn_gpio.o)
 B_1            0x00002afc       0x28 /home/user/rxduino63/lib/libtkdnhal.a(tkdn_pwm.o)
 B_1            0x00002b24        0x4 /home/user/rxduino63/lib/libtkdnhal.a(tkdn_tone.o)
 B_1            0x00002b28        0x0 /home/user/rxduino63/lib/libtkdnhal.a(phy.o)
 B_1            0x00002b28        0x0 /home/user/rxduino63/lib/libtkdnhal.a(eidi.o)
 B_1            0x00002b28       0x10 /home/user/rxduino63/lib/libtkdnhal.a(usb_cdc.o)
 B_1            0x00002b38       0x14 /home/user/rxduino63/lib/libtkdnhal.a(usb_core.o)
 B_1            0x00002b4c      0x44c /home/user/rxduino63/lib/libtkdnhal.a(usb_hal.o)
 B_1            0x00002f98        0x0 /home/user/rxduino63/lib/libtkdnhal.a(usbdescriptors.o)
 B_1            0x00002f98        0x0 /home/user/rxduino63/lib/libtkdnhal.a(tkdn_interrupt.o)
 B_1            0x00002f98        0x0 /home/user/rxduino63/lib/libtkdnhal.a(tkdn_servo.o)
 *(B_2)
                0x00002f98                _ebss = .
                0x00002f98                _end = .
LOAD sample/servo/servo.o
LOAD /home/user/rxduino63/common/intvect.o
LOAD /home/user/rxduino63/lib/libspi.a
LOAD /home/user/rxduino63/lib/libservo.a
LOAD /home/user/rxduino63/lib/libliquidcrystal.a
LOAD /home/user/rxduino63/lib/libsdmmc.a
LOAD /home/user/rxduino63/lib/librxduino.a
LOAD /home/user/rxduino63/lib/gcc/libstdc++.a
LOAD /home/user/rxduino63/lib/gcc/libsupc++.a
LOAD /home/user/rxduino63/lib/gcc/libc.a
LOAD /home/user/rxduino63/lib/gcc/libsim.a
LOAD /home/user/rxduino63/lib/gcc/libgcc.a
LOAD /home/user/rxduino63/lib/gcc/libm.a
LOAD /home/user/rxduino63/lib/libtkdnhal.a
OUTPUT(sample/servo/servo.elf elf32-rx-le)

.debug_frame    0x00000000     0x16ac
 .debug_frame   0x00000000       0x4c sample/servo/servo.o
 .debug_frame   0x0000004c      0xa2c /home/user/rxduino63/common/intvect.o
 .debug_frame   0x00000a78       0x3c /home/user/rxduino63/lib/gcc/libc.a(lib_a-printf.o)
 .debug_frame   0x00000ab4       0x4c /home/user/rxduino63/lib/gcc/libc.a(lib_a-vfprintf.o)
 .debug_frame   0x00000b00       0x30 /home/user/rxduino63/lib/gcc/libc.a(lib_a-wsetup.o)
 .debug_frame   0x00000b30       0x64 /home/user/rxduino63/lib/gcc/libc.a(lib_a-dtoa.o)
 .debug_frame   0x00000b94       0x48 /home/user/rxduino63/lib/gcc/libc.a(lib_a-fflush.o)
 .debug_frame   0x00000bdc      0x128 /home/user/rxduino63/lib/gcc/libc.a(lib_a-findfp.o)
 .debug_frame   0x00000d04       0x54 /home/user/rxduino63/lib/gcc/libc.a(lib_a-freer.o)
 .debug_frame   0x00000d58       0x5c /home/user/rxduino63/lib/gcc/libc.a(lib_a-fwalk.o)
 .debug_frame   0x00000db4       0x90 /home/user/rxduino63/lib/gcc/libc.a(lib_a-locale.o)
 .debug_frame   0x00000e44       0x38 /home/user/rxduino63/lib/gcc/libc.a(lib_a-makebuf.o)
 .debug_frame   0x00000e7c       0x3c /home/user/rxduino63/lib/gcc/libc.a(lib_a-mallocr.o)
 .debug_frame   0x00000eb8       0x34 /home/user/rxduino63/lib/gcc/libc.a(lib_a-mlock.o)
 .debug_frame   0x00000eec      0x220 /home/user/rxduino63/lib/gcc/libc.a(lib_a-mprec.o)
 .debug_frame   0x0000110c       0x30 /home/user/rxduino63/lib/gcc/libc.a(lib_a-sbrkr.o)
 .debug_frame   0x0000113c       0x24 /home/user/rxduino63/lib/gcc/libc.a(lib_a-sf_fpclassify.o)
 .debug_frame   0x00001160       0x84 /home/user/rxduino63/lib/gcc/libc.a(lib_a-stdio.o)
 .debug_frame   0x000011e4       0x70 /home/user/rxduino63/lib/gcc/libc.a(lib_a-vfiprintf.o)
 .debug_frame   0x00001254       0x30 /home/user/rxduino63/lib/gcc/libc.a(lib_a-writer.o)
 .debug_frame   0x00001284       0x2c /home/user/rxduino63/lib/gcc/libc.a(lib_a-callocr.o)
 .debug_frame   0x000012b0       0x30 /home/user/rxduino63/lib/gcc/libc.a(lib_a-closer.o)
 .debug_frame   0x000012e0       0x44 /home/user/rxduino63/lib/gcc/libc.a(lib_a-fclose.o)
 .debug_frame   0x00001324       0x5c /home/user/rxduino63/lib/gcc/libc.a(lib_a-fputwc.o)
 .debug_frame   0x00001380       0x30 /home/user/rxduino63/lib/gcc/libc.a(lib_a-fstatr.o)
 .debug_frame   0x000013b0       0x3c /home/user/rxduino63/lib/gcc/libc.a(lib_a-fvwrite.o)
 .debug_frame   0x000013ec       0x30 /home/user/rxduino63/lib/gcc/libc.a(lib_a-isattyr.o)
 .debug_frame   0x0000141c       0x30 /home/user/rxduino63/lib/gcc/libc.a(lib_a-lseekr.o)
 .debug_frame   0x0000144c       0x30 /home/user/rxduino63/lib/gcc/libc.a(lib_a-readr.o)
 .debug_frame   0x0000147c       0x3c /home/user/rxduino63/lib/gcc/libc.a(lib_a-reallocr.o)
 .debug_frame   0x000014b8       0x70 /home/user/rxduino63/lib/gcc/libc.a(lib_a-reent.o)
 .debug_frame   0x00001528       0x44 /home/user/rxduino63/lib/gcc/libc.a(lib_a-wbuf.o)
 .debug_frame   0x0000156c       0x5c /home/user/rxduino63/lib/gcc/libc.a(lib_a-wcrtomb.o)
 .debug_frame   0x000015c8       0x48 /home/user/rxduino63/lib/gcc/libc.a(lib_a-wctomb_r.o)
 .debug_frame   0x00001610       0x2c /home/user/rxduino63/lib/gcc/libsim.a(sbrk.o)
 .debug_frame   0x0000163c       0x38 /home/user/rxduino63/lib/gcc/libgcc.a(_udivdi3.o)
 .debug_frame   0x00001674       0x38 /home/user/rxduino63/lib/gcc/libgcc.a(_umoddi3.o)

.debug_info     0x00000000    0x1906f
 .debug_info    0x00000000      0x27f sample/servo/servo.o
 .debug_info    0x0000027f      0xdd4 /home/user/rxduino63/common/intvect.o
 .debug_info    0x00001053      0xa0e /home/user/rxduino63/lib/gcc/libc.a(lib_a-printf.o)
 .debug_info    0x00001a61     0x10f3 /home/user/rxduino63/lib/gcc/libc.a(lib_a-vfprintf.o)
 .debug_info    0x00002b54      0x995 /home/user/rxduino63/lib/gcc/libc.a(lib_a-wsetup.o)
 .debug_info    0x000034e9      0xdcf /home/user/rxduino63/lib/gcc/libc.a(lib_a-dtoa.o)
 .debug_info    0x000042b8      0xab1 /home/user/rxduino63/lib/gcc/libc.a(lib_a-fflush.o)
 .debug_info    0x00004d69      0xbf9 /home/user/rxduino63/lib/gcc/libc.a(lib_a-findfp.o)
 .debug_info    0x00005962      0xc21 /home/user/rxduino63/lib/gcc/libc.a(lib_a-freer.o)
 .debug_info    0x00006583      0xb31 /home/user/rxduino63/lib/gcc/libc.a(lib_a-fwalk.o)
 .debug_info    0x000070b4      0x965 /home/user/rxduino63/lib/gcc/libc.a(lib_a-impure.o)
 .debug_info    0x00007a19      0xc73 /home/user/rxduino63/lib/gcc/libc.a(lib_a-locale.o)
 .debug_info    0x0000868c      0xb47 /home/user/rxduino63/lib/gcc/libc.a(lib_a-makebuf.o)
 .debug_info    0x000091d3      0xd6e /home/user/rxduino63/lib/gcc/libc.a(lib_a-mallocr.o)
 .debug_info    0x00009f41      0x983 /home/user/rxduino63/lib/gcc/libc.a(lib_a-mlock.o)
 .debug_info    0x0000a8c4     0x14f6 /home/user/rxduino63/lib/gcc/libc.a(lib_a-mprec.o)
 .debug_info    0x0000bdba      0x9af /home/user/rxduino63/lib/gcc/libc.a(lib_a-sbrkr.o)
 .debug_info    0x0000c769       0xca /home/user/rxduino63/lib/gcc/libc.a(lib_a-sf_fpclassify.o)
 .debug_info    0x0000c833      0xb38 /home/user/rxduino63/lib/gcc/libc.a(lib_a-stdio.o)
 .debug_info    0x0000d36b      0xf40 /home/user/rxduino63/lib/gcc/libc.a(lib_a-vfiprintf.o)
 .debug_info    0x0000e2ab      0x9ca /home/user/rxduino63/lib/gcc/libc.a(lib_a-writer.o)
 .debug_info    0x0000ec75      0xa4b /home/user/rxduino63/lib/gcc/libc.a(lib_a-callocr.o)
 .debug_info    0x0000f6c0      0x98f /home/user/rxduino63/lib/gcc/libc.a(lib_a-closer.o)
 .debug_info    0x0001004f      0x9ce /home/user/rxduino63/lib/gcc/libc.a(lib_a-fclose.o)
 .debug_info    0x00010a1d      0xac4 /home/user/rxduino63/lib/gcc/libc.a(lib_a-fputwc.o)
 .debug_info    0x000114e1      0xb33 /home/user/rxduino63/lib/gcc/libc.a(lib_a-fstatr.o)
 .debug_info    0x00012014      0xab6 /home/user/rxduino63/lib/gcc/libc.a(lib_a-fvwrite.o)
 .debug_info    0x00012aca      0x98f /home/user/rxduino63/lib/gcc/libc.a(lib_a-isattyr.o)
 .debug_info    0x00013459      0x9b8 /home/user/rxduino63/lib/gcc/libc.a(lib_a-lseekr.o)
 .debug_info    0x00013e11      0x9c3 /home/user/rxduino63/lib/gcc/libc.a(lib_a-readr.o)
 .debug_info    0x000147d4      0xbc1 /home/user/rxduino63/lib/gcc/libc.a(lib_a-reallocr.o)
 .debug_info    0x00015395      0xa53 /home/user/rxduino63/lib/gcc/libc.a(lib_a-reent.o)
 .debug_info    0x00015de8      0x9e8 /home/user/rxduino63/lib/gcc/libc.a(lib_a-wbuf.o)
 .debug_info    0x000167d0      0xa9c /home/user/rxduino63/lib/gcc/libc.a(lib_a-wcrtomb.o)
 .debug_info    0x0001726c      0xa5e /home/user/rxduino63/lib/gcc/libc.a(lib_a-wctomb_r.o)
 .debug_info    0x00017cca       0xa0 /home/user/rxduino63/lib/gcc/libsim.a(sbrk.o)
 .debug_info    0x00017d6a       0x88 /home/user/rxduino63/lib/gcc/libsim.a(heaptop.o)
 .debug_info    0x00017df2       0x86 /home/user/rxduino63/lib/gcc/libsim.a(close.o)
 .debug_info    0x00017e78       0x85 /home/user/rxduino63/lib/gcc/libsim.a(read.o)
 .debug_info    0x00017efd       0x86 /home/user/rxduino63/lib/gcc/libsim.a(write.o)
 .debug_info    0x00017f83       0x86 /home/user/rxduino63/lib/gcc/libsim.a(lseek.o)
 .debug_info    0x00018009       0x86 /home/user/rxduino63/lib/gcc/libsim.a(fstat.o)
 .debug_info    0x0001808f       0x87 /home/user/rxduino63/lib/gcc/libsim.a(isatty.o)
 .debug_info    0x00018116      0x72a /home/user/rxduino63/lib/gcc/libgcc.a(_udivdi3.o)
 .debug_info    0x00018840      0x77b /home/user/rxduino63/lib/gcc/libgcc.a(_umoddi3.o)
 .debug_info    0x00018fbb       0xb4 /home/user/rxduino63/lib/gcc/libgcc.a(_clz.o)

.debug_abbrev   0x00000000     0x453d
 .debug_abbrev  0x00000000      0x122 sample/servo/servo.o
 .debug_abbrev  0x00000122       0xbd /home/user/rxduino63/common/intvect.o
 .debug_abbrev  0x000001df      0x1d3 /home/user/rxduino63/lib/gcc/libc.a(lib_a-printf.o)
 .debug_abbrev  0x000003b2      0x335 /home/user/rxduino63/lib/gcc/libc.a(lib_a-vfprintf.o)
 .debug_abbrev  0x000006e7      0x181 /home/user/rxduino63/lib/gcc/libc.a(lib_a-wsetup.o)
 .debug_abbrev  0x00000868      0x229 /home/user/rxduino63/lib/gcc/libc.a(lib_a-dtoa.o)
 .debug_abbrev  0x00000a91      0x200 /home/user/rxduino63/lib/gcc/libc.a(lib_a-fflush.o)
 .debug_abbrev  0x00000c91      0x2a9 /home/user/rxduino63/lib/gcc/libc.a(lib_a-findfp.o)
 .debug_abbrev  0x00000f3a      0x233 /home/user/rxduino63/lib/gcc/libc.a(lib_a-freer.o)
 .debug_abbrev  0x0000116d      0x210 /home/user/rxduino63/lib/gcc/libc.a(lib_a-fwalk.o)
 .debug_abbrev  0x0000137d      0x166 /home/user/rxduino63/lib/gcc/libc.a(lib_a-impure.o)
 .debug_abbrev  0x000014e3      0x24f /home/user/rxduino63/lib/gcc/libc.a(lib_a-locale.o)
 .debug_abbrev  0x00001732      0x19b /home/user/rxduino63/lib/gcc/libc.a(lib_a-makebuf.o)
 .debug_abbrev  0x000018cd      0x235 /home/user/rxduino63/lib/gcc/libc.a(lib_a-mallocr.o)
 .debug_abbrev  0x00001b02      0x17b /home/user/rxduino63/lib/gcc/libc.a(lib_a-mlock.o)
 .debug_abbrev  0x00001c7d      0x310 /home/user/rxduino63/lib/gcc/libc.a(lib_a-mprec.o)
 .debug_abbrev  0x00001f8d      0x1b2 /home/user/rxduino63/lib/gcc/libc.a(lib_a-sbrkr.o)
 .debug_abbrev  0x0000213f       0x6e /home/user/rxduino63/lib/gcc/libc.a(lib_a-sf_fpclassify.o)
 .debug_abbrev  0x000021ad      0x1f8 /home/user/rxduino63/lib/gcc/libc.a(lib_a-stdio.o)
 .debug_abbrev  0x000023a5      0x32c /home/user/rxduino63/lib/gcc/libc.a(lib_a-vfiprintf.o)
 .debug_abbrev  0x000026d1      0x195 /home/user/rxduino63/lib/gcc/libc.a(lib_a-writer.o)
 .debug_abbrev  0x00002866      0x1c2 /home/user/rxduino63/lib/gcc/libc.a(lib_a-callocr.o)
 .debug_abbrev  0x00002a28      0x190 /home/user/rxduino63/lib/gcc/libc.a(lib_a-closer.o)
 .debug_abbrev  0x00002bb8      0x1b8 /home/user/rxduino63/lib/gcc/libc.a(lib_a-fclose.o)
 .debug_abbrev  0x00002d70      0x1ff /home/user/rxduino63/lib/gcc/libc.a(lib_a-fputwc.o)
 .debug_abbrev  0x00002f6f      0x19f /home/user/rxduino63/lib/gcc/libc.a(lib_a-fstatr.o)
 .debug_abbrev  0x0000310e      0x1a7 /home/user/rxduino63/lib/gcc/libc.a(lib_a-fvwrite.o)
 .debug_abbrev  0x000032b5      0x190 /home/user/rxduino63/lib/gcc/libc.a(lib_a-isattyr.o)
 .debug_abbrev  0x00003445      0x19f /home/user/rxduino63/lib/gcc/libc.a(lib_a-lseekr.o)
 .debug_abbrev  0x000035e4      0x190 /home/user/rxduino63/lib/gcc/libc.a(lib_a-readr.o)
 .debug_abbrev  0x00003774      0x1ee /home/user/rxduino63/lib/gcc/libc.a(lib_a-reallocr.o)
 .debug_abbrev  0x00003962      0x211 /home/user/rxduino63/lib/gcc/libc.a(lib_a-reent.o)
 .debug_abbrev  0x00003b73      0x1a9 /home/user/rxduino63/lib/gcc/libc.a(lib_a-wbuf.o)
 .debug_abbrev  0x00003d1c      0x1b0 /home/user/rxduino63/lib/gcc/libc.a(lib_a-wcrtomb.o)
 .debug_abbrev  0x00003ecc      0x1db /home/user/rxduino63/lib/gcc/libc.a(lib_a-wctomb_r.o)
 .debug_abbrev  0x000040a7       0x8a /home/user/rxduino63/lib/gcc/libsim.a(sbrk.o)
 .debug_abbrev  0x00004131       0x14 /home/user/rxduino63/lib/gcc/libsim.a(heaptop.o)
 .debug_abbrev  0x00004145       0x14 /home/user/rxduino63/lib/gcc/libsim.a(close.o)
 .debug_abbrev  0x00004159       0x14 /home/user/rxduino63/lib/gcc/libsim.a(read.o)
 .debug_abbrev  0x0000416d       0x14 /home/user/rxduino63/lib/gcc/libsim.a(write.o)
 .debug_abbrev  0x00004181       0x14 /home/user/rxduino63/lib/gcc/libsim.a(lseek.o)
 .debug_abbrev  0x00004195       0x14 /home/user/rxduino63/lib/gcc/libsim.a(fstat.o)
 .debug_abbrev  0x000041a9       0x14 /home/user/rxduino63/lib/gcc/libsim.a(isatty.o)
 .debug_abbrev  0x000041bd      0x17e /home/user/rxduino63/lib/gcc/libgcc.a(_udivdi3.o)
 .debug_abbrev  0x0000433b      0x1a1 /home/user/rxduino63/lib/gcc/libgcc.a(_umoddi3.o)
 .debug_abbrev  0x000044dc       0x61 /home/user/rxduino63/lib/gcc/libgcc.a(_clz.o)

.debug_loc      0x00000000     0xbd50
 .debug_loc     0x00000000       0xc6 sample/servo/servo.o
 .debug_loc     0x000000c6       0xd0 /home/user/rxduino63/common/intvect.o
 .debug_loc     0x00000196       0xa7 /home/user/rxduino63/lib/gcc/libc.a(lib_a-printf.o)
 .debug_loc     0x0000023d     0x258d /home/user/rxduino63/lib/gcc/libc.a(lib_a-vfprintf.o)
 .debug_loc     0x000027ca       0x93 /home/user/rxduino63/lib/gcc/libc.a(lib_a-wsetup.o)
 .debug_loc     0x0000285d     0x2361 /home/user/rxduino63/lib/gcc/libc.a(lib_a-dtoa.o)
 .debug_loc     0x00004bbe      0x299 /home/user/rxduino63/lib/gcc/libc.a(lib_a-fflush.o)
 .debug_loc     0x00004e57      0x219 /home/user/rxduino63/lib/gcc/libc.a(lib_a-findfp.o)
 .debug_loc     0x00005070      0x115 /home/user/rxduino63/lib/gcc/libc.a(lib_a-freer.o)
 .debug_loc     0x00005185      0x281 /home/user/rxduino63/lib/gcc/libc.a(lib_a-fwalk.o)
 .debug_loc     0x00005406       0xb3 /home/user/rxduino63/lib/gcc/libc.a(lib_a-locale.o)
 .debug_loc     0x000054b9      0x144 /home/user/rxduino63/lib/gcc/libc.a(lib_a-makebuf.o)
 .debug_loc     0x000055fd      0xae2 /home/user/rxduino63/lib/gcc/libc.a(lib_a-mallocr.o)
 .debug_loc     0x000060df     0x185f /home/user/rxduino63/lib/gcc/libc.a(lib_a-mprec.o)
 .debug_loc     0x0000793e       0x51 /home/user/rxduino63/lib/gcc/libc.a(lib_a-sbrkr.o)
 .debug_loc     0x0000798f       0x84 /home/user/rxduino63/lib/gcc/libc.a(lib_a-sf_fpclassify.o)
 .debug_loc     0x00007a13      0x23a /home/user/rxduino63/lib/gcc/libc.a(lib_a-stdio.o)
 .debug_loc     0x00007c4d     0x1422 /home/user/rxduino63/lib/gcc/libc.a(lib_a-vfiprintf.o)
 .debug_loc     0x0000906f       0x8d /home/user/rxduino63/lib/gcc/libc.a(lib_a-writer.o)
 .debug_loc     0x000090fc      0x1d0 /home/user/rxduino63/lib/gcc/libc.a(lib_a-callocr.o)
 .debug_loc     0x000092cc       0x51 /home/user/rxduino63/lib/gcc/libc.a(lib_a-closer.o)
 .debug_loc     0x0000931d       0xcf /home/user/rxduino63/lib/gcc/libc.a(lib_a-fclose.o)
 .debug_loc     0x000093ec      0x1b3 /home/user/rxduino63/lib/gcc/libc.a(lib_a-fputwc.o)
 .debug_loc     0x0000959f       0x6f /home/user/rxduino63/lib/gcc/libc.a(lib_a-fstatr.o)
 .debug_loc     0x0000960e      0x5a7 /home/user/rxduino63/lib/gcc/libc.a(lib_a-fvwrite.o)
 .debug_loc     0x00009bb5       0x51 /home/user/rxduino63/lib/gcc/libc.a(lib_a-isattyr.o)
 .debug_loc     0x00009c06       0x8d /home/user/rxduino63/lib/gcc/libc.a(lib_a-lseekr.o)
 .debug_loc     0x00009c93       0x8d /home/user/rxduino63/lib/gcc/libc.a(lib_a-readr.o)
 .debug_loc     0x00009d20       0x2c /home/user/rxduino63/lib/gcc/libc.a(lib_a-reallocr.o)
 .debug_loc     0x00009d4c      0x13e /home/user/rxduino63/lib/gcc/libc.a(lib_a-reent.o)
 .debug_loc     0x00009e8a      0x128 /home/user/rxduino63/lib/gcc/libc.a(lib_a-wbuf.o)
 .debug_loc     0x00009fb2      0x20f /home/user/rxduino63/lib/gcc/libc.a(lib_a-wcrtomb.o)
 .debug_loc     0x0000a1c1       0xea /home/user/rxduino63/lib/gcc/libc.a(lib_a-wctomb_r.o)
 .debug_loc     0x0000a2ab       0x55 /home/user/rxduino63/lib/gcc/libsim.a(sbrk.o)
 .debug_loc     0x0000a300      0xdc1 /home/user/rxduino63/lib/gcc/libgcc.a(_udivdi3.o)
 .debug_loc     0x0000b0c1      0xc8f /home/user/rxduino63/lib/gcc/libgcc.a(_umoddi3.o)

.debug_aranges  0x00000000      0x750
 .debug_aranges
                0x00000000       0x28 sample/servo/servo.o
 .debug_aranges
                0x00000028       0x20 /home/user/rxduino63/common/intvect.o
 .debug_aranges
                0x00000048       0x28 /home/user/rxduino63/lib/gcc/libc.a(lib_a-printf.o)
 .debug_aranges
                0x00000070       0x28 /home/user/rxduino63/lib/gcc/libc.a(lib_a-vfprintf.o)
 .debug_aranges
                0x00000098       0x20 /home/user/rxduino63/lib/gcc/libc.a(lib_a-wsetup.o)
 .debug_aranges
                0x000000b8       0x28 /home/user/rxduino63/lib/gcc/libc.a(lib_a-dtoa.o)
 .debug_aranges
                0x000000e0       0x28 /home/user/rxduino63/lib/gcc/libc.a(lib_a-fflush.o)
 .debug_aranges
                0x00000108       0x88 /home/user/rxduino63/lib/gcc/libc.a(lib_a-findfp.o)
 .debug_aranges
                0x00000190       0x28 /home/user/rxduino63/lib/gcc/libc.a(lib_a-freer.o)
 .debug_aranges
                0x000001b8       0x28 /home/user/rxduino63/lib/gcc/libc.a(lib_a-fwalk.o)
 .debug_aranges
                0x000001e0       0x50 /home/user/rxduino63/lib/gcc/libc.a(lib_a-locale.o)
 .debug_aranges
                0x00000230       0x20 /home/user/rxduino63/lib/gcc/libc.a(lib_a-makebuf.o)
 .debug_aranges
                0x00000250       0x20 /home/user/rxduino63/lib/gcc/libc.a(lib_a-mallocr.o)
 .debug_aranges
                0x00000270       0x28 /home/user/rxduino63/lib/gcc/libc.a(lib_a-mlock.o)
 .debug_aranges
                0x00000298       0xb0 /home/user/rxduino63/lib/gcc/libc.a(lib_a-mprec.o)
 .debug_aranges
                0x00000348       0x20 /home/user/rxduino63/lib/gcc/libc.a(lib_a-sbrkr.o)
 .debug_aranges
                0x00000368       0x20 /home/user/rxduino63/lib/gcc/libc.a(lib_a-sf_fpclassify.o)
 .debug_aranges
                0x00000388       0x40 /home/user/rxduino63/lib/gcc/libc.a(lib_a-stdio.o)
 .debug_aranges
                0x000003c8       0x30 /home/user/rxduino63/lib/gcc/libc.a(lib_a-vfiprintf.o)
 .debug_aranges
                0x000003f8       0x20 /home/user/rxduino63/lib/gcc/libc.a(lib_a-writer.o)
 .debug_aranges
                0x00000418       0x20 /home/user/rxduino63/lib/gcc/libc.a(lib_a-callocr.o)
 .debug_aranges
                0x00000438       0x20 /home/user/rxduino63/lib/gcc/libc.a(lib_a-closer.o)
 .debug_aranges
                0x00000458       0x28 /home/user/rxduino63/lib/gcc/libc.a(lib_a-fclose.o)
 .debug_aranges
                0x00000480       0x28 /home/user/rxduino63/lib/gcc/libc.a(lib_a-fputwc.o)
 .debug_aranges
                0x000004a8       0x20 /home/user/rxduino63/lib/gcc/libc.a(lib_a-fstatr.o)
 .debug_aranges
                0x000004c8       0x20 /home/user/rxduino63/lib/gcc/libc.a(lib_a-fvwrite.o)
 .debug_aranges
                0x000004e8       0x20 /home/user/rxduino63/lib/gcc/libc.a(lib_a-isattyr.o)
 .debug_aranges
                0x00000508       0x20 /home/user/rxduino63/lib/gcc/libc.a(lib_a-lseekr.o)
 .debug_aranges
                0x00000528       0x20 /home/user/rxduino63/lib/gcc/libc.a(lib_a-readr.o)
 .debug_aranges
                0x00000548       0x20 /home/user/rxduino63/lib/gcc/libc.a(lib_a-reallocr.o)
 .debug_aranges
                0x00000568       0x30 /home/user/rxduino63/lib/gcc/libc.a(lib_a-reent.o)
 .debug_aranges
                0x00000598       0x28 /home/user/rxduino63/lib/gcc/libc.a(lib_a-wbuf.o)
 .debug_aranges
                0x000005c0       0x28 /home/user/rxduino63/lib/gcc/libc.a(lib_a-wcrtomb.o)
 .debug_aranges
                0x000005e8       0x28 /home/user/rxduino63/lib/gcc/libc.a(lib_a-wctomb_r.o)
 .debug_aranges
                0x00000610       0x20 /home/user/rxduino63/lib/gcc/libsim.a(sbrk.o)
 .debug_aranges
                0x00000630       0x20 /home/user/rxduino63/lib/gcc/libsim.a(heaptop.o)
 .debug_aranges
                0x00000650       0x20 /home/user/rxduino63/lib/gcc/libsim.a(close.o)
 .debug_aranges
                0x00000670       0x20 /home/user/rxduino63/lib/gcc/libsim.a(read.o)
 .debug_aranges
                0x00000690       0x20 /home/user/rxduino63/lib/gcc/libsim.a(write.o)
 .debug_aranges
                0x000006b0       0x20 /home/user/rxduino63/lib/gcc/libsim.a(lseek.o)
 .debug_aranges
                0x000006d0       0x20 /home/user/rxduino63/lib/gcc/libsim.a(fstat.o)
 .debug_aranges
                0x000006f0       0x20 /home/user/rxduino63/lib/gcc/libsim.a(isatty.o)
 .debug_aranges
                0x00000710       0x20 /home/user/rxduino63/lib/gcc/libgcc.a(_udivdi3.o)
 .debug_aranges
                0x00000730       0x20 /home/user/rxduino63/lib/gcc/libgcc.a(_umoddi3.o)

.debug_ranges   0x00000000      0xcf8
 .debug_ranges  0x00000000       0x18 sample/servo/servo.o
 .debug_ranges  0x00000018       0x18 /home/user/rxduino63/lib/gcc/libc.a(lib_a-printf.o)
 .debug_ranges  0x00000030      0x118 /home/user/rxduino63/lib/gcc/libc.a(lib_a-vfprintf.o)
 .debug_ranges  0x00000148       0x10 /home/user/rxduino63/lib/gcc/libc.a(lib_a-wsetup.o)
 .debug_ranges  0x00000158       0x18 /home/user/rxduino63/lib/gcc/libc.a(lib_a-dtoa.o)
 .debug_ranges  0x00000170      0x110 /home/user/rxduino63/lib/gcc/libc.a(lib_a-fflush.o)
 .debug_ranges  0x00000280       0x78 /home/user/rxduino63/lib/gcc/libc.a(lib_a-findfp.o)
 .debug_ranges  0x000002f8       0x18 /home/user/rxduino63/lib/gcc/libc.a(lib_a-freer.o)
 .debug_ranges  0x00000310       0x98 /home/user/rxduino63/lib/gcc/libc.a(lib_a-fwalk.o)
 .debug_ranges  0x000003a8       0x40 /home/user/rxduino63/lib/gcc/libc.a(lib_a-locale.o)
 .debug_ranges  0x000003e8       0x10 /home/user/rxduino63/lib/gcc/libc.a(lib_a-makebuf.o)
 .debug_ranges  0x000003f8       0x90 /home/user/rxduino63/lib/gcc/libc.a(lib_a-mallocr.o)
 .debug_ranges  0x00000488       0x18 /home/user/rxduino63/lib/gcc/libc.a(lib_a-mlock.o)
 .debug_ranges  0x000004a0       0xe0 /home/user/rxduino63/lib/gcc/libc.a(lib_a-mprec.o)
 .debug_ranges  0x00000580       0x10 /home/user/rxduino63/lib/gcc/libc.a(lib_a-sbrkr.o)
 .debug_ranges  0x00000590       0x10 /home/user/rxduino63/lib/gcc/libc.a(lib_a-sf_fpclassify.o)
 .debug_ranges  0x000005a0       0x30 /home/user/rxduino63/lib/gcc/libc.a(lib_a-stdio.o)
 .debug_ranges  0x000005d0       0xa0 /home/user/rxduino63/lib/gcc/libc.a(lib_a-vfiprintf.o)
 .debug_ranges  0x00000670       0x10 /home/user/rxduino63/lib/gcc/libc.a(lib_a-writer.o)
 .debug_ranges  0x00000680       0x58 /home/user/rxduino63/lib/gcc/libc.a(lib_a-callocr.o)
 .debug_ranges  0x000006d8       0x10 /home/user/rxduino63/lib/gcc/libc.a(lib_a-closer.o)
 .debug_ranges  0x000006e8       0x18 /home/user/rxduino63/lib/gcc/libc.a(lib_a-fclose.o)
 .debug_ranges  0x00000700       0x58 /home/user/rxduino63/lib/gcc/libc.a(lib_a-fputwc.o)
 .debug_ranges  0x00000758       0x10 /home/user/rxduino63/lib/gcc/libc.a(lib_a-fstatr.o)
 .debug_ranges  0x00000768       0x28 /home/user/rxduino63/lib/gcc/libc.a(lib_a-fvwrite.o)
 .debug_ranges  0x00000790       0x10 /home/user/rxduino63/lib/gcc/libc.a(lib_a-isattyr.o)
 .debug_ranges  0x000007a0       0x10 /home/user/rxduino63/lib/gcc/libc.a(lib_a-lseekr.o)
 .debug_ranges  0x000007b0       0x10 /home/user/rxduino63/lib/gcc/libc.a(lib_a-readr.o)
 .debug_ranges  0x000007c0      0x168 /home/user/rxduino63/lib/gcc/libc.a(lib_a-reallocr.o)
 .debug_ranges  0x00000928       0x20 /home/user/rxduino63/lib/gcc/libc.a(lib_a-reent.o)
 .debug_ranges  0x00000948       0x18 /home/user/rxduino63/lib/gcc/libc.a(lib_a-wbuf.o)
 .debug_ranges  0x00000960       0x18 /home/user/rxduino63/lib/gcc/libc.a(lib_a-wcrtomb.o)
 .debug_ranges  0x00000978       0x18 /home/user/rxduino63/lib/gcc/libc.a(lib_a-wctomb_r.o)
 .debug_ranges  0x00000990      0x1d8 /home/user/rxduino63/lib/gcc/libgcc.a(_udivdi3.o)
 .debug_ranges  0x00000b68      0x190 /home/user/rxduino63/lib/gcc/libgcc.a(_umoddi3.o)

.debug_line     0x00000000     0xb198
 .debug_line    0x00000000      0x1fd sample/servo/servo.o
 .debug_line    0x000001fd      0xa1e /home/user/rxduino63/common/intvect.o
 .debug_line    0x00000c1b      0x1c4 /home/user/rxduino63/lib/gcc/libc.a(lib_a-printf.o)
 .debug_line    0x00000ddf     0x163e /home/user/rxduino63/lib/gcc/libc.a(lib_a-vfprintf.o)
 .debug_line    0x0000241d      0x292 /home/user/rxduino63/lib/gcc/libc.a(lib_a-wsetup.o)
 .debug_line    0x000026af     0x1405 /home/user/rxduino63/lib/gcc/libc.a(lib_a-dtoa.o)
 .debug_line    0x00003ab4      0x411 /home/user/rxduino63/lib/gcc/libc.a(lib_a-fflush.o)
 .debug_line    0x00003ec5      0x544 /home/user/rxduino63/lib/gcc/libc.a(lib_a-findfp.o)
 .debug_line    0x00004409      0x4a2 /home/user/rxduino63/lib/gcc/libc.a(lib_a-freer.o)
 .debug_line    0x000048ab      0x2c3 /home/user/rxduino63/lib/gcc/libc.a(lib_a-fwalk.o)
 .debug_line    0x00004b6e       0xfa /home/user/rxduino63/lib/gcc/libc.a(lib_a-impure.o)
 .debug_line    0x00004c68      0x280 /home/user/rxduino63/lib/gcc/libc.a(lib_a-locale.o)
 .debug_line    0x00004ee8      0x2ec /home/user/rxduino63/lib/gcc/libc.a(lib_a-makebuf.o)
 .debug_line    0x000051d4      0x87e /home/user/rxduino63/lib/gcc/libc.a(lib_a-mallocr.o)
 .debug_line    0x00005a52      0x12e /home/user/rxduino63/lib/gcc/libc.a(lib_a-mlock.o)
 .debug_line    0x00005b80     0x11bd /home/user/rxduino63/lib/gcc/libc.a(lib_a-mprec.o)
 .debug_line    0x00006d3d      0x19d /home/user/rxduino63/lib/gcc/libc.a(lib_a-sbrkr.o)
 .debug_line    0x00006eda      0x1a9 /home/user/rxduino63/lib/gcc/libc.a(lib_a-sf_fpclassify.o)
 .debug_line    0x00007083      0x295 /home/user/rxduino63/lib/gcc/libc.a(lib_a-stdio.o)
 .debug_line    0x00007318      0xf2b /home/user/rxduino63/lib/gcc/libc.a(lib_a-vfiprintf.o)
 .debug_line    0x00008243      0x19e /home/user/rxduino63/lib/gcc/libc.a(lib_a-writer.o)
 .debug_line    0x000083e1      0x189 /home/user/rxduino63/lib/gcc/libc.a(lib_a-callocr.o)
 .debug_line    0x0000856a      0x19e /home/user/rxduino63/lib/gcc/libc.a(lib_a-closer.o)
 .debug_line    0x00008708      0x26c /home/user/rxduino63/lib/gcc/libc.a(lib_a-fclose.o)
 .debug_line    0x00008974      0x2a1 /home/user/rxduino63/lib/gcc/libc.a(lib_a-fputwc.o)
 .debug_line    0x00008c15      0x1bb /home/user/rxduino63/lib/gcc/libc.a(lib_a-fstatr.o)
 .debug_line    0x00008dd0      0x657 /home/user/rxduino63/lib/gcc/libc.a(lib_a-fvwrite.o)
 .debug_line    0x00009427      0x19f /home/user/rxduino63/lib/gcc/libc.a(lib_a-isattyr.o)
 .debug_line    0x000095c6      0x19e /home/user/rxduino63/lib/gcc/libc.a(lib_a-lseekr.o)
 .debug_line    0x00009764      0x19d /home/user/rxduino63/lib/gcc/libc.a(lib_a-readr.o)
 .debug_line    0x00009901      0x5db /home/user/rxduino63/lib/gcc/libc.a(lib_a-reallocr.o)
 .debug_line    0x00009edc      0x2b3 /home/user/rxduino63/lib/gcc/libc.a(lib_a-reent.o)
 .debug_line    0x0000a18f      0x2e0 /home/user/rxduino63/lib/gcc/libc.a(lib_a-wbuf.o)
 .debug_line    0x0000a46f      0x245 /home/user/rxduino63/lib/gcc/libc.a(lib_a-wcrtomb.o)
 .debug_line    0x0000a6b4      0x20a /home/user/rxduino63/lib/gcc/libc.a(lib_a-wctomb_r.o)
 .debug_line    0x0000a8be       0x8e /home/user/rxduino63/lib/gcc/libsim.a(sbrk.o)
 .debug_line    0x0000a94c       0x51 /home/user/rxduino63/lib/gcc/libsim.a(heaptop.o)
 .debug_line    0x0000a99d       0x4f /home/user/rxduino63/lib/gcc/libsim.a(close.o)
 .debug_line    0x0000a9ec       0x4e /home/user/rxduino63/lib/gcc/libsim.a(read.o)
 .debug_line    0x0000aa3a       0x4f /home/user/rxduino63/lib/gcc/libsim.a(write.o)
 .debug_line    0x0000aa89       0x4f /home/user/rxduino63/lib/gcc/libsim.a(lseek.o)
 .debug_line    0x0000aad8       0x4f /home/user/rxduino63/lib/gcc/libsim.a(fstat.o)
 .debug_line    0x0000ab27       0x51 /home/user/rxduino63/lib/gcc/libsim.a(isatty.o)
 .debug_line    0x0000ab78      0x2ea /home/user/rxduino63/lib/gcc/libgcc.a(_udivdi3.o)
 .debug_line    0x0000ae62      0x2e1 /home/user/rxduino63/lib/gcc/libgcc.a(_umoddi3.o)
 .debug_line    0x0000b143       0x55 /home/user/rxduino63/lib/gcc/libgcc.a(_clz.o)

.debug_str      0x00000000     0x22aa
 .debug_str     0x00000000      0x180 sample/servo/servo.o
                                0x1cb (size before relaxing)
 .debug_str     0x00000180      0xab2 /home/user/rxduino63/common/intvect.o
                                0xb0c (size before relaxing)
 .debug_str     0x00000c32      0x409 /home/user/rxduino63/lib/gcc/libc.a(lib_a-printf.o)
                                0x4fa (size before relaxing)
 .debug_str     0x0000103b      0x1ac /home/user/rxduino63/lib/gcc/libc.a(lib_a-vfprintf.o)
                                0x6d0 (size before relaxing)
 .debug_str     0x000011e7       0x36 /home/user/rxduino63/lib/gcc/libc.a(lib_a-wsetup.o)
                                0x4d1 (size before relaxing)
 .debug_str     0x0000121d      0x139 /home/user/rxduino63/lib/gcc/libc.a(lib_a-dtoa.o)
                                0x5c6 (size before relaxing)
 .debug_str     0x00001356       0x5f /home/user/rxduino63/lib/gcc/libc.a(lib_a-fflush.o)
                                0x501 (size before relaxing)
 .debug_str     0x000013b5       0xf2 /home/user/rxduino63/lib/gcc/libc.a(lib_a-findfp.o)
                                0x5b9 (size before relaxing)
 .debug_str     0x000014a7      0x14b /home/user/rxduino63/lib/gcc/libc.a(lib_a-freer.o)
                                0x608 (size before relaxing)
 .debug_str     0x000015f2       0x4e /home/user/rxduino63/lib/gcc/libc.a(lib_a-fwalk.o)
                                0x4fa (size before relaxing)
 .debug_str     0x00001640       0x7c /home/user/rxduino63/lib/gcc/libc.a(lib_a-impure.o)
                                0x4df (size before relaxing)
 .debug_str     0x000016bc      0x239 /home/user/rxduino63/lib/gcc/libc.a(lib_a-locale.o)
                                0x721 (size before relaxing)
 .debug_str     0x000018f5      0x113 /home/user/rxduino63/lib/gcc/libc.a(lib_a-makebuf.o)
                                0x5cb (size before relaxing)
 .debug_str     0x00001a08       0xef /home/user/rxduino63/lib/gcc/libc.a(lib_a-mallocr.o)
                                0x6b6 (size before relaxing)
 .debug_str     0x00001af7       0x5d /home/user/rxduino63/lib/gcc/libc.a(lib_a-mlock.o)
                                0x4e8 (size before relaxing)
 .debug_str     0x00001b54       0xe8 /home/user/rxduino63/lib/gcc/libc.a(lib_a-mprec.o)
                                0x5d3 (size before relaxing)
 .debug_str     0x00001c3c       0x40 /home/user/rxduino63/lib/gcc/libc.a(lib_a-sbrkr.o)
                                0x4d5 (size before relaxing)
 .debug_str     0x00001c7c       0x87 /home/user/rxduino63/lib/gcc/libc.a(lib_a-sf_fpclassify.o)
                                0x140 (size before relaxing)
 .debug_str     0x00001d03       0x5d /home/user/rxduino63/lib/gcc/libc.a(lib_a-stdio.o)
                                0x506 (size before relaxing)
 .debug_str     0x00001d60       0x2a /home/user/rxduino63/lib/gcc/libc.a(lib_a-vfiprintf.o)
                                0x649 (size before relaxing)
 .debug_str     0x00001d8a       0x3c /home/user/rxduino63/lib/gcc/libc.a(lib_a-writer.o)
                                0x4d3 (size before relaxing)
 .debug_str     0x00001dc6       0x19 /home/user/rxduino63/lib/gcc/libc.a(lib_a-callocr.o)
                                0x507 (size before relaxing)
 .debug_str     0x00001ddf       0x33 /home/user/rxduino63/lib/gcc/libc.a(lib_a-closer.o)
                                0x4c3 (size before relaxing)
 .debug_str     0x00001e12       0x3b /home/user/rxduino63/lib/gcc/libc.a(lib_a-fclose.o)
                                0x4db (size before relaxing)
 .debug_str     0x00001e4d       0x3d /home/user/rxduino63/lib/gcc/libc.a(lib_a-fputwc.o)
                                0x4fb (size before relaxing)
 .debug_str     0x00001e8a       0x39 /home/user/rxduino63/lib/gcc/libc.a(lib_a-fstatr.o)