
Discarded input sections

 .text          0x0000000000000000        0x0 build/obj/crt0.o
 .data          0x0000000000000000        0x0 build/obj/crt0.o
 .bss           0x0000000000000000        0x0 build/obj/crt0.o
 .text.__early_init
                0x0000000000000000       0x10 build/obj/crt0.o
 .text          0x0000000000000000        0x0 build/obj/vectors.o
 .data          0x0000000000000000        0x0 build/obj/vectors.o
 .bss           0x0000000000000000        0x0 build/obj/vectors.o
 .text          0x0000000000000000        0x0 build/obj/chcore.o
 .data          0x0000000000000000        0x0 build/obj/chcore.o
 .bss           0x0000000000000000        0x0 build/obj/chcore.o
 .text          0x0000000000000000        0x0 build/obj/chcore_v7m.o
 .data          0x0000000000000000        0x0 build/obj/chcore_v7m.o
 .bss           0x0000000000000000        0x0 build/obj/chcore_v7m.o
 .text          0x0000000000000000        0x0 build/obj/nvic.o
 .data          0x0000000000000000        0x0 build/obj/nvic.o
 .bss           0x0000000000000000        0x0 build/obj/nvic.o
 .text.nvicDisableVector
                0x0000000000000000       0x40 build/obj/nvic.o
 .text          0x0000000000000000        0x0 build/obj/chsys.o
 .data          0x0000000000000000        0x0 build/obj/chsys.o
 .bss           0x0000000000000000        0x0 build/obj/chsys.o
 .text          0x0000000000000000        0x0 build/obj/chdebug.o
 .data          0x0000000000000000        0x0 build/obj/chdebug.o
 .bss           0x0000000000000000        0x0 build/obj/chdebug.o
 .debug_info    0x0000000000000000       0x72 build/obj/chdebug.o
 .debug_abbrev  0x0000000000000000       0x26 build/obj/chdebug.o
 .debug_aranges
                0x0000000000000000       0x18 build/obj/chdebug.o
 .debug_line    0x0000000000000000       0x1d build/obj/chdebug.o
 .debug_str     0x0000000000000000      0x112 build/obj/chdebug.o
 .comment       0x0000000000000000       0x12 build/obj/chdebug.o
 .ARM.attributes
                0x0000000000000000       0x33 build/obj/chdebug.o
 .text          0x0000000000000000        0x0 build/obj/chlists.o
 .data          0x0000000000000000        0x0 build/obj/chlists.o
 .bss           0x0000000000000000        0x0 build/obj/chlists.o
 .debug_info    0x0000000000000000       0x72 build/obj/chlists.o
 .debug_abbrev  0x0000000000000000       0x26 build/obj/chlists.o
 .debug_aranges
                0x0000000000000000       0x18 build/obj/chlists.o
 .debug_line    0x0000000000000000       0x1d build/obj/chlists.o
 .debug_str     0x0000000000000000      0x112 build/obj/chlists.o
 .comment       0x0000000000000000       0x12 build/obj/chlists.o
 .ARM.attributes
                0x0000000000000000       0x33 build/obj/chlists.o
 .text          0x0000000000000000        0x0 build/obj/chvt.o
 .data          0x0000000000000000        0x0 build/obj/chvt.o
 .bss           0x0000000000000000        0x0 build/obj/chvt.o
 .text          0x0000000000000000        0x0 build/obj/chschd.o
 .data          0x0000000000000000        0x0 build/obj/chschd.o
 .bss           0x0000000000000000        0x0 build/obj/chschd.o
 .text          0x0000000000000000        0x0 build/obj/chthreads.o
 .data          0x0000000000000000        0x0 build/obj/chthreads.o
 .bss           0x0000000000000000        0x0 build/obj/chthreads.o
 .text          0x0000000000000000        0x0 build/obj/chdynamic.o
 .data          0x0000000000000000        0x0 build/obj/chdynamic.o
 .bss           0x0000000000000000        0x0 build/obj/chdynamic.o
 .text          0x0000000000000000        0x0 build/obj/chregistry.o
 .data          0x0000000000000000        0x0 build/obj/chregistry.o
 .bss           0x0000000000000000        0x0 build/obj/chregistry.o
 .text          0x0000000000000000        0x0 build/obj/chsem.o
 .data          0x0000000000000000        0x0 build/obj/chsem.o
 .bss           0x0000000000000000        0x0 build/obj/chsem.o
 .text          0x0000000000000000        0x0 build/obj/chmtx.o
 .data          0x0000000000000000        0x0 build/obj/chmtx.o
 .bss           0x0000000000000000        0x0 build/obj/chmtx.o
 .text.chMtxTryLockS
                0x0000000000000000       0x20 build/obj/chmtx.o
 .text          0x0000000000000000        0x0 build/obj/chcond.o
 .data          0x0000000000000000        0x0 build/obj/chcond.o
 .bss           0x0000000000000000        0x0 build/obj/chcond.o
 .text          0x0000000000000000        0x0 build/obj/chevents.o
 .data          0x0000000000000000        0x0 build/obj/chevents.o
 .bss           0x0000000000000000        0x0 build/obj/chevents.o
 .text          0x0000000000000000        0x0 build/obj/chmsg.o
 .data          0x0000000000000000        0x0 build/obj/chmsg.o
 .bss           0x0000000000000000        0x0 build/obj/chmsg.o
 .text          0x0000000000000000        0x0 build/obj/chmboxes.o
 .data          0x0000000000000000        0x0 build/obj/chmboxes.o
[...]
Memory Configuration

Name             Origin             Length             Attributes
flash            0x0000000008000000 0x0000000000100000
ram              0x0000000020000000 0x000000000001c000
ethram           0x000000002001c000 0x0000000000004000
ccmram           0x0000000010000000 0x0000000000010000
*default*        0x0000000000000000 0xffffffffffffffff

Linker script and memory map

LOAD build/obj/crt0.o
LOAD build/obj/vectors.o
LOAD build/obj/chcore.o
LOAD build/obj/chcore_v7m.o
LOAD build/obj/nvic.o
LOAD build/obj/chsys.o
LOAD build/obj/chdebug.o
LOAD build/obj/chlists.o
LOAD build/obj/chvt.o
LOAD build/obj/chschd.o
LOAD build/obj/chthreads.o
LOAD build/obj/chdynamic.o
LOAD build/obj/chregistry.o
LOAD build/obj/chsem.o
LOAD build/obj/chmtx.o
LOAD build/obj/chcond.o
LOAD build/obj/chevents.o
LOAD build/obj/chmsg.o
LOAD build/obj/chmboxes.o
LOAD build/obj/chqueues.o
LOAD build/obj/chmemcore.o
LOAD build/obj/chheap.o
LOAD build/obj/chmempools.o
LOAD build/obj/test.o
LOAD build/obj/testthd.o
LOAD build/obj/testsem.o
LOAD build/obj/testmtx.o
LOAD build/obj/testmsg.o
LOAD build/obj/testmbox.o
LOAD build/obj/testevt.o
LOAD build/obj/testheap.o
LOAD build/obj/testpools.o
LOAD build/obj/testdyn.o
LOAD build/obj/testqueues.o
LOAD build/obj/testbmk.o
LOAD build/obj/hal.o
LOAD build/obj/adc.o
LOAD build/obj/can.o
LOAD build/obj/ext.o
LOAD build/obj/gpt.o
LOAD build/obj/i2c.o
LOAD build/obj/icu.o
LOAD build/obj/mac.o
LOAD build/obj/pal.o
LOAD build/obj/pwm.o
LOAD build/obj/sdc.o
LOAD build/obj/serial.o
LOAD build/obj/spi.o
LOAD build/obj/uart.o
LOAD build/obj/usb.o
LOAD build/obj/tm.o
LOAD build/obj/mmc_spi.o
LOAD build/obj/serial_usb.o
LOAD build/obj/rtc.o
LOAD build/obj/stm32_dma.o
LOAD build/obj/hal_lld.o
LOAD build/obj/adc_lld.o
LOAD build/obj/can_lld.o
LOAD build/obj/ext_lld.o
LOAD build/obj/gpt_lld.o
LOAD build/obj/i2c_lld.o
LOAD build/obj/icu_lld.o
LOAD build/obj/mac_lld.o
LOAD build/obj/pwm_lld.o
LOAD build/obj/serial_lld.o
LOAD build/obj/spi_lld.o
LOAD build/obj/uart_lld.o
LOAD build/obj/pal_lld.o
LOAD build/obj/board.o
LOAD build/obj/lis302dl.o
LOAD build/obj/chprintf.o
LOAD build/obj/main.o
START GROUP
LOAD /usr/local/cross/lib/gcc/arm-none-eabi/4.7.1/thumb/libgcc.a
LOAD /usr/local/cross/lib/gcc/arm-none-eabi/4.7.1/../../../../arm-none-eabi/lib/thumb/libc.a
END GROUP
                0x0000000000000400                __main_stack_size__ = 0x400
                0x0000000000000400                __process_stack_size__ = 0x400
                0x0000000020000000                __ram_start__ = ORIGIN (ram)
                0x000000000001c000                __ram_size__ = 0x1c000
                0x000000002001c000                __ram_end__ = (__ram_start__ + __ram_size__)
                0x0000000000000000                . = 0x0
                0x0000000000000000                _text = .

startup         0x0000000008000000      0x188
 *(vectors)
 vectors        0x0000000008000000      0x188 build/obj/vectors.o
                0x0000000008000000                _vectors

constructors    0x0000000008000188        0x0
                0x0000000008000188                PROVIDE (__init_array_start, .)
 *(SORT(.init_array.*))
 *(.init_array)
                0x0000000008000188                PROVIDE (__init_array_end, .)

destructors     0x0000000008000188        0x0
                0x0000000008000188                PROVIDE (__fini_array_start, .)
 *(.fini_array)
 *(SORT(.fini_array.*))
                0x0000000008000188                PROVIDE (__fini_array_end, .)

.text           0x0000000008000190     0x845c
 *(.text.startup.*)
 .text.startup.main
                0x0000000008000190      0x190 build/obj/main.o
                0x0000000008000190                main
 *(.text)
 *(.text.*)
 .text.__late_init
                0x0000000008000320       0x10 build/obj/crt0.o
                0x0000000008000320                __late_init
 .text._default_exit
                0x0000000008000330       0x10 build/obj/crt0.o
                0x0000000008000330                _default_exit
 .text.ResetHandler
                0x0000000008000340      0x120 build/obj/crt0.o
                0x0000000008000340                ResetHandler
 .text._unhandled_exception
                0x0000000008000460       0x10 build/obj/vectors.o
                0x0000000008000460                Vector174
                0x0000000008000460                VectorE8
                0x0000000008000460                Vector9C
                0x0000000008000460                VectorAC
                0x0000000008000460                Vector5C
                0x0000000008000460                NMIVector
                0x0000000008000460                Vector11C
                0x0000000008000460                Vector8C
                0x0000000008000460                VectorDC
                0x0000000008000460                Vector168
                0x0000000008000460                Vector110
                0x0000000008000460                VectorC8
                0x0000000008000460                Vector94
                0x0000000008000460                VectorA8
                0x0000000008000460                VectorB4
                0x0000000008000460                Vector160
                0x0000000008000460                VectorEC
                0x0000000008000460                UsageFaultVector
                0x0000000008000460                DebugMonitorVector
                0x0000000008000460                Vector40
                0x0000000008000460                VectorF8
                0x0000000008000460                Vector108
                0x0000000008000460                VectorBC
                0x0000000008000460                Vector148
                0x0000000008000460                PendSVVector
                0x0000000008000460                Vector118
                0x0000000008000460                Vector64
                0x0000000008000460                VectorCC
                0x0000000008000460                Vector54
                0x0000000008000460                Vector98
                0x0000000008000460                Vector138
                0x0000000008000460                Vector24
                0x0000000008000460                Vector178
                0x0000000008000460                BusFaultVector
                0x0000000008000460                VectorD0
                0x0000000008000460                Vector140
                0x0000000008000460                VectorE4
                0x0000000008000460                VectorC0
                0x0000000008000460                HardFaultVector
                0x0000000008000460                Vector134
                0x0000000008000460                VectorF0
                0x0000000008000460                Vector13C
                0x0000000008000460                Vector100
                0x0000000008000460                VectorE0
                0x0000000008000460                VectorF4
                0x0000000008000460                MemManageVector
                0x0000000008000460                VectorA0
                0x0000000008000460                VectorC4
                0x0000000008000460                Vector180
                0x0000000008000460                VectorB0
                0x0000000008000460                Vector90
                0x0000000008000460                Vector114
                0x0000000008000460                Vector164
                0x0000000008000460                Vector60
                0x0000000008000460                Vector1C
                0x0000000008000460                Vector17C
                0x0000000008000460                Vector48
                0x0000000008000460                Vector16C
                0x0000000008000460                VectorD4
                0x0000000008000460                Vector4C
                0x0000000008000460                Vector144
                0x0000000008000460                Vector15C
                0x0000000008000460                Vector68
                0x0000000008000460                _unhandled_exception
                0x0000000008000460                Vector170
                0x0000000008000460                Vector104
                0x0000000008000460                Vector184
                0x0000000008000460                Vector10C
                0x0000000008000460                Vector14C
                0x0000000008000460                Vector50
                0x0000000008000460                Vector44
                0x0000000008000460                Vector28
                0x0000000008000460                Vector34
                0x0000000008000460                VectorA4
                0x0000000008000460                Vector20
                0x0000000008000460                Vector58
 .text.port_halt
                0x0000000008000470       0x10 build/obj/chcore.o
                0x0000000008000470                port_halt
 .text._port_switch_from_isr
                0x0000000008000480       0x10 build/obj/chcore_v7m.o
                0x0000000008000480                _port_switch_from_isr
 .text.SVCallVector
                0x0000000008000490       0x20 build/obj/chcore_v7m.o
                0x0000000008000490                SVCallVector
 .text._port_init
                0x00000000080004b0       0x40 build/obj/chcore_v7m.o
                0x00000000080004b0                _port_init
 .text._port_irq_epilogue
                0x00000000080004f0       0x80 build/obj/chcore_v7m.o
                0x00000000080004f0                _port_irq_epilogue
 .text.SysTickVector
                0x0000000008000570       0x20 build/obj/chcore_v7m.o
                0x0000000008000570                SysTickVector
 .text._port_switch
                0x0000000008000590       0x10 build/obj/chcore_v7m.o
                0x0000000008000590                _port_switch
 .text._port_thread_start
                0x00000000080005a0       0x10 build/obj/chcore_v7m.o
                0x00000000080005a0                _port_thread_start
 .text.nvicEnableVector
                0x00000000080005b0       0x50 build/obj/nvic.o
                0x00000000080005b0                nvicEnableVector
 .text.nvicSetSystemHandlerPriority
                0x0000000008000600       0x30 build/obj/nvic.o
                0x0000000008000600                nvicSetSystemHandlerPriority
 .text._idle_thread
                0x0000000008000630       0x20 build/obj/chsys.o
                0x0000000008000630                _idle_thread
 .text.chSysInit
                0x0000000008000650       0x70 build/obj/chsys.o
                0x0000000008000650                chSysInit
 .text.chSysTimerHandlerI
                0x00000000080006c0       0x50 build/obj/chsys.o
                0x00000000080006c0                chSysTimerHandlerI
 .text._vt_init
                0x0000000008000710       0x20 build/obj/chvt.o
                0x0000000008000710                _vt_init
 .text.chVTSetI
                0x0000000008000730       0x40 build/obj/chvt.o
                0x0000000008000730                chVTSetI
 .text.chVTResetI
                0x0000000008000770       0x30 build/obj/chvt.o
                0x0000000008000770                chVTResetI
 .text.chTimeIsWithin
                0x00000000080007a0       0x40 build/obj/chvt.o
                0x00000000080007a0                chTimeIsWithin
 .text.wakeup   0x00000000080007e0       0x50 build/obj/chschd.o
 .text._scheduler_init
                0x0000000008000830       0x20 build/obj/chschd.o
                0x0000000008000830                _scheduler_init
 .text.chSchReadyI
                0x0000000008000850       0x20 build/obj/chschd.o
                0x0000000008000850                chSchReadyI
 .text.chSchGoSleepS
                0x0000000008000870       0x30 build/obj/chschd.o
                0x0000000008000870                chSchGoSleepS
 .text.chSchGoSleepTimeoutS
                0x00000000080008a0       0x40 build/obj/chschd.o
                0x00000000080008a0                chSchGoSleepTimeoutS
 .text.chSchWakeupS
                0x00000000080008e0       0x60 build/obj/chschd.o
                0x00000000080008e0                chSchWakeupS
 .text.chSchDoReschedule
                0x0000000008000940       0x40 build/obj/chschd.o
                0x0000000008000940                chSchDoReschedule
 .text.chSchRescheduleS
                0x0000000008000980       0x20 build/obj/chschd.o
                0x0000000008000980                chSchRescheduleS
 .text._thread_init
                0x00000000080009a0       0x50 build/obj/chthreads.o
                0x00000000080009a0                _thread_init
 .text.chThdCreateI
                0x00000000080009f0       0x70 build/obj/chthreads.o
                0x00000000080009f0                chThdCreateI
 .text.chThdCreateStatic
                0x0000000008000a60       0x30 build/obj/chthreads.o
                0x0000000008000a60                chThdCreateStatic
 .text.chThdSetPriority
                0x0000000008000a90       0x30 build/obj/chthreads.o
                0x0000000008000a90                chThdSetPriority
 .text.chThdResume
                0x0000000008000ac0       0x20 build/obj/chthreads.o
                0x0000000008000ac0                chThdResume
 .text.chThdTerminate
                0x0000000008000ae0       0x20 build/obj/chthreads.o
                0x0000000008000ae0                chThdTerminate
 .text.chThdSleep
                0x0000000008000b00       0x20 build/obj/chthreads.o
                0x0000000008000b00                chThdSleep
 .text.chThdSleepUntil
                0x0000000008000b20       0x30 build/obj/chthreads.o
                0x0000000008000b20                chThdSleepUntil
 .text.chThdYield
                0x0000000008000b50       0x30 build/obj/chthreads.o
                0x0000000008000b50                chThdYield
 .text.chThdExitS
                0x0000000008000b80       0x40 build/obj/chthreads.o
                0x0000000008000b80                chThdExitS
 .text.chThdExit
                0x0000000008000bc0       0x10 build/obj/chthreads.o
                0x0000000008000bc0                chThdExit
 .text.chThdWait
                0x0000000008000bd0       0x40 build/obj/chthreads.o
                0x0000000008000bd0                chThdWait
 .text.chThdAddRef
                0x0000000008000c10       0x20 build/obj/chdynamic.o
                0x0000000008000c10                chThdAddRef
 .text.chThdRelease
                0x0000000008000c30       0x50 build/obj/chdynamic.o
                0x0000000008000c30                chThdRelease
 .text.chThdCreateFromHeap
                0x0000000008000c80       0x40 build/obj/chdynamic.o
                0x0000000008000c80                chThdCreateFromHeap
 .text.chThdCreateFromMemoryPool
                0x0000000008000cc0       0x50 build/obj/chdynamic.o
                0x0000000008000cc0                chThdCreateFromMemoryPool
 .text.chRegFirstThread
                0x0000000008000d10       0x20 build/obj/chregistry.o
                0x0000000008000d10                chRegFirstThread
 .text.chRegNextThread
                0x0000000008000d30       0x30 build/obj/chregistry.o
                0x0000000008000d30                chRegNextThread
 .text.chSemInit
                0x0000000008000d60       0x10 build/obj/chsem.o
                0x0000000008000d60                chSemInit
 .text.chSemResetI
                0x0000000008000d70       0x30 build/obj/chsem.o
                0x0000000008000d70                chSemResetI
 .text.chSemReset
                0x0000000008000da0       0x20 build/obj/chsem.o
                0x0000000008000da0                chSemReset
 .text.chSemWaitS
                0x0000000008000dc0       0x40 build/obj/chsem.o
                0x0000000008000dc0                chSemWaitS
 .text.chSemWait
                0x0000000008000e00       0x20 build/obj/chsem.o
                0x0000000008000e00                chSemWait
 .text.chSemWaitTimeoutS
                0x0000000008000e20       0x40 build/obj/chsem.o
                0x0000000008000e20                chSemWaitTimeoutS
 .text.chSemWaitTimeout
                0x0000000008000e60       0x20 build/obj/chsem.o
                0x0000000008000e60                chSemWaitTimeout
 .text.chSemSignal
                0x0000000008000e80       0x30 build/obj/chsem.o
                0x0000000008000e80                chSemSignal
 .text.chSemSignalI
                0x0000000008000eb0       0x20 build/obj/chsem.o
                0x0000000008000eb0                chSemSignalI
 .text.chSemAddCounterI
                0x0000000008000ed0       0x30 build/obj/chsem.o
                0x0000000008000ed0                chSemAddCounterI
 .text.chSemSignalWait
                0x0000000008000f00       0x70 build/obj/chsem.o
                0x0000000008000f00                chSemSignalWait
 .text.chMtxInit
                0x0000000008000f70       0x10 build/obj/chmtx.o
                0x0000000008000f70                chMtxInit
 .text.chMtxLockS
                0x0000000008000f80       0xd0 build/obj/chmtx.o
                0x0000000008000f80                chMtxLockS
 .text.chMtxLock
                0x0000000008001050       0x20 build/obj/chmtx.o
                0x0000000008001050                chMtxLock
 .text.chMtxTryLock
                0x0000000008001070       0x30 build/obj/chmtx.o
                0x0000000008001070                chMtxTryLock
 .text.chMtxUnlock
                0x00000000080010a0       0x60 build/obj/chmtx.o
                0x00000000080010a0                chMtxUnlock
 .text.chMtxUnlockS
                0x0000000008001100       0x50 build/obj/chmtx.o
                0x0000000008001100                chMtxUnlockS
 .text.chMtxUnlockAll
                0x0000000008001150       0x50 build/obj/chmtx.o
                0x0000000008001150                chMtxUnlockAll
 .text.chCondInit
                0x00000000080011a0       0x10 build/obj/chcond.o
                0x00000000080011a0                chCondInit
 .text.chCondSignal
                0x00000000080011b0       0x30 build/obj/chcond.o
                0x00000000080011b0                chCondSignal
 .text.chCondSignalI
                0x00000000080011e0       0x20 build/obj/chcond.o
                0x00000000080011e0                chCondSignalI
 .text.chCondBroadcastI
                0x0000000008001200       0x30 build/obj/chcond.o
                0x0000000008001200                chCondBroadcastI
 .text.chCondBroadcast
                0x0000000008001230       0x20 build/obj/chcond.o
                0x0000000008001230                chCondBroadcast
 .text.chCondWaitS
                0x0000000008001250       0x50 build/obj/chcond.o
                0x0000000008001250                chCondWaitS
 .text.chCondWait
                0x00000000080012a0       0x20 build/obj/chcond.o
                0x00000000080012a0                chCondWait
 .text.chCondWaitTimeoutS
                0x00000000080012c0       0x50 build/obj/chcond.o
                0x00000000080012c0                chCondWaitTimeoutS
 .text.chCondWaitTimeout
                0x0000000008001310       0x20 build/obj/chcond.o
                0x0000000008001310                chCondWaitTimeout
 .text.chEvtRegisterMask
                0x0000000008001330       0x30 build/obj/chevents.o
                0x0000000008001330                chEvtRegisterMask
 .text.chEvtUnregister
                0x0000000008001360       0x30 build/obj/chevents.o
                0x0000000008001360                chEvtUnregister
 .text.chEvtClearFlags
                0x0000000008001390       0x30 build/obj/chevents.o
                0x0000000008001390                chEvtClearFlags
 .text.chEvtAddFlags
                0x00000000080013c0       0x20 build/obj/chevents.o
                0x00000000080013c0                chEvtAddFlags
 .text.chEvtSignalFlagsI
                0x00000000080013e0       0x30 build/obj/chevents.o
                0x00000000080013e0                chEvtSignalFlagsI
 .text.chEvtSignalFlags
                0x0000000008001410       0x20 build/obj/chevents.o
                0x0000000008001410                chEvtSignalFlags
 .text.chEvtBroadcastFlagsI
                0x0000000008001430       0x20 build/obj/chevents.o
                0x0000000008001430                chEvtBroadcastFlagsI
 .text.chEvtBroadcastFlags
                0x0000000008001450       0x20 build/obj/chevents.o
                0x0000000008001450                chEvtBroadcastFlags
 .text.chEvtDispatch
                0x0000000008001470       0x30 build/obj/chevents.o
                0x0000000008001470                chEvtDispatch
 .text.chEvtWaitOne
                0x00000000080014a0       0x40 build/obj/chevents.o
                0x00000000080014a0                chEvtWaitOne
 .text.chEvtWaitAny
                0x00000000080014e0       0x40 build/obj/chevents.o
                0x00000000080014e0                chEvtWaitAny
 .text.chEvtWaitAll
                0x0000000008001520       0x40 build/obj/chevents.o
                0x0000000008001520                chEvtWaitAll
 .text.chEvtWaitOneTimeout
                0x0000000008001560       0x50 build/obj/chevents.o
                0x0000000008001560                chEvtWaitOneTimeout
 .text.chEvtWaitAnyTimeout
                0x00000000080015b0       0x50 build/obj/chevents.o
                0x00000000080015b0                chEvtWaitAnyTimeout
 .text.chEvtWaitAllTimeout
                0x0000000008001600       0x60 build/obj/chevents.o
                0x0000000008001600                chEvtWaitAllTimeout
 .text.chMsgSend
                0x0000000008001660       0x40 build/obj/chmsg.o
                0x0000000008001660                chMsgSend
 .text.chMsgWait
                0x00000000080016a0       0x40 build/obj/chmsg.o
                0x00000000080016a0                chMsgWait
 .text.chMsgRelease
                0x00000000080016e0       0x20 build/obj/chmsg.o
                0x00000000080016e0                chMsgRelease
 .text.chMBInit
                0x0000000008001700       0x30 build/obj/chmboxes.o
                0x0000000008001700                chMBInit
 .text.chMBReset
                0x0000000008001730       0x40 build/obj/chmboxes.o
                0x0000000008001730                chMBReset
 .text.chMBPostS
                0x0000000008001770       0x40 build/obj/chmboxes.o
                0x0000000008001770                chMBPostS
 .text.chMBPost
                0x00000000080017b0       0x20 build/obj/chmboxes.o
                0x00000000080017b0                chMBPost
 .text.chMBPostI
                0x00000000080017d0       0x30 build/obj/chmboxes.o
                0x00000000080017d0                chMBPostI
 .text.chMBPostAheadS
                0x0000000008001800       0x40 build/obj/chmboxes.o
                0x0000000008001800                chMBPostAheadS
 .text.chMBPostAhead
                0x0000000008001840       0x20 build/obj/chmboxes.o
                0x0000000008001840                chMBPostAhead
 .text.chMBPostAheadI
                0x0000000008001860       0x30 build/obj/chmboxes.o
                0x0000000008001860                chMBPostAheadI
 .text.chMBFetchS
                0x0000000008001890       0x40 build/obj/chmboxes.o
                0x0000000008001890                chMBFetchS
 .text.chMBFetch
                0x00000000080018d0       0x20 build/obj/chmboxes.o
                0x00000000080018d0                chMBFetch
 .text.chMBFetchI
                0x00000000080018f0       0x30 build/obj/chmboxes.o
                0x00000000080018f0                chMBFetchI
 .text.qwait    0x0000000008001920       0x30 build/obj/chqueues.o
 .text.chIQInit
                0x0000000008001950       0x20 build/obj/chqueues.o
                0x0000000008001950                chIQInit
 .text.chIQResetI
                0x0000000008001970       0x30 build/obj/chqueues.o
                0x0000000008001970                chIQResetI
 .text.chIQPutI
                0x00000000080019a0       0x50 build/obj/chqueues.o
                0x00000000080019a0                chIQPutI
 .text.chIQGetTimeout
                0x00000000080019f0       0x50 build/obj/chqueues.o
                0x00000000080019f0                chIQGetTimeout
 .text.chIQReadTimeout
                0x0000000008001a40       0x80 build/obj/chqueues.o
                0x0000000008001a40                chIQReadTimeout
 .text.chOQInit
                0x0000000008001ac0       0x20 build/obj/chqueues.o
                0x0000000008001ac0                chOQInit
 .text.chOQResetI
                0x0000000008001ae0       0x30 build/obj/chqueues.o
                0x0000000008001ae0                chOQResetI
 .text.chOQPutTimeout
                0x0000000008001b10       0x50 build/obj/chqueues.o
                0x0000000008001b10                chOQPutTimeout
 .text.chOQGetI
                0x0000000008001b60       0x50 build/obj/chqueues.o
                0x0000000008001b60                chOQGetI
 .text.chOQWriteTimeout
                0x0000000008001bb0       0x80 build/obj/chqueues.o
                0x0000000008001bb0                chOQWriteTimeout
 .text._core_init
                0x0000000008001c30       0x30 build/obj/chmemcore.o
                0x0000000008001c30                _core_init
 .text.chCoreAlloc
                0x0000000008001c60       0x40 build/obj/chmemcore.o
                0x0000000008001c60                chCoreAlloc
 .text.chCoreStatus
                0x0000000008001ca0       0x20 build/obj/chmemcore.o
                0x0000000008001ca0                chCoreStatus
 .text._heap_init
                0x0000000008001cc0       0x20 build/obj/chheap.o
                0x0000000008001cc0                _heap_init
 .text.chHeapInit
                0x0000000008001ce0       0x20 build/obj/chheap.o
                0x0000000008001ce0                chHeapInit
 .text.chHeapAlloc
                0x0000000008001d00       0x90 build/obj/chheap.o
                0x0000000008001d00                chHeapAlloc
 .text.chHeapFree
                0x0000000008001d90       0x90 build/obj/chheap.o
                0x0000000008001d90                chHeapFree
 .text.chHeapStatus
                0x0000000008001e20       0x40 build/obj/chheap.o
                0x0000000008001e20                chHeapStatus
 .text.chPoolInit
                0x0000000008001e60       0x10 build/obj/chmempools.o
                0x0000000008001e60                chPoolInit
 .text.chPoolAlloc
                0x0000000008001e70       0x30 build/obj/chmempools.o
                0x0000000008001e70                chPoolAlloc
 .text.chPoolFree
                0x0000000008001ea0       0x20 build/obj/chmempools.o
                0x0000000008001ea0                chPoolFree
 .text.tmr      0x0000000008001ec0       0x10 build/obj/test.o
 .text.print_line
                0x0000000008001ed0       0x40 build/obj/test.o
 .text.test_printn
                0x0000000008001f10       0x70 build/obj/test.o
                0x0000000008001f10                test_printn
 .text.test_print
                0x0000000008001f80       0x30 build/obj/test.o
                0x0000000008001f80                test_print
 .text.test_println
                0x0000000008001fb0       0x40 build/obj/test.o
                0x0000000008001fb0                test_println
 .text.test_emit_token
                0x0000000008001ff0       0x20 build/obj/test.o
                0x0000000008001ff0                test_emit_token
 .text._test_assert
                0x0000000008002010       0x30 build/obj/test.o
                0x0000000008002010                _test_assert
 .text._test_assert_sequence
                0x0000000008002040       0x60 build/obj/test.o
                0x0000000008002040                _test_assert_sequence
 .text._test_assert_time_window
                0x00000000080020a0       0x30 build/obj/test.o
                0x00000000080020a0                _test_assert_time_window
 .text.test_terminate_threads
                0x00000000080020d0       0x20 build/obj/test.o
                0x00000000080020d0                test_terminate_threads
 .text.test_wait_threads
                0x00000000080020f0       0x30 build/obj/test.o
                0x00000000080020f0                test_wait_threads
 .text.test_cpu_pulse
                0x0000000008002120       0x60 build/obj/test.o
                0x0000000008002120                test_cpu_pulse
 .text.test_wait_tick
                0x0000000008002180       0x20 build/obj/test.o
                0x0000000008002180                test_wait_tick
 .text.test_start_timer
                0x00000000080021a0       0x50 build/obj/test.o
                0x00000000080021a0                test_start_timer
 .text.TestThread
                0x00000000080021f0      0x370 build/obj/test.o
                0x00000000080021f0                TestThread
 .text.thd3_execute
                0x0000000008002560      0x140 build/obj/testthd.o
 .text.thd2_execute
                0x00000000080026a0       0xf0 build/obj/testthd.o
 .text.thd1_execute
                0x0000000008002790       0xf0 build/obj/testthd.o
 .text.thread   0x0000000008002880       0x10 build/obj/testthd.o
 .text.thd4_execute
                0x0000000008002890       0x80 build/obj/testthd.o
 .text.sem3_setup
                0x0000000008002910       0x10 build/obj/testsem.o
 .text.sem2_setup
                0x0000000008002920       0x10 build/obj/testsem.o
 .text.sem1_setup
                0x0000000008002930       0x10 build/obj/testsem.o
 .text.sem4_execute
                0x0000000008002940      0x100 build/obj/testsem.o
 .text.thread4  0x0000000008002a40       0x30 build/obj/testsem.o
 .text.thread3  0x0000000008002a70       0x20 build/obj/testsem.o
 .text.thread1  0x0000000008002a90       0x20 build/obj/testsem.o
 .text.thread2  0x0000000008002ab0       0x30 build/obj/testsem.o
 .text.sem1_execute
                0x0000000008002ae0      0x150 build/obj/testsem.o
 .text.sem3_execute
                0x0000000008002c30       0xa0 build/obj/testsem.o
 .text.sem2_execute
                0x0000000008002cd0      0x150 build/obj/testsem.o
 .text.mtx8_execute
                0x0000000008002e20       0xb0 build/obj/testmtx.o
 .text.thread12
                0x0000000008002ed0       0x20 build/obj/testmtx.o
 .text.thread1  0x0000000008002ef0       0x20 build/obj/testmtx.o
 .text.thread10
                0x0000000008002f10       0x30 build/obj/testmtx.o
 .text.thread11
                0x0000000008002f40       0x40 build/obj/testmtx.o
 .text.mtx8_setup
                0x0000000008002f80       0x30 build/obj/testmtx.o
 .text.mtx7_setup
                0x0000000008002fb0       0x20 build/obj/testmtx.o
 .text.mtx6_setup
                0x0000000008002fd0       0x20 build/obj/testmtx.o
 .text.mtx5_setup
                0x0000000008002ff0       0x10 build/obj/testmtx.o
 .text.mtx4_setup
                0x0000000008003000       0x20 build/obj/testmtx.o
 .text.mtx3_setup
                0x0000000008003020       0x20 build/obj/testmtx.o
 .text.mtx2_setup
                0x0000000008003040       0x10 build/obj/testmtx.o
 .text.mtx1_setup
                0x0000000008003050       0x10 build/obj/testmtx.o
 .text.mtx7_execute
                0x0000000008003060       0xd0 build/obj/testmtx.o
 .text.mtx6_execute
                0x0000000008003130      0x100 build/obj/testmtx.o
 .text.mtx1_execute
                0x0000000008003230       0xe0 build/obj/testmtx.o
 .text.mtx5_execute
                0x0000000008003310       0xd0 build/obj/testmtx.o
 .text.mtx4_execute
                0x00000000080033e0      0x260 build/obj/testmtx.o
 .text.thread4b
                0x0000000008003640       0x20 build/obj/testmtx.o
 .text.thread4a
                0x0000000008003660       0x20 build/obj/testmtx.o
 .text.mtx3_execute
                0x0000000008003680       0xf0 build/obj/testmtx.o
 .text.mtx2_execute
                0x0000000008003770       0xb0 build/obj/testmtx.o
 .text.thread3HH
                0x0000000008003820       0x30 build/obj/testmtx.o
 .text.thread3H
                0x0000000008003850       0x20 build/obj/testmtx.o
 .text.thread3M
                0x0000000008003870       0x30 build/obj/testmtx.o
 .text.thread3L
                0x00000000080038a0       0x50 build/obj/testmtx.o
 .text.thread3LL
                0x00000000080038f0       0x30 build/obj/testmtx.o
 .text.thread2L
                0x0000000008003920       0x30 build/obj/testmtx.o
 .text.thread2M
                0x0000000008003950       0x20 build/obj/testmtx.o
 .text.thread2H
                0x0000000008003970       0x30 build/obj/testmtx.o
 .text.msg1_execute
                0x00000000080039a0       0x90 build/obj/testmsg.o
 .text.thread   0x0000000008003a30       0x20 build/obj/testmsg.o
 .text.mbox1_execute
                0x0000000008003a50      0x630 build/obj/testmbox.o
 .text.mbox1_setup
                0x0000000008004080       0x20 build/obj/testmbox.o
 .text.evt3_setup
                0x00000000080040a0       0x10 build/obj/testevt.o
 .text.evt2_setup
                0x00000000080040b0       0x10 build/obj/testevt.o
 .text.evt1_setup
                0x00000000080040c0       0x10 build/obj/testevt.o
 .text.evt2_execute
                0x00000000080040d0      0x260 build/obj/testevt.o
 .text.thread2  0x0000000008004330       0x30 build/obj/testevt.o
 .text.thread1  0x0000000008004360       0x20 build/obj/testevt.o
 .text.evt1_execute
                0x0000000008004380       0x90 build/obj/testevt.o
 .text.h3       0x0000000008004410       0x10 build/obj/testevt.o
 .text.h2       0x0000000008004420       0x10 build/obj/testevt.o
 .text.h1       0x0000000008004430       0x10 build/obj/testevt.o
 .text.evt3_execute
                0x0000000008004440       0xb0 build/obj/testevt.o
 .text.heap1_execute
                0x00000000080044f0      0x250 build/obj/testheap.o
 .text.heap1_setup
                0x0000000008004740       0x20 build/obj/testheap.o
 .text.null_provider
                0x0000000008004760       0x10 build/obj/testpools.o
 .text.pools1_setup
                0x0000000008004770       0x20 build/obj/testpools.o
 .text.pools1_execute
                0x0000000008004790       0x80 build/obj/testpools.o
 .text.regfind  0x0000000008004810       0x30 build/obj/testdyn.o
 .text.dyn3_execute
                0x0000000008004840      0x140 build/obj/testdyn.o
 .text.thread   0x0000000008004980       0x10 build/obj/testdyn.o
 .text.dyn3_setup
                0x0000000008004990       0x20 build/obj/testdyn.o
 .text.dyn1_setup
                0x00000000080049b0       0x20 build/obj/testdyn.o
 .text.dyn2_execute
                0x00000000080049d0      0x100 build/obj/testdyn.o
 .text.dyn2_setup
                0x0000000008004ad0       0x20 build/obj/testdyn.o
 .text.dyn1_execute
                0x0000000008004af0       0xf0 build/obj/testdyn.o
 .text.notify   0x0000000008004be0       0x10 build/obj/testqueues.o
 .text.thread2  0x0000000008004bf0       0x20 build/obj/testqueues.o
 .text.queues2_setup
                0x0000000008004c10       0x20 build/obj/testqueues.o
 .text.thread1  0x0000000008004c30       0x20 build/obj/testqueues.o
 .text.queues1_setup
                0x0000000008004c50       0x20 build/obj/testqueues.o
 .text.queues2_execute
                0x0000000008004c70      0x270 build/obj/testqueues.o
 .text.queues1_execute
                0x0000000008004ee0      0x2b0 build/obj/testqueues.o
 .text.thread2  0x0000000008005190       0x10 build/obj/testbmk.o
 .text.tmo      0x00000000080051a0       0x10 build/obj/testbmk.o
 .text.bmk13_execute
                0x00000000080051b0      0x100 build/obj/testbmk.o
 .text.bmk12_execute
                0x00000000080052b0       0x70 build/obj/testbmk.o
 .text.bmk12_setup
                0x0000000008005320       0x10 build/obj/testbmk.o
 .text.thread3  0x0000000008005330       0x30 build/obj/testbmk.o
 .text.bmk11_execute
                0x0000000008005360       0x70 build/obj/testbmk.o
 .text.bmk11_setup
                0x00000000080053d0       0x10 build/obj/testbmk.o
 .text.bmk7_setup
                0x00000000080053e0       0x10 build/obj/testbmk.o
 .text.bmk10_execute
                0x00000000080053f0       0x80 build/obj/testbmk.o
 .text.bmk9_execute
                0x0000000008005470       0xb0 build/obj/testbmk.o
 .text.bmk6_execute
                0x0000000008005520       0x70 build/obj/testbmk.o
 .text.bmk8_execute
                0x0000000008005590       0xf0 build/obj/testbmk.o
 .text.thread8  0x0000000008005680       0x40 build/obj/testbmk.o
 .text.bmk7_execute
                0x00000000080056c0      0x110 build/obj/testbmk.o
 .text.bmk5_execute
                0x00000000080057d0       0x80 build/obj/testbmk.o
 .text.bmk4_execute
                0x0000000008005850       0xc0 build/obj/testbmk.o
 .text.msg_loop_test
                0x0000000008005910       0x40 build/obj/testbmk.o
 .text.bmk3_execute
                0x0000000008005950       0xe0 build/obj/testbmk.o
 .text.bmk2_execute
                0x0000000008005a30       0x80 build/obj/testbmk.o
 .text.bmk1_execute
                0x0000000008005ab0       0x80 build/obj/testbmk.o
 .text.thread1  0x0000000008005b30       0x20 build/obj/testbmk.o
 .text.thread4  0x0000000008005b50       0x30 build/obj/testbmk.o
                0x0000000008005b50                thread4
 .text.halInit  0x0000000008005b80       0x30 build/obj/hal.o
                0x0000000008005b80                halInit
 .text.adcInit  0x0000000008005bb0       0x10 build/obj/adc.o
                0x0000000008005bb0                adcInit
 .text.adcObjectInit
                0x0000000008005bc0       0x20 build/obj/adc.o
                0x0000000008005bc0                adcObjectInit
 .text.adcStart
                0x0000000008005be0       0x20 build/obj/adc.o
                0x0000000008005be0                adcStart
 .text.adcStartConversionI
                0x0000000008005c00       0x20 build/obj/adc.o
                0x0000000008005c00                adcStartConversionI
 .text.pwmInit  0x0000000008005c20       0x10 build/obj/pwm.o
                0x0000000008005c20                pwmInit
 .text.pwmObjectInit
                0x0000000008005c30       0x10 build/obj/pwm.o
                0x0000000008005c30                pwmObjectInit
 .text.pwmStart
                0x0000000008005c40       0x20 build/obj/pwm.o
                0x0000000008005c40                pwmStart
 .text.putwouldblock
                0x0000000008005c60       0x10 build/obj/serial.o
 .text.getwouldblock
                0x0000000008005c70       0x10 build/obj/serial.o
 .text.getflags
                0x0000000008005c80       0x20 build/obj/serial.o
 .text.readt    0x0000000008005ca0       0x10 build/obj/serial.o
 .text.reads    0x0000000008005cb0       0x10 build/obj/serial.o
 .text.writet   0x0000000008005cc0       0x10 build/obj/serial.o
 .text.writes   0x0000000008005cd0       0x10 build/obj/serial.o
 .text.gett     0x0000000008005ce0       0x10 build/obj/serial.o
 .text.putt     0x0000000008005cf0       0x10 build/obj/serial.o
 .text.sdInit   0x0000000008005d00       0x10 build/obj/serial.o
                0x0000000008005d00                sdInit
 .text.sdObjectInit
                0x0000000008005d10       0x50 build/obj/serial.o
                0x0000000008005d10                sdObjectInit
 .text.sdStart  0x0000000008005d60       0x20 build/obj/serial.o
                0x0000000008005d60                sdStart
 .text.sdIncomingDataI
                0x0000000008005d80       0x50 build/obj/serial.o
                0x0000000008005d80                sdIncomingDataI
 .text.spiInit  0x0000000008005dd0       0x10 build/obj/spi.o
                0x0000000008005dd0                spiInit
 .text.spiObjectInit
                0x0000000008005de0       0x10 build/obj/spi.o
                0x0000000008005de0                spiObjectInit
 .text.spiStart
                0x0000000008005df0       0x20 build/obj/spi.o
                0x0000000008005df0                spiStart
 .text.spiSelect
                0x0000000008005e10       0x20 build/obj/spi.o
                0x0000000008005e10                spiSelect
 .text.spiUnselect
                0x0000000008005e30       0x20 build/obj/spi.o
                0x0000000008005e30                spiUnselect
 .text.spiExchange
                0x0000000008005e50       0x30 build/obj/spi.o
                0x0000000008005e50                spiExchange
 .text.spiSend  0x0000000008005e80       0x30 build/obj/spi.o
                0x0000000008005e80                spiSend
 .text.Vector6C
                0x0000000008005eb0       0x30 build/obj/stm32_dma.o
                0x0000000008005eb0                Vector6C
 .text.Vector70
                0x0000000008005ee0       0x30 build/obj/stm32_dma.o
                0x0000000008005ee0                Vector70
 .text.Vector74
                0x0000000008005f10       0x30 build/obj/stm32_dma.o
                0x0000000008005f10                Vector74
 .text.Vector78
                0x0000000008005f40       0x30 build/obj/stm32_dma.o
                0x0000000008005f40                Vector78
 .text.Vector7C
                0x0000000008005f70       0x30 build/obj/stm32_dma.o
                0x0000000008005f70                Vector7C
 .text.Vector80
                0x0000000008005fa0       0x30 build/obj/stm32_dma.o
                0x0000000008005fa0                Vector80
 .text.Vector84
                0x0000000008005fd0       0x30 build/obj/stm32_dma.o
                0x0000000008005fd0                Vector84
 .text.VectorFC
                0x0000000008006000       0x30 build/obj/stm32_dma.o
                0x0000000008006000                VectorFC
 .text.Vector120
                0x0000000008006030       0x30 build/obj/stm32_dma.o
                0x0000000008006030                Vector120
 .text.Vector124
                0x0000000008006060       0x30 build/obj/stm32_dma.o
                0x0000000008006060                Vector124
 .text.Vector128
                0x0000000008006090       0x30 build/obj/stm32_dma.o
                0x0000000008006090                Vector128
 .text.Vector12C
                0x00000000080060c0       0x30 build/obj/stm32_dma.o
                0x00000000080060c0                Vector12C
 .text.Vector130
                0x00000000080060f0       0x30 build/obj/stm32_dma.o
                0x00000000080060f0                Vector130
 .text.Vector150
                0x0000000008006120       0x30 build/obj/stm32_dma.o
                0x0000000008006120                Vector150
 .text.Vector154
                0x0000000008006150       0x30 build/obj/stm32_dma.o
                0x0000000008006150                Vector154
 .text.Vector158
                0x0000000008006180       0x30 build/obj/stm32_dma.o
                0x0000000008006180                Vector158
 .text.dmaInit  0x00000000080061b0       0x50 build/obj/stm32_dma.o
                0x00000000080061b0                dmaInit
 .text.dmaStreamAllocate
                0x0000000008006200       0xb0 build/obj/stm32_dma.o
                0x0000000008006200                dmaStreamAllocate
 .text.hal_lld_init
                0x00000000080062b0       0xd0 build/obj/hal_lld.o
                0x00000000080062b0                hal_lld_init
 .text.stm32_clock_init
                0x0000000008006380       0xe0 build/obj/hal_lld.o
                0x0000000008006380                stm32_clock_init
 .text.adc_lld_init
                0x0000000008006460       0xa0 build/obj/adc_lld.o
                0x0000000008006460                adc_lld_init
 .text.adc_lld_start
                0x0000000008006500       0xc0 build/obj/adc_lld.o
                0x0000000008006500                adc_lld_start
 .text.adc_lld_start_conversion
                0x00000000080065c0       0x80 build/obj/adc_lld.o
                0x00000000080065c0                adc_lld_start_conversion
 .text.adc_lld_stop_conversion
                0x0000000008006640       0x30 build/obj/adc_lld.o
                0x0000000008006640                adc_lld_stop_conversion
 .text.adc_lld_serve_rx_interrupt
                0x0000000008006670       0xf0 build/obj/adc_lld.o
 .text.Vector88
                0x0000000008006760      0x150 build/obj/adc_lld.o
                0x0000000008006760                Vector88
 .text.adcSTM32EnableTSVREFE
                0x00000000080068b0       0x20 build/obj/adc_lld.o
                0x00000000080068b0                adcSTM32EnableTSVREFE
 .text.VectorB8
                0x00000000080068d0       0x80 build/obj/pwm_lld.o
                0x00000000080068d0                VectorB8
 .text.pwm_lld_init
                0x0000000008006950       0x20 build/obj/pwm_lld.o
                0x0000000008006950                pwm_lld_init
 .text.pwm_lld_start
                0x0000000008006970      0x110 build/obj/pwm_lld.o
                0x0000000008006970                pwm_lld_start
 .text.pwm_lld_enable_channel
                0x0000000008006a80       0x40 build/obj/pwm_lld.o
                0x0000000008006a80                pwm_lld_enable_channel
 .text.notify2  0x0000000008006ac0       0x20 build/obj/serial_lld.o
 .text.VectorD8
                0x0000000008006ae0      0x160 build/obj/serial_lld.o
                0x0000000008006ae0                VectorD8
 .text.sd_lld_init
                0x0000000008006c40       0x30 build/obj/serial_lld.o
                0x0000000008006c40                sd_lld_init
 .text.sd_lld_start
                0x0000000008006c70       0xa0 build/obj/serial_lld.o
                0x0000000008006c70                sd_lld_start
 .text.spi_lld_serve_tx_interrupt
                0x0000000008006d10       0x10 build/obj/spi_lld.o
 .text.spi_lld_serve_rx_interrupt
                0x0000000008006d20       0x80 build/obj/spi_lld.o
 .text.spi_lld_init
                0x0000000008006da0       0x80 build/obj/spi_lld.o
                0x0000000008006da0                spi_lld_init
 .text.spi_lld_start
                0x0000000008006e20       0xe0 build/obj/spi_lld.o
                0x0000000008006e20                spi_lld_start
 .text.spi_lld_select
                0x0000000008006f00       0x20 build/obj/spi_lld.o
                0x0000000008006f00                spi_lld_select
 .text.spi_lld_unselect
                0x0000000008006f20       0x20 build/obj/spi_lld.o
                0x0000000008006f20                spi_lld_unselect
 .text.spi_lld_exchange
                0x0000000008006f40       0x40 build/obj/spi_lld.o
                0x0000000008006f40                spi_lld_exchange
 .text.spi_lld_send
                0x0000000008006f80       0x40 build/obj/spi_lld.o
                0x0000000008006f80                spi_lld_send
 .text._pal_lld_init
                0x0000000008006fc0      0x1b0 build/obj/pal_lld.o
                0x0000000008006fc0                _pal_lld_init
 .text._pal_lld_setgroupmode
                0x0000000008007170       0xd0 build/obj/pal_lld.o
                0x0000000008007170                _pal_lld_setgroupmode
 .text.__early_init
                0x0000000008007240       0x10 build/obj/board.o
                0x0000000008007240                __early_init
 .text.boardInit
                0x0000000008007250       0x10 build/obj/board.o
                0x0000000008007250                boardInit
 .text.lis302dlReadRegister
                0x0000000008007260       0x40 build/obj/lis302dl.o
                0x0000000008007260                lis302dlReadRegister
 .text.lis302dlWriteRegister
                0x00000000080072a0       0x50 build/obj/lis302dl.o
                0x00000000080072a0                lis302dlWriteRegister
 .text.ltoa     0x00000000080072f0       0x50 build/obj/chprintf.o
 .text.chprintf
                0x0000000008007340      0x2e0 build/obj/chprintf.o
                0x0000000008007340                chprintf
 .text.Thread1  0x0000000008007620       0x40 build/obj/main.o
 .text.pwmpcb   0x0000000008007660       0x30 build/obj/main.o
 .text.spicb    0x0000000008007690       0x20 build/obj/main.o
 .text.adccb    0x00000000080076b0       0x90 build/obj/main.o
 *(.rodata)
 *(.rodata.*)
 .rodata.str1.4
                0x0000000008007740        0xd build/obj/chsys.o
                                         0x10 (size before relaxing)
 *fill*         0x000000000800774d        0x3 00
 .rodata.wa     0x0000000008007750       0x14 build/obj/test.o
                0x0000000008007750                wa
 *fill*         0x0000000008007764        0xc 00
 .rodata.str1.4
                0x0000000008007770      0x1b7 build/obj/test.o
                                        0x1c4 (size before relaxing)
 *fill*         0x0000000008007927        0x9 00
 .rodata.patterns
                0x0000000008007930       0x30 build/obj/test.o
 .rodata.testthd1
                0x0000000008007960       0x10 build/obj/testthd.o
                0x0000000008007960                testthd1
 .rodata.testthd2
                0x0000000008007970       0x10 build/obj/testthd.o
                0x0000000008007970                testthd2
 .rodata.testthd3
                0x0000000008007980       0x10 build/obj/testthd.o
                0x0000000008007980                testthd3
 .rodata.testthd4
                0x0000000008007990       0x10 build/obj/testthd.o
                0x0000000008007990                testthd4
 .rodata.patternthd
                0x00000000080079a0       0x14 build/obj/testthd.o
                0x00000000080079a0                patternthd
 *fill*         0x00000000080079b4        0xc 00
 .rodata.str1.4
                0x00000000080079c0       0x7b build/obj/testthd.o
                                         0x80 (size before relaxing)
 *fill*         0x0000000008007a3b        0x5 00
 .rodata.testsem1
                0x0000000008007a40       0x10 build/obj/testsem.o
                0x0000000008007a40                testsem1
 .rodata.testsem2
                0x0000000008007a50       0x10 build/obj/testsem.o
                0x0000000008007a50                testsem2
 .rodata.testsem3
                0x0000000008007a60       0x10 build/obj/testsem.o
                0x0000000008007a60                testsem3
 .rodata.testsem4
                0x0000000008007a70       0x10 build/obj/testsem.o
                0x0000000008007a70                testsem4
 .rodata.patternsem
                0x0000000008007a80       0x14 build/obj/testsem.o
                0x0000000008007a80                patternsem
 *fill*         0x0000000008007a94        0xc 00
 .rodata.str1.4
                0x0000000008007aa0       0x6e build/obj/testsem.o
                                         0x8c (size before relaxing)
 *fill*         0x0000000008007b0e        0x2 00
 .rodata.testmtx5
                0x0000000008007b10       0x10 build/obj/testmtx.o
                0x0000000008007b10                testmtx5
 .rodata.testmtx6
                0x0000000008007b20       0x10 build/obj/testmtx.o
                0x0000000008007b20                testmtx6
 .rodata.testmtx7
                0x0000000008007b30       0x10 build/obj/testmtx.o
                0x0000000008007b30                testmtx7
 .rodata.testmtx8
                0x0000000008007b40       0x10 build/obj/testmtx.o
                0x0000000008007b40                testmtx8
 .rodata.str1.4
                0x0000000008007b50       0xed build/obj/testmtx.o
                                        0x10c (size before relaxing)
 *fill*         0x0000000008007c3d        0x3 00
 .rodata.patternmtx
                0x0000000008007c40       0x24 build/obj/testmtx.o
                0x0000000008007c40                patternmtx
 *fill*         0x0000000008007c64        0xc 00
 .rodata.testmtx1
                0x0000000008007c70       0x10 build/obj/testmtx.o
                0x0000000008007c70                testmtx1
 .rodata.testmtx2
                0x0000000008007c80       0x10 build/obj/testmtx.o
                0x0000000008007c80                testmtx2
 .rodata.testmtx3
                0x0000000008007c90       0x10 build/obj/testmtx.o
                0x0000000008007c90                testmtx3
 .rodata.testmtx4
                0x0000000008007ca0       0x10 build/obj/testmtx.o
                0x0000000008007ca0                testmtx4
 .rodata.testmsg1
                0x0000000008007cb0       0x10 build/obj/testmsg.o
                0x0000000008007cb0                testmsg1
 .rodata.str1.4
                0x0000000008007cc0        0xf build/obj/testmsg.o
                                         0x14 (size before relaxing)
 *fill*         0x0000000008007ccf        0x1 00
 .rodata.patternmsg
                0x0000000008007cd0        0x8 build/obj/testmsg.o
                0x0000000008007cd0                patternmsg
 *fill*         0x0000000008007cd8        0x8 00
 .rodata.patternmbox
                0x0000000008007ce0        0x8 build/obj/testmbox.o
                0x0000000008007ce0                patternmbox
 *fill*         0x0000000008007ce8        0x8 00
 .rodata.str1.4
                0x0000000008007cf0       0x20 build/obj/testmbox.o
                                         0x28 (size before relaxing)
 .rodata.testmbox1
                0x0000000008007d10       0x10 build/obj/testmbox.o
                0x0000000008007d10                testmbox1
 .rodata.patternevt
                0x0000000008007d20       0x10 build/obj/testevt.o
                0x0000000008007d20                patternevt
 .rodata.testevt2
                0x0000000008007d30       0x10 build/obj/testevt.o
                0x0000000008007d30                testevt2
 .rodata.str1.4
                0x0000000008007d40       0x52 build/obj/testevt.o
                                         0x5c (size before relaxing)
 *fill*         0x0000000008007d92        0xe 00
 .rodata.testevt1
                0x0000000008007da0       0x10 build/obj/testevt.o
                0x0000000008007da0                testevt1
 .rodata.evhndl
                0x0000000008007db0        0xc build/obj/testevt.o
 *fill*         0x0000000008007dbc        0x4 00
 .rodata.testevt3
                0x0000000008007dc0       0x10 build/obj/testevt.o
                0x0000000008007dc0                testevt3
 .rodata.patternheap
                0x0000000008007dd0        0x8 build/obj/testheap.o
                0x0000000008007dd0                patternheap
 *fill*         0x0000000008007dd8        0x8 00
 .rodata.str1.4
                0x0000000008007de0       0x28 build/obj/testheap.o
 *fill*         0x0000000008007e08        0x8 00
 .rodata.testheap1
                0x0000000008007e10       0x10 build/obj/testheap.o
                0x0000000008007e10                testheap1
 .rodata.str1.4
                0x0000000008007e20       0x1c build/obj/testpools.o
 *fill*         0x0000000008007e3c        0x4 00
 .rodata.patternpools
                0x0000000008007e40        0x8 build/obj/testpools.o
                0x0000000008007e40                patternpools
 *fill*         0x0000000008007e48        0x8 00
 .rodata.testpools1
                0x0000000008007e50       0x10 build/obj/testpools.o
                0x0000000008007e50                testpools1
 .rodata.testdyn1
                0x0000000008007e60       0x10 build/obj/testdyn.o
                0x0000000008007e60                testdyn1
 .rodata.testdyn2
                0x0000000008007e70       0x10 build/obj/testdyn.o
                0x0000000008007e70                testdyn2
 .rodata.testdyn3
                0x0000000008007e80       0x10 build/obj/testdyn.o
                0x0000000008007e80                testdyn3
 .rodata.str1.4
                0x0000000008007e90       0x8d build/obj/testdyn.o
                                         0xa4 (size before relaxing)
 *fill*         0x0000000008007f1d        0x3 00
 .rodata.patterndyn
                0x0000000008007f20       0x10 build/obj/testdyn.o
                0x0000000008007f20                patterndyn
 .rodata.testqueues1
                0x0000000008007f30       0x10 build/obj/testqueues.o
                0x0000000008007f30                testqueues1
 .rodata.testqueues2
                0x0000000008007f40       0x10 build/obj/testqueues.o
                0x0000000008007f40                testqueues2
 .rodata.str1.4
                0x0000000008007f50       0x2d build/obj/testqueues.o
                                         0x38 (size before relaxing)
 *fill*         0x0000000008007f7d        0x3 00
 .rodata.patternqueues
                0x0000000008007f80        0xc build/obj/testqueues.o
                0x0000000008007f80                patternqueues
 *fill*         0x0000000008007f8c        0x4 00
 .rodata.testbmk8
                0x0000000008007f90       0x10 build/obj/testbmk.o
                0x0000000008007f90                testbmk8
 .rodata.testbmk2
                0x0000000008007fa0       0x10 build/obj/testbmk.o
                0x0000000008007fa0                testbmk2
 .rodata.testbmk10
                0x0000000008007fb0       0x10 build/obj/testbmk.o
                0x0000000008007fb0                testbmk10
 .rodata.testbmk4
                0x0000000008007fc0       0x10 build/obj/testbmk.o
                0x0000000008007fc0                testbmk4
 .rodata.testbmk3
                0x0000000008007fd0       0x10 build/obj/testbmk.o
                0x0000000008007fd0                testbmk3
 .rodata.testbmk13
                0x0000000008007fe0       0x10 build/obj/testbmk.o
                0x0000000008007fe0                testbmk13
 .rodata.str1.4
                0x0000000008007ff0      0x2c7 build/obj/testbmk.o
                                        0x2c8 (size before relaxing)
 *fill*         0x00000000080082b7        0x9 00
 .rodata.testbmk9
                0x00000000080082c0       0x10 build/obj/testbmk.o
                0x00000000080082c0                testbmk9
 .rodata.testbmk1
                0x00000000080082d0       0x10 build/obj/testbmk.o
                0x00000000080082d0                testbmk1
 .rodata.testbmk11
                0x00000000080082e0       0x10 build/obj/testbmk.o
                0x00000000080082e0                testbmk11
 .rodata.testbmk12
                0x00000000080082f0       0x10 build/obj/testbmk.o
                0x00000000080082f0                testbmk12
 .rodata.patternbmk
                0x0000000008008300       0x38 build/obj/testbmk.o
                0x0000000008008300                patternbmk
 *fill*         0x0000000008008338        0x8 00
 .rodata.testbmk5
                0x0000000008008340       0x10 build/obj/testbmk.o
                0x0000000008008340                testbmk5
 .rodata.testbmk6
                0x0000000008008350       0x10 build/obj/testbmk.o
                0x0000000008008350                testbmk6
 .rodata.testbmk7
                0x0000000008008360       0x10 build/obj/testbmk.o
                0x0000000008008360                testbmk7
 .rodata.vmt    0x0000000008008370       0x24 build/obj/serial.o
 *fill*         0x0000000008008394        0xc 00
 .rodata._stm32_dma_streams
                0x00000000080083a0       0xc0 build/obj/stm32_dma.o
                0x00000000080083a0                _stm32_dma_streams
 .rodata.default_config
                0x0000000008008460        0xc build/obj/serial_lld.o
 *fill*         0x000000000800846c        0x4 00
 .rodata.pal_default_config
                0x0000000008008470       0xfc build/obj/board.o
                0x0000000008008470                pal_default_config
 *fill*         0x000000000800856c        0x4 00
 .rodata.str1.4
                0x0000000008008570        0x7 build/obj/chprintf.o
                                          0x8 (size before relaxing)
 *fill*         0x0000000008008577        0x9 00
 .rodata.spi1cfg
                0x0000000008008580        0xc build/obj/main.o
 *fill*         0x000000000800858c        0x4 00
 .rodata.spi2cfg
                0x0000000008008590        0xc build/obj/main.o
 *fill*         0x000000000800859c        0x4 00
 .rodata.str1.4
                0x00000000080085a0       0x18 build/obj/main.o
 *fill*         0x00000000080085b8        0x8 00
 .rodata.adcgrpcfg
                0x00000000080085c0       0x2c build/obj/main.o
 *(.glue_7t)
 .glue_7t       0x0000000000000000        0x0 linker stubs
 *(.glue_7)
 .glue_7        0x0000000000000000        0x0 linker stubs
 *(.gcc*)

.vfp11_veneer   0x00000000080085ec        0x0
 .vfp11_veneer  0x0000000000000000        0x0 linker stubs

.v4_bx          0x00000000080085ec        0x0
 .v4_bx         0x0000000000000000        0x0 linker stubs

.iplt           0x00000000080085ec        0x0
 .iplt          0x0000000000000000        0x0 build/obj/crt0.o

.rel.dyn        0x00000000080085ec        0x0
 .rel.iplt      0x0000000000000000        0x0 build/obj/crt0.o

.ARM.extab
 *(.ARM.extab* .gnu.linkonce.armextab.*)

.ARM.exidx      0x00000000080085ec        0x0
                0x00000000080085ec                PROVIDE (__exidx_start, .)
 *(.ARM.exidx* .gnu.linkonce.armexidx.*)
                0x00000000080085ec                PROVIDE (__exidx_end, .)

.eh_frame_hdr
 *(.eh_frame_hdr)

.eh_frame
 *(.eh_frame)

.textalign      0x00000000080085ec        0x4
                0x00000000080085f0                . = ALIGN (0x8)
 *fill*         0x00000000080085ec        0x4 00
                0x00000000080085f0                _etext = .
                0x00000000080085f0                _textdata = _etext

.stacks         0x0000000020000000      0x800
                0x0000000020000000                . = ALIGN (0x8)
                0x0000000020000000                __main_stack_base__ = .
                0x0000000020000400                . = (. + __main_stack_size__)
 *fill*         0x0000000020000000      0x400 00
                0x0000000020000400                . = ALIGN (0x8)
                0x0000000020000400                __main_stack_end__ = .
                0x0000000020000400                __process_stack_base__ = .
                0x0000000020000400                __main_thread_stack_base__ = .
                0x0000000020000800                . = (. + __process_stack_size__)
 *fill*         0x0000000020000400      0x400 00
                0x0000000020000800                . = ALIGN (0x8)
                0x0000000020000800                __process_stack_end__ = .
                0x0000000020000800                __main_thread_stack_end__ = .

.data           0x0000000020000800       0xe0 load address 0x00000000080085f0
                0x0000000020000800                . = ALIGN (0x4)
                0x0000000020000800                PROVIDE (_data, .)
 *(.data)
                0x0000000020000800                . = ALIGN (0x4)
 *(.data.*)
 .data.sem1     0x0000000020000800        0xc build/obj/testsem.o
 .data.m1       0x000000002000080c       0x10 build/obj/testmtx.o
 .data.m2       0x000000002000081c       0x10 build/obj/testmtx.o
 .data.c1       0x000000002000082c        0x8 build/obj/testmtx.o
 .data.mb1      0x0000000020000834       0x28 build/obj/testmbox.o
 .data.es1      0x000000002000085c        0x4 build/obj/testevt.o
 .data.es2      0x0000000020000860        0x4 build/obj/testevt.o
 .data.mp1      0x0000000020000864        0xc build/obj/testpools.o
 .data.oq       0x0000000020000870       0x20 build/obj/testqueues.o
 .data.iq       0x0000000020000890       0x20 build/obj/testqueues.o
 .data.pwmcfg   0x00000000200008b0       0x30 build/obj/main.o
                0x00000000200008e0                . = ALIGN (0x4)
 *(.ramtext)
                0x00000000200008e0                . = ALIGN (0x4)
                0x00000000200008e0                PROVIDE (_edata, .)

.igot.plt       0x00000000200008e0        0x0 load address 0x00000000080086d0
 .igot.plt      0x0000000000000000        0x0 build/obj/crt0.o

.bss            0x00000000200008e0      0xbc0 load address 0x00000000080086d0
                0x00000000200008e0                . = ALIGN (0x4)
                0x00000000200008e0                PROVIDE (_bss_start, .)
 *(.bss)
                0x00000000200008e0                . = ALIGN (0x4)
 *(.bss.*)
 .bss.mainthread.4794
                0x00000000200008e0       0x48 build/obj/chsys.o
 .bss._idle_thread_wa
                0x0000000020000928       0xc0 build/obj/chsys.o
                0x0000000020000928                _idle_thread_wa
 .bss.vtlist    0x00000000200009e8       0x10 build/obj/chvt.o
                0x00000000200009e8                vtlist
 .bss.rlist     0x00000000200009f8       0x20 build/obj/chschd.o
                0x00000000200009f8                rlist
 .bss.endmem    0x0000000020000a18        0x4 build/obj/chmemcore.o
 .bss.nextmem   0x0000000020000a1c        0x4 build/obj/chmemcore.o
 .bss.default_heap
                0x0000000020000a20       0x20 build/obj/chheap.o
 .bss.test      0x0000000020000a40      0x5f0 build/obj/test.o
                0x0000000020000a40                test
 .bss.failpoint
                0x0000000020001030        0x4 build/obj/test.o
 .bss.local_fail
                0x0000000020001034        0x4 build/obj/test.o
 .bss.test_timer_done
                0x0000000020001038        0x4 build/obj/test.o
                0x0000000020001038                test_timer_done
 .bss.tokp      0x000000002000103c        0x4 build/obj/test.o
 .bss.global_fail
                0x0000000020001040        0x4 build/obj/test.o
 .bss.vt        0x0000000020001044       0x14 build/obj/test.o
 .bss.threads   0x0000000020001058       0x14 build/obj/test.o
                0x0000000020001058                threads
 .bss.chp       0x000000002000106c        0x4 build/obj/test.o
 .bss.tokens_buffer
                0x0000000020001070       0x10 build/obj/test.o
 .bss.test_heap
                0x0000000020001080       0x20 build/obj/testheap.o
 .bss.mp1       0x00000000200010a0        0xc build/obj/testdyn.o
 *fill*         0x00000000200010ac        0x4 00
 .bss.heap1     0x00000000200010b0       0x20 build/obj/testdyn.o
 .bss.ib.4941   0x00000000200010d0       0x10 build/obj/testbmk.o
 .bss.vt2.4955  0x00000000200010e0       0x14 build/obj/testbmk.o
 .bss.vt1.4954  0x00000000200010f4       0x14 build/obj/testbmk.o
 .bss.mtx1      0x0000000020001108       0x10 build/obj/testbmk.o
 .bss.iq.4942   0x0000000020001118       0x20 build/obj/testbmk.o
 .bss.sem1      0x0000000020001138        0xc build/obj/testbmk.o
 .bss.dma_isr_redir
                0x0000000020001144       0x80 build/obj/stm32_dma.o
 .bss.dma_streams_mask
                0x00000000200011c4        0x4 build/obj/stm32_dma.o
 .bss.ADCD1     0x00000000200011c8       0x34 build/obj/adc_lld.o
                0x00000000200011c8                ADCD1
 .bss.ADCD2     0x00000000200011fc       0x34 build/obj/adc_lld.o
                0x00000000200011fc                ADCD2
 .bss.ADCD3     0x0000000020001230       0x34 build/obj/adc_lld.o
                0x0000000020001230                ADCD3
 .bss.PWMD4     0x0000000020001264       0x14 build/obj/pwm_lld.o
                0x0000000020001264                PWMD4
 .bss.SD2       0x0000000020001278       0x74 build/obj/serial_lld.o
                0x0000000020001278                SD2
 .bss.dummytx   0x00000000200012ec        0x2 build/obj/spi_lld.o
 *fill*         0x00000000200012ee        0x2 00
 .bss.SPID1     0x00000000200012f0       0x30 build/obj/spi_lld.o
                0x00000000200012f0                SPID1
 .bss.SPID2     0x0000000020001320       0x30 build/obj/spi_lld.o
                0x0000000020001320                SPID2
 .bss.dummyrx   0x0000000020001350        0x2 build/obj/spi_lld.o
 *fill*         0x0000000020001352        0x2 00
 .bss.rxbuf     0x0000000020001354        0x4 build/obj/lis302dl.o
 .bss.txbuf     0x0000000020001358        0x4 build/obj/lis302dl.o
 *fill*         0x000000002000135c        0x4 00
 .bss.waThread1
                0x0000000020001360      0x130 build/obj/main.o
 .bss.samples   0x0000000020001490       0x10 build/obj/main.o
                0x00000000200014a0                . = ALIGN (0x4)
 *(COMMON)
                0x00000000200014a0                . = ALIGN (0x4)
                0x00000000200014a0                PROVIDE (_bss_end, .)
                0x00000000200014a0                PROVIDE (end, .)
                0x00000000200014a0                _end = .
                0x00000000200014a0                __heap_base__ = _end
                0x000000002001c000                __heap_end__ = __ram_end__
OUTPUT(build/ch.elf elf32-littlearm)

.debug_info     0x0000000000000000    0x22ef6
 .debug_info    0x0000000000000000      0x2f5 build/obj/crt0.o
 .debug_info    0x00000000000002f5       0xbd build/obj/vectors.o
 .debug_info    0x00000000000003b2       0x93 build/obj/chcore.o
 .debug_info    0x0000000000000445      0x896 build/obj/chcore_v7m.o
 .debug_info    0x0000000000000cdb      0x44e build/obj/nvic.o
 .debug_info    0x0000000000001129      0x72d build/obj/chsys.o
 .debug_info    0x0000000000001856      0x273 build/obj/chvt.o
 .debug_info    0x0000000000001ac9      0x8fa build/obj/chschd.o
 .debug_info    0x00000000000023c3      0xc42 build/obj/chthreads.o
 .debug_info    0x0000000000003005      0x8e2 build/obj/chdynamic.o
 .debug_info    0x00000000000038e7      0x52f build/obj/chregistry.o
 .debug_info    0x0000000000003e16      0xb47 build/obj/chsem.o
 .debug_info    0x000000000000495d      0xa48 build/obj/chmtx.o
 .debug_info    0x00000000000053a5      0x9f9 build/obj/chcond.o
 .debug_info    0x0000000000005d9e      0xd63 build/obj/chevents.o
 .debug_info    0x0000000000006b01      0x6c2 build/obj/chmsg.o
 .debug_info    0x00000000000071c3      0xab6 build/obj/chmboxes.o
 .debug_info    0x0000000000007c79      0xc46 build/obj/chqueues.o
 .debug_info    0x00000000000088bf      0x228 build/obj/chmemcore.o
 .debug_info    0x0000000000008ae7      0x718 build/obj/chheap.o
 .debug_info    0x00000000000091ff      0x335 build/obj/chmempools.o
 .debug_info    0x0000000000009534     0x1546 build/obj/test.o
 .debug_info    0x000000000000aa7a      0xd34 build/obj/testthd.o
 .debug_info    0x000000000000b7ae     0x1160 build/obj/testsem.o
 .debug_info    0x000000000000c90e     0x1e07 build/obj/testmtx.o
 .debug_info    0x000000000000e715      0x75d build/obj/testmsg.o
 .debug_info    0x000000000000ee72     0x12ec build/obj/testmbox.o
 .debug_info    0x000000000001015e     0x115f build/obj/testevt.o
 .debug_info    0x00000000000112bd      0xc2d build/obj/testheap.o
 .debug_info    0x0000000000011eea      0x3c6 build/obj/testpools.o
 .debug_info    0x00000000000122b0     0x101b build/obj/testdyn.o
 .debug_info    0x00000000000132cb     0x18bf build/obj/testqueues.o
 .debug_info    0x0000000000014b8a     0x1ef1 build/obj/testbmk.o
 .debug_info    0x0000000000016a7b      0x402 build/obj/hal.o
 .debug_info    0x0000000000016e7d      0xeff build/obj/adc.o
 .debug_info    0x0000000000017d7c      0x766 build/obj/pwm.o
 .debug_info    0x00000000000184e2     0x1194 build/obj/serial.o
 .debug_info    0x0000000000019676     0x11fe build/obj/spi.o
 .debug_info    0x000000000001a874      0xb1f build/obj/stm32_dma.o
 .debug_info    0x000000000001b393      0x4da build/obj/hal_lld.o
 .debug_info    0x000000000001b86d     0x139f build/obj/adc_lld.o
 .debug_info    0x000000000001cc0c      0xaeb build/obj/pwm_lld.o
 .debug_info    0x000000000001d6f7     0x12a2 build/obj/serial_lld.o
 .debug_info    0x000000000001e999      0xf2e build/obj/spi_lld.o
 .debug_info    0x000000000001f8c7      0x744 build/obj/pal_lld.o
 .debug_info    0x000000000002000b      0x20e build/obj/board.o
 .debug_info    0x0000000000020219      0x9f2 build/obj/lis302dl.o
 .debug_info    0x0000000000020c0b      0x4a2 build/obj/chprintf.o
 .debug_info    0x00000000000210ad     0x1e49 build/obj/main.o

.debug_abbrev   0x0000000000000000     0x74a3
 .debug_abbrev  0x0000000000000000      0x128 build/obj/crt0.o
 .debug_abbrev  0x0000000000000128       0x77 build/obj/vectors.o
 .debug_abbrev  0x000000000000019f       0x44 build/obj/chcore.o
 .debug_abbrev  0x00000000000001e3      0x1fe build/obj/chcore_v7m.o
 .debug_abbrev  0x00000000000003e1       0xf2 build/obj/nvic.o
 .debug_abbrev  0x00000000000004d3      0x220 build/obj/chsys.o
 .debug_abbrev  0x00000000000006f3      0x15e build/obj/chvt.o
 .debug_abbrev  0x0000000000000851      0x346 build/obj/chschd.o
 .debug_abbrev  0x0000000000000b97      0x368 build/obj/chthreads.o
 .debug_abbrev  0x0000000000000eff      0x23a build/obj/chdynamic.o
 .debug_abbrev  0x0000000000001139      0x174 build/obj/chregistry.o
 .debug_abbrev  0x00000000000012ad      0x33d build/obj/chsem.o
 .debug_abbrev  0x00000000000015ea      0x316 build/obj/chmtx.o
 .debug_abbrev  0x0000000000001900      0x2fa build/obj/chcond.o
 .debug_abbrev  0x0000000000001bfa      0x310 build/obj/chevents.o
 .debug_abbrev  0x0000000000001f0a      0x23b build/obj/chmsg.o
 .debug_abbrev  0x0000000000002145      0x253 build/obj/chmboxes.o
 .debug_abbrev  0x0000000000002398      0x34c build/obj/chqueues.o
 .debug_abbrev  0x00000000000026e4      0x16c build/obj/chmemcore.o
 .debug_abbrev  0x0000000000002850      0x210 build/obj/chheap.o
 .debug_abbrev  0x0000000000002a60      0x1fe build/obj/chmempools.o
 .debug_abbrev  0x0000000000002c5e      0x504 build/obj/test.o
 .debug_abbrev  0x0000000000003162      0x2aa build/obj/testthd.o
 .debug_abbrev  0x000000000000340c      0x371 build/obj/testsem.o
 .debug_abbrev  0x000000000000377d      0x327 build/obj/testmtx.o
 .debug_abbrev  0x0000000000003aa4      0x22b build/obj/testmsg.o
 .debug_abbrev  0x0000000000003ccf      0x231 build/obj/testmbox.o
 .debug_abbrev  0x0000000000003f00      0x320 build/obj/testevt.o
 .debug_abbrev  0x0000000000004220      0x22e build/obj/testheap.o
 .debug_abbrev  0x000000000000444e      0x1e0 build/obj/testpools.o
 .debug_abbrev  0x000000000000462e      0x2cd build/obj/testdyn.o
 .debug_abbrev  0x00000000000048fb      0x2ed build/obj/testqueues.o
 .debug_abbrev  0x0000000000004be8      0x38d build/obj/testbmk.o
 .debug_abbrev  0x0000000000004f75      0x1c1 build/obj/hal.o
 .debug_abbrev  0x0000000000005136      0x311 build/obj/adc.o
 .debug_abbrev  0x0000000000005447      0x1e3 build/obj/pwm.o
 .debug_abbrev  0x000000000000562a      0x2d3 build/obj/serial.o
 .debug_abbrev  0x00000000000058fd      0x2ac build/obj/spi.o
 .debug_abbrev  0x0000000000005ba9      0x221 build/obj/stm32_dma.o
 .debug_abbrev  0x0000000000005dca      0x12d build/obj/hal_lld.o
 .debug_abbrev  0x0000000000005ef7      0x2fe build/obj/adc_lld.o
 .debug_abbrev  0x00000000000061f5      0x285 build/obj/pwm_lld.o
 .debug_abbrev  0x000000000000647a      0x341 build/obj/serial_lld.o
 .debug_abbrev  0x00000000000067bb      0x329 build/obj/spi_lld.o
 .debug_abbrev  0x0000000000006ae4      0x1c6 build/obj/pal_lld.o
 .debug_abbrev  0x0000000000006caa       0xe5 build/obj/board.o
 .debug_abbrev  0x0000000000006d8f      0x206 build/obj/lis302dl.o
 .debug_abbrev  0x0000000000006f95      0x186 build/obj/chprintf.o
 .debug_abbrev  0x000000000000711b      0x388 build/obj/main.o

.debug_aranges  0x0000000000000000     0x1030
 .debug_aranges
                0x0000000000000000       0x38 build/obj/crt0.o
 .debug_aranges
                0x0000000000000038       0x20 build/obj/vectors.o
 .debug_aranges
                0x0000000000000058       0x20 build/obj/chcore.o
 .debug_aranges
                0x0000000000000078       0x50 build/obj/chcore_v7m.o
 .debug_aranges
                0x00000000000000c8       0x30 build/obj/nvic.o
 .debug_aranges
                0x00000000000000f8       0x30 build/obj/chsys.o
 .debug_aranges
                0x0000000000000128       0x38 build/obj/chvt.o
 .debug_aranges
                0x0000000000000160       0x58 build/obj/chschd.o
 .debug_aranges
                0x00000000000001b8       0x78 build/obj/chthreads.o
 .debug_aranges
                0x0000000000000230       0x38 build/obj/chdynamic.o
 .debug_aranges
                0x0000000000000268       0x28 build/obj/chregistry.o
 .debug_aranges
                0x0000000000000290       0x70 build/obj/chsem.o
 .debug_aranges
                0x0000000000000300       0x58 build/obj/chmtx.o
 .debug_aranges
                0x0000000000000358       0x60 build/obj/chcond.o
 .debug_aranges
                0x00000000000003b8       0x90 build/obj/chevents.o
 .debug_aranges
                0x0000000000000448       0x30 build/obj/chmsg.o
 .debug_aranges
                0x0000000000000478       0x70 build/obj/chmboxes.o
 .debug_aranges
                0x00000000000004e8       0x70 build/obj/chqueues.o
 .debug_aranges
                0x0000000000000558       0x38 build/obj/chmemcore.o
 .debug_aranges
                0x0000000000000590       0x40 build/obj/chheap.o
 .debug_aranges
                0x00000000000005d0       0x40 build/obj/chmempools.o
 .debug_aranges
                0x0000000000000610       0x98 build/obj/test.o
 .debug_aranges
                0x00000000000006a8       0x40 build/obj/testthd.o
 .debug_aranges
                0x00000000000006e8       0x70 build/obj/testsem.o
 .debug_aranges
                0x0000000000000758      0x108 build/obj/testmtx.o
 .debug_aranges
                0x0000000000000860       0x28 build/obj/testmsg.o
 .debug_aranges
                0x0000000000000888       0x28 build/obj/testmbox.o
 .debug_aranges
                0x00000000000008b0       0x70 build/obj/testevt.o
 .debug_aranges
                0x0000000000000920       0x28 build/obj/testheap.o
 .debug_aranges
                0x0000000000000948       0x30 build/obj/testpools.o
 .debug_aranges
                0x0000000000000978       0x58 build/obj/testdyn.o
 .debug_aranges
                0x00000000000009d0       0x50 build/obj/testqueues.o
 .debug_aranges
                0x0000000000000a20       0xd0 build/obj/testbmk.o
 .debug_aranges
                0x0000000000000af0       0x30 build/obj/hal.o
 .debug_aranges
                0x0000000000000b20       0x70 build/obj/adc.o
 .debug_aranges
                0x0000000000000b90       0x50 build/obj/pwm.o
 .debug_aranges
                0x0000000000000be0       0x90 build/obj/serial.o
 .debug_aranges
                0x0000000000000c70       0x98 build/obj/spi.o
 .debug_aranges
                0x0000000000000d08       0xb0 build/obj/stm32_dma.o
 .debug_aranges
                0x0000000000000db8       0x28 build/obj/hal_lld.o
 .debug_aranges
                0x0000000000000de0       0x70 build/obj/adc_lld.o
 .debug_aranges
                0x0000000000000e50       0x48 build/obj/pwm_lld.o
 .debug_aranges
                0x0000000000000e98       0x40 build/obj/serial_lld.o
 .debug_aranges
                0x0000000000000ed8       0x78 build/obj/spi_lld.o
 .debug_aranges
                0x0000000000000f50       0x28 build/obj/pal_lld.o
 .debug_aranges
                0x0000000000000f78       0x28 build/obj/board.o
 .debug_aranges
                0x0000000000000fa0       0x28 build/obj/lis302dl.o
 .debug_aranges
                0x0000000000000fc8       0x28 build/obj/chprintf.o
 .debug_aranges
                0x0000000000000ff0       0x40 build/obj/main.o

.debug_ranges   0x0000000000000000     0x1b68
 .debug_ranges  0x0000000000000000       0xe0 build/obj/crt0.o
 .debug_ranges  0x00000000000000e0       0x10 build/obj/vectors.o
 .debug_ranges  0x00000000000000f0       0x10 build/obj/chcore.o
 .debug_ranges  0x0000000000000100       0x58 build/obj/chcore_v7m.o
 .debug_ranges  0x0000000000000158       0x20 build/obj/nvic.o
 .debug_ranges  0x0000000000000178       0x20 build/obj/chsys.o
 .debug_ranges  0x0000000000000198       0x28 build/obj/chvt.o
 .debug_ranges  0x00000000000001c0      0x140 build/obj/chschd.o
 .debug_ranges  0x0000000000000300       0xc8 build/obj/chthreads.o
 .debug_ranges  0x00000000000003c8       0x28 build/obj/chdynamic.o
 .debug_ranges  0x00000000000003f0       0x30 build/obj/chregistry.o
 .debug_ranges  0x0000000000000420       0xf0 build/obj/chsem.o
 .debug_ranges  0x0000000000000510      0x210 build/obj/chmtx.o
 .debug_ranges  0x0000000000000720       0xf0 build/obj/chcond.o
 .debug_ranges  0x0000000000000810       0xc8 build/obj/chevents.o
 .debug_ranges  0x00000000000008d8       0x38 build/obj/chmsg.o
 .debug_ranges  0x0000000000000910       0x78 build/obj/chmboxes.o
 .debug_ranges  0x0000000000000988       0xd8 build/obj/chqueues.o
 .debug_ranges  0x0000000000000a60       0x28 build/obj/chmemcore.o
 .debug_ranges  0x0000000000000a88       0x30 build/obj/chheap.o
 .debug_ranges  0x0000000000000ab8       0xa8 build/obj/chmempools.o
 .debug_ranges  0x0000000000000b60      0x190 build/obj/test.o
 .debug_ranges  0x0000000000000cf0       0x90 build/obj/testthd.o
 .debug_ranges  0x0000000000000d80       0xc0 build/obj/testsem.o
 .debug_ranges  0x0000000000000e40      0x110 build/obj/testmtx.o
 .debug_ranges  0x0000000000000f50       0x18 build/obj/testmsg.o
 .debug_ranges  0x0000000000000f68       0xc0 build/obj/testmbox.o
 .debug_ranges  0x0000000000001028       0x90 build/obj/testevt.o
 .debug_ranges  0x00000000000010b8       0x18 build/obj/testheap.o
 .debug_ranges  0x00000000000010d0       0x50 build/obj/testpools.o
 .debug_ranges  0x0000000000001120       0x48 build/obj/testdyn.o
 .debug_ranges  0x0000000000001168      0x130 build/obj/testqueues.o
 .debug_ranges  0x0000000000001298       0xd8 build/obj/testbmk.o
 .debug_ranges  0x0000000000001370       0x60 build/obj/hal.o
 .debug_ranges  0x00000000000013d0       0xf0 build/obj/adc.o
 .debug_ranges  0x00000000000014c0       0x70 build/obj/pwm.o
 .debug_ranges  0x0000000000001530       0xb0 build/obj/serial.o
 .debug_ranges  0x00000000000015e0      0x130 build/obj/spi.o
 .debug_ranges  0x0000000000001710       0xa0 build/obj/stm32_dma.o
 .debug_ranges  0x00000000000017b0       0x30 build/obj/hal_lld.o
 .debug_ranges  0x00000000000017e0       0x60 build/obj/adc_lld.o
 .debug_ranges  0x0000000000001840       0x68 build/obj/pwm_lld.o
 .debug_ranges  0x00000000000018a8       0x60 build/obj/serial_lld.o
 .debug_ranges  0x0000000000001908       0x68 build/obj/spi_lld.o
 .debug_ranges  0x0000000000001970      0x168 build/obj/pal_lld.o
 .debug_ranges  0x0000000000001ad8       0x18 build/obj/board.o
 .debug_ranges  0x0000000000001af0       0x18 build/obj/lis302dl.o
 .debug_ranges  0x0000000000001b08       0x18 build/obj/chprintf.o
 .debug_ranges  0x0000000000001b20       0x48 build/obj/main.o

.debug_line     0x0000000000000000     0x7a3f
 .debug_line    0x0000000000000000      0x123 build/obj/crt0.o
 .debug_line    0x0000000000000123       0x5e build/obj/vectors.o
 .debug_line    0x0000000000000181       0x53 build/obj/chcore.o
 .debug_line    0x00000000000001d4      0x1e8 build/obj/chcore_v7m.o
 .debug_line    0x00000000000003bc       0xf8 build/obj/nvic.o
 .debug_line    0x00000000000004b4      0x1cf build/obj/chsys.o
 .debug_line    0x0000000000000683      0x154 build/obj/chvt.o
 .debug_line    0x00000000000007d7      0x29b build/obj/chschd.o
 .debug_line    0x0000000000000a72      0x31f build/obj/chthreads.o
 .debug_line    0x0000000000000d91      0x204 build/obj/chdynamic.o
 .debug_line    0x0000000000000f95      0x15f build/obj/chregistry.o
 .debug_line    0x00000000000010f4      0x2e8 build/obj/chsem.o
 .debug_line    0x00000000000013dc      0x33a build/obj/chmtx.o
 .debug_line    0x0000000000001716      0x266 build/obj/chcond.o
 .debug_line    0x000000000000197c      0x2d6 build/obj/chevents.o
 .debug_line    0x0000000000001c52      0x189 build/obj/chmsg.o
 .debug_line    0x0000000000001ddb      0x25f build/obj/chmboxes.o
 .debug_line    0x000000000000203a      0x36d build/obj/chqueues.o
 .debug_line    0x00000000000023a7      0x138 build/obj/chmemcore.o
 .debug_line    0x00000000000024df      0x24b build/obj/chheap.o
 .debug_line    0x000000000000272a      0x18b build/obj/chmempools.o
 .debug_line    0x00000000000028b5      0x4f9 build/obj/test.o
 .debug_line    0x0000000000002dae      0x211 build/obj/testthd.o
 .debug_line    0x0000000000002fbf      0x2e2 build/obj/testsem.o
 .debug_line    0x00000000000032a1      0x4a7 build/obj/testmtx.o
 .debug_line    0x0000000000003748      0x1a3 build/obj/testmsg.o
 .debug_line    0x00000000000038eb      0x234 build/obj/testmbox.o
 .debug_line    0x0000000000003b1f      0x2a3 build/obj/testevt.o
 .debug_line    0x0000000000003dc2      0x1de build/obj/testheap.o
 .debug_line    0x0000000000003fa0      0x184 build/obj/testpools.o
 .debug_line    0x0000000000004124      0x2e2 build/obj/testdyn.o
 .debug_line    0x0000000000004406      0x262 build/obj/testqueues.o
 .debug_line    0x0000000000004668      0x59f build/obj/testbmk.o
 .debug_line    0x0000000000004c07      0x25e build/obj/hal.o
 .debug_line    0x0000000000004e65      0x338 build/obj/adc.o
 .debug_line    0x000000000000519d      0x1aa build/obj/pwm.o
 .debug_line    0x0000000000005347      0x36d build/obj/serial.o
 .debug_line    0x00000000000056b4      0x394 build/obj/spi.o
 .debug_line    0x0000000000005a48      0x3d6 build/obj/stm32_dma.o
 .debug_line    0x0000000000005e1e      0x1b7 build/obj/hal_lld.o
 .debug_line    0x0000000000005fd5      0x496 build/obj/adc_lld.o
 .debug_line    0x000000000000646b      0x280 build/obj/pwm_lld.o
 .debug_line    0x00000000000066eb      0x312 build/obj/serial_lld.o
 .debug_line    0x00000000000069fd      0x438 build/obj/spi_lld.o
 .debug_line    0x0000000000006e35      0x1d5 build/obj/pal_lld.o
 .debug_line    0x000000000000700a      0x15d build/obj/board.o
 .debug_line    0x0000000000007167      0x27b build/obj/lis302dl.o
 .debug_line    0x00000000000073e2      0x290 build/obj/chprintf.o
 .debug_line    0x0000000000007672      0x3cd build/obj/main.o

.debug_str      0x0000000000000000     0x3090
 .debug_str     0x0000000000000000      0x20c build/obj/crt0.o
                                        0x24b (size before relaxing)
 .debug_str     0x000000000000020c       0x4c build/obj/vectors.o
                                        0x140 (size before relaxing)
 .debug_str     0x0000000000000258       0x2d build/obj/chcore.o
                                        0x121 (size before relaxing)
 .debug_str     0x0000000000000285      0x2d1 build/obj/chcore_v7m.o
                                        0x3f2 (size before relaxing)
 .debug_str     0x0000000000000556       0x9e build/obj/nvic.o
                                        0x220 (size before relaxing)
 .debug_str     0x00000000000005f4      0x10d build/obj/chsys.o
                                        0x3d2 (size before relaxing)
 .debug_str     0x0000000000000701       0x4c build/obj/chvt.o
                                        0x1c5 (size before relaxing)
 .debug_str     0x000000000000074d       0x9c build/obj/chschd.o
                                        0x3ca (size before relaxing)
 .debug_str     0x00000000000007e9       0xd3 build/obj/chthreads.o
                                        0x464 (size before relaxing)
 .debug_str     0x00000000000008bc      0x10d build/obj/chdynamic.o
                                        0x3d1 (size before relaxing)
 .debug_str     0x00000000000009c9       0x42 build/obj/chregistry.o
                                        0x2ee (size before relaxing)
 .debug_str     0x0000000000000a0b       0xc8 build/obj/chsem.o
                                        0x3dd (size before relaxing)
 .debug_str     0x0000000000000ad3       0x8a build/obj/chmtx.o
                                        0x384 (size before relaxing)
 .debug_str     0x0000000000000b5d       0xb0 build/obj/chcond.o
                                        0x3d1 (size before relaxing)
 .debug_str     0x0000000000000c0d      0x179 build/obj/chevents.o
                                        0x462 (size before relaxing)
 .debug_str     0x0000000000000d86       0x3d build/obj/chmsg.o
                                        0x31c (size before relaxing)
 .debug_str     0x0000000000000dc3       0xe2 build/obj/chmboxes.o
                                        0x39b (size before relaxing)
 .debug_str     0x0000000000000ea5      0x112 build/obj/chqueues.o
                                        0x403 (size before relaxing)
 .debug_str     0x0000000000000fb7       0x70 build/obj/chmemcore.o
                                        0x18c (size before relaxing)
 .debug_str     0x0000000000001027       0x48 build/obj/chheap.o
                                        0x358 (size before relaxing)
 .debug_str     0x000000000000106f       0x45 build/obj/chmempools.o
                                        0x1c2 (size before relaxing)
 .debug_str     0x00000000000010b4      0x281 build/obj/test.o
                                        0x617 (size before relaxing)
 .debug_str     0x0000000000001335       0x6d build/obj/testthd.o
                                        0x485 (size before relaxing)
 .debug_str     0x00000000000013a2       0xd6 build/obj/testsem.o
                                        0x53b (size before relaxing)
 .debug_str     0x0000000000001478      0x194 build/obj/testmtx.o
                                        0x63f (size before relaxing)
 .debug_str     0x000000000000160c       0x2b build/obj/testmsg.o
                                        0x378 (size before relaxing)
 .debug_str     0x0000000000001637       0x3f build/obj/testmbox.o
                                        0x3e4 (size before relaxing)
 .debug_str     0x0000000000001676       0x7f build/obj/testevt.o
                                        0x592 (size before relaxing)
 .debug_str     0x00000000000016f5       0x44 build/obj/testheap.o
                                        0x3a6 (size before relaxing)
 .debug_str     0x0000000000001739       0x4c build/obj/testpools.o
                                        0x20b (size before relaxing)
 .debug_str     0x0000000000001785       0x86 build/obj/testdyn.o
                                        0x55a (size before relaxing)
 .debug_str     0x000000000000180b       0x6c build/obj/testqueues.o
                                        0x4da (size before relaxing)
 .debug_str     0x0000000000001877      0x179 build/obj/testbmk.o
                                        0x6b9 (size before relaxing)
 .debug_str     0x00000000000019f0      0x171 build/obj/hal.o
                                        0x298 (size before relaxing)
 .debug_str     0x0000000000001b61      0x309 build/obj/adc.o
                                        0x62e (size before relaxing)
 .debug_str     0x0000000000001e6a      0x215 build/obj/pwm.o
                                        0x363 (size before relaxing)
 .debug_str     0x000000000000207f      0x1cf build/obj/serial.o
                                        0x5f0 (size before relaxing)
 .debug_str     0x000000000000224e      0x27b build/obj/spi.o
                                        0x635 (size before relaxing)
 .debug_str     0x00000000000024c9      0x72d build/obj/stm32_dma.o
                                        0x945 (size before relaxing)
 .debug_str     0x0000000000002bf6       0xb7 build/obj/hal_lld.o
                                        0x32f (size before relaxing)
 .debug_str     0x0000000000002cad       0xda build/obj/adc_lld.o
                                        0xc4d (size before relaxing)
 .debug_str     0x0000000000002d87       0x50 build/obj/pwm_lld.o
                                        0x984 (size before relaxing)
 .debug_str     0x0000000000002dd7       0x5d build/obj/serial_lld.o
                                        0xb2e (size before relaxing)
 .debug_str     0x0000000000002e34       0xa4 build/obj/spi_lld.o
                                        0x6b2 (size before relaxing)
 .debug_str     0x0000000000002ed8       0x6a build/obj/pal_lld.o
                                        0x380 (size before relaxing)
 .debug_str     0x0000000000002f42       0x2a build/obj/board.o
                                        0x1f8 (size before relaxing)
 .debug_str     0x0000000000002f6c       0x4d build/obj/lis302dl.o
                                        0x4d4 (size before relaxing)
 .debug_str     0x0000000000002fb9       0x82 build/obj/chprintf.o
                                        0x211 (size before relaxing)
 .debug_str     0x000000000000303b       0x55 build/obj/main.o
                                        0xb2b (size before relaxing)

.comment        0x0000000000000000       0x11
 .comment       0x0000000000000000       0x11 build/obj/crt0.o
                                         0x12 (size before relaxing)
 .comment       0x0000000000000000       0x12 build/obj/vectors.o
 .comment       0x0000000000000000       0x12 build/obj/chcore.o
 .comment       0x0000000000000000       0x12 build/obj/chcore_v7m.o
 .comment       0x0000000000000000       0x12 build/obj/nvic.o
 .comment       0x0000000000000000       0x12 build/obj/chsys.o
 .comment       0x0000000000000000       0x12 build/obj/chvt.o
 .comment       0x0000000000000000       0x12 build/obj/chschd.o
 .comment       0x0000000000000000       0x12 build/obj/chthreads.o
 .comment       0x0000000000000000       0x12 build/obj/chdynamic.o
 .comment       0x0000000000000000       0x12 build/obj/chregistry.o
 .comment       0x0000000000000000       0x12 build/obj/chsem.o
 .comment       0x0000000000000000       0x12 build/obj/chmtx.o
 .comment       0x0000000000000000       0x12 build/obj/chcond.o
 .comment       0x0000000000000000       0x12 build/obj/chevents.o
 .comment       0x0000000000000000       0x12 build/obj/chmsg.o
 .comment       0x0000000000000000       0x12 build/obj/chmboxes.o
 .comment       0x0000000000000000       0x12 build/obj/chqueues.o
 .comment       0x0000000000000000       0x12 build/obj/chmemcore.o
 .comment       0x0000000000000000       0x12 build/obj/chheap.o
 .comment       0x0000000000000000       0x12 build/obj/chmempools.o
 .comment       0x0000000000000000       0x12 build/obj/test.o
 .comment       0x0000000000000000       0x12 build/obj/testthd.o
 .comment       0x0000000000000000       0x12 build/obj/testsem.o
 .comment       0x0000000000000000       0x12 build/obj/testmtx.o
 .comment       0x0000000000000000       0x12 build/obj/testmsg.o
 .comment       0x0000000000000000       0x12 build/obj/testmbox.o
 .comment       0x0000000000000000       0x12 build/obj/testevt.o
 .comment       0x0000000000000000       0x12 build/obj/testheap.o
 .comment       0x0000000000000000       0x12 build/obj/testpools.o
 .comment       0x0000000000000000       0x12 build/obj/testdyn.o
 .comment       0x0000000000000000       0x12 build/obj/testqueues.o
 .comment       0x0000000000000000       0x12 build/obj/testbmk.o
 .comment       0x0000000000000000       0x12 build/obj/hal.o
 .comment       0x0000000000000000       0x12 build/obj/adc.o
 .comment       0x0000000000000000       0x12 build/obj/pwm.o